Starting CAAA
Running  100000000000  iterations

=== Pro AI Test Mode ===

======================================================================
PRO AI SINGLE TURN TEST (TripleA Purchase & Place)
======================================================================
Starting Player: Rus
Starting Money: 24 IPCs
Total units on board: 28
======================================================================
Enemy Attack Options (per-enemy):
Enemy: Ger
  Land: Archangel Fighters: 1
  Land: Archangel Bombers: 1
  Land: Archangel Infantry: 3
  Land: Archangel Artillery: 1
  Land: Archangel Tanks: 1
  Land: Caucasus Fighters: 3
  Land: Caucasus Bombers: 1
  Land: Caucasus Infantry: 6
  Land: Caucasus Artillery: 2
  Land: Caucasus Tanks: 2
  Land: Karelia_SSR Fighters: 6
  Land: Karelia_SSR Bombers: 1
  Land: Karelia_SSR Infantry: 10
  Land: Karelia_SSR Artillery: 1
  Land: Karelia_SSR Tanks: 2
  Land: Kazakh_SSR Fighters: 1
  Land: Novosibirsk Fighters: 1
  Land: Novosibirsk Bombers: 1
  Land: Russia Fighters: 1
  Land: Russia Bombers: 1
  Land: Russia Infantry: 3
  Land: Russia Artillery: 1
  Land: Russia Tanks: 1
  Sea: Sea_5 Fighters: 6 Subs: 0 Destroyers: 0
Enemy: Jap
  Land: Buryatia_SSR Fighters: 2
  Land: Buryatia_SSR Bombers: 1
  Land: Buryatia_SSR Infantry: 3
  Land: Evenki_National_Okrug Fighters: 1
  Land: Novosibirsk Fighters: 1
  Land: Novosibirsk Bombers: 1
  Land: Soviet_Far_East Fighters: 2
  Land: Soviet_Far_East Bombers: 1
  Land: Yakut_SSR Fighters: 1
  Land: Yakut_SSR Bombers: 1
Enemy Attack Options (aggregated max):
  Land: Archangel Inf: 3 Art: 1 Tank: 1 Ftr: 1 Bmb: 1 Str: 15
  Land: Buryatia_SSR Inf: 3 Art: 0 Tank: 0 Ftr: 2 Bmb: 1 Str: 13
  Land: Caucasus Inf: 6 Art: 2 Tank: 2 Ftr: 3 Bmb: 1 Str: 29
  Land: Evenki_National_Okrug Inf: 0 Art: 0 Tank: 0 Ftr: 1 Bmb: 0 Str: 3
  Land: Karelia_SSR Inf: 10 Art: 1 Tank: 2 Ftr: 6 Bmb: 1 Str: 40
  Land: Kazakh_SSR Inf: 0 Art: 0 Tank: 0 Ftr: 1 Bmb: 0 Str: 3
  Land: Novosibirsk Inf: 0 Art: 0 Tank: 0 Ftr: 1 Bmb: 1 Str: 7
  Land: Russia Inf: 3 Art: 1 Tank: 1 Ftr: 1 Bmb: 1 Str: 15
  Land: Soviet_Far_East Inf: 0 Art: 0 Tank: 0 Ftr: 2 Bmb: 1 Str: 10
  Land: Yakut_SSR Inf: 0 Art: 0 Tank: 0 Ftr: 1 Bmb: 1 Str: 7
      [SAFE] Sequential Battle Results: TUV=-6.86, Invaded%=0.0%, Battles=1
      [SAFE] Sequential Battle Results: TUV=-2.88, Invaded%=0.0%, Battles=1
      [SAFE] Sequential Battle Results: TUV=-0.59, Invaded%=0.0%, Battles=2
      [SAFE] Sequential Battle Results: TUV=-22.04, Invaded%=0.0%, Battles=1
      [SAFE] Sequential Battle Results: TUV=-1.79, Invaded%=0.0%, Battles=1
      [SAFE] Sequential Battle Results: TUV=-0.26, Invaded%=0.0%, Battles=1
    Possible My Target Territory: Baltic_States_Air
      Battle Results (TUV, Invaded %):  6.444 ,  1
      Attack Value:  6.444
    Possible My Target Territory: Belorussia_Air
      Battle Results (TUV, Invaded %):  5.82 ,  1
      Attack Value:  5.82
    Possible My Target Territory: Bulgaria_Romania_Air
      Battle Results (TUV, Invaded %):  -16.751 ,  0
    Possible My Target Territory: Finland_Air
      Battle Results (TUV, Invaded %):  5.82 ,  1
      Attack Value:  5.82
    Possible My Target Territory: France_Air
      Battle Results (TUV, Invaded %):  -8.494 ,  0
    Possible My Target Territory: Germany_Air
      Battle Results (TUV, Invaded %):  -4.0359999999999996 ,  0
    Possible My Target Territory: Italy_Air
      Battle Results (TUV, Invaded %):  -7.782 ,  0
    Possible My Target Territory: Kwangtung_Air
      Battle Results (TUV, Invaded %):  -6.766 ,  0
    Possible My Target Territory: Manchuria_Air
      Battle Results (TUV, Invaded %):  -4.971 ,  0
    Possible My Target Territory: Northwestern_Europe_Air
      Battle Results (TUV, Invaded %):  -8.512 ,  0
    Possible My Target Territory: Norway_Air
      Battle Results (TUV, Invaded %):  -8.506 ,  0
    Possible My Target Territory: Poland_Air
      Battle Results (TUV, Invaded %):  -16.748 ,  0
    Possible My Target Territory: Ukraine_SSR_Air
      Battle Results (TUV, Invaded %):  16.359999999999999 ,  1
      Attack Value:  16.359999999999999
    Possible My Target Territory: West_Russia_Air
      Battle Results (TUV, Invaded %):  13.462 ,  1
      Attack Value:  40.385999999999996
Trying  West_Russia
Trying  West_Russia
Trying  Belorussia
Trying  West_Russia
Trying  Belorussia
Trying  Baltic_States
Simulated battle results:  Battle_Results{avg_TUV_swing = 0, invaded_percent = 0, avg_survivor_def_power = 0}
Trying  West_Russia
Trying  Belorussia
Trying  Ukraine_SSR
Simulated battle results:  Battle_Results{avg_TUV_swing = 0, invaded_percent = 0, avg_survivor_def_power = 0}
Trying  West_Russia
Trying  Belorussia
Trying  Finland
Simulated battle results:  Battle_Results{avg_TUV_swing = 0, invaded_percent = 0, avg_survivor_def_power = 0}
Trying  West_Russia
Trying  Belorussia
Starting combat round  0  for land  West_Russia

======================================================================
PRO AI TURN COMPLETE
======================================================================
Next Player: Ger
Final Money: 27 IPCs
Units Added: 3
Game Score: -0.0
======================================================================

round_num:  0
[1;34m --------------------
Current Player:  Ger
Money:  41 [1;0m 

[1;32mAlaska (Owner:  USA )
[1;34m[1;31m[1;95m[1;33m[1;32m (Units:  USA )
INF : 1

[1;34mAlgeria (Owner:  Ger )
[1;34m (Units:  Ger )
INF_1_MOVES : 1
ARTY_1_MOVES : 1
[1;31m[1;95m[1;33m[1;32m
[1;32mAnhwei (Owner:  USA )
[1;34m[1;31m[1;95m[1;33m[1;32m (Units:  USA )
INF : 2

[1;31mArchangel (Owner:  Rus )
[1;34m[1;31m (Units:  Rus )
INF : 2
FIGHTER : 2
[1;95m[1;33m[1;32m
[1;34mBaltic_States (Owner:  Ger )
[1;34m (Units:  Ger )
INF_1_MOVES : 1
TANK_2_MOVES : 1
[1;31m[1;95m[1;33m[1;32m
[1;34mBelorussia (Owner:  Ger )
[1;34m (Units:  Ger )
INF_1_MOVES : 3
[1;31m[1;95m[1;33m[1;32m
[1;33mBorneo (Owner:  Jap )
[1;34m[1;31m[1;95m[1;33m (Units:  Jap )
INF : 1
[1;32m
[1;34mBulgaria_Romania (Owner:  Ger )
[1;34m (Units:  Ger )
INF_1_MOVES : 2
TANK_2_MOVES : 1
FIGHTER_UNMOVED : 1
[1;31m[1;95m[1;33m[1;32m
[1;95mBurma (Owner:  Eng )
[1;34m[1;31m[1;95m (Units:  Eng )
INF : 1
[1;33m[1;32m
[1;33mCaroline_Islands (Owner:  Jap )
[1;34m[1;31m[1;95m[1;33m (Units:  Jap )
INF : 1
[1;32m
[1;31mCaucasus (Owner:  Rus ) builds: 1 factory-prod: 4
[1;34m[1;31m (Units:  Rus )
INF : 4
[1;95m[1;33m[1;32m
[1;32mCentral_United_States (Owner:  USA )
[1;34m[1;31m[1;95m[1;33m[1;32m (Units:  USA )
INF : 1

[1;33mEast_Indies (Owner:  Jap )
[1;34m[1;31m[1;95m[1;33m (Units:  Jap )
INF : 2
[1;32m
[1;95mEastern_Australia (Owner:  Eng )
[1;34m[1;31m[1;95m (Units:  Eng )
INF : 2
[1;33m[1;32m
[1;95mEastern_Canada (Owner:  Eng )
[1;34m[1;31m[1;95m (Units:  Eng )
TANK : 1
[1;33m[1;32m
[1;32mEastern_United_States (Owner:  USA ) factory-prod: 12
[1;34m[1;31m[1;95m[1;33m[1;32m (Units:  USA )
INF : 2
ARTY : 1
TANK : 1
FIGHTER : 1
BOMBER : 1

[1;95mEgypt (Owner:  Eng )
[1;34m[1;31m[1;95m (Units:  Eng )
INF : 1
ARTY : 1
TANK : 1
FIGHTER : 1
[1;33m[1;32m
[1;31mEvenki_National_Okrug (Owner:  Rus )
[1;34m[1;31m (Units:  Rus )
INF : 1
[1;95m[1;33m[1;32m
[1;34mFinland (Owner:  Ger )
[1;34m (Units:  Ger )
INF_1_MOVES : 3
[1;31m[1;95m[1;33m[1;32m
[1;34mFrance (Owner:  Ger )
[1;34m (Units:  Ger )
INF_1_MOVES : 1
TANK_2_MOVES : 2
[1;31m[1;95m[1;33m[1;32m
[1;33mFrench_Indo_China_Thailand (Owner:  Jap )
[1;34m[1;31m[1;95m[1;33m (Units:  Jap )
INF : 2
ARTY : 1
FIGHTER : 1
[1;32m
[1;34mGermany (Owner:  Ger ) builds: 10 factory-prod: 10
[1;34m (Units:  Ger )
INF_1_MOVES : 3
TANK_2_MOVES : 2
FIGHTER_UNMOVED : 1
BOMBER_UNMOVED : 1
[1;31m[1;95m[1;33m[1;32m
[1;32mHawaiian_Islands (Owner:  USA )
[1;34m[1;31m[1;95m[1;33m[1;32m (Units:  USA )
INF : 1
FIGHTER : 1

[1;95mIndia (Owner:  Eng ) factory-prod: 3
[1;34m[1;31m[1;95m (Units:  Eng )
INF : 3
[1;33m[1;32m
[1;34mItaly (Owner:  Ger ) builds: 3 factory-prod: 3
[1;34m (Units:  Ger )
INF_1_MOVES : 1
TANK_2_MOVES : 1
[1;31m[1;95m[1;33m[1;32m
[1;33mIwo_Jima (Owner:  Jap )
[1;34m[1;31m[1;95m[1;33m (Units:  Jap )
INF : 1
[1;32m
[1;33mJapan (Owner:  Jap ) factory-prod: 8
[1;34m[1;31m[1;95m[1;33m (Units:  Jap )
INF : 4
ARTY : 1
TANK : 1
FIGHTER : 1
BOMBER : 1
[1;32m
[1;31mKarelia_SSR (Owner:  Rus ) factory-prod: 2
[1;34m[1;31m (Units:  Rus )
INF : 1
[1;95m[1;33m[1;32m
[1;33mKiangsu (Owner:  Jap )
[1;34m[1;31m[1;95m[1;33m (Units:  Jap )
INF : 4
[1;32m
[1;33mKwangtung (Owner:  Jap )
[1;34m[1;31m[1;95m[1;33m (Units:  Jap )
INF : 1
ARTY : 1
[1;32m
[1;34mLibya (Owner:  Ger )
[1;34m (Units:  Ger )
INF_1_MOVES : 1
TANK_2_MOVES : 1
[1;31m[1;95m[1;33m[1;32m
[1;33mMalaya (Owner:  Jap )
[1;34m[1;31m[1;95m[1;33m (Units:  Jap )
INF : 1
[1;32m
[1;33mManchuria (Owner:  Jap )
[1;34m[1;31m[1;95m[1;33m (Units:  Jap )
INF : 3
FIGHTER : 1
[1;32m
[1;32mMidway (Owner:  USA )
[1;34m[1;31m[1;95m[1;33m[1;32m (Units:  USA )
INF : 1

[1;34mMorocco (Owner:  Ger )
[1;34m (Units:  Ger )
INF_1_MOVES : 1
[1;31m[1;95m[1;33m[1;32m
[1;33mNew_Guinea (Owner:  Jap )
[1;34m[1;31m[1;95m[1;33m (Units:  Jap )
INF : 1
[1;32m
[1;95mNew_Zealand (Owner:  Eng )
[1;34m[1;31m[1;95m (Units:  Eng )
INF : 1
[1;33m[1;32m
[1;34mNorthwestern_Europe (Owner:  Ger )
[1;34m (Units:  Ger )
INF_1_MOVES : 1
TANK_2_MOVES : 1
FIGHTER_UNMOVED : 1
[1;31m[1;95m[1;33m[1;32m
[1;34mNorway (Owner:  Ger )
[1;34m (Units:  Ger )
INF_1_MOVES : 2
FIGHTER_UNMOVED : 1
[1;31m[1;95m[1;33m[1;32m
[1;33mOkinawa (Owner:  Jap )
[1;34m[1;31m[1;95m[1;33m (Units:  Jap )
INF : 1
[1;32m
[1;95mPersia (Owner:  Eng )
[1;34m[1;31m[1;95m (Units:  Eng )
INF : 1
[1;33m[1;32m
[1;33mPhilippine_Islands (Owner:  Jap )
[1;34m[1;31m[1;95m[1;33m (Units:  Jap )
INF : 1
ARTY : 1
[1;32m
[1;34mPoland (Owner:  Ger )
[1;34m (Units:  Ger )
INF_1_MOVES : 2
TANK_2_MOVES : 1
FIGHTER_UNMOVED : 1
[1;31m[1;95m[1;33m[1;32m
[1;31mRussia (Owner:  Rus ) builds: 7 factory-prod: 8
[1;34m[1;31m (Units:  Rus )
INF : 2
[1;95m[1;33m[1;32m
[1;33mSolomon_Islands (Owner:  Jap )
[1;34m[1;31m[1;95m[1;33m (Units:  Jap )
INF : 1
[1;32m
[1;34mSouthern_Europe (Owner:  Ger )
[1;34m (Units:  Ger )
INF_1_MOVES : 1
ARTY_1_MOVES : 1
[1;31m[1;95m[1;33m[1;32m
[1;32mSzechwan (Owner:  USA )
[1;34m[1;31m[1;95m[1;33m[1;32m (Units:  USA )
INF : 2
FIGHTER : 1

[1;95mTrans_Jordan (Owner:  Eng )
[1;34m[1;31m[1;95m (Units:  Eng )
INF : 1
[1;33m[1;32m
[1;34mUkraine_SSR (Owner:  Ger )
[1;34m (Units:  Ger )
INF_1_MOVES : 3
ARTY_1_MOVES : 1
TANK_2_MOVES : 1
FIGHTER_UNMOVED : 1
[1;31m[1;95m[1;33m[1;32m
[1;95mUnion_of_South_Africa (Owner:  Eng )
[1;34m[1;31m[1;95m (Units:  Eng )
INF : 1
[1;33m[1;32m
[1;95mUnited_Kingdom (Owner:  Eng ) factory-prod: 8
[1;34m[1;31m[1;95m (Units:  Eng )
INF : 2
ARTY : 1
TANK : 1
FIGHTER : 2
BOMBER : 1
[1;33m[1;32m
[1;33mWake_Island (Owner:  Jap )
[1;34m[1;31m[1;95m[1;33m (Units:  Jap )
INF : 1
[1;32m
[1;31mWest_Russia (Owner:  Rus )
[1;34m[1;31m (Units:  Rus )
INF : 10
ARTY : 3
TANK : 4
[1;95m[1;33m[1;32m
[1;95mWestern_Australia (Owner:  Eng )
[1;34m[1;31m[1;95m (Units:  Eng )
INF : 1
[1;33m[1;32m
[1;95mWestern_Canada (Owner:  Eng )
[1;34m[1;31m[1;95m (Units:  Eng )
INF : 1
[1;33m[1;32m
[1;32mWestern_United_States (Owner:  USA ) factory-prod: 10
[1;34m[1;31m[1;95m[1;33m[1;32m (Units:  USA )
INF : 2
FIGHTER : 1

[1;31mYakut_SSR (Owner:  Rus )
[1;34m[1;31m (Units:  Rus )
INF : 4
[1;95m[1;33m[1;32m
[1;32mYunnan (Owner:  USA )
[1;34m[1;31m[1;95m[1;33m[1;32m (Units:  USA )
INF : 2

[1;0mSea_4
[1;34m[1;31m (Units:  Rus )
SUB : 1
DESTROYER : 1
[1;95m[1;33m[1;32m
[1;0mSea_5
[1;34m (Units:  Ger )
TRANS_EMPTY_UNMOVED : 1
SUB_2_MOVES : 2
CRUISER_2_MOVES : 1
[1;31m[1;95m[1;33m[1;32m
[1;0mSea_7
[1;34m[1;31m[1;95m (Units:  Eng )
TRANS_EMPTY : 1
BATTLESHIP : 1
[1;33m[1;32m
[1;0mSea_9
[1;34m (Units:  Ger )
SUB_2_MOVES : 2
[1;31m[1;95m[1;33m[1;32m
[1;0mSea_10
[1;34m[1;31m[1;95m (Units:  Eng )
TRANS_EMPTY : 1
DESTROYER : 1
[1;33m[1;32m
[1;0mSea_11
[1;34m[1;31m[1;95m[1;33m[1;32m (Units:  USA )
TRANS_EMPTY : 2
DESTROYER : 1

[1;0mSea_14
[1;34m[1;31m[1;95m (Units:  Eng )
CRUISER : 1
[1;33m[1;32m
[1;0mSea_15
[1;34m (Units:  Ger )
TRANS_EMPTY_UNMOVED : 1
BATTLESHIP_2_MOVES : 1
[1;31m[1;95m[1;33m[1;32m
[1;0mSea_17
[1;34m[1;31m[1;95m (Units:  Eng )
DESTROYER : 1
[1;33m[1;32m
[1;0mSea_19
[1;34m[1;31m[1;95m[1;33m[1;32m (Units:  USA )
CRUISER : 1

[1;0mSea_35
[1;34m[1;31m[1;95m (Units:  Eng )
TRANS_EMPTY : 1
CARRIER : 1
CRUISER : 1
FIGHTER : 1
[1;33m[1;32m
[1;0mSea_37
[1;34m[1;31m[1;95m[1;33m (Units:  Jap )
CARRIER : 1
BATTLESHIP : 1
FIGHTER : 2
[1;32m
[1;0mSea_39
[1;34m[1;31m[1;95m (Units:  Eng )
TRANS_EMPTY : 1
SUB : 1
CRUISER : 1
[1;33m[1;32m
[1;0mSea_44
[1;34m[1;31m[1;95m[1;33m (Units:  Jap )
SUB : 1
[1;32m
[1;0mSea_50
[1;34m[1;31m[1;95m[1;33m (Units:  Jap )
CARRIER : 1
CRUISER : 1
FIGHTER : 1
[1;32m
[1;0mSea_53
[1;34m[1;31m[1;95m[1;33m[1;32m (Units:  USA )
SUB : 1
DESTROYER : 1
CARRIER : 1
FIGHTER : 1

[1;0mSea_56
[1;34m[1;31m[1;95m[1;33m[1;32m (Units:  USA )
TRANS_EMPTY : 1
DESTROYER : 1
BATTLESHIP : 1

[1;0mSea_60
[1;34m[1;31m[1;95m[1;33m (Units:  Jap )
TRANS_EMPTY : 1
DESTROYER : 1
BATTLESHIP : 1
[1;32m
[1;0mSea_61
[1;34m[1;31m[1;95m[1;33m (Units:  Jap )
TRANS_EMPTY : 1
DESTROYER : 1
[1;32m
[1;0m

======================================================================
PRO AI SINGLE TURN TEST (TripleA Purchase & Place)
======================================================================
Starting Player: Ger
Starting Money: 41 IPCs
Total units on board: 40
======================================================================
Enemy Attack Options (per-enemy):
Enemy: Rus
  Land: Baltic_States Fighters: 2
  Land: Baltic_States Infantry: 1
  Land: Belorussia Fighters: 2
  Land: Belorussia Infantry: 11
  Land: Belorussia Artillery: 3
  Land: Belorussia Tanks: 4
  Land: Bulgaria_Romania Fighters: 2
  Land: Finland Fighters: 2
  Land: Finland Infantry: 1
  Land: Germany Fighters: 2
  Land: Northwestern_Europe Fighters: 2
  Land: Norway Fighters: 2
  Land: Poland Fighters: 2
  Land: Ukraine_SSR Fighters: 2
  Land: Ukraine_SSR Infantry: 14
  Land: Ukraine_SSR Artillery: 3
  Land: Ukraine_SSR Tanks: 4
  Sea: Sea_5 Fighters: 2 Subs: 0 Destroyers: 0
Enemy: Eng
  Land: Algeria Fighters: 1
  Land: Algeria Bombers: 1
  Land: Baltic_States Bombers: 1
  Land: Belorussia Bombers: 1
  Land: Bulgaria_Romania Bombers: 1
  Land: Finland Fighters: 2
  Land: Finland Bombers: 1
  Land: France Fighters: 2
  Land: France Bombers: 1
  Land: Germany Fighters: 2
  Land: Germany Bombers: 1
  Land: Italy Bombers: 1
  Land: Libya Fighters: 1
  Land: Libya Bombers: 1
  Land: Libya Infantry: 1
  Land: Libya Artillery: 1
  Land: Libya Tanks: 1
  Land: Morocco Bombers: 1
  Land: Northwestern_Europe Fighters: 2
  Land: Northwestern_Europe Bombers: 1
  Land: Norway Fighters: 2
  Land: Norway Bombers: 1
  Land: Poland Bombers: 1
  Sea: Sea_5 Fighters: 2 Subs: 0 Destroyers: 0
  Sea: Sea_9 Fighters: 0 Subs: 0 Destroyers: 1
  Sea: Sea_15 Fighters: 1 Subs: 0 Destroyers: 1
Enemy: USA
  Land: France Bombers: 1
  Land: Morocco Bombers: 1
  Sea: Sea_9 Fighters: 0 Subs: 0 Destroyers: 1
Enemy Attack Options (aggregated max):
  Land: Algeria Inf: 0 Art: 0 Tank: 0 Ftr: 1 Bmb: 1 Str: 7
  Land: Baltic_States Inf: 1 Art: 0 Tank: 0 Ftr: 2 Bmb: 0 Str: 7
  Land: Belorussia Inf: 11 Art: 3 Tank: 4 Ftr: 2 Bmb: 0 Str: 35
  Land: Bulgaria_Romania Inf: 0 Art: 0 Tank: 0 Ftr: 2 Bmb: 0 Str: 6
  Land: Finland Inf: 1 Art: 0 Tank: 0 Ftr: 2 Bmb: 0 Str: 7
  Land: France Inf: 0 Art: 0 Tank: 0 Ftr: 2 Bmb: 1 Str: 10
  Land: Germany Inf: 0 Art: 0 Tank: 0 Ftr: 2 Bmb: 1 Str: 10
  Land: Italy Inf: 0 Art: 0 Tank: 0 Ftr: 0 Bmb: 1 Str: 4
  Land: Libya Inf: 1 Art: 1 Tank: 1 Ftr: 1 Bmb: 1 Str: 13
  Land: Morocco Inf: 0 Art: 0 Tank: 0 Ftr: 0 Bmb: 1 Str: 4
  Land: Northwestern_Europe Inf: 0 Art: 0 Tank: 0 Ftr: 2 Bmb: 1 Str: 10
  Land: Norway Inf: 0 Art: 0 Tank: 0 Ftr: 2 Bmb: 1 Str: 10
  Land: Poland Inf: 0 Art: 0 Tank: 0 Ftr: 2 Bmb: 0 Str: 6
  Land: Ukraine_SSR Inf: 14 Art: 3 Tank: 4 Ftr: 2 Bmb: 0 Str: 38
      [SAFE] Sequential Battle Results: TUV=-3.91, Invaded%=0.0%, Battles=1
      [SAFE] Sequential Battle Results: TUV=-26.74, Invaded%=0.0%, Battles=2
      [SAFE] Sequential Battle Results: TUV=-10.45, Invaded%=0.0%, Battles=2
      [SAFE] Sequential Battle Results: TUV=-19.19, Invaded%=0.0%, Battles=2
      [SAFE] Sequential Battle Results: TUV=-25.60, Invaded%=0.0%, Battles=2
      [SAFE] Sequential Battle Results: TUV=-8.53, Invaded%=0.0%, Battles=1
      [SAFE] Sequential Battle Results: TUV=-3.00, Invaded%=0.0%, Battles=2
      [SAFE] Sequential Battle Results: TUV=-24.66, Invaded%=0.0%, Battles=2
      [SAFE] Sequential Battle Results: TUV=-25.57, Invaded%=0.0%, Battles=2
      [SAFE] Sequential Battle Results: TUV=-26.75, Invaded%=0.0%, Battles=2
    Possible My Target Territory: Archangel_Air
      Battle Results (TUV, Invaded %):  3.8199999999999998 ,  0
    Possible My Target Territory: Caucasus_Air
      Battle Results (TUV, Invaded %):  7.9889999999999999 ,  1
      Attack Value:  39.988999999999997
    Possible My Target Territory: Egypt_Air
      Battle Results (TUV, Invaded %):  -12.278 ,  0
    Possible My Target Territory: Evenki_National_Okrug_Air
      Battle Results (TUV, Invaded %):  -1.62 ,  0
    Possible My Target Territory: Karelia_SSR_Air
      Battle Results (TUV, Invaded %):  2.004 ,  1
      Attack Value:  18.004
    Possible My Target Territory: Persia_Air
      Battle Results (TUV, Invaded %):  -2.891 ,  0
    Possible My Target Territory: Russia_Air
      Battle Results (TUV, Invaded %):  -0.68 ,  0
    Possible My Target Territory: Szechwan_Air
      Battle Results (TUV, Invaded %):  -15.784 ,  0
    Possible My Target Territory: United_Kingdom_Air
      Battle Results (TUV, Invaded %):  -17.948 ,  0
    Possible My Target Territory: West_Russia_Air
      Battle Results (TUV, Invaded %):  -43.618 ,  0
Trying  Caucasus
Trying  Caucasus
Trying  Karelia_SSR
Starting combat round  0  for land  Caucasus
Starting combat round  0  for land  Karelia_SSR

======================================================================
PRO AI TURN COMPLETE
======================================================================
Next Player: Eng
Final Money: 45 IPCs
Units Added: 8
Game Score: -0.0
======================================================================

round_num:  1
[1;95m --------------------
Current Player:  Eng
Money:  31 [1;0m 

[1;32mAlaska (Owner:  USA )
[1;95m[1;31m[1;34m[1;33m[1;32m (Units:  USA )
INF : 1

[1;34mAlgeria (Owner:  Ger )
[1;95m[1;31m[1;34m (Units:  Ger )
INF : 2
TANK : 1
[1;33m[1;32m
[1;32mAnhwei (Owner:  USA )
[1;95m[1;31m[1;34m[1;33m[1;32m (Units:  USA )
INF : 2

[1;31mArchangel (Owner:  Rus )
[1;95m[1;31m (Units:  Rus )
INF : 2
FIGHTER : 2
[1;34m[1;33m[1;32m
[1;34mBaltic_States (Owner:  Ger )
[1;95m[1;31m[1;34m (Units:  Ger )
FIGHTER : 3
[1;33m[1;32m
[1;34mBelorussia (Owner:  Ger )
[1;95m[1;31m[1;34m (Units:  Ger )
FIGHTER : 2
[1;33m[1;32m
[1;33mBorneo (Owner:  Jap )
[1;95m[1;31m[1;34m[1;33m (Units:  Jap )
INF : 1
[1;32m
[1;95mBurma (Owner:  Eng )
[1;95m (Units:  Eng )
INF_1_MOVES : 1
[1;31m[1;34m[1;33m[1;32m
[1;33mCaroline_Islands (Owner:  Jap )
[1;95m[1;31m[1;34m[1;33m (Units:  Jap )
INF : 1
[1;32m
[1;34mCaucasus (Owner:  Ger ) builds: 1 factory-prod: 4
[1;95m[1;31m[1;34m (Units:  Ger )
INF : 2
ARTY : 1
TANK : 3
BOMBER : 1
[1;33m[1;32m
[1;32mCentral_United_States (Owner:  USA )
[1;95m[1;31m[1;34m[1;33m[1;32m (Units:  USA )
INF : 1

[1;33mEast_Indies (Owner:  Jap )
[1;95m[1;31m[1;34m[1;33m (Units:  Jap )
INF : 2
[1;32m
[1;95mEastern_Australia (Owner:  Eng )
[1;95m (Units:  Eng )
INF_1_MOVES : 2
[1;31m[1;34m[1;33m[1;32m
[1;95mEastern_Canada (Owner:  Eng )
[1;95m (Units:  Eng )
TANK_2_MOVES : 1
[1;31m[1;34m[1;33m[1;32m
[1;32mEastern_United_States (Owner:  USA ) factory-prod: 12
[1;95m[1;31m[1;34m[1;33m[1;32m (Units:  USA )
INF : 2
ARTY : 1
TANK : 1
FIGHTER : 1
BOMBER : 1

[1;95mEgypt (Owner:  Eng )
[1;95m (Units:  Eng )
INF_1_MOVES : 1
ARTY_1_MOVES : 1
TANK_2_MOVES : 1
FIGHTER_UNMOVED : 1
[1;31m[1;34m[1;33m[1;32m
[1;31mEvenki_National_Okrug (Owner:  Rus )
[1;95m[1;31m (Units:  Rus )
INF : 1
[1;34m[1;33m[1;32m
[1;34mFinland (Owner:  Ger )
[1;95m[1;31m[1;34m (Units:  Ger )
INF : 3
TANK : 1
[1;33m[1;32m
[1;33mFrench_Indo_China_Thailand (Owner:  Jap )
[1;95m[1;31m[1;34m[1;33m (Units:  Jap )
INF : 2
ARTY : 1
FIGHTER : 1
[1;32m
[1;34mGermany (Owner:  Ger ) factory-prod: 10
[1;95m[1;31m[1;34m (Units:  Ger )
INF : 18
ARTY : 1
TANK : 3
[1;33m[1;32m
[1;32mHawaiian_Islands (Owner:  USA )
[1;95m[1;31m[1;34m[1;33m[1;32m (Units:  USA )
INF : 1
FIGHTER : 1

[1;95mIndia (Owner:  Eng ) builds: 3 factory-prod: 3
[1;95m (Units:  Eng )
INF_1_MOVES : 3
[1;31m[1;34m[1;33m[1;32m
[1;33mIwo_Jima (Owner:  Jap )
[1;95m[1;31m[1;34m[1;33m (Units:  Jap )
INF : 1
[1;32m
[1;33mJapan (Owner:  Jap ) factory-prod: 8
[1;95m[1;31m[1;34m[1;33m (Units:  Jap )
INF : 4
ARTY : 1
TANK : 1
FIGHTER : 1
BOMBER : 1
[1;32m
[1;34mKarelia_SSR (Owner:  Ger ) factory-prod: 2
[1;95m[1;31m[1;34m (Units:  Ger )
INF : 7
TANK : 2
[1;33m[1;32m
[1;33mKiangsu (Owner:  Jap )
[1;95m[1;31m[1;34m[1;33m (Units:  Jap )
INF : 4
[1;32m
[1;33mKwangtung (Owner:  Jap )
[1;95m[1;31m[1;34m[1;33m (Units:  Jap )
INF : 1
ARTY : 1
[1;32m
[1;34mLibya (Owner:  Ger )
[1;95m[1;31m[1;34m (Units:  Ger )
INF : 1
ARTY : 1
[1;33m[1;32m
[1;33mMalaya (Owner:  Jap )
[1;95m[1;31m[1;34m[1;33m (Units:  Jap )
INF : 1
[1;32m
[1;33mManchuria (Owner:  Jap )
[1;95m[1;31m[1;34m[1;33m (Units:  Jap )
INF : 3
FIGHTER : 1
[1;32m
[1;32mMidway (Owner:  USA )
[1;95m[1;31m[1;34m[1;33m[1;32m (Units:  USA )
INF : 1

[1;33mNew_Guinea (Owner:  Jap )
[1;95m[1;31m[1;34m[1;33m (Units:  Jap )
INF : 1
[1;32m
[1;95mNew_Zealand (Owner:  Eng )
[1;95m (Units:  Eng )
INF_1_MOVES : 1
[1;31m[1;34m[1;33m[1;32m
[1;34mNorthwestern_Europe (Owner:  Ger )
[1;95m[1;31m[1;34m (Units:  Ger )
FIGHTER : 1
[1;33m[1;32m
[1;33mOkinawa (Owner:  Jap )
[1;95m[1;31m[1;34m[1;33m (Units:  Jap )
INF : 1
[1;32m
[1;95mPersia (Owner:  Eng )
[1;95m (Units:  Eng )
INF_1_MOVES : 1
[1;31m[1;34m[1;33m[1;32m
[1;33mPhilippine_Islands (Owner:  Jap )
[1;95m[1;31m[1;34m[1;33m (Units:  Jap )
INF : 1
ARTY : 1
[1;32m
[1;31mRussia (Owner:  Rus ) builds: 7 factory-prod: 8
[1;95m[1;31m (Units:  Rus )
INF : 2
[1;34m[1;33m[1;32m
[1;33mSolomon_Islands (Owner:  Jap )
[1;95m[1;31m[1;34m[1;33m (Units:  Jap )
INF : 1
[1;32m
[1;32mSzechwan (Owner:  USA )
[1;95m[1;31m[1;34m[1;33m[1;32m (Units:  USA )
INF : 2
FIGHTER : 1

[1;95mTrans_Jordan (Owner:  Eng )
[1;95m (Units:  Eng )
INF_1_MOVES : 1
[1;31m[1;34m[1;33m[1;32m
[1;34mUkraine_SSR (Owner:  Ger )
[1;95m[1;31m[1;34m (Units:  Ger )
INF : 1
TANK : 1
[1;33m[1;32m
[1;95mUnion_of_South_Africa (Owner:  Eng )
[1;95m (Units:  Eng )
INF_1_MOVES : 1
[1;31m[1;34m[1;33m[1;32m
[1;95mUnited_Kingdom (Owner:  Eng ) builds: 8 factory-prod: 8
[1;95m (Units:  Eng )
INF_1_MOVES : 2
ARTY_1_MOVES : 1
TANK_2_MOVES : 1
FIGHTER_UNMOVED : 2
BOMBER_UNMOVED : 1
[1;31m[1;34m[1;33m[1;32m
[1;33mWake_Island (Owner:  Jap )
[1;95m[1;31m[1;34m[1;33m (Units:  Jap )
INF : 1
[1;32m
[1;31mWest_Russia (Owner:  Rus )
[1;95m[1;31m (Units:  Rus )
INF : 10
ARTY : 3
TANK : 4
[1;34m[1;33m[1;32m
[1;95mWestern_Australia (Owner:  Eng )
[1;95m (Units:  Eng )
INF_1_MOVES : 1
[1;31m[1;34m[1;33m[1;32m
[1;95mWestern_Canada (Owner:  Eng )
[1;95m (Units:  Eng )
INF_1_MOVES : 1
[1;31m[1;34m[1;33m[1;32m
[1;32mWestern_United_States (Owner:  USA ) factory-prod: 10
[1;95m[1;31m[1;34m[1;33m[1;32m (Units:  USA )
INF : 2
FIGHTER : 1

[1;31mYakut_SSR (Owner:  Rus )
[1;95m[1;31m (Units:  Rus )
INF : 4
[1;34m[1;33m[1;32m
[1;32mYunnan (Owner:  USA )
[1;95m[1;31m[1;34m[1;33m[1;32m (Units:  USA )
INF : 2

[1;0mSea_4
[1;95m[1;31m (Units:  Rus )
SUB : 1
DESTROYER : 1
[1;34m[1;33m[1;32m
[1;0mSea_5
[1;95m[1;31m[1;34m (Units:  Ger )
TRANS_EMPTY : 1
SUB : 2
DESTROYER : 1
CRUISER : 1
[1;33m[1;32m
[1;0mSea_7
[1;95m (Units:  Eng )
TRANS_EMPTY_UNMOVED : 1
BATTLESHIP_2_MOVES : 1
[1;31m[1;34m[1;33m[1;32m
[1;0mSea_9
[1;95m[1;31m[1;34m (Units:  Ger )
SUB : 2
[1;33m[1;32m
[1;0mSea_10
[1;95m (Units:  Eng )
TRANS_EMPTY_UNMOVED : 1
DESTROYER_2_MOVES : 1
[1;31m[1;34m[1;33m[1;32m
[1;0mSea_11
[1;95m[1;31m[1;34m[1;33m[1;32m (Units:  USA )
TRANS_EMPTY : 2
DESTROYER : 1

[1;0mSea_14
[1;95m (Units:  Eng )
CRUISER_2_MOVES : 1
[1;31m[1;34m[1;33m[1;32m
[1;0mSea_15
[1;95m[1;31m[1;34m (Units:  Ger )
SUB : 1
[1;33m[1;32m
[1;0mSea_16
[1;95m[1;31m[1;34m (Units:  Ger )
TRANS_EMPTY : 1
BATTLESHIP : 1
[1;33m[1;32m
[1;0mSea_17
[1;95m (Units:  Eng )
DESTROYER_2_MOVES : 1
[1;31m[1;34m[1;33m[1;32m
[1;0mSea_19
[1;95m[1;31m[1;34m[1;33m[1;32m (Units:  USA )
CRUISER : 1

[1;0mSea_35
[1;95m (Units:  Eng )
TRANS_EMPTY_UNMOVED : 1
CARRIER_2_MOVES : 1
CRUISER_2_MOVES : 1
FIGHTER_UNMOVED : 1
[1;31m[1;34m[1;33m[1;32m
[1;0mSea_37
[1;95m[1;31m[1;34m[1;33m (Units:  Jap )
CARRIER : 1
BATTLESHIP : 1
FIGHTER : 2
[1;32m
[1;0mSea_39
[1;95m (Units:  Eng )
TRANS_EMPTY_UNMOVED : 1
SUB_2_MOVES : 1
CRUISER_2_MOVES : 1
[1;31m[1;34m[1;33m[1;32m
[1;0mSea_44
[1;95m[1;31m[1;34m[1;33m (Units:  Jap )
SUB : 1
[1;32m
[1;0mSea_50
[1;95m[1;31m[1;34m[1;33m (Units:  Jap )
CARRIER : 1
CRUISER : 1
FIGHTER : 1
[1;32m
[1;0mSea_53
[1;95m[1;31m[1;34m[1;33m[1;32m (Units:  USA )
SUB : 1
DESTROYER : 1
CARRIER : 1
FIGHTER : 1

[1;0mSea_56
[1;95m[1;31m[1;34m[1;33m[1;32m (Units:  USA )
TRANS_EMPTY : 1
DESTROYER : 1
BATTLESHIP : 1

[1;0mSea_60
[1;95m[1;31m[1;34m[1;33m (Units:  Jap )
TRANS_EMPTY : 1
DESTROYER : 1
BATTLESHIP : 1
[1;32m
[1;0mSea_61
[1;95m[1;31m[1;34m[1;33m (Units:  Jap )
TRANS_EMPTY : 1
DESTROYER : 1
[1;32m
[1;0m

======================================================================
PRO AI SINGLE TURN TEST (TripleA Purchase & Place)
======================================================================
Starting Player: Eng
Starting Money: 31 IPCs
Total units on board: 20
======================================================================
Enemy Attack Options (per-enemy):
Enemy: Ger
  Land: Burma Bombers: 1
  Land: Egypt Bombers: 1
  Land: Egypt Infantry: 1
  Land: Egypt Artillery: 1
  Land: India Bombers: 1
  Land: Persia Fighters: 2
  Land: Persia Bombers: 1
  Land: Persia Infantry: 2
  Land: Persia Artillery: 1
  Land: Persia Tanks: 3
  Land: Trans_Jordan Bombers: 1
  Land: United_Kingdom Fighters: 4
  Land: United_Kingdom Bombers: 1
  Sea: Sea_6 Fighters: 0 Subs: 4 Destroyers: 1
  Sea: Sea_7 Fighters: 4 Subs: 4 Destroyers: 1
  Sea: Sea_8 Fighters: 0 Subs: 4 Destroyers: 1
  Sea: Sea_10 Fighters: 0 Subs: 2 Destroyers: 0
  Sea: Sea_14 Fighters: 1 Subs: 3 Destroyers: 0
  Sea: Sea_17 Fighters: 0 Subs: 1 Destroyers: 0
Enemy: Jap
  Land: Burma Fighters: 1
  Land: Burma Bombers: 1
  Land: Burma Infantry: 2
  Land: Burma Artillery: 1
  Land: India Fighters: 1
  Land: Western_Canada Bombers: 1
  Sea: Sea_35 Fighters: 3 Subs: 0 Destroyers: 1
  Sea: Sea_39 Fighters: 1 Subs: 1 Destroyers: 0
Enemy Attack Options (aggregated max):
  Land: Burma Inf: 2 Art: 1 Tank: 0 Ftr: 1 Bmb: 1 Str: 11
  Land: Egypt Inf: 1 Art: 1 Tank: 0 Ftr: 0 Bmb: 1 Str: 7
  Land: India Inf: 0 Art: 0 Tank: 0 Ftr: 0 Bmb: 1 Str: 4
  Land: Persia Inf: 2 Art: 1 Tank: 3 Ftr: 2 Bmb: 1 Str: 23
  Land: Trans_Jordan Inf: 0 Art: 0 Tank: 0 Ftr: 0 Bmb: 1 Str: 4
  Land: United_Kingdom Inf: 0 Art: 0 Tank: 0 Ftr: 4 Bmb: 1 Str: 16
  Land: Western_Canada Inf: 0 Art: 0 Tank: 0 Ftr: 0 Bmb: 1 Str: 4
      [SAFE] Sequential Battle Results: TUV=-10.31, Invaded%=0.0%, Battles=1
      [SAFE] Sequential Battle Results: TUV=-18.47, Invaded%=0.0%, Battles=2
      [SAFE] Sequential Battle Results: TUV=-1.58, Invaded%=0.0%, Battles=1
      [SAFE] Sequential Battle Results: TUV=-30.36, Invaded%=0.0%, Battles=1
      [SAFE] Sequential Battle Results: TUV=-1.46, Invaded%=0.0%, Battles=1
    Possible My Target Territory: Algeria_Air
      Battle Results (TUV, Invaded %):  -15.702999999999999 ,  0
    Possible My Target Territory: Baltic_States_Air
      Battle Results (TUV, Invaded %):  -6.368 ,  0
    Possible My Target Territory: Belorussia_Air
      Battle Results (TUV, Invaded %):  -5.2699999999999996 ,  0
    Possible My Target Territory: Caucasus_Air
      Battle Results (TUV, Invaded %):  -1.032 ,  0
    Possible My Target Territory: Finland_Air
      Battle Results (TUV, Invaded %):  -9.951 ,  0
    Possible My Target Territory: French_Indo_China_Thailand_Air
      Battle Results (TUV, Invaded %):  -2.5049999999999999 ,  0
    Possible My Target Territory: Germany_Air
      Battle Results (TUV, Invaded %):  -26.951 ,  0
    Possible My Target Territory: Karelia_SSR_Air
      Battle Results (TUV, Invaded %):  -9.965999999999999 ,  0
    Possible My Target Territory: Libya_Air
      Battle Results (TUV, Invaded %):  4.972 ,  1
      Attack Value:  4.972
    Possible My Target Territory: Northwestern_Europe_Air
      Battle Results (TUV, Invaded %):  3.21 ,  0
    Possible My Target Territory: Ukraine_SSR_Air
      Battle Results (TUV, Invaded %):  -8.484 ,  0
Trying  Libya
Starting combat round  0  for land  Libya

======================================================================
PRO AI TURN COMPLETE
======================================================================
Next Player: Jap
Final Money: 32 IPCs
Units Added: 2
Game Score: -0.0
======================================================================

round_num:  2
[1;33m --------------------
Current Player:  Jap
Money:  30 [1;0m 

[1;32mAlaska (Owner:  USA )
[1;33m[1;31m[1;34m[1;95m[1;32m (Units:  USA )
INF : 1

[1;34mAlgeria (Owner:  Ger )
[1;33m[1;31m[1;34m (Units:  Ger )
INF : 2
TANK : 1
[1;95m[1;32m
[1;95mAnglo_Egyptian_Sudan (Owner:  Eng )
[1;33m[1;31m[1;34m[1;95m (Units:  Eng )
FIGHTER : 1
[1;32m
[1;32mAnhwei (Owner:  USA )
[1;33m[1;31m[1;34m[1;95m[1;32m (Units:  USA )
INF : 2

[1;31mArchangel (Owner:  Rus )
[1;33m[1;31m (Units:  Rus )
INF : 2
FIGHTER : 2
[1;34m[1;95m (Units:  Eng )
INF : 1
TANK : 1
[1;32m
[1;34mBaltic_States (Owner:  Ger )
[1;33m[1;31m[1;34m (Units:  Ger )
FIGHTER : 3
[1;95m[1;32m
[1;95mBelgian_Congo (Owner:  Eng )
[1;33m[1;31m[1;34m[1;95m (Units:  Eng )
INF : 1
[1;32m
[1;34mBelorussia (Owner:  Ger )
[1;33m[1;31m[1;34m (Units:  Ger )
FIGHTER : 2
[1;95m[1;32m
[1;33mBorneo (Owner:  Jap )
[1;33m (Units:  Jap )
INF_1_MOVES : 1
[1;31m[1;34m[1;95m[1;32m
[1;33mCaroline_Islands (Owner:  Jap )
[1;33m (Units:  Jap )
INF_1_MOVES : 1
[1;31m[1;34m[1;95m[1;32m
[1;34mCaucasus (Owner:  Ger ) builds: 1 factory-prod: 4
[1;33m[1;31m[1;34m (Units:  Ger )
INF : 2
ARTY : 1
TANK : 3
BOMBER : 1
[1;95m[1;32m
[1;32mCentral_United_States (Owner:  USA )
[1;33m[1;31m[1;34m[1;95m[1;32m (Units:  USA )
INF : 1

[1;33mEast_Indies (Owner:  Jap )
[1;33m (Units:  Jap )
INF_1_MOVES : 2
[1;31m[1;34m[1;95m[1;32m
[1;95mEastern_Australia (Owner:  Eng )
[1;33m[1;31m[1;34m[1;95m (Units:  Eng )
INF : 3
[1;32m
[1;32mEastern_United_States (Owner:  USA ) factory-prod: 12
[1;33m[1;31m[1;34m[1;95m[1;32m (Units:  USA )
INF : 2
ARTY : 1
TANK : 1
FIGHTER : 1
BOMBER : 1

[1;31mEvenki_National_Okrug (Owner:  Rus )
[1;33m[1;31m (Units:  Rus )
INF : 1
[1;34m[1;95m[1;32m
[1;34mFinland (Owner:  Ger )
[1;33m[1;31m[1;34m (Units:  Ger )
INF : 3
TANK : 1
[1;95m[1;32m
[1;33mFrench_Indo_China_Thailand (Owner:  Jap )
[1;33m (Units:  Jap )
INF_1_MOVES : 2
ARTY_1_MOVES : 1
FIGHTER_UNMOVED : 1
[1;31m[1;34m[1;95m[1;32m
[1;95mFrench_West_Africa (Owner:  Eng )
[1;33m[1;31m[1;34m[1;95m (Units:  Eng )
TANK : 1
[1;32m
[1;34mGermany (Owner:  Ger ) factory-prod: 10
[1;33m[1;31m[1;34m (Units:  Ger )
INF : 18
ARTY : 1
TANK : 3
[1;95m[1;32m
[1;32mHawaiian_Islands (Owner:  USA )
[1;33m[1;31m[1;34m[1;95m[1;32m (Units:  USA )
INF : 1
FIGHTER : 1

[1;95mIndia (Owner:  Eng ) factory-prod: 3
[1;33m[1;31m[1;34m[1;95m (Units:  Eng )
INF : 4
AAGUN : 1
[1;32m
[1;33mIwo_Jima (Owner:  Jap )
[1;33m (Units:  Jap )
INF_1_MOVES : 1
[1;31m[1;34m[1;95m[1;32m
[1;33mJapan (Owner:  Jap ) builds: 8 factory-prod: 8
[1;33m (Units:  Jap )
INF_1_MOVES : 4
ARTY_1_MOVES : 1
TANK_2_MOVES : 1
FIGHTER_UNMOVED : 1
BOMBER_UNMOVED : 1
[1;31m[1;34m[1;95m[1;32m
[1;34mKarelia_SSR (Owner:  Ger ) factory-prod: 2
[1;33m[1;31m[1;34m (Units:  Ger )
INF : 7
TANK : 2
[1;95m[1;32m
[1;33mKiangsu (Owner:  Jap )
[1;33m (Units:  Jap )
INF_1_MOVES : 4
[1;31m[1;34m[1;95m[1;32m
[1;33mKwangtung (Owner:  Jap )
[1;33m (Units:  Jap )
INF_1_MOVES : 1
ARTY_1_MOVES : 1
[1;31m[1;34m[1;95m[1;32m
[1;95mLibya (Owner:  Eng )
[1;33m[1;31m[1;34m[1;95m (Units:  Eng )
ARTY : 1
TANK : 1
[1;32m
[1;33mMalaya (Owner:  Jap )
[1;33m (Units:  Jap )
INF_1_MOVES : 1
[1;31m[1;34m[1;95m[1;32m
[1;33mManchuria (Owner:  Jap )
[1;33m (Units:  Jap )
INF_1_MOVES : 3
FIGHTER_UNMOVED : 1
[1;31m[1;34m[1;95m[1;32m
[1;32mMidway (Owner:  USA )
[1;33m[1;31m[1;34m[1;95m[1;32m (Units:  USA )
INF : 1

[1;33mNew_Guinea (Owner:  Jap )
[1;33m (Units:  Jap )
INF_1_MOVES : 1
[1;31m[1;34m[1;95m[1;32m
[1;95mNew_Zealand (Owner:  Eng )
[1;33m[1;31m[1;34m[1;95m (Units:  Eng )
INF : 1
[1;32m
[1;34mNorthwestern_Europe (Owner:  Ger )
[1;33m[1;31m[1;34m (Units:  Ger )
FIGHTER : 1
[1;95m[1;32m
[1;33mOkinawa (Owner:  Jap )
[1;33m (Units:  Jap )
INF_1_MOVES : 1
[1;31m[1;34m[1;95m[1;32m
[1;95mPersia (Owner:  Eng )
[1;33m[1;31m[1;34m[1;95m (Units:  Eng )
INF : 4
[1;32m
[1;33mPhilippine_Islands (Owner:  Jap )
[1;33m (Units:  Jap )
INF_1_MOVES : 1
ARTY_1_MOVES : 1
[1;31m[1;34m[1;95m[1;32m
[1;31mRussia (Owner:  Rus ) builds: 7 factory-prod: 8
[1;33m[1;31m (Units:  Rus )
INF : 2
[1;34m[1;95m[1;32m
[1;33mSolomon_Islands (Owner:  Jap )
[1;33m (Units:  Jap )
INF_1_MOVES : 1
[1;31m[1;34m[1;95m[1;32m
[1;32mSzechwan (Owner:  USA )
[1;33m[1;31m[1;34m[1;95m[1;32m (Units:  USA )
INF : 2
FIGHTER : 1

[1;34mUkraine_SSR (Owner:  Ger )
[1;33m[1;31m[1;34m (Units:  Ger )
INF : 1
TANK : 1
[1;95m[1;32m
[1;95mUnited_Kingdom (Owner:  Eng ) builds: 5 factory-prod: 8
[1;33m[1;31m[1;34m[1;95m (Units:  Eng )
INF : 1
ARTY : 1
FIGHTER : 2
BOMBER : 1
[1;32m
[1;33mWake_Island (Owner:  Jap )
[1;33m (Units:  Jap )
INF_1_MOVES : 1
[1;31m[1;34m[1;95m[1;32m
[1;31mWest_Russia (Owner:  Rus )
[1;33m[1;31m (Units:  Rus )
INF : 10
ARTY : 3
TANK : 4
[1;34m[1;95m[1;32m
[1;32mWestern_United_States (Owner:  USA ) factory-prod: 10
[1;33m[1;31m[1;34m[1;95m (Units:  Eng )
INF : 1
[1;32m (Units:  USA )
INF : 2
FIGHTER : 1

[1;31mYakut_SSR (Owner:  Rus )
[1;33m[1;31m (Units:  Rus )
INF : 4
[1;34m[1;95m[1;32m
[1;32mYunnan (Owner:  USA )
[1;33m[1;31m[1;34m[1;95m[1;32m (Units:  USA )
INF : 2

[1;0mSea_4
[1;33m[1;31m (Units:  Rus )
SUB : 1
DESTROYER : 1
[1;34m[1;95m (Units:  Eng )
TRANS_EMPTY : 1
BATTLESHIP : 1
[1;32m
[1;0mSea_5
[1;33m[1;31m[1;34m (Units:  Ger )
TRANS_EMPTY : 1
SUB : 2
DESTROYER : 1
CRUISER : 1
[1;95m[1;32m
[1;0mSea_6
[1;33m[1;31m[1;34m[1;95m (Units:  Eng )
SUB : 2
DESTROYER : 1
[1;32m
[1;0mSea_9
[1;33m[1;31m[1;34m (Units:  Ger )
SUB : 2
[1;95m[1;32m
[1;0mSea_11
[1;33m[1;31m[1;34m[1;95m[1;32m (Units:  USA )
TRANS_EMPTY : 2
DESTROYER : 1

[1;0mSea_15
[1;33m[1;31m[1;34m (Units:  Ger )
SUB : 1
[1;95m[1;32m
[1;0mSea_16
[1;33m[1;31m[1;34m (Units:  Ger )
TRANS_EMPTY : 1
BATTLESHIP : 1
[1;95m[1;32m
[1;0mSea_19
[1;33m[1;31m[1;34m[1;95m[1;32m (Units:  USA )
CRUISER : 1

[1;0mSea_23
[1;33m[1;31m[1;34m[1;95m (Units:  Eng )
TRANS_EMPTY : 1
DESTROYER : 1
CRUISER : 1
[1;32m
[1;0mSea_34
[1;33m[1;31m[1;34m[1;95m (Units:  Eng )
TRANS_EMPTY : 1
DESTROYER : 1
CARRIER : 1
CRUISER : 1
FIGHTER : 1
[1;32m
[1;0mSea_37
[1;33m (Units:  Jap )
CARRIER_2_MOVES : 1
BATTLESHIP_2_MOVES : 1
FIGHTER_UNMOVED : 2
[1;31m[1;34m[1;95m[1;32m
[1;0mSea_39
[1;33m[1;31m[1;34m[1;95m (Units:  Eng )
SUB : 1
[1;32m
[1;0mSea_44
[1;33m (Units:  Jap )
SUB_2_MOVES : 1
[1;31m[1;34m[1;95m[1;32m
[1;0mSea_45
[1;33m[1;31m[1;34m[1;95m (Units:  Eng )
TRANS_EMPTY : 1
CRUISER : 1
[1;32m
[1;0mSea_50
[1;33m (Units:  Jap )
CARRIER_2_MOVES : 1
CRUISER_2_MOVES : 1
FIGHTER_UNMOVED : 1
[1;31m[1;34m[1;95m[1;32m
[1;0mSea_53
[1;33m[1;31m[1;34m[1;95m[1;32m (Units:  USA )
SUB : 1
DESTROYER : 1
CARRIER : 1
FIGHTER : 1

[1;0mSea_56
[1;33m[1;31m[1;34m[1;95m[1;32m (Units:  USA )
TRANS_EMPTY : 1
DESTROYER : 1
BATTLESHIP : 1

[1;0mSea_60
[1;33m (Units:  Jap )
TRANS_EMPTY_UNMOVED : 1
DESTROYER_2_MOVES : 1
BATTLESHIP_2_MOVES : 1
[1;31m[1;34m[1;95m[1;32m
[1;0mSea_61
[1;33m (Units:  Jap )
TRANS_EMPTY_UNMOVED : 1
DESTROYER_2_MOVES : 1
[1;31m[1;34m[1;95m[1;32m
[1;0m

======================================================================
PRO AI SINGLE TURN TEST (TripleA Purchase & Place)
======================================================================
Starting Player: Jap
Starting Money: 30 IPCs
Total units on board: 30
======================================================================
Enemy Attack Options (per-enemy):
Enemy: Rus
Enemy: Eng
  Sea: Sea_37 Fighters: 1 Subs: 1 Destroyers: 1
  Sea: Sea_44 Fighters: 0 Subs: 1 Destroyers: 0
Enemy: USA
  Land: French_Indo_China_Thailand Fighters: 1
  Land: French_Indo_China_Thailand Infantry: 2
  Land: Kiangsu Fighters: 1
  Land: Kiangsu Infantry: 2
  Land: Kwangtung Fighters: 1
  Land: Kwangtung Infantry: 6
  Land: Malaya Fighters: 1
  Land: Manchuria Fighters: 1
  Land: Manchuria Infantry: 2
  Land: Solomon_Islands Fighters: 1
  Land: Wake_Island Fighters: 1
  Sea: Sea_44 Fighters: 2 Subs: 1 Destroyers: 2
  Sea: Sea_50 Fighters: 3 Subs: 1 Destroyers: 1
  Sea: Sea_60 Fighters: 1 Subs: 0 Destroyers: 0
  Sea: Sea_61 Fighters: 1 Subs: 0 Destroyers: 0
Enemy Attack Options (aggregated max):
  Land: French_Indo_China_Thailand Inf: 2 Art: 0 Tank: 0 Ftr: 1 Bmb: 0 Str: 5
  Land: Kiangsu Inf: 2 Art: 0 Tank: 0 Ftr: 1 Bmb: 0 Str: 5
  Land: Kwangtung Inf: 6 Art: 0 Tank: 0 Ftr: 1 Bmb: 0 Str: 9
  Land: Malaya Inf: 0 Art: 0 Tank: 0 Ftr: 1 Bmb: 0 Str: 3
  Land: Manchuria Inf: 2 Art: 0 Tank: 0 Ftr: 1 Bmb: 0 Str: 5
  Land: Solomon_Islands Inf: 0 Art: 0 Tank: 0 Ftr: 1 Bmb: 0 Str: 3
  Land: Wake_Island Inf: 0 Art: 0 Tank: 0 Ftr: 1 Bmb: 0 Str: 3
      [SAFE] Sequential Battle Results: TUV=-11.62, Invaded%=0.0%, Battles=1
      [SAFE] Sequential Battle Results: TUV=-9.08, Invaded%=0.0%, Battles=1
      [SAFE] Sequential Battle Results: TUV=-2.88, Invaded%=0.0%, Battles=1
      [SAFE] Sequential Battle Results: TUV=-11.66, Invaded%=0.0%, Battles=1
      [SAFE] Sequential Battle Results: TUV=-2.90, Invaded%=0.0%, Battles=1
      [SAFE] Sequential Battle Results: TUV=-2.89, Invaded%=0.0%, Battles=1
    Possible My Target Territory: Anhwei_Air
      Battle Results (TUV, Invaded %):  3.9569999999999999 ,  1
      Attack Value:  3.9569999999999999
    Possible My Target Territory: India_Air
      Battle Results (TUV, Invaded %):  -8.824 ,  0
    Possible My Target Territory: Midway_Air
      Battle Results (TUV, Invaded %):  -1.6559999999999999 ,  0
    Possible My Target Territory: Szechwan_Air
      Battle Results (TUV, Invaded %):  8.93 ,  0.31
      Attack Value:  8.93
    Possible My Target Territory: Yakut_SSR_Air
      Battle Results (TUV, Invaded %):  -16.96 ,  0
    Possible My Target Territory: Yunnan_Air
      Battle Results (TUV, Invaded %):  3.9809999999999999 ,  1
      Attack Value:  3.9809999999999999
Trying  Yunnan
Trying  Yunnan
Trying  Anhwei
Trying  Yunnan
Trying  Anhwei
Trying  Szechwan
Simulated battle results:  Battle_Results{avg_TUV_swing = 0, invaded_percent = 0, avg_survivor_def_power = 0}
Trying  Yunnan
Trying  Anhwei
Starting combat round  0  for land  Anhwei
Starting combat round  0  for land  Yunnan

======================================================================
PRO AI TURN COMPLETE
======================================================================
Next Player: USA
Final Money: 34 IPCs
Units Added: -2
Game Score: -0.0
======================================================================

round_num:  3
[1;32m --------------------
Current Player:  USA
Money:  42 [1;0m 

[1;32mAlaska (Owner:  USA )
[1;32m (Units:  USA )
INF_1_MOVES : 1
[1;31m[1;34m[1;95m[1;33m
[1;34mAlgeria (Owner:  Ger )
[1;32m[1;31m[1;34m (Units:  Ger )
INF : 2
TANK : 1
[1;95m[1;33m
[1;95mAnglo_Egyptian_Sudan (Owner:  Eng )
[1;32m[1;31m[1;34m[1;95m (Units:  Eng )
FIGHTER : 1
[1;33m
[1;33mAnhwei (Owner:  Jap )
[1;32m[1;31m[1;34m[1;95m[1;33m (Units:  Jap )
INF : 6

[1;31mArchangel (Owner:  Rus )
[1;32m[1;31m (Units:  Rus )
INF : 2
FIGHTER : 2
[1;34m[1;95m (Units:  Eng )
INF : 1
TANK : 1
[1;33m
[1;34mBaltic_States (Owner:  Ger )
[1;32m[1;31m[1;34m (Units:  Ger )
FIGHTER : 3
[1;95m[1;33m
[1;95mBelgian_Congo (Owner:  Eng )
[1;32m[1;31m[1;34m[1;95m (Units:  Eng )
INF : 1
[1;33m
[1;34mBelorussia (Owner:  Ger )
[1;32m[1;31m[1;34m (Units:  Ger )
FIGHTER : 2
[1;95m[1;33m
[1;33mBorneo (Owner:  Jap )
[1;32m[1;31m[1;34m[1;95m[1;33m (Units:  Jap )
INF : 1

[1;33mCaroline_Islands (Owner:  Jap )
[1;32m[1;31m[1;34m[1;95m[1;33m (Units:  Jap )
INF : 1

[1;34mCaucasus (Owner:  Ger ) builds: 1 factory-prod: 4
[1;32m[1;31m[1;34m (Units:  Ger )
INF : 2
ARTY : 1
TANK : 3
BOMBER : 1
[1;95m[1;33m (Units:  Jap )
FIGHTER : 2

[1;32mCentral_United_States (Owner:  USA )
[1;32m (Units:  USA )
INF_1_MOVES : 1
[1;31m[1;34m[1;95m[1;33m
[1;33mEast_Indies (Owner:  Jap )
[1;32m[1;31m[1;34m[1;95m[1;33m (Units:  Jap )
INF : 2

[1;95mEastern_Australia (Owner:  Eng )
[1;32m[1;31m[1;34m[1;95m (Units:  Eng )
INF : 3
[1;33m
[1;32mEastern_United_States (Owner:  USA ) builds: 12 factory-prod: 12
[1;32m (Units:  USA )
INF_1_MOVES : 2
ARTY_1_MOVES : 1
TANK_2_MOVES : 1
FIGHTER_UNMOVED : 1
BOMBER_UNMOVED : 1
[1;31m[1;34m[1;95m[1;33m
[1;31mEvenki_National_Okrug (Owner:  Rus )
[1;32m[1;31m (Units:  Rus )
INF : 1
[1;34m[1;95m[1;33m
[1;34mFinland (Owner:  Ger )
[1;32m[1;31m[1;34m (Units:  Ger )
INF : 3
TANK : 1
[1;95m[1;33m
[1;33mFrench_Indo_China_Thailand (Owner:  Jap )
[1;32m[1;31m[1;34m[1;95m[1;33m (Units:  Jap )
INF : 3
ARTY : 1
TANK : 1

[1;95mFrench_West_Africa (Owner:  Eng )
[1;32m[1;31m[1;34m[1;95m (Units:  Eng )
TANK : 1
[1;33m
[1;34mGermany (Owner:  Ger ) factory-prod: 10
[1;32m[1;31m[1;34m (Units:  Ger )
INF : 18
ARTY : 1
TANK : 3
[1;95m[1;33m
[1;32mHawaiian_Islands (Owner:  USA )
[1;32m (Units:  USA )
INF_1_MOVES : 1
FIGHTER_UNMOVED : 1
[1;31m[1;34m[1;95m[1;33m
[1;95mIndia (Owner:  Eng ) factory-prod: 3
[1;32m[1;31m[1;34m[1;95m (Units:  Eng )
INF : 4
AAGUN : 1
[1;33m
[1;33mIwo_Jima (Owner:  Jap )
[1;32m[1;31m[1;34m[1;95m[1;33m (Units:  Jap )
INF : 1

[1;33mJapan (Owner:  Jap ) builds: 6 factory-prod: 8
[1;32m[1;31m[1;34m[1;95m[1;33m (Units:  Jap )
INF : 3
ARTY : 1
FIGHTER : 1
BOMBER : 1

[1;34mKarelia_SSR (Owner:  Ger ) factory-prod: 2
[1;32m[1;31m[1;34m (Units:  Ger )
INF : 7
TANK : 2
[1;95m[1;33m
[1;95mLibya (Owner:  Eng )
[1;32m[1;31m[1;34m[1;95m (Units:  Eng )
ARTY : 1
TANK : 1
[1;33m
[1;32mMidway (Owner:  USA )
[1;32m (Units:  USA )
INF_1_MOVES : 1
[1;31m[1;34m[1;95m[1;33m
[1;33mNew_Guinea (Owner:  Jap )
[1;32m[1;31m[1;34m[1;95m[1;33m (Units:  Jap )
INF : 1

[1;95mNew_Zealand (Owner:  Eng )
[1;32m[1;31m[1;34m[1;95m (Units:  Eng )
INF : 1
[1;33m
[1;34mNorthwestern_Europe (Owner:  Ger )
[1;32m[1;31m[1;34m (Units:  Ger )
FIGHTER : 1
[1;95m[1;33m
[1;33mOkinawa (Owner:  Jap )
[1;32m[1;31m[1;34m[1;95m[1;33m (Units:  Jap )
INF : 1

[1;95mPersia (Owner:  Eng )
[1;32m[1;31m[1;34m[1;95m (Units:  Eng )
INF : 4
[1;33m
[1;33mPhilippine_Islands (Owner:  Jap )
[1;32m[1;31m[1;34m[1;95m[1;33m (Units:  Jap )
INF : 1
ARTY : 1

[1;31mRussia (Owner:  Rus ) builds: 7 factory-prod: 8
[1;32m[1;31m (Units:  Rus )
INF : 2
[1;34m[1;95m[1;33m
[1;33mSolomon_Islands (Owner:  Jap )
[1;32m[1;31m[1;34m[1;95m[1;33m (Units:  Jap )
INF : 1

[1;32mSzechwan (Owner:  USA )
[1;32m (Units:  USA )
INF_1_MOVES : 2
FIGHTER_UNMOVED : 1
[1;31m[1;34m[1;95m[1;33m
[1;34mUkraine_SSR (Owner:  Ger )
[1;32m[1;31m[1;34m (Units:  Ger )
INF : 1
TANK : 1
[1;95m[1;33m
[1;95mUnited_Kingdom (Owner:  Eng ) builds: 5 factory-prod: 8
[1;32m[1;31m[1;34m[1;95m (Units:  Eng )
INF : 1
ARTY : 1
FIGHTER : 2
BOMBER : 1
[1;33m
[1;33mWake_Island (Owner:  Jap )
[1;32m[1;31m[1;34m[1;95m[1;33m (Units:  Jap )
INF : 1

[1;31mWest_Russia (Owner:  Rus )
[1;32m[1;31m (Units:  Rus )
INF : 10
ARTY : 3
TANK : 4
[1;34m[1;95m[1;33m
[1;32mWestern_United_States (Owner:  USA ) builds: 10 factory-prod: 10
[1;32m (Units:  USA )
INF_1_MOVES : 2
FIGHTER_UNMOVED : 1
[1;31m[1;34m[1;95m (Units:  Eng )
INF : 1
[1;33m
[1;31mYakut_SSR (Owner:  Rus )
[1;32m[1;31m (Units:  Rus )
INF : 4
[1;34m[1;95m[1;33m
[1;33mYunnan (Owner:  Jap )
[1;32m[1;31m[1;34m[1;95m[1;33m (Units:  Jap )
INF : 1
ARTY : 1

[1;0mSea_4
[1;32m[1;31m (Units:  Rus )
SUB : 1
DESTROYER : 1
[1;34m[1;95m (Units:  Eng )
TRANS_EMPTY : 1
BATTLESHIP : 1
[1;33m
[1;0mSea_5
[1;32m[1;31m[1;34m (Units:  Ger )
TRANS_EMPTY : 1
SUB : 2
DESTROYER : 1
CRUISER : 1
[1;95m[1;33m
[1;0mSea_6
[1;32m[1;31m[1;34m[1;95m (Units:  Eng )
SUB : 2
DESTROYER : 1
[1;33m
[1;0mSea_9
[1;32m[1;31m[1;34m (Units:  Ger )
SUB : 2
[1;95m[1;33m
[1;0mSea_11
[1;32m (Units:  USA )
TRANS_EMPTY_UNMOVED : 2
DESTROYER_2_MOVES : 1
[1;31m[1;34m[1;95m[1;33m
[1;0mSea_15
[1;32m[1;31m[1;34m (Units:  Ger )
SUB : 1
[1;95m[1;33m
[1;0mSea_16
[1;32m[1;31m[1;34m (Units:  Ger )
TRANS_EMPTY : 1
BATTLESHIP : 1
[1;95m[1;33m
[1;0mSea_19
[1;32m (Units:  USA )
CRUISER_2_MOVES : 1
[1;31m[1;34m[1;95m[1;33m
[1;0mSea_23
[1;32m[1;31m[1;34m[1;95m (Units:  Eng )
TRANS_EMPTY : 1
DESTROYER : 1
CRUISER : 1
[1;33m
[1;0mSea_34
[1;32m[1;31m[1;34m[1;95m (Units:  Eng )
TRANS_EMPTY : 1
DESTROYER : 1
CARRIER : 1
CRUISER : 1
FIGHTER : 1
[1;33m
[1;0mSea_36
[1;32m[1;31m[1;34m[1;95m[1;33m (Units:  Jap )
TRANS_EMPTY : 2
DESTROYER : 2
CARRIER : 2
CRUISER : 1
BATTLESHIP : 2
FIGHTER : 3

[1;0mSea_39
[1;32m[1;31m[1;34m[1;95m (Units:  Eng )
SUB : 1
[1;33m
[1;0mSea_44
[1;32m[1;31m[1;34m[1;95m[1;33m (Units:  Jap )
SUB : 1

[1;0mSea_45
[1;32m[1;31m[1;34m[1;95m (Units:  Eng )
TRANS_EMPTY : 1
CRUISER : 1
[1;33m
[1;0mSea_53
[1;32m (Units:  USA )
SUB_2_MOVES : 1
DESTROYER_2_MOVES : 1
CARRIER_2_MOVES : 1
FIGHTER_UNMOVED : 1
[1;31m[1;34m[1;95m[1;33m
[1;0mSea_56
[1;32m (Units:  USA )
TRANS_EMPTY_UNMOVED : 1
DESTROYER_2_MOVES : 1
BATTLESHIP_2_MOVES : 1
[1;31m[1;34m[1;95m[1;33m
[1;0mSea_60
[1;32m[1;31m[1;34m[1;95m[1;33m (Units:  Jap )
DESTROYER : 1
BATTLESHIP : 1

[1;0m

======================================================================
PRO AI SINGLE TURN TEST (TripleA Purchase & Place)
======================================================================
Starting Player: USA
Starting Money: 42 IPCs
Total units on board: 12
======================================================================
Enemy Attack Options (per-enemy):
Enemy: Ger
  Land: Sinkiang Tanks: 3
  Land: Szechwan Bombers: 1
  Land: Szechwan Tanks: 3
  Sea: Sea_11 Fighters: 0 Subs: 2 Destroyers: 0
Enemy: Jap
  Land: Midway Bombers: 1
  Land: Sinkiang Infantry: 6
  Land: Szechwan Fighters: 2
  Land: Szechwan Bombers: 1
  Land: Szechwan Infantry: 7
  Land: Szechwan Artillery: 1
  Sea: Sea_53 Fighters: 0 Subs: 1 Destroyers: 0
  Sea: Sea_56 Fighters: 0 Subs: 1 Destroyers: 0
Enemy Attack Options (aggregated max):
  Land: Midway Inf: 0 Art: 0 Tank: 0 Ftr: 0 Bmb: 1 Str: 4
  Land: Sinkiang Inf: 0 Art: 0 Tank: 3 Ftr: 0 Bmb: 0 Str: 9
  Land: Szechwan Inf: 7 Art: 1 Tank: 0 Ftr: 2 Bmb: 1 Str: 19
      [SAFE] Sequential Battle Results: TUV=-1.57, Invaded%=0.0%, Battles=1
    Possible My Target Territory: Algeria_Air
      Battle Results (TUV, Invaded %):  -9.984 ,  0
    Possible My Target Territory: Anhwei_Air
      Battle Results (TUV, Invaded %):  -11.962 ,  0
    Possible My Target Territory: Caucasus_Air
      Battle Results (TUV, Invaded %):  -4.0839999999999996 ,  0
    Possible My Target Territory: Finland_Air
      Battle Results (TUV, Invaded %):  -9.981 ,  0
    Possible My Target Territory: French_Indo_China_Thailand_Air
      Battle Results (TUV, Invaded %):  -8.521 ,  0
    Possible My Target Territory: Wake_Island_Air
      Battle Results (TUV, Invaded %):  -2.9009999999999998 ,  0
    Possible My Target Territory: Yunnan_Air
      Battle Results (TUV, Invaded %):  2.2949999999999999 ,  0.641
      Attack Value:  2.2949999999999999
Trying  Yunnan

======================================================================
PRO AI TURN COMPLETE
======================================================================
Next Player: Rus
Final Money: 42 IPCs
Units Added: 0
Game Score: 0.0
======================================================================

round_num:  4
[1;31m --------------------
Current Player:  Rus
Money:  27 [1;0m 

[1;34mAlgeria (Owner:  Ger )
[1;31m[1;34m (Units:  Ger )
INF : 2
TANK : 1
[1;95m[1;33m[1;32m
[1;95mAnglo_Egyptian_Sudan (Owner:  Eng )
[1;31m[1;34m[1;95m (Units:  Eng )
FIGHTER : 1
[1;33m[1;32m
[1;33mAnhwei (Owner:  Jap )
[1;31m[1;34m[1;95m[1;33m (Units:  Jap )
INF : 6
[1;32m
[1;31mArchangel (Owner:  Rus )
[1;31m (Units:  Rus )
INF_1_MOVES : 2
FIGHTER_UNMOVED : 2
[1;34m[1;95m (Units:  Eng )
INF : 1
TANK : 1
[1;33m[1;32m
[1;34mBaltic_States (Owner:  Ger )
[1;31m[1;34m (Units:  Ger )
FIGHTER : 3
[1;95m[1;33m[1;32m
[1;95mBelgian_Congo (Owner:  Eng )
[1;31m[1;34m[1;95m (Units:  Eng )
INF : 1
[1;33m[1;32m
[1;34mBelorussia (Owner:  Ger )
[1;31m[1;34m (Units:  Ger )
FIGHTER : 2
[1;95m[1;33m[1;32m
[1;33mBorneo (Owner:  Jap )
[1;31m[1;34m[1;95m[1;33m (Units:  Jap )
INF : 1
[1;32m
[1;33mCaroline_Islands (Owner:  Jap )
[1;31m[1;34m[1;95m[1;33m (Units:  Jap )
INF : 1
[1;32m
[1;34mCaucasus (Owner:  Ger ) builds: 1 factory-prod: 4
[1;31m[1;34m (Units:  Ger )
INF : 2
ARTY : 1
TANK : 3
BOMBER : 1
[1;95m[1;33m (Units:  Jap )
FIGHTER : 2
[1;32m
[1;33mEast_Indies (Owner:  Jap )
[1;31m[1;34m[1;95m[1;33m (Units:  Jap )
INF : 2
[1;32m
[1;95mEastern_Australia (Owner:  Eng )
[1;31m[1;34m[1;95m (Units:  Eng )
INF : 3
[1;33m[1;32m
[1;32mEastern_United_States (Owner:  USA ) builds: 12 factory-prod: 12
[1;31m[1;34m[1;95m[1;33m[1;32m (Units:  USA )
INF : 1
FIGHTER : 1
BOMBER : 1

[1;31mEvenki_National_Okrug (Owner:  Rus )
[1;31m (Units:  Rus )
INF_1_MOVES : 1
[1;34m[1;95m[1;33m[1;32m
[1;34mFinland (Owner:  Ger )
[1;31m[1;34m (Units:  Ger )
INF : 3
TANK : 1
[1;95m[1;33m[1;32m
[1;33mFrench_Indo_China_Thailand (Owner:  Jap )
[1;31m[1;34m[1;95m[1;33m (Units:  Jap )
INF : 3
ARTY : 1
TANK : 1
[1;32m
[1;95mFrench_West_Africa (Owner:  Eng )
[1;31m[1;34m[1;95m (Units:  Eng )
TANK : 1
[1;33m[1;32m (Units:  USA )
INF : 2
ARTY : 1
TANK : 1

[1;34mGermany (Owner:  Ger ) factory-prod: 10
[1;31m[1;34m (Units:  Ger )
INF : 18
ARTY : 1
TANK : 3
[1;95m[1;33m[1;32m
[1;32mHawaiian_Islands (Owner:  USA )
[1;31m[1;34m[1;95m[1;33m[1;32m (Units:  USA )
INF : 1
FIGHTER : 1

[1;95mIndia (Owner:  Eng ) factory-prod: 3
[1;31m[1;34m[1;95m (Units:  Eng )
INF : 4
AAGUN : 1
[1;33m[1;32m
[1;33mIwo_Jima (Owner:  Jap )
[1;31m[1;34m[1;95m[1;33m (Units:  Jap )
INF : 1
[1;32m
[1;33mJapan (Owner:  Jap ) builds: 6 factory-prod: 8
[1;31m[1;34m[1;95m[1;33m (Units:  Jap )
INF : 3
ARTY : 1
FIGHTER : 1
BOMBER : 1
[1;32m
[1;34mKarelia_SSR (Owner:  Ger ) factory-prod: 2
[1;31m[1;34m (Units:  Ger )
INF : 7
TANK : 2
[1;95m[1;33m[1;32m
[1;31mKazakh_SSR (Owner:  Rus )
[1;31m[1;34m[1;95m[1;33m[1;32m (Units:  USA )
INF : 2

[1;95mLibya (Owner:  Eng )
[1;31m[1;34m[1;95m (Units:  Eng )
ARTY : 1
TANK : 1
[1;33m[1;32m
[1;32mMidway (Owner:  USA )
[1;31m[1;34m[1;95m[1;33m[1;32m (Units:  USA )
INF : 1

[1;33mNew_Guinea (Owner:  Jap )
[1;31m[1;34m[1;95m[1;33m (Units:  Jap )
INF : 1
[1;32m
[1;95mNew_Zealand (Owner:  Eng )
[1;31m[1;34m[1;95m (Units:  Eng )
INF : 1
[1;33m[1;32m
[1;34mNorthwestern_Europe (Owner:  Ger )
[1;31m[1;34m (Units:  Ger )
FIGHTER : 1
[1;95m[1;33m[1;32m
[1;33mOkinawa (Owner:  Jap )
[1;31m[1;34m[1;95m[1;33m (Units:  Jap )
INF : 1
[1;32m
[1;95mPersia (Owner:  Eng )
[1;31m[1;34m[1;95m (Units:  Eng )
INF : 4
[1;33m[1;32m
[1;33mPhilippine_Islands (Owner:  Jap )
[1;31m[1;34m[1;95m[1;33m (Units:  Jap )
INF : 1
ARTY : 1
[1;32m
[1;31mRussia (Owner:  Rus ) builds: 8 factory-prod: 8
[1;31m (Units:  Rus )
INF_1_MOVES : 2
[1;34m[1;95m[1;33m[1;32m
[1;33mSolomon_Islands (Owner:  Jap )
[1;31m[1;34m[1;95m[1;33m (Units:  Jap )
INF : 1
[1;32m
[1;32mSzechwan (Owner:  USA )
[1;31m[1;34m[1;95m[1;33m[1;32m (Units:  USA )
FIGHTER : 1

[1;34mUkraine_SSR (Owner:  Ger )
[1;31m[1;34m (Units:  Ger )
INF : 1
TANK : 1
[1;95m[1;33m[1;32m
[1;95mUnited_Kingdom (Owner:  Eng ) builds: 5 factory-prod: 8
[1;31m[1;34m[1;95m (Units:  Eng )
INF : 1
ARTY : 1
FIGHTER : 2
BOMBER : 1
[1;33m[1;32m
[1;33mWake_Island (Owner:  Jap )
[1;31m[1;34m[1;95m[1;33m (Units:  Jap )
INF : 1
[1;32m
[1;31mWest_Russia (Owner:  Rus )
[1;31m (Units:  Rus )
INF_1_MOVES : 10
ARTY_1_MOVES : 3
TANK_2_MOVES : 4
[1;34m[1;95m[1;33m[1;32m
[1;95mWestern_Canada (Owner:  Eng )
[1;31m[1;34m[1;95m[1;33m[1;32m (Units:  USA )
INF : 1

[1;32mWestern_United_States (Owner:  USA ) builds: 8 factory-prod: 10
[1;31m[1;34m[1;95m (Units:  Eng )
INF : 1
[1;33m[1;32m (Units:  USA )
INF : 2
FIGHTER : 1

[1;31mYakut_SSR (Owner:  Rus )
[1;31m (Units:  Rus )
INF_1_MOVES : 4
[1;34m[1;95m[1;33m[1;32m
[1;33mYunnan (Owner:  Jap )
[1;31m[1;34m[1;95m[1;33m (Units:  Jap )
INF : 1
ARTY : 1
[1;32m
[1;0mSea_4
[1;31m (Units:  Rus )
SUB_2_MOVES : 1
DESTROYER_2_MOVES : 1
[1;34m[1;95m (Units:  Eng )
TRANS_EMPTY : 1
BATTLESHIP : 1
[1;33m[1;32m
[1;0mSea_5
[1;31m[1;34m (Units:  Ger )
TRANS_EMPTY : 1
SUB : 2
DESTROYER : 1
CRUISER : 1
[1;95m[1;33m[1;32m
[1;0mSea_6
[1;31m[1;34m[1;95m (Units:  Eng )
SUB : 2
DESTROYER : 1
[1;33m[1;32m
[1;0mSea_9
[1;31m[1;34m (Units:  Ger )
SUB : 2
[1;95m[1;33m[1;32m
[1;0mSea_15
[1;31m[1;34m (Units:  Ger )
SUB : 1
[1;95m[1;33m[1;32m
[1;0mSea_16
[1;31m[1;34m (Units:  Ger )
TRANS_EMPTY : 1
BATTLESHIP : 1
[1;95m[1;33m[1;32m
[1;0mSea_23
[1;31m[1;34m[1;95m (Units:  Eng )
TRANS_EMPTY : 1
DESTROYER : 1
CRUISER : 1
[1;33m[1;32m (Units:  USA )
TRANS_EMPTY : 2
DESTROYER : 1

[1;0mSea_34
[1;31m[1;34m[1;95m (Units:  Eng )
TRANS_EMPTY : 1
DESTROYER : 1
CARRIER : 1
CRUISER : 1
FIGHTER : 1
[1;33m[1;32m
[1;0mSea_36
[1;31m[1;34m[1;95m[1;33m (Units:  Jap )
TRANS_EMPTY : 2
DESTROYER : 2
CARRIER : 2
CRUISER : 1
BATTLESHIP : 2
FIGHTER : 3
[1;32m
[1;0mSea_39
[1;31m[1;34m[1;95m (Units:  Eng )
SUB : 1
[1;33m[1;32m
[1;0mSea_44
[1;31m[1;34m[1;95m[1;33m (Units:  Jap )
SUB : 1
[1;32m
[1;0mSea_45
[1;31m[1;34m[1;95m (Units:  Eng )
TRANS_EMPTY : 1
CRUISER : 1
[1;33m[1;32m
[1;0mSea_53
[1;31m[1;34m[1;95m[1;33m[1;32m (Units:  USA )
SUB : 1

[1;0mSea_56
[1;31m[1;34m[1;95m[1;33m[1;32m (Units:  USA )
TRANS_EMPTY : 1
DESTROYER : 2
CARRIER : 1
CRUISER : 1
BATTLESHIP : 3
FIGHTER : 1

[1;0mSea_60
[1;31m[1;34m[1;95m[1;33m (Units:  Jap )
DESTROYER : 1
BATTLESHIP : 1
[1;32m
[1;0m

======================================================================
PRO AI SINGLE TURN TEST (TripleA Purchase & Place)
======================================================================
Starting Player: Rus
Starting Money: 27 IPCs
Total units on board: 26
======================================================================
Enemy Attack Options (per-enemy):
Enemy: Ger
  Land: Archangel Fighters: 6
  Land: Archangel Bombers: 1
  Land: Archangel Infantry: 7
  Land: Archangel Tanks: 2
  Land: Evenki_National_Okrug Bombers: 1
  Land: Kazakh_SSR Fighters: 2
  Land: Kazakh_SSR Bombers: 1
  Land: Kazakh_SSR Infantry: 2
  Land: Kazakh_SSR Artillery: 1
  Land: Kazakh_SSR Tanks: 3
  Land: Russia Fighters: 2
  Land: Russia Bombers: 1
  Land: Russia Infantry: 2
  Land: Russia Artillery: 1
  Land: Russia Tanks: 3
  Land: West_Russia Fighters: 5
  Land: West_Russia Bombers: 1
  Land: West_Russia Infantry: 10
  Land: West_Russia Artillery: 1
  Land: West_Russia Tanks: 6
  Land: Yakut_SSR Bombers: 1
  Sea: Sea_4 Fighters: 6 Subs: 0 Destroyers: 0
Enemy: Jap
  Land: Archangel Fighters: 2
  Land: Kazakh_SSR Fighters: 2
  Land: Russia Fighters: 2
  Land: West_Russia Fighters: 2
  Land: Yakut_SSR Bombers: 1
Enemy Attack Options (aggregated max):
  Land: Archangel Inf: 7 Art: 0 Tank: 2 Ftr: 6 Bmb: 1 Str: 35
  Land: Evenki_National_Okrug Inf: 0 Art: 0 Tank: 0 Ftr: 0 Bmb: 1 Str: 4
  Land: Kazakh_SSR Inf: 2 Art: 1 Tank: 3 Ftr: 2 Bmb: 1 Str: 23
  Land: Russia Inf: 2 Art: 1 Tank: 3 Ftr: 2 Bmb: 1 Str: 23
  Land: West_Russia Inf: 10 Art: 1 Tank: 6 Ftr: 5 Bmb: 1 Str: 49
  Land: Yakut_SSR Inf: 0 Art: 0 Tank: 0 Ftr: 0 Bmb: 1 Str: 4
      [SAFE] Sequential Battle Results: TUV=-1.60, Invaded%=0.0%, Battles=1
      [SAFE] Sequential Battle Results: TUV=-19.97, Invaded%=0.0%, Battles=2
    Possible My Target Territory: Baltic_States_Air
      Battle Results (TUV, Invaded %):  -10 ,  0
    Possible My Target Territory: Belorussia_Air
      Battle Results (TUV, Invaded %):  16.007 ,  1
      Attack Value:  16.007
    Possible My Target Territory: Caucasus_Air
      Battle Results (TUV, Invaded %):  43.268999999999998 ,  1
      Attack Value:  225.80700000000002
    Possible My Target Territory: Finland_Air
      Battle Results (TUV, Invaded %):  -16.175 ,  0
    Possible My Target Territory: Karelia_SSR_Air
      Battle Results (TUV, Invaded %):  19.521 ,  1
      Attack Value:  35.521
    Possible My Target Territory: Ukraine_SSR_Air
      Battle Results (TUV, Invaded %):  6.4379999999999997 ,  1
      Attack Value:  6.4379999999999997
Trying  Caucasus
Trying  Caucasus
Trying  Karelia_SSR
Simulated battle results:  Battle_Results{avg_TUV_swing = -14.3879999999999999, invaded_percent = 0, avg_survivor_def_power = 0}
Trying  Caucasus
Trying  Ukraine_SSR
Trying  Caucasus
Trying  Ukraine_SSR
Trying  Belorussia
Simulated battle results:  Battle_Results{avg_TUV_swing = 0, invaded_percent = 0, avg_survivor_def_power = 0}
Trying  Caucasus
Trying  Ukraine_SSR
Starting combat round  0  for land  Caucasus
Starting combat round  1  for land  Caucasus

======================================================================
PRO AI TURN COMPLETE
======================================================================
Next Player: Ger
Final Money: 24 IPCs
Units Added: 2
Game Score: -0.1
======================================================================

round_num:  5
[1;34m --------------------
Current Player:  Ger
Money:  45 [1;0m 

[1;34mAlgeria (Owner:  Ger )
[1;34m (Units:  Ger )
INF_1_MOVES : 2
TANK_2_MOVES : 1
[1;31m[1;95m[1;33m[1;32m
[1;95mAnglo_Egyptian_Sudan (Owner:  Eng )
[1;34m[1;31m[1;95m (Units:  Eng )
FIGHTER : 1
[1;33m[1;32m
[1;33mAnhwei (Owner:  Jap )
[1;34m[1;31m[1;95m[1;33m (Units:  Jap )
INF : 6
[1;32m
[1;31mArchangel (Owner:  Rus )
[1;34m[1;31m (Units:  Rus )
INF : 1
FIGHTER : 2
[1;95m (Units:  Eng )
INF : 1
TANK : 1
[1;33m[1;32m
[1;34mBaltic_States (Owner:  Ger )
[1;34m (Units:  Ger )
FIGHTER_UNMOVED : 3
[1;31m[1;95m[1;33m[1;32m
[1;95mBelgian_Congo (Owner:  Eng )
[1;34m[1;31m[1;95m (Units:  Eng )
INF : 1
[1;33m[1;32m
[1;34mBelorussia (Owner:  Ger )
[1;34m (Units:  Ger )
FIGHTER_UNMOVED : 2
[1;31m[1;95m[1;33m[1;32m
[1;33mBorneo (Owner:  Jap )
[1;34m[1;31m[1;95m[1;33m (Units:  Jap )
INF : 1
[1;32m
[1;33mCaroline_Islands (Owner:  Jap )
[1;34m[1;31m[1;95m[1;33m (Units:  Jap )
INF : 1
[1;32m
[1;31mCaucasus (Owner:  Rus ) builds: 1 factory-prod: 4
[1;34m[1;31m (Units:  Rus )
INF : 6
ARTY : 3
TANK : 4
[1;95m[1;33m[1;32m
[1;33mEast_Indies (Owner:  Jap )
[1;34m[1;31m[1;95m[1;33m (Units:  Jap )
INF : 2
[1;32m
[1;95mEastern_Australia (Owner:  Eng )
[1;34m[1;31m[1;95m (Units:  Eng )
INF : 3
[1;33m[1;32m
[1;32mEastern_United_States (Owner:  USA ) builds: 12 factory-prod: 12
[1;34m[1;31m[1;95m[1;33m[1;32m (Units:  USA )
INF : 1
FIGHTER : 1
BOMBER : 1

[1;31mEvenki_National_Okrug (Owner:  Rus )
[1;34m[1;31m (Units:  Rus )
INF : 3
[1;95m[1;33m[1;32m
[1;34mFinland (Owner:  Ger )
[1;34m (Units:  Ger )
INF_1_MOVES : 3
TANK_2_MOVES : 1
[1;31m[1;95m[1;33m[1;32m
[1;33mFrench_Indo_China_Thailand (Owner:  Jap )
[1;34m[1;31m[1;95m[1;33m (Units:  Jap )
INF : 3
ARTY : 1
TANK : 1
[1;32m
[1;95mFrench_West_Africa (Owner:  Eng )
[1;34m[1;31m[1;95m (Units:  Eng )
TANK : 1
[1;33m[1;32m (Units:  USA )
INF : 2
ARTY : 1
TANK : 1

[1;34mGermany (Owner:  Ger ) builds: 10 factory-prod: 10
[1;34m (Units:  Ger )
INF_1_MOVES : 18
ARTY_1_MOVES : 1
TANK_2_MOVES : 3
[1;31m[1;95m[1;33m[1;32m
[1;32mHawaiian_Islands (Owner:  USA )
[1;34m[1;31m[1;95m[1;33m[1;32m (Units:  USA )
INF : 1
FIGHTER : 1

[1;95mIndia (Owner:  Eng ) factory-prod: 3
[1;34m[1;31m[1;95m (Units:  Eng )
INF : 4
AAGUN : 1
[1;33m[1;32m
[1;33mIwo_Jima (Owner:  Jap )
[1;34m[1;31m[1;95m[1;33m (Units:  Jap )
INF : 1
[1;32m
[1;33mJapan (Owner:  Jap ) builds: 6 factory-prod: 8
[1;34m[1;31m[1;95m[1;33m (Units:  Jap )
INF : 3
ARTY : 1
FIGHTER : 1
BOMBER : 1
[1;32m
[1;34mKarelia_SSR (Owner:  Ger ) builds: 2 factory-prod: 2
[1;34m (Units:  Ger )
INF_1_MOVES : 7
TANK_2_MOVES : 2
[1;31m[1;95m[1;33m[1;32m
[1;31mKazakh_SSR (Owner:  Rus )
[1;34m[1;31m[1;95m[1;33m[1;32m (Units:  USA )
INF : 2

[1;95mLibya (Owner:  Eng )
[1;34m[1;31m[1;95m (Units:  Eng )
ARTY : 1
TANK : 1
[1;33m[1;32m
[1;32mMidway (Owner:  USA )
[1;34m[1;31m[1;95m[1;33m[1;32m (Units:  USA )
INF : 1

[1;33mNew_Guinea (Owner:  Jap )
[1;34m[1;31m[1;95m[1;33m (Units:  Jap )
INF : 1
[1;32m
[1;95mNew_Zealand (Owner:  Eng )
[1;34m[1;31m[1;95m (Units:  Eng )
INF : 1
[1;33m[1;32m
[1;34mNorthwestern_Europe (Owner:  Ger )
[1;34m (Units:  Ger )
FIGHTER_UNMOVED : 1
[1;31m[1;95m[1;33m[1;32m
[1;33mOkinawa (Owner:  Jap )
[1;34m[1;31m[1;95m[1;33m (Units:  Jap )
INF : 1
[1;32m
[1;95mPersia (Owner:  Eng )
[1;34m[1;31m[1;95m (Units:  Eng )
INF : 4
[1;33m[1;32m
[1;33mPhilippine_Islands (Owner:  Jap )
[1;34m[1;31m[1;95m[1;33m (Units:  Jap )
INF : 1
ARTY : 1
[1;32m
[1;31mRussia (Owner:  Rus ) factory-prod: 8
[1;34m[1;31m (Units:  Rus )
INF : 7
ARTY : 3
[1;95m[1;33m[1;32m
[1;33mSolomon_Islands (Owner:  Jap )
[1;34m[1;31m[1;95m[1;33m (Units:  Jap )
INF : 1
[1;32m
[1;32mSzechwan (Owner:  USA )
[1;34m[1;31m[1;95m[1;33m[1;32m (Units:  USA )
FIGHTER : 1

[1;34mUkraine_SSR (Owner:  Ger )
[1;34m (Units:  Ger )
INF_1_MOVES : 1
TANK_2_MOVES : 1
[1;31m[1;95m[1;33m[1;32m
[1;95mUnited_Kingdom (Owner:  Eng ) builds: 5 factory-prod: 8
[1;34m[1;31m[1;95m (Units:  Eng )
INF : 1
ARTY : 1
FIGHTER : 2
BOMBER : 1
[1;33m[1;32m
[1;33mWake_Island (Owner:  Jap )
[1;34m[1;31m[1;95m[1;33m (Units:  Jap )
INF : 1
[1;32m
[1;95mWestern_Canada (Owner:  Eng )
[1;34m[1;31m[1;95m[1;33m[1;32m (Units:  USA )
INF : 1

[1;32mWestern_United_States (Owner:  USA ) builds: 8 factory-prod: 10
[1;34m[1;31m[1;95m (Units:  Eng )
INF : 1
[1;33m[1;32m (Units:  USA )
INF : 2
FIGHTER : 1

[1;31mYakut_SSR (Owner:  Rus )
[1;34m[1;31m (Units:  Rus )
INF : 1
[1;95m[1;33m[1;32m
[1;33mYunnan (Owner:  Jap )
[1;34m[1;31m[1;95m[1;33m (Units:  Jap )
INF : 1
ARTY : 1
[1;32m
[1;0mSea_4
[1;34m[1;31m (Units:  Rus )
SUB : 1
DESTROYER : 1
[1;95m (Units:  Eng )
TRANS_EMPTY : 1
BATTLESHIP : 1
[1;33m[1;32m
[1;0mSea_5
[1;34m (Units:  Ger )
TRANS_EMPTY_UNMOVED : 1
SUB_2_MOVES : 2
DESTROYER_2_MOVES : 1
CRUISER_2_MOVES : 1
[1;31m[1;95m[1;33m[1;32m
[1;0mSea_6
[1;34m[1;31m[1;95m (Units:  Eng )
SUB : 2
DESTROYER : 1
[1;33m[1;32m
[1;0mSea_9
[1;34m (Units:  Ger )
SUB_2_MOVES : 2
[1;31m[1;95m[1;33m[1;32m
[1;0mSea_15
[1;34m (Units:  Ger )
SUB_2_MOVES : 1
[1;31m[1;95m[1;33m[1;32m
[1;0mSea_16
[1;34m (Units:  Ger )
TRANS_EMPTY_UNMOVED : 1
BATTLESHIP_2_MOVES : 1
[1;31m[1;95m[1;33m[1;32m
[1;0mSea_23
[1;34m[1;31m[1;95m (Units:  Eng )
TRANS_EMPTY : 1
DESTROYER : 1
CRUISER : 1
[1;33m[1;32m (Units:  USA )
TRANS_EMPTY : 2
DESTROYER : 1

[1;0mSea_34
[1;34m[1;31m[1;95m (Units:  Eng )
TRANS_EMPTY : 1
DESTROYER : 1
CARRIER : 1
CRUISER : 1
FIGHTER : 1
[1;33m[1;32m
[1;0mSea_36
[1;34m[1;31m[1;95m[1;33m (Units:  Jap )
TRANS_EMPTY : 2
DESTROYER : 2
CARRIER : 2
CRUISER : 1
BATTLESHIP : 2
FIGHTER : 3
[1;32m
[1;0mSea_39
[1;34m[1;31m[1;95m (Units:  Eng )
SUB : 1
[1;33m[1;32m
[1;0mSea_44
[1;34m[1;31m[1;95m[1;33m (Units:  Jap )
SUB : 1
[1;32m
[1;0mSea_45
[1;34m[1;31m[1;95m (Units:  Eng )
TRANS_EMPTY : 1
CRUISER : 1
[1;33m[1;32m
[1;0mSea_53
[1;34m[1;31m[1;95m[1;33m[1;32m (Units:  USA )
SUB : 1

[1;0mSea_56
[1;34m[1;31m[1;95m[1;33m[1;32m (Units:  USA )
TRANS_EMPTY : 1
DESTROYER : 2
CARRIER : 1
CRUISER : 1
BATTLESHIP : 3
FIGHTER : 1

[1;0mSea_60
[1;34m[1;31m[1;95m[1;33m (Units:  Jap )
DESTROYER : 1
BATTLESHIP : 1
[1;32m
[1;0m

======================================================================
PRO AI SINGLE TURN TEST (TripleA Purchase & Place)
======================================================================
Starting Player: Ger
Starting Money: 45 IPCs
Total units on board: 40
======================================================================
Enemy Attack Options (per-enemy):
Enemy: Rus
  Land: Baltic_States Fighters: 2
  Land: Belorussia Fighters: 2
  Land: Belorussia Tanks: 4
  Land: Finland Fighters: 2
  Land: Karelia_SSR Fighters: 2
  Land: Karelia_SSR Infantry: 1
  Land: Karelia_SSR Tanks: 4
  Land: Ukraine_SSR Fighters: 2
  Land: Ukraine_SSR Infantry: 6
  Land: Ukraine_SSR Artillery: 3
  Land: Ukraine_SSR Tanks: 4
  Sea: Sea_5 Fighters: 2 Subs: 0 Destroyers: 0
  Sea: Sea_16 Fighters: 2 Subs: 0 Destroyers: 0
Enemy: Eng
  Land: Algeria Fighters: 1
  Land: Algeria Bombers: 1
  Land: Algeria Artillery: 1
  Land: Algeria Tanks: 1
  Land: Baltic_States Fighters: 2
  Land: Baltic_States Bombers: 1
  Land: Belorussia Bombers: 1
  Land: Belorussia Tanks: 1
  Land: Finland Bombers: 1
  Land: Germany Bombers: 1
  Land: Italy Bombers: 1
  Land: Karelia_SSR Bombers: 1
  Land: Karelia_SSR Infantry: 1
  Land: Karelia_SSR Tanks: 1
  Land: Northwestern_Europe Fighters: 2
  Land: Northwestern_Europe Bombers: 1
  Land: Ukraine_SSR Bombers: 1
  Land: Ukraine_SSR Tanks: 1
  Sea: Sea_4 Fighters: 0 Subs: 2 Destroyers: 1
  Sea: Sea_5 Fighters: 2 Subs: 2 Destroyers: 1
  Sea: Sea_9 Fighters: 0 Subs: 2 Destroyers: 2
  Sea: Sea_15 Fighters: 3 Subs: 0 Destroyers: 1
Enemy: USA
  Land: Algeria Bombers: 1
  Land: Finland Bombers: 1
  Land: Ukraine_SSR Fighters: 1
  Sea: Sea_9 Fighters: 0 Subs: 0 Destroyers: 1
Enemy Attack Options (aggregated max):
  Land: Algeria Inf: 0 Art: 1 Tank: 1 Ftr: 1 Bmb: 1 Str: 12
  Land: Baltic_States Inf: 0 Art: 0 Tank: 0 Ftr: 2 Bmb: 1 Str: 10
  Land: Belorussia Inf: 0 Art: 0 Tank: 4 Ftr: 2 Bmb: 0 Str: 18
  Land: Finland Inf: 0 Art: 0 Tank: 0 Ftr: 2 Bmb: 0 Str: 6
  Land: Germany Inf: 0 Art: 0 Tank: 0 Ftr: 0 Bmb: 1 Str: 4
  Land: Italy Inf: 0 Art: 0 Tank: 0 Ftr: 0 Bmb: 1 Str: 4
  Land: Karelia_SSR Inf: 1 Art: 0 Tank: 4 Ftr: 2 Bmb: 0 Str: 19
  Land: Northwestern_Europe Inf: 0 Art: 0 Tank: 0 Ftr: 2 Bmb: 1 Str: 10
  Land: Ukraine_SSR Inf: 6 Art: 3 Tank: 4 Ftr: 2 Bmb: 0 Str: 30
      [SAFE] Sequential Battle Results: TUV=-16.28, Invaded%=0.0%, Battles=2
      [SAFE] Sequential Battle Results: TUV=-36.12, Invaded%=0.0%, Battles=3
      [SAFE] Sequential Battle Results: TUV=-10.00, Invaded%=0.0%, Battles=1
      [SAFE] Sequential Battle Results: TUV=0.00, Invaded%=0.0%, Battles=1
      [SAFE] Sequential Battle Results: TUV=-46.19, Invaded%=0.0%, Battles=2
      [SAFE] Sequential Battle Results: TUV=3.18, Invaded%=0.0%, Battles=1
    Possible My Target Territory: Archangel_Air
      Battle Results (TUV, Invaded %):  24.5 ,  1
      Attack Value:  24.5
    Possible My Target Territory: Caucasus_Air
      Battle Results (TUV, Invaded %):  -51.484 ,  0
    Possible My Target Territory: Libya_Air
      Battle Results (TUV, Invaded %):  4.6859999999999999 ,  0.893
      Attack Value:  4.6859999999999999
    Possible My Target Territory: Russia_Air
      Battle Results (TUV, Invaded %):  -34.234 ,  0
    Possible My Target Territory: United_Kingdom_Air
      Battle Results (TUV, Invaded %):  -3.988 ,  0
Trying  Libya
Trying  Libya
Trying  Archangel
Starting combat round  0  for land  Archangel
Starting combat round  1  for land  Archangel
Starting combat round  0  for land  Libya
Starting combat round  1  for land  Libya
Starting combat round  0  for land  Archangel

======================================================================
PRO AI TURN COMPLETE
======================================================================
Next Player: Eng
Final Money: 43 IPCs
Units Added: 4
Game Score: 0.0
======================================================================

round_num:  6
[1;95m --------------------
Current Player:  Eng
Money:  32 [1;0m 

[1;95mAnglo_Egyptian_Sudan (Owner:  Eng )
[1;95m (Units:  Eng )
FIGHTER_UNMOVED : 1
[1;31m[1;34m[1;33m[1;32m
[1;33mAnhwei (Owner:  Jap )
[1;95m[1;31m[1;34m[1;33m (Units:  Jap )
INF : 6
[1;32m
[1;34mBaltic_States (Owner:  Ger )
[1;95m[1;31m[1;34m (Units:  Ger )
INF : 7
FIGHTER : 4
[1;33m[1;32m
[1;95mBelgian_Congo (Owner:  Eng )
[1;95m (Units:  Eng )
INF_1_MOVES : 1
[1;31m[1;34m[1;33m[1;32m
[1;33mBorneo (Owner:  Jap )
[1;95m[1;31m[1;34m[1;33m (Units:  Jap )
INF : 1
[1;32m
[1;34mBulgaria_Romania (Owner:  Ger )
[1;95m[1;31m[1;34m (Units:  Ger )
INF : 1
TANK : 1
[1;33m[1;32m
[1;33mCaroline_Islands (Owner:  Jap )
[1;95m[1;31m[1;34m[1;33m (Units:  Jap )
INF : 1
[1;32m
[1;31mCaucasus (Owner:  Rus ) builds: 1 factory-prod: 4
[1;95m[1;31m (Units:  Rus )
INF : 6
ARTY : 3
TANK : 4
[1;34m[1;33m[1;32m
[1;33mEast_Indies (Owner:  Jap )
[1;95m[1;31m[1;34m[1;33m (Units:  Jap )
INF : 2
[1;32m
[1;95mEastern_Australia (Owner:  Eng )
[1;95m (Units:  Eng )
INF_1_MOVES : 3
[1;31m[1;34m[1;33m[1;32m
[1;32mEastern_United_States (Owner:  USA ) builds: 12 factory-prod: 12
[1;95m[1;31m[1;34m[1;33m[1;32m (Units:  USA )
INF : 1
FIGHTER : 1
BOMBER : 1

[1;31mEvenki_National_Okrug (Owner:  Rus )
[1;95m[1;31m (Units:  Rus )
INF : 3
[1;34m[1;33m[1;32m
[1;33mFrench_Indo_China_Thailand (Owner:  Jap )
[1;95m[1;31m[1;34m[1;33m (Units:  Jap )
INF : 3
ARTY : 1
TANK : 1
[1;32m
[1;95mFrench_West_Africa (Owner:  Eng )
[1;95m (Units:  Eng )
TANK_2_MOVES : 1
[1;31m[1;34m[1;33m[1;32m (Units:  USA )
INF : 2
ARTY : 1
TANK : 1

[1;34mGermany (Owner:  Ger ) factory-prod: 10
[1;95m[1;31m[1;34m (Units:  Ger )
INF : 27
ARTY : 1
TANK : 2
[1;33m[1;32m
[1;32mHawaiian_Islands (Owner:  USA )
[1;95m[1;31m[1;34m[1;33m[1;32m (Units:  USA )
INF : 1
FIGHTER : 1

[1;95mIndia (Owner:  Eng ) builds: 3 factory-prod: 3
[1;95m (Units:  Eng )
INF_1_MOVES : 4
AAGUN_1_MOVES : 1
[1;31m[1;34m[1;33m[1;32m
[1;33mIwo_Jima (Owner:  Jap )
[1;95m[1;31m[1;34m[1;33m (Units:  Jap )
INF : 1
[1;32m
[1;33mJapan (Owner:  Jap ) builds: 6 factory-prod: 8
[1;95m[1;31m[1;34m[1;33m (Units:  Jap )
INF : 3
ARTY : 1
FIGHTER : 1
BOMBER : 1
[1;32m
[1;34mKarelia_SSR (Owner:  Ger ) builds: 1 factory-prod: 2
[1;95m[1;31m[1;34m (Units:  Ger )
INF : 3
TANK : 1
[1;33m[1;32m
[1;31mKazakh_SSR (Owner:  Rus )
[1;95m[1;31m[1;34m[1;33m[1;32m (Units:  USA )
INF : 2

[1;34mLibya (Owner:  Ger )
[1;95m[1;31m[1;34m (Units:  Ger )
TANK : 1
[1;33m[1;32m
[1;32mMidway (Owner:  USA )
[1;95m[1;31m[1;34m[1;33m[1;32m (Units:  USA )
INF : 1

[1;33mNew_Guinea (Owner:  Jap )
[1;95m[1;31m[1;34m[1;33m (Units:  Jap )
INF : 1
[1;32m
[1;95mNew_Zealand (Owner:  Eng )
[1;95m (Units:  Eng )
INF_1_MOVES : 1
[1;31m[1;34m[1;33m[1;32m
[1;34mNorthwestern_Europe (Owner:  Ger )
[1;95m[1;31m[1;34m (Units:  Ger )
FIGHTER : 1
[1;33m[1;32m
[1;33mOkinawa (Owner:  Jap )
[1;95m[1;31m[1;34m[1;33m (Units:  Jap )
INF : 1
[1;32m
[1;95mPersia (Owner:  Eng )
[1;95m (Units:  Eng )
INF_1_MOVES : 4
[1;31m[1;34m[1;33m[1;32m
[1;33mPhilippine_Islands (Owner:  Jap )
[1;95m[1;31m[1;34m[1;33m (Units:  Jap )
INF : 1
ARTY : 1
[1;32m
[1;31mRussia (Owner:  Rus ) factory-prod: 8
[1;95m[1;31m (Units:  Rus )
INF : 7
ARTY : 3
[1;34m[1;33m[1;32m
[1;33mSolomon_Islands (Owner:  Jap )
[1;95m[1;31m[1;34m[1;33m (Units:  Jap )
INF : 1
[1;32m
[1;32mSzechwan (Owner:  USA )
[1;95m[1;31m[1;34m[1;33m[1;32m (Units:  USA )
FIGHTER : 1

[1;95mUnited_Kingdom (Owner:  Eng ) builds: 8 factory-prod: 8
[1;95m (Units:  Eng )
INF_1_MOVES : 1
ARTY_1_MOVES : 1
FIGHTER_UNMOVED : 2
BOMBER_UNMOVED : 1
[1;31m[1;34m[1;33m[1;32m
[1;33mWake_Island (Owner:  Jap )
[1;95m[1;31m[1;34m[1;33m (Units:  Jap )
INF : 1
[1;32m
[1;95mWestern_Canada (Owner:  Eng )
[1;95m[1;31m[1;34m[1;33m[1;32m (Units:  USA )
INF : 1

[1;32mWestern_United_States (Owner:  USA ) builds: 8 factory-prod: 10
[1;95m (Units:  Eng )
INF_1_MOVES : 1
[1;31m[1;34m[1;33m[1;32m (Units:  USA )
INF : 2
FIGHTER : 1

[1;31mYakut_SSR (Owner:  Rus )
[1;95m[1;31m (Units:  Rus )
INF : 1
[1;34m[1;33m[1;32m
[1;33mYunnan (Owner:  Jap )
[1;95m[1;31m[1;34m[1;33m (Units:  Jap )
INF : 1
ARTY : 1
[1;32m
[1;0mSea_4
[1;95m (Units:  Eng )
TRANS_EMPTY_UNMOVED : 1
BATTLESHIP_2_MOVES : 1
[1;31m (Units:  Rus )
SUB : 1
DESTROYER : 1
[1;34m (Units:  Ger )
DESTROYER : 1
[1;33m[1;32m
[1;0mSea_5
[1;95m[1;31m[1;34m (Units:  Ger )
TRANS_EMPTY : 1
SUB : 2
DESTROYER : 2
CRUISER : 1
[1;33m[1;32m
[1;0mSea_6
[1;95m (Units:  Eng )
SUB_2_MOVES : 2
DESTROYER_2_MOVES : 1
[1;31m[1;34m[1;33m[1;32m
[1;0mSea_9
[1;95m[1;31m[1;34m (Units:  Ger )
SUB : 2
[1;33m[1;32m
[1;0mSea_15
[1;95m[1;31m[1;34m (Units:  Ger )
TRANS_EMPTY : 1
SUB : 1
BATTLESHIP : 1
[1;33m[1;32m
[1;0mSea_23
[1;95m (Units:  Eng )
TRANS_EMPTY_UNMOVED : 1
DESTROYER_2_MOVES : 1
CRUISER_2_MOVES : 1
[1;31m[1;34m[1;33m[1;32m (Units:  USA )
TRANS_EMPTY : 2
DESTROYER : 1

[1;0mSea_34
[1;95m (Units:  Eng )
TRANS_EMPTY_UNMOVED : 1
DESTROYER_2_MOVES : 1
CARRIER_2_MOVES : 1
CRUISER_2_MOVES : 1
FIGHTER_UNMOVED : 1
[1;31m[1;34m[1;33m[1;32m
[1;0mSea_36
[1;95m[1;31m[1;34m[1;33m (Units:  Jap )
TRANS_EMPTY : 2
DESTROYER : 2
CARRIER : 2
CRUISER : 1
BATTLESHIP : 2
FIGHTER : 3
[1;32m
[1;0mSea_39
[1;95m (Units:  Eng )
SUB_2_MOVES : 1
[1;31m[1;34m[1;33m[1;32m
[1;0mSea_44
[1;95m[1;31m[1;34m[1;33m (Units:  Jap )
SUB : 1
[1;32m
[1;0mSea_45
[1;95m (Units:  Eng )
TRANS_EMPTY_UNMOVED : 1
CRUISER_2_MOVES : 1
[1;31m[1;34m[1;33m[1;32m
[1;0mSea_53
[1;95m[1;31m[1;34m[1;33m[1;32m (Units:  USA )
SUB : 1

[1;0mSea_56
[1;95m[1;31m[1;34m[1;33m[1;32m (Units:  USA )
TRANS_EMPTY : 1
DESTROYER : 2
CARRIER : 1
CRUISER : 1
BATTLESHIP : 3
FIGHTER : 1

[1;0mSea_60
[1;95m[1;31m[1;34m[1;33m (Units:  Jap )
DESTROYER : 1
BATTLESHIP : 1
[1;32m
[1;0m

======================================================================
PRO AI SINGLE TURN TEST (TripleA Purchase & Place)
======================================================================
Starting Player: Eng
Starting Money: 32 IPCs
Total units on board: 18
======================================================================
Enemy Attack Options (per-enemy):
Enemy: Ger
  Land: Anglo_Egyptian_Sudan Tanks: 1
  Land: Egypt Tanks: 1
  Land: Trans_Jordan Tanks: 1
  Land: United_Kingdom Fighters: 1
  Sea: Sea_4 Fighters: 5 Subs: 0 Destroyers: 0
  Sea: Sea_6 Fighters: 0 Subs: 4 Destroyers: 3
  Sea: Sea_7 Fighters: 0 Subs: 4 Destroyers: 3
  Sea: Sea_8 Fighters: 0 Subs: 4 Destroyers: 2
  Sea: Sea_23 Fighters: 0 Subs: 2 Destroyers: 0
  Sea: Sea_34 Fighters: 0 Subs: 1 Destroyers: 0
Enemy: Jap
  Land: Burma Infantry: 4
  Land: Burma Artillery: 2
  Land: Burma Tanks: 1
  Land: India Tanks: 1
  Sea: Sea_34 Fighters: 0 Subs: 0 Destroyers: 2
  Sea: Sea_35 Fighters: 1 Subs: 0 Destroyers: 2
  Sea: Sea_39 Fighters: 0 Subs: 1 Destroyers: 0
  Sea: Sea_45 Fighters: 0 Subs: 1 Destroyers: 0
Enemy Attack Options (aggregated max):
  Land: Anglo_Egyptian_Sudan Inf: 0 Art: 0 Tank: 1 Ftr: 0 Bmb: 0 Str: 3
  Land: Burma Inf: 4 Art: 2 Tank: 1 Ftr: 0 Bmb: 0 Str: 11
  Land: Egypt Inf: 0 Art: 0 Tank: 1 Ftr: 0 Bmb: 0 Str: 3
  Land: India Inf: 0 Art: 0 Tank: 1 Ftr: 0 Bmb: 0 Str: 3
  Land: Trans_Jordan Inf: 0 Art: 0 Tank: 1 Ftr: 0 Bmb: 0 Str: 3
  Land: United_Kingdom Inf: 0 Art: 0 Tank: 0 Ftr: 1 Bmb: 0 Str: 3
      [SAFE] Sequential Battle Results: TUV=-4.53, Invaded%=0.0%, Battles=1
      [SAFE] Sequential Battle Results: TUV=-3.95, Invaded%=0.0%, Battles=1
    Possible My Target Territory: Baltic_States_Air
      Battle Results (TUV, Invaded %):  -26.975 ,  0
    Possible My Target Territory: Bulgaria_Romania_Air
      Battle Results (TUV, Invaded %):  -8.505 ,  0
    Possible My Target Territory: Germany_Air
      Battle Results (TUV, Invaded %):  -26.936 ,  0
    Possible My Target Territory: Karelia_SSR_Air
      Battle Results (TUV, Invaded %):  -9.962999999999999 ,  0
    Possible My Target Territory: Libya_Air
      Battle Results (TUV, Invaded %):  -3.8759999999999999 ,  0
    Possible My Target Territory: Northwestern_Europe_Air
      Battle Results (TUV, Invaded %):  3.29 ,  0

======================================================================
PRO AI TURN COMPLETE
======================================================================
Next Player: Jap
Final Money: 33 IPCs
Units Added: 2
Game Score: -0.1
======================================================================

round_num:  7
[1;33m --------------------
Current Player:  Jap
Money:  34 [1;0m 

[1;95mAnglo_Egyptian_Sudan (Owner:  Eng )
[1;33m[1;31m[1;34m[1;95m (Units:  Eng )
INF : 1
FIGHTER : 1
[1;32m
[1;33mAnhwei (Owner:  Jap )
[1;33m (Units:  Jap )
INF_1_MOVES : 6
[1;31m[1;34m[1;95m[1;32m
[1;34mBaltic_States (Owner:  Ger )
[1;33m[1;31m[1;34m (Units:  Ger )
INF : 7
FIGHTER : 4
[1;95m[1;32m
[1;95mBelgian_Congo (Owner:  Eng )
[1;33m[1;31m[1;34m[1;95m (Units:  Eng )
TANK : 1
[1;32m
[1;33mBorneo (Owner:  Jap )
[1;33m (Units:  Jap )
INF_1_MOVES : 1
[1;31m[1;34m[1;95m[1;32m
[1;34mBulgaria_Romania (Owner:  Ger )
[1;33m[1;31m[1;34m (Units:  Ger )
INF : 1
TANK : 1
[1;95m[1;32m
[1;33mCaroline_Islands (Owner:  Jap )
[1;33m (Units:  Jap )
INF_1_MOVES : 1
[1;31m[1;34m[1;95m[1;32m
[1;31mCaucasus (Owner:  Rus ) builds: 1 factory-prod: 4
[1;33m[1;31m (Units:  Rus )
INF : 6
ARTY : 3
TANK : 4
[1;34m[1;95m (Units:  Eng )
INF : 4
[1;32m
[1;32mCentral_United_States (Owner:  USA )
[1;33m[1;31m[1;34m[1;95m (Units:  Eng )
INF : 1
[1;32m
[1;33mEast_Indies (Owner:  Jap )
[1;33m (Units:  Jap )
INF_1_MOVES : 2
[1;31m[1;34m[1;95m[1;32m
[1;95mEastern_Australia (Owner:  Eng )
[1;33m[1;31m[1;34m[1;95m (Units:  Eng )
INF : 2
[1;32m
[1;32mEastern_United_States (Owner:  USA ) builds: 12 factory-prod: 12
[1;33m[1;31m[1;34m[1;95m[1;32m (Units:  USA )
INF : 1
FIGHTER : 1
BOMBER : 1

[1;31mEvenki_National_Okrug (Owner:  Rus )
[1;33m[1;31m (Units:  Rus )
INF : 3
[1;34m[1;95m[1;32m
[1;33mFrench_Indo_China_Thailand (Owner:  Jap )
[1;33m (Units:  Jap )
INF_1_MOVES : 3
ARTY_1_MOVES : 1
TANK_2_MOVES : 1
[1;31m[1;34m[1;95m[1;32m
[1;95mFrench_West_Africa (Owner:  Eng )
[1;33m[1;31m[1;34m[1;95m[1;32m (Units:  USA )
INF : 2
ARTY : 1
TANK : 1

[1;34mGermany (Owner:  Ger ) factory-prod: 10
[1;33m[1;31m[1;34m (Units:  Ger )
INF : 27
ARTY : 1
TANK : 2
[1;95m[1;32m
[1;32mHawaiian_Islands (Owner:  USA )
[1;33m[1;31m[1;34m[1;95m[1;32m (Units:  USA )
INF : 1
FIGHTER : 1

[1;95mIndia (Owner:  Eng ) builds: 1 factory-prod: 3
[1;33m[1;31m[1;34m[1;95m (Units:  Eng )
INF : 2
AAGUN : 1
[1;32m
[1;33mIwo_Jima (Owner:  Jap )
[1;33m (Units:  Jap )
INF_1_MOVES : 1
[1;31m[1;34m[1;95m[1;32m
[1;33mJapan (Owner:  Jap ) builds: 8 factory-prod: 8
[1;33m (Units:  Jap )
INF_1_MOVES : 3
ARTY_1_MOVES : 1
FIGHTER_UNMOVED : 1
BOMBER_UNMOVED : 1
[1;31m[1;34m[1;95m[1;32m
[1;34mKarelia_SSR (Owner:  Ger ) builds: 1 factory-prod: 2
[1;33m[1;31m[1;34m (Units:  Ger )
INF : 3
TANK : 1
[1;95m[1;32m
[1;31mKazakh_SSR (Owner:  Rus )
[1;33m[1;31m[1;34m[1;95m[1;32m (Units:  USA )
INF : 2

[1;34mLibya (Owner:  Ger )
[1;33m[1;31m[1;34m (Units:  Ger )
TANK : 1
[1;95m[1;32m
[1;32mMidway (Owner:  USA )
[1;33m[1;31m[1;34m[1;95m[1;32m (Units:  USA )
INF : 1

[1;33mNew_Guinea (Owner:  Jap )
[1;33m (Units:  Jap )
INF_1_MOVES : 1
[1;31m[1;34m[1;95m[1;32m
[1;95mNew_Zealand (Owner:  Eng )
[1;33m[1;31m[1;34m[1;95m (Units:  Eng )
INF : 1
[1;32m
[1;34mNorthwestern_Europe (Owner:  Ger )
[1;33m[1;31m[1;34m (Units:  Ger )
FIGHTER : 1
[1;95m[1;32m
[1;33mOkinawa (Owner:  Jap )
[1;33m (Units:  Jap )
INF_1_MOVES : 1
[1;31m[1;34m[1;95m[1;32m
[1;95mPersia (Owner:  Eng )
[1;33m[1;31m[1;34m[1;95m (Units:  Eng )
INF : 4
[1;32m
[1;33mPhilippine_Islands (Owner:  Jap )
[1;33m (Units:  Jap )
INF_1_MOVES : 1
ARTY_1_MOVES : 1
[1;31m[1;34m[1;95m[1;32m
[1;31mRussia (Owner:  Rus ) factory-prod: 8
[1;33m[1;31m (Units:  Rus )
INF : 7
ARTY : 3
[1;34m[1;95m[1;32m
[1;33mSolomon_Islands (Owner:  Jap )
[1;33m (Units:  Jap )
INF_1_MOVES : 1
[1;31m[1;34m[1;95m[1;32m
[1;32mSzechwan (Owner:  USA )
[1;33m[1;31m[1;34m[1;95m[1;32m (Units:  USA )
FIGHTER : 1

[1;95mUnited_Kingdom (Owner:  Eng ) builds: 5 factory-prod: 8
[1;33m[1;31m[1;34m[1;95m (Units:  Eng )
INF : 1
ARTY : 1
FIGHTER : 2
BOMBER : 1
[1;32m
[1;33mWake_Island (Owner:  Jap )
[1;33m (Units:  Jap )
INF_1_MOVES : 1
[1;31m[1;34m[1;95m[1;32m
[1;95mWestern_Australia (Owner:  Eng )
[1;33m[1;31m[1;34m[1;95m (Units:  Eng )
INF : 1
[1;32m
[1;95mWestern_Canada (Owner:  Eng )
[1;33m[1;31m[1;34m[1;95m[1;32m (Units:  USA )
INF : 1

[1;32mWestern_United_States (Owner:  USA ) builds: 8 factory-prod: 10
[1;33m[1;31m[1;34m[1;95m[1;32m (Units:  USA )
INF : 2
FIGHTER : 1

[1;31mYakut_SSR (Owner:  Rus )
[1;33m[1;31m (Units:  Rus )
INF : 1
[1;34m[1;95m[1;32m
[1;33mYunnan (Owner:  Jap )
[1;33m (Units:  Jap )
INF_1_MOVES : 1
ARTY_1_MOVES : 1
[1;31m[1;34m[1;95m[1;32m
[1;0mSea_3
[1;33m[1;31m[1;34m[1;95m (Units:  Eng )
TRANS_EMPTY : 1
DESTROYER : 1
BATTLESHIP : 1
[1;32m
[1;0mSea_4
[1;33m[1;31m (Units:  Rus )
SUB : 1
DESTROYER : 1
[1;34m (Units:  Ger )
DESTROYER : 1
[1;95m[1;32m
[1;0mSea_5
[1;33m[1;31m[1;34m (Units:  Ger )
TRANS_EMPTY : 1
SUB : 2
DESTROYER : 2
CRUISER : 1
[1;95m[1;32m
[1;0mSea_6
[1;33m[1;31m[1;34m[1;95m (Units:  Eng )
SUB : 2
DESTROYER : 3
[1;32m
[1;0mSea_9
[1;33m[1;31m[1;34m (Units:  Ger )
SUB : 2
[1;95m[1;32m
[1;0mSea_15
[1;33m[1;31m[1;34m (Units:  Ger )
TRANS_EMPTY : 1
SUB : 1
BATTLESHIP : 1
[1;95m[1;32m
[1;0mSea_17
[1;33m[1;31m[1;34m[1;95m (Units:  Eng )
TRANS_EMPTY : 1
DESTROYER : 1
CARRIER : 1
CRUISER : 1
FIGHTER : 1
[1;32m
[1;0mSea_23
[1;33m[1;31m[1;34m[1;95m[1;32m (Units:  USA )
TRANS_EMPTY : 2
DESTROYER : 1

[1;0mSea_24
[1;33m[1;31m[1;34m[1;95m (Units:  Eng )
TRANS_EMPTY : 1
DESTROYER : 1
CRUISER : 1
[1;32m
[1;0mSea_36
[1;33m (Units:  Jap )
TRANS_EMPTY_UNMOVED : 2
DESTROYER_2_MOVES : 2
CARRIER_2_MOVES : 2
CRUISER_2_MOVES : 1
BATTLESHIP_2_MOVES : 2
FIGHTER_UNMOVED : 3
[1;31m[1;34m[1;95m[1;32m
[1;0mSea_39
[1;33m[1;31m[1;34m[1;95m (Units:  Eng )
TRANS_EMPTY : 1
SUB : 1
CRUISER : 1
[1;32m
[1;0mSea_44
[1;33m (Units:  Jap )
SUB_2_MOVES : 1
[1;31m[1;34m[1;95m[1;32m
[1;0mSea_53
[1;33m[1;31m[1;34m[1;95m[1;32m (Units:  USA )
SUB : 1

[1;0mSea_56
[1;33m[1;31m[1;34m[1;95m[1;32m (Units:  USA )
TRANS_EMPTY : 1
DESTROYER : 2
CARRIER : 1
CRUISER : 1
BATTLESHIP : 3
FIGHTER : 1

[1;0mSea_60
[1;33m (Units:  Jap )
DESTROYER_2_MOVES : 1
BATTLESHIP_2_MOVES : 1
[1;31m[1;34m[1;95m[1;32m
[1;0m

======================================================================
PRO AI SINGLE TURN TEST (TripleA Purchase & Place)
======================================================================
Starting Player: Jap
Starting Money: 34 IPCs
Total units on board: 28
======================================================================
Enemy Attack Options (per-enemy):
Enemy: Rus
Enemy: Eng
  Sea: Sea_44 Fighters: 0 Subs: 1 Destroyers: 0
Enemy: USA
  Land: Anhwei Fighters: 1
  Land: French_Indo_China_Thailand Fighters: 1
  Land: Solomon_Islands Fighters: 1
  Land: Wake_Island Fighters: 1
  Land: Yunnan Fighters: 1
  Sea: Sea_36 Fighters: 1 Subs: 0 Destroyers: 0
  Sea: Sea_44 Fighters: 2 Subs: 1 Destroyers: 2
  Sea: Sea_60 Fighters: 1 Subs: 0 Destroyers: 0
Enemy Attack Options (aggregated max):
  Land: Anhwei Inf: 0 Art: 0 Tank: 0 Ftr: 1 Bmb: 0 Str: 3
  Land: French_Indo_China_Thailand Inf: 0 Art: 0 Tank: 0 Ftr: 1 Bmb: 0 Str: 3
  Land: Solomon_Islands Inf: 0 Art: 0 Tank: 0 Ftr: 1 Bmb: 0 Str: 3
  Land: Wake_Island Inf: 0 Art: 0 Tank: 0 Ftr: 1 Bmb: 0 Str: 3
  Land: Yunnan Inf: 0 Art: 0 Tank: 0 Ftr: 1 Bmb: 0 Str: 3
      [SAFE] Sequential Battle Results: TUV=-8.50, Invaded%=0.0%, Battles=1
      [SAFE] Sequential Battle Results: TUV=-8.48, Invaded%=0.0%, Battles=1
      [SAFE] Sequential Battle Results: TUV=-2.91, Invaded%=0.0%, Battles=1
      [SAFE] Sequential Battle Results: TUV=-2.89, Invaded%=0.0%, Battles=1
      [SAFE] Sequential Battle Results: TUV=-6.81, Invaded%=0.0%, Battles=1
    Possible My Target Territory: India_Air
      Battle Results (TUV, Invaded %):  -2.5529999999999999 ,  0.099
      Attack Value:  21.446999999999999
    Possible My Target Territory: Kazakh_SSR_Air
      Battle Results (TUV, Invaded %):  -7.8659999999999997 ,  0
    Possible My Target Territory: Midway_Air
      Battle Results (TUV, Invaded %):  -1.572 ,  0
    Possible My Target Territory: Szechwan_Air
      Battle Results (TUV, Invaded %):  7.96 ,  1
      Attack Value:  7.96
    Possible My Target Territory: Western_Australia_Air
      Battle Results (TUV, Invaded %):  -1.614 ,  0
    Possible My Target Territory: Yakut_SSR_Air
      Battle Results (TUV, Invaded %):  -1.53 ,  0
Trying  India
Trying  Szechwan

======================================================================
PRO AI TURN COMPLETE
======================================================================
Next Player: USA
Final Money: 32 IPCs
Units Added: 3
Game Score: 0.0
======================================================================

round_num:  8
[1;32m --------------------
Current Player:  USA
Money:  42 [1;0m 

[1;95mAnglo_Egyptian_Sudan (Owner:  Eng )
[1;32m[1;31m[1;34m[1;95m (Units:  Eng )
INF : 1
FIGHTER : 1
[1;33m
[1;34mBaltic_States (Owner:  Ger )
[1;32m[1;31m[1;34m (Units:  Ger )
INF : 7
FIGHTER : 4
[1;95m[1;33m
[1;95mBelgian_Congo (Owner:  Eng )
[1;32m[1;31m[1;34m[1;95m (Units:  Eng )
TANK : 1
[1;33m
[1;33mBorneo (Owner:  Jap )
[1;32m[1;31m[1;34m[1;95m[1;33m (Units:  Jap )
INF : 1

[1;34mBulgaria_Romania (Owner:  Ger )
[1;32m[1;31m[1;34m (Units:  Ger )
INF : 1
TANK : 1
[1;95m[1;33m
[1;33mCaroline_Islands (Owner:  Jap )
[1;32m[1;31m[1;34m[1;95m[1;33m (Units:  Jap )
INF : 1

[1;31mCaucasus (Owner:  Rus ) builds: 1 factory-prod: 4
[1;32m[1;31m (Units:  Rus )
INF : 6
ARTY : 3
TANK : 4
[1;34m[1;95m (Units:  Eng )
INF : 4
[1;33m
[1;32mCentral_United_States (Owner:  USA )
[1;32m[1;31m[1;34m[1;95m (Units:  Eng )
INF : 1
[1;33m
[1;33mEast_Indies (Owner:  Jap )
[1;32m[1;31m[1;34m[1;95m[1;33m (Units:  Jap )
INF : 2

[1;95mEastern_Australia (Owner:  Eng )
[1;32m[1;31m[1;34m[1;95m (Units:  Eng )
INF : 2
[1;33m
[1;32mEastern_United_States (Owner:  USA ) builds: 12 factory-prod: 12
[1;32m (Units:  USA )
INF_1_MOVES : 1
FIGHTER_UNMOVED : 1
BOMBER_UNMOVED : 1
[1;31m[1;34m[1;95m[1;33m
[1;31mEvenki_National_Okrug (Owner:  Rus )
[1;32m[1;31m (Units:  Rus )
INF : 3
[1;34m[1;95m[1;33m
[1;95mFrench_West_Africa (Owner:  Eng )
[1;32m (Units:  USA )
INF_1_MOVES : 2
ARTY_1_MOVES : 1
TANK_2_MOVES : 1
[1;31m[1;34m[1;95m[1;33m
[1;34mGermany (Owner:  Ger ) factory-prod: 10
[1;32m[1;31m[1;34m (Units:  Ger )
INF : 27
ARTY : 1
TANK : 2
[1;95m[1;33m
[1;32mHawaiian_Islands (Owner:  USA )
[1;32m (Units:  USA )
INF_1_MOVES : 1
FIGHTER_UNMOVED : 1
[1;31m[1;34m[1;95m[1;33m
[1;95mIndia (Owner:  Eng ) builds: 1 factory-prod: 3
[1;32m[1;31m[1;34m[1;95m (Units:  Eng )
INF : 2
AAGUN : 1
[1;33m
[1;33mIwo_Jima (Owner:  Jap )
[1;32m[1;31m[1;34m[1;95m[1;33m (Units:  Jap )
INF : 1

[1;33mJapan (Owner:  Jap ) builds: 2 factory-prod: 8
[1;32m[1;31m[1;34m[1;95m[1;33m (Units:  Jap )
INF : 4
ARTY : 2
TANK : 1
FIGHTER : 1
BOMBER : 1

[1;34mKarelia_SSR (Owner:  Ger ) builds: 1 factory-prod: 2
[1;32m[1;31m[1;34m (Units:  Ger )
INF : 3
TANK : 1
[1;95m[1;33m
[1;31mKazakh_SSR (Owner:  Rus )
[1;32m (Units:  USA )
INF_1_MOVES : 2
[1;31m[1;34m[1;95m[1;33m
[1;33mKwangtung (Owner:  Jap )
[1;32m[1;31m[1;34m[1;95m[1;33m (Units:  Jap )
INF : 7
ARTY : 1

[1;34mLibya (Owner:  Ger )
[1;32m[1;31m[1;34m (Units:  Ger )
TANK : 1
[1;95m[1;33m
[1;32mMidway (Owner:  USA )
[1;32m (Units:  USA )
INF_1_MOVES : 1
[1;31m[1;34m[1;95m[1;33m
[1;33mNew_Guinea (Owner:  Jap )
[1;32m[1;31m[1;34m[1;95m[1;33m (Units:  Jap )
INF : 1

[1;95mNew_Zealand (Owner:  Eng )
[1;32m[1;31m[1;34m[1;95m (Units:  Eng )
INF : 1
[1;33m
[1;34mNorthwestern_Europe (Owner:  Ger )
[1;32m[1;31m[1;34m (Units:  Ger )
FIGHTER : 1
[1;95m[1;33m
[1;33mOkinawa (Owner:  Jap )
[1;32m[1;31m[1;34m[1;95m[1;33m (Units:  Jap )
INF : 1

[1;95mPersia (Owner:  Eng )
[1;32m[1;31m[1;34m[1;95m (Units:  Eng )
INF : 4
[1;33m
[1;33mPhilippine_Islands (Owner:  Jap )
[1;32m[1;31m[1;34m[1;95m[1;33m (Units:  Jap )
INF : 1
ARTY : 1

[1;31mRussia (Owner:  Rus ) factory-prod: 8
[1;32m[1;31m (Units:  Rus )
INF : 7
ARTY : 3
[1;34m[1;95m[1;33m
[1;33mSolomon_Islands (Owner:  Jap )
[1;32m[1;31m[1;34m[1;95m[1;33m (Units:  Jap )
INF : 1

[1;32mSzechwan (Owner:  USA )
[1;32m (Units:  USA )
FIGHTER_UNMOVED : 1
[1;31m[1;34m[1;95m[1;33m
[1;95mUnited_Kingdom (Owner:  Eng ) builds: 5 factory-prod: 8
[1;32m[1;31m[1;34m[1;95m (Units:  Eng )
INF : 1
ARTY : 1
FIGHTER : 2
BOMBER : 1
[1;33m
[1;33mWake_Island (Owner:  Jap )
[1;32m[1;31m[1;34m[1;95m[1;33m (Units:  Jap )
INF : 1

[1;95mWestern_Australia (Owner:  Eng )
[1;32m[1;31m[1;34m[1;95m (Units:  Eng )
INF : 1
[1;33m
[1;95mWestern_Canada (Owner:  Eng )
[1;32m (Units:  USA )
INF_1_MOVES : 1
[1;31m[1;34m[1;95m[1;33m
[1;32mWestern_United_States (Owner:  USA ) builds: 10 factory-prod: 10
[1;32m (Units:  USA )
INF_1_MOVES : 2
FIGHTER_UNMOVED : 1
[1;31m[1;34m[1;95m[1;33m
[1;31mYakut_SSR (Owner:  Rus )
[1;32m[1;31m (Units:  Rus )
INF : 1
[1;34m[1;95m[1;33m
[1;33mYunnan (Owner:  Jap )
[1;32m[1;31m[1;34m[1;95m[1;33m (Units:  Jap )
INF : 3
ARTY : 1
TANK : 1

[1;0mSea_3
[1;32m[1;31m[1;34m[1;95m (Units:  Eng )
TRANS_EMPTY : 1
DESTROYER : 1
BATTLESHIP : 1
[1;33m
[1;0mSea_4
[1;32m[1;31m (Units:  Rus )
SUB : 1
DESTROYER : 1
[1;34m (Units:  Ger )
DESTROYER : 1
[1;95m[1;33m
[1;0mSea_5
[1;32m[1;31m[1;34m (Units:  Ger )
TRANS_EMPTY : 1
SUB : 2
DESTROYER : 2
CRUISER : 1
[1;95m[1;33m
[1;0mSea_6
[1;32m[1;31m[1;34m[1;95m (Units:  Eng )
SUB : 2
DESTROYER : 3
[1;33m
[1;0mSea_9
[1;32m[1;31m[1;34m (Units:  Ger )
SUB : 2
[1;95m[1;33m
[1;0mSea_15
[1;32m[1;31m[1;34m (Units:  Ger )
TRANS_EMPTY : 1
SUB : 1
BATTLESHIP : 1
[1;95m[1;33m
[1;0mSea_17
[1;32m[1;31m[1;34m[1;95m (Units:  Eng )
TRANS_EMPTY : 1
DESTROYER : 1
CARRIER : 1
CRUISER : 1
FIGHTER : 1
[1;33m
[1;0mSea_23
[1;32m (Units:  USA )
TRANS_EMPTY_UNMOVED : 2
DESTROYER_2_MOVES : 1
[1;31m[1;34m[1;95m[1;33m
[1;0mSea_24
[1;32m[1;31m[1;34m[1;95m (Units:  Eng )
TRANS_EMPTY : 1
DESTROYER : 1
CRUISER : 1
[1;33m
[1;0mSea_39
[1;32m[1;31m[1;34m[1;95m (Units:  Eng )
TRANS_EMPTY : 1
SUB : 1
CRUISER : 1
[1;33m
[1;0mSea_44
[1;32m[1;31m[1;34m[1;95m[1;33m (Units:  Jap )
SUB : 1

[1;0mSea_53
[1;32m (Units:  USA )
SUB_2_MOVES : 1
[1;31m[1;34m[1;95m[1;33m
[1;0mSea_56
[1;32m (Units:  USA )
TRANS_EMPTY_UNMOVED : 1
DESTROYER_2_MOVES : 2
CARRIER_2_MOVES : 1
CRUISER_2_MOVES : 1
BATTLESHIP_2_MOVES : 3
FIGHTER_UNMOVED : 1
[1;31m[1;34m[1;95m[1;33m
[1;0mSea_60
[1;32m[1;31m[1;34m[1;95m[1;33m (Units:  Jap )
TRANS_EMPTY : 3

[1;0mSea_61
[1;32m[1;31m[1;34m[1;95m[1;33m (Units:  Jap )
TRANS_EMPTY : 2
DESTROYER : 3
CARRIER : 2
CRUISER : 1
BATTLESHIP : 3
FIGHTER : 3

[1;0m

======================================================================
PRO AI SINGLE TURN TEST (TripleA Purchase & Place)
======================================================================
Starting Player: USA
Starting Money: 42 IPCs
Total units on board: 12
======================================================================
Enemy Attack Options (per-enemy):
Enemy: Ger
  Sea: Sea_11 Fighters: 0 Subs: 2 Destroyers: 0
  Sea: Sea_23 Fighters: 0 Subs: 2 Destroyers: 0
Enemy: Jap
  Land: Kazakh_SSR Bombers: 1
  Land: Midway Bombers: 1
  Land: Szechwan Bombers: 1
  Land: Szechwan Infantry: 10
  Land: Szechwan Artillery: 2
  Land: Szechwan Tanks: 1
  Sea: Sea_53 Fighters: 0 Subs: 1 Destroyers: 0
  Sea: Sea_56 Fighters: 0 Subs: 1 Destroyers: 0
Enemy Attack Options (aggregated max):
  Land: Kazakh_SSR Inf: 0 Art: 0 Tank: 0 Ftr: 0 Bmb: 1 Str: 4
  Land: Midway Inf: 0 Art: 0 Tank: 0 Ftr: 0 Bmb: 1 Str: 4
  Land: Szechwan Inf: 10 Art: 2 Tank: 1 Ftr: 0 Bmb: 1 Str: 21
      [SAFE] Sequential Battle Results: TUV=-1.63, Invaded%=0.0%, Battles=1
    Possible My Target Territory: Kwangtung_Air
      Battle Results (TUV, Invaded %):  -8.529999999999999 ,  0
    Possible My Target Territory: Solomon_Islands_Air
      Battle Results (TUV, Invaded %):  -2.9039999999999999 ,  0
    Possible My Target Territory: Wake_Island_Air
      Battle Results (TUV, Invaded %):  -2.9009999999999998 ,  0
    Possible My Target Territory: Yunnan_Air
      Battle Results (TUV, Invaded %):  -8.488 ,  0

======================================================================
PRO AI TURN COMPLETE
======================================================================
Next Player: Rus
Final Money: 42 IPCs
Units Added: 0
Game Score: 0.1
======================================================================

round_num:  9
[1;31m --------------------
Current Player:  Rus
Money:  24 [1;0m 

[1;95mAnglo_Egyptian_Sudan (Owner:  Eng )
[1;31m[1;34m[1;95m (Units:  Eng )
INF : 1
FIGHTER : 1
[1;33m[1;32m
[1;34mBaltic_States (Owner:  Ger )
[1;31m[1;34m (Units:  Ger )
INF : 7
FIGHTER : 4
[1;95m[1;33m[1;32m
[1;95mBelgian_Congo (Owner:  Eng )
[1;31m[1;34m[1;95m (Units:  Eng )
TANK : 1
[1;33m[1;32m (Units:  USA )
INF : 2
ARTY : 1
TANK : 1

[1;33mBorneo (Owner:  Jap )
[1;31m[1;34m[1;95m[1;33m (Units:  Jap )
INF : 1
[1;32m
[1;34mBulgaria_Romania (Owner:  Ger )
[1;31m[1;34m (Units:  Ger )
INF : 1
TANK : 1
[1;95m[1;33m[1;32m
[1;33mCaroline_Islands (Owner:  Jap )
[1;31m[1;34m[1;95m[1;33m (Units:  Jap )
INF : 1
[1;32m
[1;31mCaucasus (Owner:  Rus ) builds: 4 factory-prod: 4
[1;31m (Units:  Rus )
INF_1_MOVES : 6
ARTY_1_MOVES : 3
TANK_2_MOVES : 4
[1;34m[1;95m (Units:  Eng )
INF : 4
[1;33m[1;32m (Units:  USA )
INF : 2

[1;32mCentral_United_States (Owner:  USA )
[1;31m[1;34m[1;95m (Units:  Eng )
INF : 1
[1;33m[1;32m
[1;33mEast_Indies (Owner:  Jap )
[1;31m[1;34m[1;95m[1;33m (Units:  Jap )
INF : 2
[1;32m
[1;95mEastern_Australia (Owner:  Eng )
[1;31m[1;34m[1;95m (Units:  Eng )
INF : 2
[1;33m[1;32m
[1;32mEastern_United_States (Owner:  USA ) builds: 12 factory-prod: 12
[1;31m[1;34m[1;95m[1;33m[1;32m (Units:  USA )
INF : 1
FIGHTER : 1
BOMBER : 1

[1;31mEvenki_National_Okrug (Owner:  Rus )
[1;31m (Units:  Rus )
INF_1_MOVES : 3
[1;34m[1;95m[1;33m[1;32m
[1;34mGermany (Owner:  Ger ) factory-prod: 10
[1;31m[1;34m (Units:  Ger )
INF : 27
ARTY : 1
TANK : 2
[1;95m[1;33m[1;32m
[1;32mHawaiian_Islands (Owner:  USA )
[1;31m[1;34m[1;95m[1;33m[1;32m (Units:  USA )
INF : 1
FIGHTER : 1

[1;95mIndia (Owner:  Eng ) builds: 1 factory-prod: 3
[1;31m[1;34m[1;95m (Units:  Eng )
INF : 2
AAGUN : 1
[1;33m[1;32m
[1;33mIwo_Jima (Owner:  Jap )
[1;31m[1;34m[1;95m[1;33m (Units:  Jap )
INF : 1
[1;32m
[1;33mJapan (Owner:  Jap ) builds: 2 factory-prod: 8
[1;31m[1;34m[1;95m[1;33m (Units:  Jap )
INF : 4
ARTY : 2
TANK : 1
FIGHTER : 1
BOMBER : 1
[1;32m
[1;34mKarelia_SSR (Owner:  Ger ) builds: 1 factory-prod: 2
[1;31m[1;34m (Units:  Ger )
INF : 3
TANK : 1
[1;95m[1;33m[1;32m
[1;33mKwangtung (Owner:  Jap )
[1;31m[1;34m[1;95m[1;33m (Units:  Jap )
INF : 7
ARTY : 1
[1;32m
[1;34mLibya (Owner:  Ger )
[1;31m[1;34m (Units:  Ger )
TANK : 1
[1;95m[1;33m[1;32m
[1;32mMidway (Owner:  USA )
[1;31m[1;34m[1;95m[1;33m[1;32m (Units:  USA )
INF : 1

[1;33mNew_Guinea (Owner:  Jap )
[1;31m[1;34m[1;95m[1;33m (Units:  Jap )
INF : 1
[1;32m
[1;95mNew_Zealand (Owner:  Eng )
[1;31m[1;34m[1;95m (Units:  Eng )
INF : 1
[1;33m[1;32m
[1;34mNorthwestern_Europe (Owner:  Ger )
[1;31m[1;34m (Units:  Ger )
FIGHTER : 1
[1;95m[1;33m[1;32m
[1;33mOkinawa (Owner:  Jap )
[1;31m[1;34m[1;95m[1;33m (Units:  Jap )
INF : 1
[1;32m
[1;95mPersia (Owner:  Eng )
[1;31m[1;34m[1;95m (Units:  Eng )
INF : 4
[1;33m[1;32m
[1;33mPhilippine_Islands (Owner:  Jap )
[1;31m[1;34m[1;95m[1;33m (Units:  Jap )
INF : 1
ARTY : 1
[1;32m
[1;31mRussia (Owner:  Rus ) builds: 8 factory-prod: 8
[1;31m (Units:  Rus )
INF_1_MOVES : 7
ARTY_1_MOVES : 3
[1;34m[1;95m[1;33m[1;32m
[1;33mSolomon_Islands (Owner:  Jap )
[1;31m[1;34m[1;95m[1;33m (Units:  Jap )
INF : 1
[1;32m
[1;32mSzechwan (Owner:  USA )
[1;31m[1;34m[1;95m[1;33m[1;32m (Units:  USA )
FIGHTER : 1

[1;95mUnited_Kingdom (Owner:  Eng ) builds: 5 factory-prod: 8
[1;31m[1;34m[1;95m (Units:  Eng )
INF : 1
ARTY : 1
FIGHTER : 2
BOMBER : 1
[1;33m[1;32m
[1;33mWake_Island (Owner:  Jap )
[1;31m[1;34m[1;95m[1;33m (Units:  Jap )
INF : 1
[1;32m
[1;95mWestern_Australia (Owner:  Eng )
[1;31m[1;34m[1;95m (Units:  Eng )
INF : 1
[1;33m[1;32m
[1;32mWestern_United_States (Owner:  USA ) builds: 8 factory-prod: 10
[1;31m[1;34m[1;95m[1;33m[1;32m (Units:  USA )
INF : 3
FIGHTER : 1

[1;31mYakut_SSR (Owner:  Rus )
[1;31m (Units:  Rus )
INF_1_MOVES : 1
[1;34m[1;95m[1;33m[1;32m
[1;33mYunnan (Owner:  Jap )
[1;31m[1;34m[1;95m[1;33m (Units:  Jap )
INF : 3
ARTY : 1
TANK : 1
[1;32m
[1;0mSea_3
[1;31m[1;34m[1;95m (Units:  Eng )
TRANS_EMPTY : 1
DESTROYER : 1
BATTLESHIP : 1
[1;33m[1;32m
[1;0mSea_4
[1;31m (Units:  Rus )
SUB_2_MOVES : 1
DESTROYER_2_MOVES : 1
[1;34m (Units:  Ger )
DESTROYER : 1
[1;95m[1;33m[1;32m
[1;0mSea_5
[1;31m[1;34m (Units:  Ger )
TRANS_EMPTY : 1
SUB : 2
DESTROYER : 2
CRUISER : 1
[1;95m[1;33m[1;32m
[1;0mSea_6
[1;31m[1;34m[1;95m (Units:  Eng )
SUB : 2
DESTROYER : 3
[1;33m[1;32m
[1;0mSea_9
[1;31m[1;34m (Units:  Ger )
SUB : 2
[1;95m[1;33m[1;32m
[1;0mSea_15
[1;31m[1;34m (Units:  Ger )
TRANS_EMPTY : 1
SUB : 1
BATTLESHIP : 1
[1;95m[1;33m[1;32m
[1;0mSea_17
[1;31m[1;34m[1;95m (Units:  Eng )
TRANS_EMPTY : 1
DESTROYER : 1
CARRIER : 1
CRUISER : 1
FIGHTER : 1
[1;33m[1;32m
[1;0mSea_24
[1;31m[1;34m[1;95m (Units:  Eng )
TRANS_EMPTY : 1
DESTROYER : 1
CRUISER : 1
[1;33m[1;32m (Units:  USA )
TRANS_EMPTY : 2
DESTROYER : 1

[1;0mSea_39
[1;31m[1;34m[1;95m (Units:  Eng )
TRANS_EMPTY : 1
SUB : 1
CRUISER : 1
[1;33m[1;32m
[1;0mSea_44
[1;31m[1;34m[1;95m[1;33m (Units:  Jap )
SUB : 1
[1;32m
[1;0mSea_53
[1;31m[1;34m[1;95m[1;33m[1;32m (Units:  USA )
SUB : 1

[1;0mSea_56
[1;31m[1;34m[1;95m[1;33m[1;32m (Units:  USA )
TRANS_EMPTY : 1
DESTROYER : 2
CARRIER : 1
CRUISER : 1
BATTLESHIP : 5
FIGHTER : 1

[1;0mSea_60
[1;31m[1;34m[1;95m[1;33m (Units:  Jap )
TRANS_EMPTY : 3
[1;32m
[1;0mSea_61
[1;31m[1;34m[1;95m[1;33m (Units:  Jap )
TRANS_EMPTY : 2
DESTROYER : 3
CARRIER : 2
CRUISER : 1
BATTLESHIP : 3
FIGHTER : 3
[1;32m
[1;0m

======================================================================
PRO AI SINGLE TURN TEST (TripleA Purchase & Place)
======================================================================
Starting Player: Rus
Starting Money: 24 IPCs
Total units on board: 27
======================================================================
Enemy Attack Options (per-enemy):
Enemy: Ger
  Land: Archangel Infantry: 3
  Land: Archangel Tanks: 1
  Land: Caucasus Fighters: 4
  Land: Caucasus Tanks: 2
  Land: Evenki_National_Okrug Tanks: 1
  Land: Russia Fighters: 4
  Land: Russia Tanks: 1
  Land: Vologda Tanks: 1
  Land: West_Russia Infantry: 3
  Land: West_Russia Tanks: 2
  Sea: Sea_4 Fighters: 5 Subs: 0 Destroyers: 0
  Sea: Sea_16 Fighters: 0 Subs: 1 Destroyers: 0
Enemy: Jap
  Land: Yakut_SSR Bombers: 1
Enemy Attack Options (aggregated max):
  Land: Archangel Inf: 3 Art: 0 Tank: 1 Ftr: 0 Bmb: 0 Str: 6
  Land: Caucasus Inf: 0 Art: 0 Tank: 2 Ftr: 4 Bmb: 0 Str: 18
  Land: Evenki_National_Okrug Inf: 0 Art: 0 Tank: 1 Ftr: 0 Bmb: 0 Str: 3
  Land: Russia Inf: 0 Art: 0 Tank: 1 Ftr: 4 Bmb: 0 Str: 15
  Land: Vologda Inf: 0 Art: 0 Tank: 1 Ftr: 0 Bmb: 0 Str: 3
  Land: West_Russia Inf: 3 Art: 0 Tank: 2 Ftr: 0 Bmb: 0 Str: 9
  Land: Yakut_SSR Inf: 0 Art: 0 Tank: 0 Ftr: 0 Bmb: 1 Str: 4
      [SAFE] Sequential Battle Results: TUV=-43.00, Invaded%=0.0%, Battles=1
      [SAFE] Sequential Battle Results: TUV=-4.52, Invaded%=0.0%, Battles=1
      [SAFE] Sequential Battle Results: TUV=-36.02, Invaded%=0.0%, Battles=1
      [SAFE] Sequential Battle Results: TUV=-1.55, Invaded%=0.0%, Battles=1
    Possible My Target Territory: Bulgaria_Romania_Air
      Battle Results (TUV, Invaded %):  3.894 ,  1
      Attack Value:  3.894
    Possible My Target Territory: Karelia_SSR_Air
      Battle Results (TUV, Invaded %):  -2.454 ,  0.74399999999999999
      Attack Value:  13.545999999999999
Trying  Karelia_SSR
Starting combat round  0  for land  Karelia_SSR
Starting combat round  1  for land  Karelia_SSR

======================================================================
PRO AI TURN COMPLETE
======================================================================
Next Player: Ger
Final Money: 25 IPCs
Units Added: 3
Game Score: -0.1
======================================================================

round_num:  10
[1;34m --------------------
Current Player:  Ger
Money:  43 [1;0m 

[1;95mAnglo_Egyptian_Sudan (Owner:  Eng )
[1;34m[1;31m[1;95m (Units:  Eng )
INF : 1
FIGHTER : 1
[1;33m[1;32m
[1;31mArchangel (Owner:  Rus )
[1;34m[1;31m (Units:  Rus )
INF : 3
[1;95m[1;33m[1;32m
[1;34mBaltic_States (Owner:  Ger )
[1;34m (Units:  Ger )
INF_1_MOVES : 7
FIGHTER_UNMOVED : 4
[1;31m[1;95m[1;33m[1;32m
[1;95mBelgian_Congo (Owner:  Eng )
[1;34m[1;31m[1;95m (Units:  Eng )
TANK : 1
[1;33m[1;32m (Units:  USA )
INF : 2
ARTY : 1
TANK : 1

[1;33mBorneo (Owner:  Jap )
[1;34m[1;31m[1;95m[1;33m (Units:  Jap )
INF : 1
[1;32m
[1;34mBulgaria_Romania (Owner:  Ger )
[1;34m (Units:  Ger )
INF_1_MOVES : 1
TANK_2_MOVES : 1
[1;31m[1;95m[1;33m[1;32m
[1;33mCaroline_Islands (Owner:  Jap )
[1;34m[1;31m[1;95m[1;33m (Units:  Jap )
INF : 1
[1;32m
[1;31mCaucasus (Owner:  Rus ) builds: 3 factory-prod: 4
[1;34m[1;31m (Units:  Rus )
INF : 7
ARTY : 3
[1;95m (Units:  Eng )
INF : 4
[1;33m[1;32m (Units:  USA )
INF : 2

[1;32mCentral_United_States (Owner:  USA )
[1;34m[1;31m[1;95m (Units:  Eng )
INF : 1
[1;33m[1;32m
[1;33mEast_Indies (Owner:  Jap )
[1;34m[1;31m[1;95m[1;33m (Units:  Jap )
INF : 2
[1;32m
[1;95mEastern_Australia (Owner:  Eng )
[1;34m[1;31m[1;95m (Units:  Eng )
INF : 2
[1;33m[1;32m
[1;32mEastern_United_States (Owner:  USA ) builds: 12 factory-prod: 12
[1;34m[1;31m[1;95m[1;33m[1;32m (Units:  USA )
INF : 1
FIGHTER : 1
BOMBER : 1

[1;34mGermany (Owner:  Ger ) builds: 10 factory-prod: 10
[1;34m (Units:  Ger )
INF_1_MOVES : 27
ARTY_1_MOVES : 1
TANK_2_MOVES : 2
[1;31m[1;95m[1;33m[1;32m
[1;32mHawaiian_Islands (Owner:  USA )
[1;34m[1;31m[1;95m[1;33m[1;32m (Units:  USA )
INF : 1
FIGHTER : 1

[1;95mIndia (Owner:  Eng ) builds: 1 factory-prod: 3
[1;34m[1;31m[1;95m (Units:  Eng )
INF : 2
AAGUN : 1
[1;33m[1;32m
[1;33mIwo_Jima (Owner:  Jap )
[1;34m[1;31m[1;95m[1;33m (Units:  Jap )
INF : 1
[1;32m
[1;33mJapan (Owner:  Jap ) builds: 2 factory-prod: 8
[1;34m[1;31m[1;95m[1;33m (Units:  Jap )
INF : 4
ARTY : 2
TANK : 1
FIGHTER : 1
BOMBER : 1
[1;32m
[1;34mKarelia_SSR (Owner:  Ger ) builds: 2 factory-prod: 2
[1;34m (Units:  Ger )
INF_1_MOVES : 2
TANK_2_MOVES : 1
[1;31m[1;95m[1;33m[1;32m
[1;33mKwangtung (Owner:  Jap )
[1;34m[1;31m[1;95m[1;33m (Units:  Jap )
INF : 7
ARTY : 1
[1;32m
[1;34mLibya (Owner:  Ger )
[1;34m (Units:  Ger )
TANK_2_MOVES : 1
[1;31m[1;95m[1;33m[1;32m
[1;32mMidway (Owner:  USA )
[1;34m[1;31m[1;95m[1;33m[1;32m (Units:  USA )
INF : 1

[1;33mNew_Guinea (Owner:  Jap )
[1;34m[1;31m[1;95m[1;33m (Units:  Jap )
INF : 1
[1;32m
[1;95mNew_Zealand (Owner:  Eng )
[1;34m[1;31m[1;95m (Units:  Eng )
INF : 1
[1;33m[1;32m
[1;34mNorthwestern_Europe (Owner:  Ger )
[1;34m (Units:  Ger )
FIGHTER_UNMOVED : 1
[1;31m[1;95m[1;33m[1;32m
[1;33mOkinawa (Owner:  Jap )
[1;34m[1;31m[1;95m[1;33m (Units:  Jap )
INF : 1
[1;32m
[1;95mPersia (Owner:  Eng )
[1;34m[1;31m[1;95m (Units:  Eng )
INF : 4
[1;33m[1;32m
[1;33mPhilippine_Islands (Owner:  Jap )
[1;34m[1;31m[1;95m[1;33m (Units:  Jap )
INF : 1
ARTY : 1
[1;32m
[1;31mRussia (Owner:  Rus ) builds: 3 factory-prod: 8
[1;34m[1;31m (Units:  Rus )
INF : 10
ARTY : 3
TANK : 3
[1;95m[1;33m[1;32m
[1;33mSolomon_Islands (Owner:  Jap )
[1;34m[1;31m[1;95m[1;33m (Units:  Jap )
INF : 1
[1;32m
[1;32mSzechwan (Owner:  USA )
[1;34m[1;31m[1;95m[1;33m[1;32m (Units:  USA )
FIGHTER : 1

[1;95mUnited_Kingdom (Owner:  Eng ) builds: 5 factory-prod: 8
[1;34m[1;31m[1;95m (Units:  Eng )
INF : 1
ARTY : 1
FIGHTER : 2
BOMBER : 1
[1;33m[1;32m
[1;33mWake_Island (Owner:  Jap )
[1;34m[1;31m[1;95m[1;33m (Units:  Jap )
INF : 1
[1;32m
[1;95mWestern_Australia (Owner:  Eng )
[1;34m[1;31m[1;95m (Units:  Eng )
INF : 1
[1;33m[1;32m
[1;32mWestern_United_States (Owner:  USA ) builds: 8 factory-prod: 10
[1;34m[1;31m[1;95m[1;33m[1;32m (Units:  USA )
INF : 3
FIGHTER : 1

[1;31mYakut_SSR (Owner:  Rus )
[1;34m[1;31m (Units:  Rus )
INF : 1
[1;95m[1;33m[1;32m
[1;33mYunnan (Owner:  Jap )
[1;34m[1;31m[1;95m[1;33m (Units:  Jap )
INF : 3
ARTY : 1
TANK : 1
[1;32m
[1;0mSea_3
[1;34m[1;31m[1;95m (Units:  Eng )
TRANS_EMPTY : 1
DESTROYER : 1
BATTLESHIP : 1
[1;33m[1;32m
[1;0mSea_4
[1;34m (Units:  Ger )
DESTROYER_2_MOVES : 1
[1;31m (Units:  Rus )
SUB : 1
DESTROYER : 1
[1;95m[1;33m[1;32m
[1;0mSea_5
[1;34m (Units:  Ger )
TRANS_EMPTY_UNMOVED : 1
SUB_2_MOVES : 2
DESTROYER_2_MOVES : 2
CRUISER_2_MOVES : 1
[1;31m[1;95m[1;33m[1;32m
[1;0mSea_6
[1;34m[1;31m[1;95m (Units:  Eng )
SUB : 2
DESTROYER : 3
[1;33m[1;32m
[1;0mSea_9
[1;34m (Units:  Ger )
SUB_2_MOVES : 2
[1;31m[1;95m[1;33m[1;32m
[1;0mSea_15
[1;34m (Units:  Ger )
TRANS_EMPTY_UNMOVED : 1
SUB_2_MOVES : 1
BATTLESHIP_2_MOVES : 1
[1;31m[1;95m[1;33m[1;32m
[1;0mSea_16
[1;34m[1;31m (Units:  Rus )
DESTROYER : 1
[1;95m[1;33m[1;32m
[1;0mSea_17
[1;34m[1;31m[1;95m (Units:  Eng )
TRANS_EMPTY : 1
DESTROYER : 1
CARRIER : 1
CRUISER : 1
FIGHTER : 1
[1;33m[1;32m
[1;0mSea_24
[1;34m[1;31m[1;95m (Units:  Eng )
TRANS_EMPTY : 1
DESTROYER : 1
CRUISER : 1
[1;33m[1;32m (Units:  USA )
TRANS_EMPTY : 2
DESTROYER : 1

[1;0mSea_39
[1;34m[1;31m[1;95m (Units:  Eng )
TRANS_EMPTY : 1
SUB : 1
CRUISER : 1
[1;33m[1;32m
[1;0mSea_44
[1;34m[1;31m[1;95m[1;33m (Units:  Jap )
SUB : 1
[1;32m
[1;0mSea_53
[1;34m[1;31m[1;95m[1;33m[1;32m (Units:  USA )
SUB : 1

[1;0mSea_56
[1;34m[1;31m[1;95m[1;33m[1;32m (Units:  USA )
TRANS_EMPTY : 1
DESTROYER : 2
CARRIER : 1
CRUISER : 1
BATTLESHIP : 5
FIGHTER : 1

[1;0mSea_60
[1;34m[1;31m[1;95m[1;33m (Units:  Jap )
TRANS_EMPTY : 3
[1;32m
[1;0mSea_61
[1;34m[1;31m[1;95m[1;33m (Units:  Jap )
TRANS_EMPTY : 2
DESTROYER : 3
CARRIER : 2
CRUISER : 1
BATTLESHIP : 3
FIGHTER : 3
[1;32m
[1;0m

======================================================================
PRO AI SINGLE TURN TEST (TripleA Purchase & Place)
======================================================================
Starting Player: Ger
Starting Money: 43 IPCs
Total units on board: 43
======================================================================
Enemy Attack Options (per-enemy):
Enemy: Rus
  Land: Belorussia Tanks: 3
  Land: Karelia_SSR Infantry: 3
  Land: Karelia_SSR Tanks: 3
  Land: Ukraine_SSR Infantry: 7
  Land: Ukraine_SSR Artillery: 3
  Land: Ukraine_SSR Tanks: 3
  Sea: Sea_15 Fighters: 0 Subs: 0 Destroyers: 1
Enemy: Eng
  Land: Baltic_States Fighters: 2
  Land: Baltic_States Bombers: 1
  Land: Bulgaria_Romania Bombers: 1
  Land: Germany Fighters: 2
  Land: Germany Bombers: 1
  Land: Italy Bombers: 1
  Land: Karelia_SSR Bombers: 1
  Land: Libya Fighters: 1
  Land: Northwestern_Europe Fighters: 2
  Land: Northwestern_Europe Bombers: 1
  Land: Ukraine_SSR Infantry: 4
  Sea: Sea_4 Fighters: 0 Subs: 2 Destroyers: 4
  Sea: Sea_5 Fighters: 2 Subs: 2 Destroyers: 4
  Sea: Sea_9 Fighters: 0 Subs: 2 Destroyers: 4
  Sea: Sea_15 Fighters: 3 Subs: 0 Destroyers: 1
Enemy: USA
  Land: Ukraine_SSR Infantry: 2
Enemy Attack Options (aggregated max):
  Land: Baltic_States Inf: 0 Art: 0 Tank: 0 Ftr: 2 Bmb: 1 Str: 10
  Land: Belorussia Inf: 0 Art: 0 Tank: 3 Ftr: 0 Bmb: 0 Str: 9
  Land: Bulgaria_Romania Inf: 0 Art: 0 Tank: 0 Ftr: 0 Bmb: 1 Str: 4
  Land: Germany Inf: 0 Art: 0 Tank: 0 Ftr: 2 Bmb: 1 Str: 10
  Land: Italy Inf: 0 Art: 0 Tank: 0 Ftr: 0 Bmb: 1 Str: 4
  Land: Karelia_SSR Inf: 3 Art: 0 Tank: 3 Ftr: 0 Bmb: 0 Str: 12
  Land: Libya Inf: 0 Art: 0 Tank: 0 Ftr: 1 Bmb: 0 Str: 3
  Land: Northwestern_Europe Inf: 0 Art: 0 Tank: 0 Ftr: 2 Bmb: 1 Str: 10
  Land: Ukraine_SSR Inf: 7 Art: 3 Tank: 3 Ftr: 0 Bmb: 0 Str: 22
      [SAFE] Sequential Battle Results: TUV=-26.94, Invaded%=0.0%, Battles=1
      [SAFE] Sequential Battle Results: TUV=-8.49, Invaded%=0.0%, Battles=1
      [SAFE] Sequential Battle Results: TUV=-26.94, Invaded%=0.0%, Battles=1
      [SAFE] Sequential Battle Results: TUV=0.00, Invaded%=0.0%, Battles=1
      [SAFE] Sequential Battle Results: TUV=-3.93, Invaded%=0.0%, Battles=1
      [SAFE] Sequential Battle Results: TUV=3.18, Invaded%=0.0%, Battles=1
    Possible My Target Territory: Anglo_Egyptian_Sudan_Air
      Battle Results (TUV, Invaded %):  -4.4909999999999997 ,  0
    Possible My Target Territory: Archangel_Air
      Battle Results (TUV, Invaded %):  6 ,  1
      Attack Value:  6
    Possible My Target Territory: Caucasus_Air
      Battle Results (TUV, Invaded %):  -42.058 ,  0
    Possible My Target Territory: Russia_Air
      Battle Results (TUV, Invaded %):  -38.524 ,  0
    Possible My Target Territory: United_Kingdom_Air
      Battle Results (TUV, Invaded %):  -4.1079999999999997 ,  0
Trying  Archangel

======================================================================
PRO AI TURN COMPLETE
======================================================================
Next Player: Eng
Final Money: 43 IPCs
Units Added: 11
Game Score: 0.0
======================================================================

round_num:  11
[1;95m --------------------
Current Player:  Eng
Money:  33 [1;0m 

[1;95mAnglo_Egyptian_Sudan (Owner:  Eng )
[1;95m (Units:  Eng )
INF_1_MOVES : 1
FIGHTER_UNMOVED : 1
[1;31m[1;34m[1;33m[1;32m
[1;31mArchangel (Owner:  Rus )
[1;95m[1;31m (Units:  Rus )
INF : 3
[1;34m[1;33m[1;32m
[1;34mBaltic_States (Owner:  Ger )
[1;95m[1;31m[1;34m (Units:  Ger )
INF : 2
TANK : 1
FIGHTER : 4
[1;33m[1;32m
[1;95mBelgian_Congo (Owner:  Eng )
[1;95m (Units:  Eng )
TANK_2_MOVES : 1
[1;31m[1;34m[1;33m[1;32m (Units:  USA )
INF : 2
ARTY : 1
TANK : 1

[1;33mBorneo (Owner:  Jap )
[1;95m[1;31m[1;34m[1;33m (Units:  Jap )
INF : 1
[1;32m
[1;33mCaroline_Islands (Owner:  Jap )
[1;95m[1;31m[1;34m[1;33m (Units:  Jap )
INF : 1
[1;32m
[1;31mCaucasus (Owner:  Rus ) builds: 3 factory-prod: 4
[1;95m (Units:  Eng )
INF_1_MOVES : 4
[1;31m (Units:  Rus )
INF : 7
ARTY : 3
[1;34m[1;33m[1;32m (Units:  USA )
INF : 2

[1;32mCentral_United_States (Owner:  USA )
[1;95m (Units:  Eng )
INF_1_MOVES : 1
[1;31m[1;34m[1;33m[1;32m
[1;33mEast_Indies (Owner:  Jap )
[1;95m[1;31m[1;34m[1;33m (Units:  Jap )
INF : 2
[1;32m
[1;95mEastern_Australia (Owner:  Eng )
[1;95m (Units:  Eng )
INF_1_MOVES : 2
[1;31m[1;34m[1;33m[1;32m
[1;32mEastern_United_States (Owner:  USA ) builds: 12 factory-prod: 12
[1;95m[1;31m[1;34m[1;33m[1;32m (Units:  USA )
INF : 1
FIGHTER : 1
BOMBER : 1

[1;34mGermany (Owner:  Ger ) factory-prod: 10
[1;95m[1;31m[1;34m (Units:  Ger )
INF : 43
ARTY : 1
TANK : 2
[1;33m[1;32m
[1;32mHawaiian_Islands (Owner:  USA )
[1;95m[1;31m[1;34m[1;33m[1;32m (Units:  USA )
INF : 1
FIGHTER : 1

[1;95mIndia (Owner:  Eng ) builds: 3 factory-prod: 3
[1;95m (Units:  Eng )
INF_1_MOVES : 2
AAGUN_1_MOVES : 1
[1;31m[1;34m[1;33m[1;32m
[1;33mIwo_Jima (Owner:  Jap )
[1;95m[1;31m[1;34m[1;33m (Units:  Jap )
INF : 1
[1;32m
[1;33mJapan (Owner:  Jap ) builds: 2 factory-prod: 8
[1;95m[1;31m[1;34m[1;33m (Units:  Jap )
INF : 4
ARTY : 2
TANK : 1
FIGHTER : 1
BOMBER : 1
[1;32m
[1;34mKarelia_SSR (Owner:  Ger ) factory-prod: 2
[1;95m[1;31m[1;34m (Units:  Ger )
INF : 3
TANK : 1
[1;33m[1;32m
[1;33mKwangtung (Owner:  Jap )
[1;95m[1;31m[1;34m[1;33m (Units:  Jap )
INF : 7
ARTY : 1
[1;32m
[1;32mMidway (Owner:  USA )
[1;95m[1;31m[1;34m[1;33m[1;32m (Units:  USA )
INF : 1

[1;33mNew_Guinea (Owner:  Jap )
[1;95m[1;31m[1;34m[1;33m (Units:  Jap )
INF : 1
[1;32m
[1;95mNew_Zealand (Owner:  Eng )
[1;95m (Units:  Eng )
INF_1_MOVES : 1
[1;31m[1;34m[1;33m[1;32m
[1;34mNorthwestern_Europe (Owner:  Ger )
[1;95m[1;31m[1;34m (Units:  Ger )
FIGHTER : 1
[1;33m[1;32m
[1;33mOkinawa (Owner:  Jap )
[1;95m[1;31m[1;34m[1;33m (Units:  Jap )
INF : 1
[1;32m
[1;95mPersia (Owner:  Eng )
[1;95m (Units:  Eng )
INF_1_MOVES : 4
[1;31m[1;34m[1;33m[1;32m
[1;33mPhilippine_Islands (Owner:  Jap )
[1;95m[1;31m[1;34m[1;33m (Units:  Jap )
INF : 1
ARTY : 1
[1;32m
[1;31mRussia (Owner:  Rus ) builds: 3 factory-prod: 8
[1;95m[1;31m (Units:  Rus )
INF : 10
ARTY : 3
TANK : 3
[1;34m[1;33m[1;32m
[1;33mSolomon_Islands (Owner:  Jap )
[1;95m[1;31m[1;34m[1;33m (Units:  Jap )
INF : 1
[1;32m
[1;34mSouthern_Europe (Owner:  Ger )
[1;95m[1;31m[1;34m (Units:  Ger )
TANK : 1
[1;33m[1;32m
[1;32mSzechwan (Owner:  USA )
[1;95m[1;31m[1;34m[1;33m[1;32m (Units:  USA )
FIGHTER : 1

[1;95mUnited_Kingdom (Owner:  Eng ) builds: 8 factory-prod: 8
[1;95m (Units:  Eng )
INF_1_MOVES : 1
ARTY_1_MOVES : 1
FIGHTER_UNMOVED : 2
BOMBER_UNMOVED : 1
[1;31m[1;34m[1;33m[1;32m
[1;33mWake_Island (Owner:  Jap )
[1;95m[1;31m[1;34m[1;33m (Units:  Jap )
INF : 1
[1;32m
[1;95mWestern_Australia (Owner:  Eng )
[1;95m (Units:  Eng )
INF_1_MOVES : 1
[1;31m[1;34m[1;33m[1;32m
[1;32mWestern_United_States (Owner:  USA ) builds: 8 factory-prod: 10
[1;95m[1;31m[1;34m[1;33m[1;32m (Units:  USA )
INF : 3
FIGHTER : 1

[1;31mYakut_SSR (Owner:  Rus )
[1;95m[1;31m (Units:  Rus )
INF : 1
[1;34m[1;33m[1;32m
[1;33mYunnan (Owner:  Jap )
[1;95m[1;31m[1;34m[1;33m (Units:  Jap )
INF : 3
ARTY : 1
TANK : 1
[1;32m
[1;0mSea_3
[1;95m (Units:  Eng )
TRANS_EMPTY_UNMOVED : 1
DESTROYER_2_MOVES : 1
BATTLESHIP_2_MOVES : 1
[1;31m[1;34m[1;33m[1;32m
[1;0mSea_4
[1;95m[1;31m (Units:  Rus )
SUB : 1
DESTROYER : 1
[1;34m (Units:  Ger )
DESTROYER : 1
[1;33m[1;32m
[1;0mSea_5
[1;95m[1;31m[1;34m (Units:  Ger )
TRANS_EMPTY : 1
SUB : 2
DESTROYER : 3
CRUISER : 1
[1;33m[1;32m
[1;0mSea_6
[1;95m (Units:  Eng )
SUB_2_MOVES : 2
DESTROYER_2_MOVES : 3
[1;31m[1;34m[1;33m[1;32m
[1;0mSea_9
[1;95m[1;31m[1;34m (Units:  Ger )
SUB : 2
[1;33m[1;32m
[1;0mSea_15
[1;95m[1;31m[1;34m (Units:  Ger )
TRANS_EMPTY : 1
SUB : 1
BATTLESHIP : 1
[1;33m[1;32m
[1;0mSea_16
[1;95m[1;31m (Units:  Rus )
DESTROYER : 1
[1;34m[1;33m[1;32m
[1;0mSea_17
[1;95m (Units:  Eng )
TRANS_EMPTY_UNMOVED : 1
DESTROYER_2_MOVES : 1
CARRIER_2_MOVES : 1
CRUISER_2_MOVES : 1
FIGHTER_UNMOVED : 1
[1;31m[1;34m[1;33m[1;32m
[1;0mSea_24
[1;95m (Units:  Eng )
TRANS_EMPTY_UNMOVED : 1
DESTROYER_2_MOVES : 1
CRUISER_2_MOVES : 1
[1;31m[1;34m[1;33m[1;32m (Units:  USA )
TRANS_EMPTY : 2
DESTROYER : 1

[1;0mSea_39
[1;95m (Units:  Eng )
TRANS_EMPTY_UNMOVED : 1
SUB_2_MOVES : 1
CRUISER_2_MOVES : 1
[1;31m[1;34m[1;33m[1;32m
[1;0mSea_44
[1;95m[1;31m[1;34m[1;33m (Units:  Jap )
SUB : 1
[1;32m
[1;0mSea_53
[1;95m[1;31m[1;34m[1;33m[1;32m (Units:  USA )
SUB : 1

[1;0mSea_56
[1;95m[1;31m[1;34m[1;33m[1;32m (Units:  USA )
TRANS_EMPTY : 1
DESTROYER : 2
CARRIER : 1
CRUISER : 1
BATTLESHIP : 5
FIGHTER : 1

[1;0mSea_60
[1;95m[1;31m[1;34m[1;33m (Units:  Jap )
TRANS_EMPTY : 3
[1;32m
[1;0mSea_61
[1;95m[1;31m[1;34m[1;33m (Units:  Jap )
TRANS_EMPTY : 2
DESTROYER : 3
CARRIER : 2
CRUISER : 1
BATTLESHIP : 3
FIGHTER : 3
[1;32m
[1;0m

======================================================================
PRO AI SINGLE TURN TEST (TripleA Purchase & Place)
======================================================================
Starting Player: Eng
Starting Money: 33 IPCs
Total units on board: 20
======================================================================
Enemy Attack Options (per-enemy):
Enemy: Ger
  Land: Caucasus Fighters: 4
  Land: Caucasus Tanks: 1
  Land: United_Kingdom Fighters: 1
  Sea: Sea_3 Fighters: 5 Subs: 4 Destroyers: 4
  Sea: Sea_6 Fighters: 0 Subs: 4 Destroyers: 4
  Sea: Sea_7 Fighters: 0 Subs: 4 Destroyers: 4
  Sea: Sea_8 Fighters: 0 Subs: 4 Destroyers: 3
  Sea: Sea_17 Fighters: 0 Subs: 1 Destroyers: 0
Enemy: Jap
  Land: Burma Infantry: 3
  Land: Burma Artillery: 1
  Land: Burma Tanks: 1
  Land: India Tanks: 1
  Land: Western_Australia Bombers: 1
  Sea: Sea_35 Fighters: 1 Subs: 0 Destroyers: 3
  Sea: Sea_39 Fighters: 0 Subs: 1 Destroyers: 0
Enemy Attack Options (aggregated max):
  Land: Burma Inf: 3 Art: 1 Tank: 1 Ftr: 0 Bmb: 0 Str: 8
  Land: Caucasus Inf: 0 Art: 0 Tank: 1 Ftr: 4 Bmb: 0 Str: 15
  Land: India Inf: 0 Art: 0 Tank: 1 Ftr: 0 Bmb: 0 Str: 3
  Land: United_Kingdom Inf: 0 Art: 0 Tank: 0 Ftr: 1 Bmb: 0 Str: 3
  Land: Western_Australia Inf: 0 Art: 0 Tank: 0 Ftr: 0 Bmb: 1 Str: 4
      [SAFE] Sequential Battle Results: TUV=-4.12, Invaded%=0.0%, Battles=1
      [SAFE] Sequential Battle Results: TUV=-1.53, Invaded%=0.0%, Battles=1
    Possible My Target Territory: Baltic_States_Air
      Battle Results (TUV, Invaded %):  -26.981 ,  0
    Possible My Target Territory: Germany_Air
      Battle Results (TUV, Invaded %):  -26.989999999999998 ,  0
    Possible My Target Territory: Karelia_SSR_Air
      Battle Results (TUV, Invaded %):  -9.968999999999999 ,  0
    Possible My Target Territory: Northwestern_Europe_Air
      Battle Results (TUV, Invaded %):  3.2599999999999998 ,  0

======================================================================
PRO AI TURN COMPLETE
======================================================================
Next Player: Jap
Final Money: 31 IPCs
Units Added: 3
Game Score: -0.1
======================================================================

round_num:  12
[1;33m --------------------
Current Player:  Jap
Money:  32 [1;0m 

[1;95mAnglo_Egyptian_Sudan (Owner:  Eng )
[1;33m[1;31m[1;34m[1;95m (Units:  Eng )
TANK : 1
FIGHTER : 1
[1;32m
[1;31mArchangel (Owner:  Rus )
[1;33m[1;31m (Units:  Rus )
INF : 3
[1;34m[1;95m[1;32m
[1;34mBaltic_States (Owner:  Ger )
[1;33m[1;31m[1;34m (Units:  Ger )
INF : 2
TANK : 1
FIGHTER : 4
[1;95m[1;32m
[1;95mBelgian_Congo (Owner:  Eng )
[1;33m[1;31m[1;34m[1;95m[1;32m (Units:  USA )
INF : 2
ARTY : 1
TANK : 1

[1;33mBorneo (Owner:  Jap )
[1;33m (Units:  Jap )
INF_1_MOVES : 1
[1;31m[1;34m[1;95m[1;32m
[1;33mCaroline_Islands (Owner:  Jap )
[1;33m (Units:  Jap )
INF_1_MOVES : 1
[1;31m[1;34m[1;95m[1;32m
[1;31mCaucasus (Owner:  Rus ) builds: 3 factory-prod: 4
[1;33m[1;31m (Units:  Rus )
INF : 7
ARTY : 3
[1;34m[1;95m (Units:  Eng )
INF : 4
[1;32m (Units:  USA )
INF : 2

[1;33mEast_Indies (Owner:  Jap )
[1;33m (Units:  Jap )
INF_1_MOVES : 2
[1;31m[1;34m[1;95m[1;32m
[1;95mEastern_Australia (Owner:  Eng )
[1;33m[1;31m[1;34m[1;95m (Units:  Eng )
INF : 3
[1;32m
[1;32mEastern_United_States (Owner:  USA ) builds: 12 factory-prod: 12
[1;33m[1;31m[1;34m[1;95m (Units:  Eng )
INF : 1
[1;32m (Units:  USA )
INF : 1
FIGHTER : 1
BOMBER : 1

[1;95mEgypt (Owner:  Eng )
[1;33m[1;31m[1;34m[1;95m (Units:  Eng )
INF : 1
[1;32m
[1;34mGermany (Owner:  Ger ) factory-prod: 10
[1;33m[1;31m[1;34m (Units:  Ger )
INF : 43
ARTY : 1
TANK : 2
[1;95m[1;32m
[1;32mHawaiian_Islands (Owner:  USA )
[1;33m[1;31m[1;34m[1;95m[1;32m (Units:  USA )
INF : 1
FIGHTER : 1

[1;95mIndia (Owner:  Eng ) factory-prod: 3
[1;33m[1;31m[1;34m[1;95m (Units:  Eng )
INF : 3
AAGUN : 1
[1;32m
[1;33mIwo_Jima (Owner:  Jap )
[1;33m (Units:  Jap )
INF_1_MOVES : 1
[1;31m[1;34m[1;95m[1;32m
[1;33mJapan (Owner:  Jap ) builds: 8 factory-prod: 8
[1;33m (Units:  Jap )
INF_1_MOVES : 4
ARTY_1_MOVES : 2
TANK_2_MOVES : 1
FIGHTER_UNMOVED : 1
BOMBER_UNMOVED : 1
[1;31m[1;34m[1;95m[1;32m
[1;34mKarelia_SSR (Owner:  Ger ) factory-prod: 2
[1;33m[1;31m[1;34m (Units:  Ger )
INF : 3
TANK : 1
[1;95m[1;32m
[1;33mKwangtung (Owner:  Jap )
[1;33m (Units:  Jap )
INF_1_MOVES : 7
ARTY_1_MOVES : 1
[1;31m[1;34m[1;95m[1;32m
[1;32mMidway (Owner:  USA )
[1;33m[1;31m[1;34m[1;95m[1;32m (Units:  USA )
INF : 1

[1;33mNew_Guinea (Owner:  Jap )
[1;33m (Units:  Jap )
INF_1_MOVES : 1
[1;31m[1;34m[1;95m[1;32m
[1;95mNew_Zealand (Owner:  Eng )
[1;33m[1;31m[1;34m[1;95m (Units:  Eng )
INF : 1
[1;32m
[1;34mNorthwestern_Europe (Owner:  Ger )
[1;33m[1;31m[1;34m (Units:  Ger )
FIGHTER : 1
[1;95m[1;32m
[1;33mOkinawa (Owner:  Jap )
[1;33m (Units:  Jap )
INF_1_MOVES : 1
[1;31m[1;34m[1;95m[1;32m
[1;95mPersia (Owner:  Eng )
[1;33m[1;31m[1;34m[1;95m (Units:  Eng )
INF : 2
[1;32m
[1;33mPhilippine_Islands (Owner:  Jap )
[1;33m (Units:  Jap )
INF_1_MOVES : 1
ARTY_1_MOVES : 1
[1;31m[1;34m[1;95m[1;32m
[1;31mRussia (Owner:  Rus ) builds: 3 factory-prod: 8
[1;33m[1;31m (Units:  Rus )
INF : 10
ARTY : 3
TANK : 3
[1;34m[1;95m[1;32m
[1;33mSolomon_Islands (Owner:  Jap )
[1;33m (Units:  Jap )
INF_1_MOVES : 1
[1;31m[1;34m[1;95m[1;32m
[1;34mSouthern_Europe (Owner:  Ger )
[1;33m[1;31m[1;34m (Units:  Ger )
TANK : 1
[1;95m[1;32m
[1;32mSzechwan (Owner:  USA )
[1;33m[1;31m[1;34m[1;95m[1;32m (Units:  USA )
FIGHTER : 1

[1;95mUnited_Kingdom (Owner:  Eng ) builds: 5 factory-prod: 8
[1;33m[1;31m[1;34m[1;95m (Units:  Eng )
INF : 1
ARTY : 1
FIGHTER : 2
BOMBER : 1
[1;32m
[1;33mWake_Island (Owner:  Jap )
[1;33m (Units:  Jap )
INF_1_MOVES : 1
[1;31m[1;34m[1;95m[1;32m
[1;31mWest_Russia (Owner:  Rus )
[1;33m[1;31m[1;34m[1;95m (Units:  Eng )
INF : 4
[1;32m
[1;32mWestern_United_States (Owner:  USA ) builds: 8 factory-prod: 10
[1;33m[1;31m[1;34m[1;95m[1;32m (Units:  USA )
INF : 3
FIGHTER : 1

[1;31mYakut_SSR (Owner:  Rus )
[1;33m[1;31m (Units:  Rus )
INF : 1
[1;34m[1;95m[1;32m
[1;33mYunnan (Owner:  Jap )
[1;33m (Units:  Jap )
INF_1_MOVES : 3
ARTY_1_MOVES : 1
TANK_2_MOVES : 1
[1;31m[1;34m[1;95m[1;32m
[1;0mSea_4
[1;33m[1;31m (Units:  Rus )
SUB : 1
DESTROYER : 1
[1;34m (Units:  Ger )
DESTROYER : 1
[1;95m[1;32m
[1;0mSea_5
[1;33m[1;31m[1;34m (Units:  Ger )
TRANS_EMPTY : 1
SUB : 2
DESTROYER : 3
CRUISER : 1
[1;95m[1;32m
[1;0mSea_6
[1;33m[1;31m[1;34m[1;95m (Units:  Eng )
TRANS_EMPTY : 1
SUB : 2
DESTROYER : 7
BATTLESHIP : 1
[1;32m
[1;0mSea_9
[1;33m[1;31m[1;34m (Units:  Ger )
SUB : 2
[1;95m[1;32m
[1;0mSea_15
[1;33m[1;31m[1;34m (Units:  Ger )
TRANS_EMPTY : 1
SUB : 1
BATTLESHIP : 1
[1;95m[1;32m
[1;0mSea_16
[1;33m[1;31m (Units:  Rus )
DESTROYER : 1
[1;34m[1;95m[1;32m
[1;0mSea_23
[1;33m[1;31m[1;34m[1;95m (Units:  Eng )
TRANS_EMPTY : 1
DESTROYER : 1
CRUISER : 1
[1;32m
[1;0mSea_24
[1;33m[1;31m[1;34m[1;95m[1;32m (Units:  USA )
TRANS_EMPTY : 2
DESTROYER : 1

[1;0mSea_34
[1;33m[1;31m[1;34m[1;95m (Units:  Eng )
TRANS_EMPTY : 1
DESTROYER : 1
CARRIER : 1
CRUISER : 1
FIGHTER : 1
[1;32m
[1;0mSea_39
[1;33m[1;31m[1;34m[1;95m (Units:  Eng )
SUB : 1
[1;32m
[1;0mSea_44
[1;33m (Units:  Jap )
SUB_2_MOVES : 1
[1;31m[1;34m[1;95m[1;32m
[1;0mSea_45
[1;33m[1;31m[1;34m[1;95m (Units:  Eng )
TRANS_EMPTY : 1
CRUISER : 1
[1;32m
[1;0mSea_53
[1;33m[1;31m[1;34m[1;95m[1;32m (Units:  USA )
SUB : 1

[1;0mSea_56
[1;33m[1;31m[1;34m[1;95m[1;32m (Units:  USA )
TRANS_EMPTY : 1
DESTROYER : 2
CARRIER : 1
CRUISER : 1
BATTLESHIP : 5
FIGHTER : 1

[1;0mSea_60
[1;33m (Units:  Jap )
TRANS_EMPTY_UNMOVED : 3
[1;31m[1;34m[1;95m[1;32m
[1;0mSea_61
[1;33m (Units:  Jap )
TRANS_EMPTY_UNMOVED : 2
DESTROYER_2_MOVES : 3
CARRIER_2_MOVES : 2
CRUISER_2_MOVES : 1
BATTLESHIP_2_MOVES : 3
FIGHTER_UNMOVED : 3
[1;31m[1;34m[1;95m[1;32m
[1;0m

======================================================================
PRO AI SINGLE TURN TEST (TripleA Purchase & Place)
======================================================================
Starting Player: Jap
Starting Money: 32 IPCs
Total units on board: 31
======================================================================
Enemy Attack Options (per-enemy):
Enemy: Rus
Enemy: Eng
  Sea: Sea_44 Fighters: 0 Subs: 1 Destroyers: 0
Enemy: USA
  Land: Kwangtung Fighters: 1
  Land: Solomon_Islands Fighters: 1
  Land: Wake_Island Fighters: 1
  Land: Yunnan Fighters: 1
  Sea: Sea_44 Fighters: 2 Subs: 1 Destroyers: 2
  Sea: Sea_60 Fighters: 1 Subs: 0 Destroyers: 0
  Sea: Sea_61 Fighters: 1 Subs: 0 Destroyers: 0
Enemy Attack Options (aggregated max):
  Land: Kwangtung Inf: 0 Art: 0 Tank: 0 Ftr: 1 Bmb: 0 Str: 3
  Land: Solomon_Islands Inf: 0 Art: 0 Tank: 0 Ftr: 1 Bmb: 0 Str: 3
  Land: Wake_Island Inf: 0 Art: 0 Tank: 0 Ftr: 1 Bmb: 0 Str: 3
  Land: Yunnan Inf: 0 Art: 0 Tank: 0 Ftr: 1 Bmb: 0 Str: 3
      [SAFE] Sequential Battle Results: TUV=-8.49, Invaded%=0.0%, Battles=1
      [SAFE] Sequential Battle Results: TUV=-2.89, Invaded%=0.0%, Battles=1
      [SAFE] Sequential Battle Results: TUV=-2.90, Invaded%=0.0%, Battles=1
      [SAFE] Sequential Battle Results: TUV=-8.48, Invaded%=0.0%, Battles=1
    Possible My Target Territory: India_Air
      Battle Results (TUV, Invaded %):  -4.5119999999999996 ,  0
    Possible My Target Territory: Midway_Air
      Battle Results (TUV, Invaded %):  -1.566 ,  0
    Possible My Target Territory: Szechwan_Air
      Battle Results (TUV, Invaded %):  7.969 ,  1
      Attack Value:  7.969
    Possible My Target Territory: Yakut_SSR_Air
      Battle Results (TUV, Invaded %):  -1.5149999999999999 ,  0
Trying  Szechwan

======================================================================
PRO AI TURN COMPLETE
======================================================================
Next Player: USA
Final Money: 32 IPCs
Units Added: 5
Game Score: 0.0
======================================================================

round_num:  13
[1;32m --------------------
Current Player:  USA
Money:  42 [1;0m 

[1;95mAnglo_Egyptian_Sudan (Owner:  Eng )
[1;32m[1;31m[1;34m[1;95m (Units:  Eng )
TANK : 1
FIGHTER : 1
[1;33m
[1;31mArchangel (Owner:  Rus )
[1;32m[1;31m (Units:  Rus )
INF : 3
[1;34m[1;95m[1;33m
[1;34mBaltic_States (Owner:  Ger )
[1;32m[1;31m[1;34m (Units:  Ger )
INF : 2
TANK : 1
FIGHTER : 4
[1;95m[1;33m
[1;95mBelgian_Congo (Owner:  Eng )
[1;32m (Units:  USA )
INF_1_MOVES : 2
ARTY_1_MOVES : 1
TANK_2_MOVES : 1
[1;31m[1;34m[1;95m[1;33m
[1;33mBorneo (Owner:  Jap )
[1;32m[1;31m[1;34m[1;95m[1;33m (Units:  Jap )
INF : 1

[1;33mCaroline_Islands (Owner:  Jap )
[1;32m[1;31m[1;34m[1;95m[1;33m (Units:  Jap )
INF : 1

[1;31mCaucasus (Owner:  Rus ) builds: 3 factory-prod: 4
[1;32m (Units:  USA )
INF_1_MOVES : 2
[1;31m (Units:  Rus )
INF : 7
ARTY : 3
[1;34m[1;95m (Units:  Eng )
INF : 4
[1;33m
[1;33mEast_Indies (Owner:  Jap )
[1;32m[1;31m[1;34m[1;95m[1;33m (Units:  Jap )
INF : 2

[1;95mEastern_Australia (Owner:  Eng )
[1;32m[1;31m[1;34m[1;95m (Units:  Eng )
INF : 3
[1;33m
[1;32mEastern_United_States (Owner:  USA ) builds: 12 factory-prod: 12
[1;32m (Units:  USA )
INF_1_MOVES : 1
FIGHTER_UNMOVED : 1
BOMBER_UNMOVED : 1
[1;31m[1;34m[1;95m (Units:  Eng )
INF : 1
[1;33m
[1;95mEgypt (Owner:  Eng )
[1;32m[1;31m[1;34m[1;95m (Units:  Eng )
INF : 1
[1;33m
[1;33mFrench_Indo_China_Thailand (Owner:  Jap )
[1;32m[1;31m[1;34m[1;95m[1;33m (Units:  Jap )
INF : 3
ARTY : 1
TANK : 1

[1;34mGermany (Owner:  Ger ) factory-prod: 10
[1;32m[1;31m[1;34m (Units:  Ger )
INF : 43
ARTY : 1
TANK : 2
[1;95m[1;33m
[1;32mHawaiian_Islands (Owner:  USA )
[1;32m (Units:  USA )
INF_1_MOVES : 1
FIGHTER_UNMOVED : 1
[1;31m[1;34m[1;95m[1;33m
[1;95mIndia (Owner:  Eng ) factory-prod: 3
[1;32m[1;31m[1;34m[1;95m (Units:  Eng )
INF : 3
AAGUN : 1
[1;33m
[1;33mIwo_Jima (Owner:  Jap )
[1;32m[1;31m[1;34m[1;95m[1;33m (Units:  Jap )
INF : 1

[1;33mJapan (Owner:  Jap ) builds: 2 factory-prod: 8
[1;32m[1;31m[1;34m[1;95m[1;33m (Units:  Jap )
INF : 3
TANK : 3
FIGHTER : 1
BOMBER : 1

[1;34mKarelia_SSR (Owner:  Ger ) factory-prod: 2
[1;32m[1;31m[1;34m (Units:  Ger )
INF : 3
TANK : 1
[1;95m[1;33m
[1;32mMidway (Owner:  USA )
[1;32m (Units:  USA )
INF_1_MOVES : 1
[1;31m[1;34m[1;95m[1;33m
[1;33mNew_Guinea (Owner:  Jap )
[1;32m[1;31m[1;34m[1;95m[1;33m (Units:  Jap )
INF : 1

[1;95mNew_Zealand (Owner:  Eng )
[1;32m[1;31m[1;34m[1;95m (Units:  Eng )
INF : 1
[1;33m
[1;34mNorthwestern_Europe (Owner:  Ger )
[1;32m[1;31m[1;34m (Units:  Ger )
FIGHTER : 1
[1;95m[1;33m
[1;33mOkinawa (Owner:  Jap )
[1;32m[1;31m[1;34m[1;95m[1;33m (Units:  Jap )
INF : 1

[1;95mPersia (Owner:  Eng )
[1;32m[1;31m[1;34m[1;95m (Units:  Eng )
INF : 2
[1;33m
[1;33mPhilippine_Islands (Owner:  Jap )
[1;32m[1;31m[1;34m[1;95m[1;33m (Units:  Jap )
INF : 1
ARTY : 1

[1;31mRussia (Owner:  Rus ) builds: 3 factory-prod: 8
[1;32m[1;31m (Units:  Rus )
INF : 10
ARTY : 3
TANK : 3
[1;34m[1;95m[1;33m
[1;33mSolomon_Islands (Owner:  Jap )
[1;32m[1;31m[1;34m[1;95m[1;33m (Units:  Jap )
INF : 1

[1;34mSouthern_Europe (Owner:  Ger )
[1;32m[1;31m[1;34m (Units:  Ger )
TANK : 1
[1;95m[1;33m
[1;32mSzechwan (Owner:  USA )
[1;32m (Units:  USA )
FIGHTER_UNMOVED : 1
[1;31m[1;34m[1;95m[1;33m
[1;95mUnited_Kingdom (Owner:  Eng ) builds: 5 factory-prod: 8
[1;32m[1;31m[1;34m[1;95m (Units:  Eng )
INF : 1
ARTY : 1
FIGHTER : 2
BOMBER : 1
[1;33m
[1;33mWake_Island (Owner:  Jap )
[1;32m[1;31m[1;34m[1;95m[1;33m (Units:  Jap )
INF : 1

[1;31mWest_Russia (Owner:  Rus )
[1;32m[1;31m[1;34m[1;95m (Units:  Eng )
INF : 4
[1;33m
[1;32mWestern_United_States (Owner:  USA ) builds: 10 factory-prod: 10
[1;32m (Units:  USA )
INF_1_MOVES : 3
FIGHTER_UNMOVED : 1
[1;31m[1;34m[1;95m[1;33m
[1;31mYakut_SSR (Owner:  Rus )
[1;32m[1;31m (Units:  Rus )
INF : 1
[1;34m[1;95m[1;33m
[1;33mYunnan (Owner:  Jap )
[1;32m[1;31m[1;34m[1;95m[1;33m (Units:  Jap )
INF : 10
ARTY : 3
TANK : 1

[1;0mSea_4
[1;32m[1;31m (Units:  Rus )
SUB : 1
DESTROYER : 1
[1;34m (Units:  Ger )
DESTROYER : 1
[1;95m[1;33m
[1;0mSea_5
[1;32m[1;31m[1;34m (Units:  Ger )
TRANS_EMPTY : 1
SUB : 2
DESTROYER : 3
CRUISER : 1
[1;95m[1;33m
[1;0mSea_6
[1;32m[1;31m[1;34m[1;95m (Units:  Eng )
TRANS_EMPTY : 1
SUB : 2
DESTROYER : 7
BATTLESHIP : 1
[1;33m
[1;0mSea_9
[1;32m[1;31m[1;34m (Units:  Ger )
SUB : 2
[1;95m[1;33m
[1;0mSea_15
[1;32m[1;31m[1;34m (Units:  Ger )
TRANS_EMPTY : 1
SUB : 1
BATTLESHIP : 1
[1;95m[1;33m
[1;0mSea_16
[1;32m[1;31m (Units:  Rus )
DESTROYER : 1
[1;34m[1;95m[1;33m
[1;0mSea_23
[1;32m[1;31m[1;34m[1;95m (Units:  Eng )
TRANS_EMPTY : 1
DESTROYER : 1
CRUISER : 1
[1;33m
[1;0mSea_24
[1;32m (Units:  USA )
TRANS_EMPTY_UNMOVED : 2
DESTROYER_2_MOVES : 1
[1;31m[1;34m[1;95m[1;33m
[1;0mSea_34
[1;32m[1;31m[1;34m[1;95m (Units:  Eng )
TRANS_EMPTY : 1
DESTROYER : 1
CARRIER : 1
CRUISER : 1
FIGHTER : 1
[1;33m
[1;0mSea_39
[1;32m[1;31m[1;34m[1;95m (Units:  Eng )
SUB : 1
[1;33m
[1;0mSea_44
[1;32m[1;31m[1;34m[1;95m[1;33m (Units:  Jap )
SUB : 1

[1;0mSea_45
[1;32m[1;31m[1;34m[1;95m (Units:  Eng )
TRANS_EMPTY : 1
CRUISER : 1
[1;33m
[1;0mSea_53
[1;32m (Units:  USA )
SUB_2_MOVES : 1
[1;31m[1;34m[1;95m[1;33m
[1;0mSea_56
[1;32m (Units:  USA )
TRANS_EMPTY_UNMOVED : 1
DESTROYER_2_MOVES : 2
CARRIER_2_MOVES : 1
CRUISER_2_MOVES : 1
BATTLESHIP_2_MOVES : 5
FIGHTER_UNMOVED : 1
[1;31m[1;34m[1;95m[1;33m
[1;0mSea_60
[1;32m[1;31m[1;34m[1;95m[1;33m (Units:  Jap )
TRANS_EMPTY : 2
DESTROYER : 1

[1;0mSea_61
[1;32m[1;31m[1;34m[1;95m[1;33m (Units:  Jap )
TRANS_EMPTY : 3
DESTROYER : 3
CARRIER : 2
CRUISER : 1
BATTLESHIP : 3
FIGHTER : 3

[1;0m

======================================================================
PRO AI SINGLE TURN TEST (TripleA Purchase & Place)
======================================================================
Starting Player: USA
Starting Money: 42 IPCs
Total units on board: 12
======================================================================
Enemy Attack Options (per-enemy):
Enemy: Ger
  Land: Caucasus Fighters: 4
  Sea: Sea_11 Fighters: 0 Subs: 2 Destroyers: 0
Enemy: Jap
  Land: Midway Bombers: 1
  Land: Szechwan Bombers: 1
  Land: Szechwan Infantry: 10
  Land: Szechwan Artillery: 3
  Land: Szechwan Tanks: 1
  Sea: Sea_53 Fighters: 0 Subs: 1 Destroyers: 0
  Sea: Sea_56 Fighters: 0 Subs: 1 Destroyers: 0
Enemy Attack Options (aggregated max):
  Land: Caucasus Inf: 0 Art: 0 Tank: 0 Ftr: 4 Bmb: 0 Str: 12
  Land: Midway Inf: 0 Art: 0 Tank: 0 Ftr: 0 Bmb: 1 Str: 4
  Land: Szechwan Inf: 10 Art: 3 Tank: 1 Ftr: 0 Bmb: 1 Str: 23
      [SAFE] Sequential Battle Results: TUV=-1.50, Invaded%=0.0%, Battles=1
    Possible My Target Territory: French_Indo_China_Thailand_Air
      Battle Results (TUV, Invaded %):  -8.484999999999999 ,  0
    Possible My Target Territory: Solomon_Islands_Air
      Battle Results (TUV, Invaded %):  -2.96 ,  0
    Possible My Target Territory: Wake_Island_Air
      Battle Results (TUV, Invaded %):  -2.891 ,  0
    Possible My Target Territory: Yunnan_Air
      Battle Results (TUV, Invaded %):  -8.518 ,  0

======================================================================
PRO AI TURN COMPLETE
======================================================================
Next Player: Rus
Final Money: 41 IPCs
Units Added: 0
Game Score: 0.1
======================================================================

round_num:  14
[1;31m --------------------
Current Player:  Rus
Money:  25 [1;0m 

[1;95mAnglo_Egyptian_Sudan (Owner:  Eng )
[1;31m[1;34m[1;95m (Units:  Eng )
TANK : 1
FIGHTER : 1
[1;33m[1;32m (Units:  USA )
INF : 2
ARTY : 1
TANK : 1

[1;31mArchangel (Owner:  Rus )
[1;31m (Units:  Rus )
INF_1_MOVES : 3
[1;34m[1;95m[1;33m[1;32m
[1;34mBaltic_States (Owner:  Ger )
[1;31m[1;34m (Units:  Ger )
INF : 2
TANK : 1
FIGHTER : 4
[1;95m[1;33m[1;32m
[1;33mBorneo (Owner:  Jap )
[1;31m[1;34m[1;95m[1;33m (Units:  Jap )
INF : 1
[1;32m
[1;33mCaroline_Islands (Owner:  Jap )
[1;31m[1;34m[1;95m[1;33m (Units:  Jap )
INF : 1
[1;32m
[1;31mCaucasus (Owner:  Rus ) builds: 4 factory-prod: 4
[1;31m (Units:  Rus )
INF_1_MOVES : 7
ARTY_1_MOVES : 3
[1;34m[1;95m (Units:  Eng )
INF : 4
[1;33m[1;32m
[1;33mEast_Indies (Owner:  Jap )
[1;31m[1;34m[1;95m[1;33m (Units:  Jap )
INF : 2
[1;32m
[1;95mEastern_Australia (Owner:  Eng )
[1;31m[1;34m[1;95m (Units:  Eng )
INF : 3
[1;33m[1;32m
[1;32mEastern_United_States (Owner:  USA ) builds: 9 factory-prod: 12
[1;31m[1;34m[1;95m (Units:  Eng )
INF : 1
[1;33m[1;32m (Units:  USA )
INF : 1
FIGHTER : 1
BOMBER : 1

[1;95mEgypt (Owner:  Eng )
[1;31m[1;34m[1;95m (Units:  Eng )
INF : 1
[1;33m[1;32m
[1;33mFrench_Indo_China_Thailand (Owner:  Jap )
[1;31m[1;34m[1;95m[1;33m (Units:  Jap )
INF : 3
ARTY : 1
TANK : 1
[1;32m
[1;34mGermany (Owner:  Ger ) factory-prod: 10
[1;31m[1;34m (Units:  Ger )
INF : 43
ARTY : 1
TANK : 2
[1;95m[1;33m[1;32m
[1;32mHawaiian_Islands (Owner:  USA )
[1;31m[1;34m[1;95m[1;33m[1;32m (Units:  USA )
INF : 1
FIGHTER : 1

[1;95mIndia (Owner:  Eng ) factory-prod: 3
[1;31m[1;34m[1;95m (Units:  Eng )
INF : 3
AAGUN : 1
[1;33m[1;32m
[1;33mIwo_Jima (Owner:  Jap )
[1;31m[1;34m[1;95m[1;33m (Units:  Jap )
INF : 1
[1;32m
[1;33mJapan (Owner:  Jap ) builds: 2 factory-prod: 8
[1;31m[1;34m[1;95m[1;33m (Units:  Jap )
INF : 3
TANK : 3
FIGHTER : 1
BOMBER : 1
[1;32m
[1;34mKarelia_SSR (Owner:  Ger ) factory-prod: 2
[1;31m[1;34m (Units:  Ger )
INF : 3
TANK : 1
[1;95m[1;33m[1;32m
[1;32mMidway (Owner:  USA )
[1;31m[1;34m[1;95m[1;33m[1;32m (Units:  USA )
INF : 1

[1;33mNew_Guinea (Owner:  Jap )
[1;31m[1;34m[1;95m[1;33m (Units:  Jap )
INF : 1
[1;32m
[1;95mNew_Zealand (Owner:  Eng )
[1;31m[1;34m[1;95m (Units:  Eng )
INF : 1
[1;33m[1;32m
[1;34mNorthwestern_Europe (Owner:  Ger )
[1;31m[1;34m (Units:  Ger )
FIGHTER : 1
[1;95m[1;33m[1;32m
[1;33mOkinawa (Owner:  Jap )
[1;31m[1;34m[1;95m[1;33m (Units:  Jap )
INF : 1
[1;32m
[1;95mPersia (Owner:  Eng )
[1;31m[1;34m[1;95m (Units:  Eng )
INF : 2
[1;33m[1;32m
[1;33mPhilippine_Islands (Owner:  Jap )
[1;31m[1;34m[1;95m[1;33m (Units:  Jap )
INF : 1
ARTY : 1
[1;32m
[1;31mRussia (Owner:  Rus ) builds: 8 factory-prod: 8
[1;31m (Units:  Rus )
INF_1_MOVES : 10
ARTY_1_MOVES : 3
TANK_2_MOVES : 3
[1;34m[1;95m[1;33m[1;32m
[1;33mSolomon_Islands (Owner:  Jap )
[1;31m[1;34m[1;95m[1;33m (Units:  Jap )
INF : 1
[1;32m
[1;34mSouthern_Europe (Owner:  Ger )
[1;31m[1;34m (Units:  Ger )
TANK : 1
[1;95m[1;33m[1;32m
[1;32mSzechwan (Owner:  USA )
[1;31m[1;34m[1;95m[1;33m[1;32m (Units:  USA )
FIGHTER : 1

[1;95mUnited_Kingdom (Owner:  Eng ) builds: 5 factory-prod: 8
[1;31m[1;34m[1;95m (Units:  Eng )
INF : 1
ARTY : 1
FIGHTER : 2
BOMBER : 1
[1;33m[1;32m
[1;33mWake_Island (Owner:  Jap )
[1;31m[1;34m[1;95m[1;33m (Units:  Jap )
INF : 1
[1;32m
[1;31mWest_Russia (Owner:  Rus )
[1;31m[1;34m[1;95m (Units:  Eng )
INF : 4
[1;33m[1;32m (Units:  USA )
INF : 2

[1;32mWestern_United_States (Owner:  USA ) builds: 9 factory-prod: 10
[1;31m[1;34m[1;95m[1;33m[1;32m (Units:  USA )
INF : 3
FIGHTER : 1

[1;31mYakut_SSR (Owner:  Rus )
[1;31m (Units:  Rus )
INF_1_MOVES : 1
[1;34m[1;95m[1;33m[1;32m
[1;33mYunnan (Owner:  Jap )
[1;31m[1;34m[1;95m[1;33m (Units:  Jap )
INF : 10
ARTY : 3
TANK : 1
[1;32m
[1;0mSea_4
[1;31m (Units:  Rus )
SUB_2_MOVES : 1
DESTROYER_2_MOVES : 1
[1;34m (Units:  Ger )
DESTROYER : 1
[1;95m[1;33m[1;32m
[1;0mSea_5
[1;31m[1;34m (Units:  Ger )
TRANS_EMPTY : 1
SUB : 2
DESTROYER : 3
CRUISER : 1
[1;95m[1;33m[1;32m
[1;0mSea_6
[1;31m[1;34m[1;95m (Units:  Eng )
TRANS_EMPTY : 1
SUB : 2
DESTROYER : 7
BATTLESHIP : 1
[1;33m[1;32m
[1;0mSea_9
[1;31m[1;34m (Units:  Ger )
SUB : 2
[1;95m[1;33m[1;32m
[1;0mSea_11
[1;31m[1;34m[1;95m[1;33m[1;32m (Units:  USA )
SUB : 1
DESTROYER : 1
BATTLESHIP : 1

[1;0mSea_15
[1;31m[1;34m (Units:  Ger )
TRANS_EMPTY : 1
SUB : 1
BATTLESHIP : 1
[1;95m[1;33m[1;32m
[1;0mSea_16
[1;31m (Units:  Rus )
DESTROYER_2_MOVES : 1
[1;34m[1;95m[1;33m[1;32m
[1;0mSea_23
[1;31m[1;34m[1;95m (Units:  Eng )
TRANS_EMPTY : 1
DESTROYER : 1
CRUISER : 1
[1;33m[1;32m (Units:  USA )
TRANS_EMPTY : 2
DESTROYER : 1

[1;0mSea_34
[1;31m[1;34m[1;95m (Units:  Eng )
TRANS_EMPTY : 1
DESTROYER : 1
CARRIER : 1
CRUISER : 1
FIGHTER : 1
[1;33m[1;32m
[1;0mSea_39
[1;31m[1;34m[1;95m (Units:  Eng )
SUB : 1
[1;33m[1;32m
[1;0mSea_44
[1;31m[1;34m[1;95m[1;33m (Units:  Jap )
SUB : 1
[1;32m
[1;0mSea_45
[1;31m[1;34m[1;95m (Units:  Eng )
TRANS_EMPTY : 1
CRUISER : 1
[1;33m[1;32m
[1;0mSea_53
[1;31m[1;34m[1;95m[1;33m[1;32m (Units:  USA )
SUB : 1

[1;0mSea_56
[1;31m[1;34m[1;95m[1;33m[1;32m (Units:  USA )
TRANS_EMPTY : 2
DESTROYER : 2
CARRIER : 1
CRUISER : 1
BATTLESHIP : 5
FIGHTER : 1

[1;0mSea_60
[1;31m[1;34m[1;95m[1;33m (Units:  Jap )
TRANS_EMPTY : 2
DESTROYER : 1
[1;32m
[1;0mSea_61
[1;31m[1;34m[1;95m[1;33m (Units:  Jap )
TRANS_EMPTY : 3
DESTROYER : 3
CARRIER : 2
CRUISER : 1
BATTLESHIP : 3
FIGHTER : 3
[1;32m
[1;0m

======================================================================
PRO AI SINGLE TURN TEST (TripleA Purchase & Place)
======================================================================
Starting Player: Rus
Starting Money: 25 IPCs
Total units on board: 30
======================================================================
Enemy Attack Options (per-enemy):
Enemy: Ger
  Land: Archangel Fighters: 5
  Land: Archangel Infantry: 3
  Land: Archangel Tanks: 1
  Land: Caucasus Fighters: 4
  Land: Russia Fighters: 4
  Land: West_Russia Fighters: 5
  Land: West_Russia Infantry: 3
  Land: West_Russia Tanks: 2
  Sea: Sea_4 Fighters: 5 Subs: 0 Destroyers: 0
  Sea: Sea_16 Fighters: 0 Subs: 1 Destroyers: 0
Enemy: Jap
  Land: Yakut_SSR Bombers: 1
Enemy Attack Options (aggregated max):
  Land: Archangel Inf: 3 Art: 0 Tank: 1 Ftr: 5 Bmb: 0 Str: 21
  Land: Caucasus Inf: 0 Art: 0 Tank: 0 Ftr: 4 Bmb: 0 Str: 12
  Land: Russia Inf: 0 Art: 0 Tank: 0 Ftr: 4 Bmb: 0 Str: 12
  Land: West_Russia Inf: 3 Art: 0 Tank: 2 Ftr: 5 Bmb: 0 Str: 24
  Land: Yakut_SSR Inf: 0 Art: 0 Tank: 0 Ftr: 0 Bmb: 1 Str: 4
      [SAFE] Sequential Battle Results: TUV=-34.00, Invaded%=0.0%, Battles=1
      [SAFE] Sequential Battle Results: TUV=-34.00, Invaded%=0.0%, Battles=1
      [SAFE] Sequential Battle Results: TUV=-1.61, Invaded%=0.0%, Battles=1
    Possible My Target Territory: Karelia_SSR_Air
      Battle Results (TUV, Invaded %):  7.3559999999999999 ,  1
      Attack Value:  23.356
Trying  Karelia_SSR
Starting combat round  0  for land  Karelia_SSR
Starting combat round  1  for land  Karelia_SSR

======================================================================
PRO AI TURN COMPLETE
======================================================================
Next Player: Ger
Final Money: 25 IPCs
Units Added: 4
Game Score: -0.1
======================================================================

round_num:  15
[1;34m --------------------
Current Player:  Ger
Money:  43 [1;0m 

[1;95mAnglo_Egyptian_Sudan (Owner:  Eng )
[1;34m[1;31m[1;95m (Units:  Eng )
TANK : 1
FIGHTER : 1
[1;33m[1;32m (Units:  USA )
INF : 2
ARTY : 1
TANK : 1

[1;34mBaltic_States (Owner:  Ger )
[1;34m (Units:  Ger )
INF_1_MOVES : 2
TANK_2_MOVES : 1
FIGHTER_UNMOVED : 4
[1;31m[1;95m[1;33m[1;32m
[1;33mBorneo (Owner:  Jap )
[1;34m[1;31m[1;95m[1;33m (Units:  Jap )
INF : 1
[1;32m
[1;33mCaroline_Islands (Owner:  Jap )
[1;34m[1;31m[1;95m[1;33m (Units:  Jap )
INF : 1
[1;32m
[1;31mCaucasus (Owner:  Rus ) builds: 3 factory-prod: 4
[1;34m[1;31m (Units:  Rus )
INF : 10
ARTY : 3
TANK : 2
[1;95m (Units:  Eng )
INF : 4
[1;33m[1;32m
[1;33mEast_Indies (Owner:  Jap )
[1;34m[1;31m[1;95m[1;33m (Units:  Jap )
INF : 2
[1;32m
[1;95mEastern_Australia (Owner:  Eng )
[1;34m[1;31m[1;95m (Units:  Eng )
INF : 3
[1;33m[1;32m
[1;32mEastern_United_States (Owner:  USA ) builds: 9 factory-prod: 12
[1;34m[1;31m[1;95m (Units:  Eng )
INF : 1
[1;33m[1;32m (Units:  USA )
INF : 1
FIGHTER : 1
BOMBER : 1

[1;95mEgypt (Owner:  Eng )
[1;34m[1;31m[1;95m (Units:  Eng )
INF : 1
[1;33m[1;32m
[1;33mFrench_Indo_China_Thailand (Owner:  Jap )
[1;34m[1;31m[1;95m[1;33m (Units:  Jap )
INF : 3
ARTY : 1
TANK : 1
[1;32m
[1;34mGermany (Owner:  Ger ) builds: 10 factory-prod: 10
[1;34m (Units:  Ger )
INF_1_MOVES : 43
ARTY_1_MOVES : 1
TANK_2_MOVES : 2
[1;31m[1;95m[1;33m[1;32m
[1;32mHawaiian_Islands (Owner:  USA )
[1;34m[1;31m[1;95m[1;33m[1;32m (Units:  USA )
INF : 1
FIGHTER : 1

[1;95mIndia (Owner:  Eng ) factory-prod: 3
[1;34m[1;31m[1;95m (Units:  Eng )
INF : 3
AAGUN : 1
[1;33m[1;32m
[1;33mIwo_Jima (Owner:  Jap )
[1;34m[1;31m[1;95m[1;33m (Units:  Jap )
INF : 1
[1;32m
[1;33mJapan (Owner:  Jap ) builds: 2 factory-prod: 8
[1;34m[1;31m[1;95m[1;33m (Units:  Jap )
INF : 3
TANK : 3
FIGHTER : 1
BOMBER : 1
[1;32m
[1;34mKarelia_SSR (Owner:  Ger ) builds: 2 factory-prod: 2
[1;34m (Units:  Ger )
INF_1_MOVES : 2
TANK_2_MOVES : 1
[1;31m[1;95m[1;33m[1;32m
[1;32mMidway (Owner:  USA )
[1;34m[1;31m[1;95m[1;33m[1;32m (Units:  USA )
INF : 1

[1;33mNew_Guinea (Owner:  Jap )
[1;34m[1;31m[1;95m[1;33m (Units:  Jap )
INF : 1
[1;32m
[1;95mNew_Zealand (Owner:  Eng )
[1;34m[1;31m[1;95m (Units:  Eng )
INF : 1
[1;33m[1;32m
[1;34mNorthwestern_Europe (Owner:  Ger )
[1;34m (Units:  Ger )
FIGHTER_UNMOVED : 1
[1;31m[1;95m[1;33m[1;32m
[1;33mOkinawa (Owner:  Jap )
[1;34m[1;31m[1;95m[1;33m (Units:  Jap )
INF : 1
[1;32m
[1;95mPersia (Owner:  Eng )
[1;34m[1;31m[1;95m (Units:  Eng )
INF : 2
[1;33m[1;32m
[1;33mPhilippine_Islands (Owner:  Jap )
[1;34m[1;31m[1;95m[1;33m (Units:  Jap )
INF : 1
ARTY : 1
[1;32m
[1;31mRussia (Owner:  Rus ) builds: 2 factory-prod: 8
[1;34m[1;31m (Units:  Rus )
INF : 15
ARTY : 3
[1;95m[1;33m[1;32m
[1;33mSolomon_Islands (Owner:  Jap )
[1;34m[1;31m[1;95m[1;33m (Units:  Jap )
INF : 1
[1;32m
[1;34mSouthern_Europe (Owner:  Ger )
[1;34m (Units:  Ger )
TANK_2_MOVES : 1
[1;31m[1;95m[1;33m[1;32m
[1;32mSzechwan (Owner:  USA )
[1;34m[1;31m[1;95m[1;33m[1;32m (Units:  USA )
FIGHTER : 1

[1;95mUnited_Kingdom (Owner:  Eng ) builds: 5 factory-prod: 8
[1;34m[1;31m[1;95m (Units:  Eng )
INF : 1
ARTY : 1
FIGHTER : 2
BOMBER : 1
[1;33m[1;32m
[1;33mWake_Island (Owner:  Jap )
[1;34m[1;31m[1;95m[1;33m (Units:  Jap )
INF : 1
[1;32m
[1;31mWest_Russia (Owner:  Rus )
[1;34m[1;31m[1;95m (Units:  Eng )
INF : 4
[1;33m[1;32m (Units:  USA )
INF : 2

[1;32mWestern_United_States (Owner:  USA ) builds: 9 factory-prod: 10
[1;34m[1;31m[1;95m[1;33m[1;32m (Units:  USA )
INF : 3
FIGHTER : 1

[1;31mYakut_SSR (Owner:  Rus )
[1;34m[1;31m (Units:  Rus )
INF : 1
[1;95m[1;33m[1;32m
[1;33mYunnan (Owner:  Jap )
[1;34m[1;31m[1;95m[1;33m (Units:  Jap )
INF : 10
ARTY : 3
TANK : 1
[1;32m
[1;0mSea_4
[1;34m (Units:  Ger )
DESTROYER_2_MOVES : 1
[1;31m (Units:  Rus )
SUB : 1
DESTROYER : 1
[1;95m[1;33m[1;32m
[1;0mSea_5
[1;34m (Units:  Ger )
TRANS_EMPTY_UNMOVED : 1
SUB_2_MOVES : 2
DESTROYER_2_MOVES : 3
CRUISER_2_MOVES : 1
[1;31m[1;95m[1;33m[1;32m
[1;0mSea_6
[1;34m[1;31m[1;95m (Units:  Eng )
TRANS_EMPTY : 1
SUB : 2
DESTROYER : 7
BATTLESHIP : 1
[1;33m[1;32m
[1;0mSea_9
[1;34m (Units:  Ger )
SUB_2_MOVES : 2
[1;31m[1;95m[1;33m[1;32m
[1;0mSea_11
[1;34m[1;31m[1;95m[1;33m[1;32m (Units:  USA )
SUB : 1
DESTROYER : 1
BATTLESHIP : 1

[1;0mSea_15
[1;34m (Units:  Ger )
TRANS_EMPTY_UNMOVED : 1
SUB_2_MOVES : 1
BATTLESHIP_2_MOVES : 1
[1;31m[1;95m[1;33m[1;32m
[1;0mSea_16
[1;34m[1;31m (Units:  Rus )
SUB : 1
DESTROYER : 1
[1;95m[1;33m[1;32m
[1;0mSea_23
[1;34m[1;31m[1;95m (Units:  Eng )
TRANS_EMPTY : 1
DESTROYER : 1
CRUISER : 1
[1;33m[1;32m (Units:  USA )
TRANS_EMPTY : 2
DESTROYER : 1

[1;0mSea_34
[1;34m[1;31m[1;95m (Units:  Eng )
TRANS_EMPTY : 1
DESTROYER : 1
CARRIER : 1
CRUISER : 1
FIGHTER : 1
[1;33m[1;32m
[1;0mSea_39
[1;34m[1;31m[1;95m (Units:  Eng )
SUB : 1
[1;33m[1;32m
[1;0mSea_44
[1;34m[1;31m[1;95m[1;33m (Units:  Jap )
SUB : 1
[1;32m
[1;0mSea_45
[1;34m[1;31m[1;95m (Units:  Eng )
TRANS_EMPTY : 1
CRUISER : 1
[1;33m[1;32m
[1;0mSea_53
[1;34m[1;31m[1;95m[1;33m[1;32m (Units:  USA )
SUB : 1

[1;0mSea_56
[1;34m[1;31m[1;95m[1;33m[1;32m (Units:  USA )
TRANS_EMPTY : 2
DESTROYER : 2
CARRIER : 1
CRUISER : 1
BATTLESHIP : 5
FIGHTER : 1

[1;0mSea_60
[1;34m[1;31m[1;95m[1;33m (Units:  Jap )
TRANS_EMPTY : 2
DESTROYER : 1
[1;32m
[1;0mSea_61
[1;34m[1;31m[1;95m[1;33m (Units:  Jap )
TRANS_EMPTY : 3
DESTROYER : 3
CARRIER : 2
CRUISER : 1
BATTLESHIP : 3
FIGHTER : 3
[1;32m
[1;0m

======================================================================
PRO AI SINGLE TURN TEST (TripleA Purchase & Place)
======================================================================
Starting Player: Ger
Starting Money: 43 IPCs
Total units on board: 53
======================================================================
Enemy Attack Options (per-enemy):
Enemy: Rus
  Land: Belorussia Tanks: 2
  Land: Bulgaria_Romania Tanks: 2
  Land: Poland Tanks: 2
  Land: Ukraine_SSR Infantry: 10
  Land: Ukraine_SSR Artillery: 3
  Land: Ukraine_SSR Tanks: 2
  Sea: Sea_15 Fighters: 0 Subs: 1 Destroyers: 1
Enemy: Eng
  Land: Baltic_States Fighters: 2
  Land: Baltic_States Bombers: 1
  Land: Belorussia Infantry: 4
  Land: Germany Fighters: 2
  Land: Germany Bombers: 1
  Land: Italy Bombers: 1
  Land: Karelia_SSR Bombers: 1
  Land: Karelia_SSR Infantry: 4
  Land: Libya Infantry: 1
  Land: Northwestern_Europe Fighters: 2
  Land: Northwestern_Europe Bombers: 1
  Land: Ukraine_SSR Infantry: 8
  Sea: Sea_4 Fighters: 0 Subs: 2 Destroyers: 7
  Sea: Sea_5 Fighters: 2 Subs: 2 Destroyers: 7
  Sea: Sea_9 Fighters: 0 Subs: 2 Destroyers: 8
  Sea: Sea_15 Fighters: 3 Subs: 0 Destroyers: 1
Enemy: USA
  Land: Belorussia Infantry: 2
  Land: Karelia_SSR Infantry: 2
  Land: Ukraine_SSR Infantry: 2
  Sea: Sea_9 Fighters: 0 Subs: 1 Destroyers: 2
Enemy Attack Options (aggregated max):
  Land: Baltic_States Inf: 0 Art: 0 Tank: 0 Ftr: 2 Bmb: 1 Str: 10
  Land: Belorussia Inf: 0 Art: 0 Tank: 2 Ftr: 0 Bmb: 0 Str: 6
  Land: Bulgaria_Romania Inf: 0 Art: 0 Tank: 2 Ftr: 0 Bmb: 0 Str: 6
  Land: Germany Inf: 0 Art: 0 Tank: 0 Ftr: 2 Bmb: 1 Str: 10
  Land: Italy Inf: 0 Art: 0 Tank: 0 Ftr: 0 Bmb: 1 Str: 4
  Land: Karelia_SSR Inf: 4 Art: 0 Tank: 0 Ftr: 0 Bmb: 1 Str: 8
  Land: Libya Inf: 1 Art: 0 Tank: 0 Ftr: 0 Bmb: 0 Str: 1
  Land: Northwestern_Europe Inf: 0 Art: 0 Tank: 0 Ftr: 2 Bmb: 1 Str: 10
  Land: Poland Inf: 0 Art: 0 Tank: 2 Ftr: 0 Bmb: 0 Str: 6
  Land: Ukraine_SSR Inf: 10 Art: 3 Tank: 2 Ftr: 0 Bmb: 0 Str: 22
      [SAFE] Sequential Battle Results: TUV=-27.00, Invaded%=0.0%, Battles=1
      [SAFE] Sequential Battle Results: TUV=-26.99, Invaded%=0.0%, Battles=1
      [SAFE] Sequential Battle Results: TUV=0.00, Invaded%=0.0%, Battles=1
      [SAFE] Sequential Battle Results: TUV=3.24, Invaded%=0.0%, Battles=1
    Possible My Target Territory: Caucasus_Air
      Battle Results (TUV, Invaded %):  -34 ,  0
    Possible My Target Territory: Russia_Air
      Battle Results (TUV, Invaded %):  -38.524 ,  0
    Possible My Target Territory: United_Kingdom_Air
      Battle Results (TUV, Invaded %):  -4.12 ,  0
    Possible My Target Territory: West_Russia_Air
      Battle Results (TUV, Invaded %):  7.674 ,  1
      Attack Value:  7.674
Trying  West_Russia
Simulated battle results:  Battle_Results{avg_TUV_swing = -17.244, invaded_percent = 0, avg_survivor_def_power = 0}

======================================================================
PRO AI TURN COMPLETE
======================================================================
Next Player: Eng
Final Money: 43 IPCs
Units Added: 11
Game Score: 0.0
======================================================================

round_num:  16
[1;95m --------------------
Current Player:  Eng
Money:  31 [1;0m 

[1;95mAnglo_Egyptian_Sudan (Owner:  Eng )
[1;95m (Units:  Eng )
TANK_2_MOVES : 1
FIGHTER_UNMOVED : 1
[1;31m[1;34m[1;33m[1;32m (Units:  USA )
INF : 2
ARTY : 1
TANK : 1

[1;34mBaltic_States (Owner:  Ger )
[1;95m[1;31m[1;34m (Units:  Ger )
INF : 2
TANK : 1
FIGHTER : 4
[1;33m[1;32m
[1;33mBorneo (Owner:  Jap )
[1;95m[1;31m[1;34m[1;33m (Units:  Jap )
INF : 1
[1;32m
[1;33mCaroline_Islands (Owner:  Jap )
[1;95m[1;31m[1;34m[1;33m (Units:  Jap )
INF : 1
[1;32m
[1;31mCaucasus (Owner:  Rus ) builds: 3 factory-prod: 4
[1;95m (Units:  Eng )
INF_1_MOVES : 4
[1;31m (Units:  Rus )
INF : 10
ARTY : 3
TANK : 2
[1;34m[1;33m[1;32m
[1;33mEast_Indies (Owner:  Jap )
[1;95m[1;31m[1;34m[1;33m (Units:  Jap )
INF : 2
[1;32m
[1;95mEastern_Australia (Owner:  Eng )
[1;95m (Units:  Eng )
INF_1_MOVES : 3
[1;31m[1;34m[1;33m[1;32m
[1;32mEastern_United_States (Owner:  USA ) builds: 9 factory-prod: 12
[1;95m (Units:  Eng )
INF_1_MOVES : 1
[1;31m[1;34m[1;33m[1;32m (Units:  USA )
INF : 1
FIGHTER : 1
BOMBER : 1

[1;95mEgypt (Owner:  Eng )
[1;95m (Units:  Eng )
INF_1_MOVES : 1
[1;31m[1;34m[1;33m[1;32m
[1;33mFrench_Indo_China_Thailand (Owner:  Jap )
[1;95m[1;31m[1;34m[1;33m (Units:  Jap )
INF : 3
ARTY : 1
TANK : 1
[1;32m
[1;34mGermany (Owner:  Ger ) factory-prod: 10
[1;95m[1;31m[1;34m (Units:  Ger )
INF : 53
ARTY : 1
TANK : 2
[1;33m[1;32m
[1;32mHawaiian_Islands (Owner:  USA )
[1;95m[1;31m[1;34m[1;33m[1;32m (Units:  USA )
INF : 1
FIGHTER : 1

[1;95mIndia (Owner:  Eng ) builds: 3 factory-prod: 3
[1;95m (Units:  Eng )
INF_1_MOVES : 3
AAGUN_1_MOVES : 1
[1;31m[1;34m[1;33m[1;32m
[1;33mIwo_Jima (Owner:  Jap )
[1;95m[1;31m[1;34m[1;33m (Units:  Jap )
INF : 1
[1;32m
[1;33mJapan (Owner:  Jap ) builds: 2 factory-prod: 8
[1;95m[1;31m[1;34m[1;33m (Units:  Jap )
INF : 3
TANK : 3
FIGHTER : 1
BOMBER : 1
[1;32m
[1;34mKarelia_SSR (Owner:  Ger ) factory-prod: 2
[1;95m[1;31m[1;34m (Units:  Ger )
INF : 3
TANK : 1
[1;33m[1;32m
[1;32mMidway (Owner:  USA )
[1;95m[1;31m[1;34m[1;33m[1;32m (Units:  USA )
INF : 1

[1;33mNew_Guinea (Owner:  Jap )
[1;95m[1;31m[1;34m[1;33m (Units:  Jap )
INF : 1
[1;32m
[1;95mNew_Zealand (Owner:  Eng )
[1;95m (Units:  Eng )
INF_1_MOVES : 1
[1;31m[1;34m[1;33m[1;32m
[1;34mNorthwestern_Europe (Owner:  Ger )
[1;95m[1;31m[1;34m (Units:  Ger )
FIGHTER : 1
[1;33m[1;32m
[1;33mOkinawa (Owner:  Jap )
[1;95m[1;31m[1;34m[1;33m (Units:  Jap )
INF : 1
[1;32m
[1;95mPersia (Owner:  Eng )
[1;95m (Units:  Eng )
INF_1_MOVES : 2
[1;31m[1;34m[1;33m[1;32m
[1;33mPhilippine_Islands (Owner:  Jap )
[1;95m[1;31m[1;34m[1;33m (Units:  Jap )
INF : 1
ARTY : 1
[1;32m
[1;31mRussia (Owner:  Rus ) builds: 2 factory-prod: 8
[1;95m[1;31m (Units:  Rus )
INF : 15
ARTY : 3
[1;34m[1;33m[1;32m
[1;33mSolomon_Islands (Owner:  Jap )
[1;95m[1;31m[1;34m[1;33m (Units:  Jap )
INF : 1
[1;32m
[1;34mSouthern_Europe (Owner:  Ger )
[1;95m[1;31m[1;34m (Units:  Ger )
TANK : 1
[1;33m[1;32m
[1;32mSzechwan (Owner:  USA )
[1;95m[1;31m[1;34m[1;33m[1;32m (Units:  USA )
FIGHTER : 1

[1;95mUnited_Kingdom (Owner:  Eng ) builds: 8 factory-prod: 8
[1;95m (Units:  Eng )
INF_1_MOVES : 1
ARTY_1_MOVES : 1
FIGHTER_UNMOVED : 2
BOMBER_UNMOVED : 1
[1;31m[1;34m[1;33m[1;32m
[1;33mWake_Island (Owner:  Jap )
[1;95m[1;31m[1;34m[1;33m (Units:  Jap )
INF : 1
[1;32m
[1;31mWest_Russia (Owner:  Rus )
[1;95m (Units:  Eng )
INF_1_MOVES : 4
[1;31m[1;34m[1;33m[1;32m (Units:  USA )
INF : 2

[1;32mWestern_United_States (Owner:  USA ) builds: 9 factory-prod: 10
[1;95m[1;31m[1;34m[1;33m[1;32m (Units:  USA )
INF : 3
FIGHTER : 1

[1;31mYakut_SSR (Owner:  Rus )
[1;95m[1;31m (Units:  Rus )
INF : 1
[1;34m[1;33m[1;32m
[1;33mYunnan (Owner:  Jap )
[1;95m[1;31m[1;34m[1;33m (Units:  Jap )
INF : 10
ARTY : 3
TANK : 1
[1;32m
[1;0mSea_4
[1;95m[1;31m (Units:  Rus )
SUB : 1
DESTROYER : 1
[1;34m (Units:  Ger )
DESTROYER : 1
[1;33m[1;32m
[1;0mSea_5
[1;95m[1;31m[1;34m (Units:  Ger )
TRANS_EMPTY : 1
SUB : 2
DESTROYER : 4
CRUISER : 1
[1;33m[1;32m
[1;0mSea_6
[1;95m (Units:  Eng )
TRANS_EMPTY_UNMOVED : 1
SUB_2_MOVES : 2
DESTROYER_2_MOVES : 7
BATTLESHIP_2_MOVES : 1
[1;31m[1;34m[1;33m[1;32m
[1;0mSea_9
[1;95m[1;31m[1;34m (Units:  Ger )
SUB : 2
[1;33m[1;32m
[1;0mSea_11
[1;95m[1;31m[1;34m[1;33m[1;32m (Units:  USA )
SUB : 1
DESTROYER : 1
BATTLESHIP : 1

[1;0mSea_15
[1;95m[1;31m[1;34m (Units:  Ger )
SUB : 1
[1;33m[1;32m
[1;0mSea_16
[1;95m[1;31m (Units:  Rus )
SUB : 1
DESTROYER : 1
[1;34m[1;33m[1;32m
[1;0mSea_17
[1;95m[1;31m[1;34m (Units:  Ger )
TRANS_EMPTY : 1
BATTLESHIP : 1
[1;33m[1;32m
[1;0mSea_23
[1;95m (Units:  Eng )
TRANS_EMPTY_UNMOVED : 1
DESTROYER_2_MOVES : 1
CRUISER_2_MOVES : 1
[1;31m[1;34m[1;33m[1;32m (Units:  USA )
TRANS_EMPTY : 2
DESTROYER : 1

[1;0mSea_34
[1;95m (Units:  Eng )
TRANS_EMPTY_UNMOVED : 1
DESTROYER_2_MOVES : 1
CARRIER_2_MOVES : 1
CRUISER_2_MOVES : 1
FIGHTER_UNMOVED : 1
[1;31m[1;34m[1;33m[1;32m
[1;0mSea_39
[1;95m (Units:  Eng )
SUB_2_MOVES : 1
[1;31m[1;34m[1;33m[1;32m
[1;0mSea_44
[1;95m[1;31m[1;34m[1;33m (Units:  Jap )
SUB : 1
[1;32m
[1;0mSea_45
[1;95m (Units:  Eng )
TRANS_EMPTY_UNMOVED : 1
CRUISER_2_MOVES : 1
[1;31m[1;34m[1;33m[1;32m
[1;0mSea_53
[1;95m[1;31m[1;34m[1;33m[1;32m (Units:  USA )
SUB : 1

[1;0mSea_56
[1;95m[1;31m[1;34m[1;33m[1;32m (Units:  USA )
TRANS_EMPTY : 2
DESTROYER : 2
CARRIER : 1
CRUISER : 1
BATTLESHIP : 5
FIGHTER : 1

[1;0mSea_60
[1;95m[1;31m[1;34m[1;33m (Units:  Jap )
TRANS_EMPTY : 2
DESTROYER : 1
[1;32m
[1;0mSea_61
[1;95m[1;31m[1;34m[1;33m (Units:  Jap )
TRANS_EMPTY : 3
DESTROYER : 3
CARRIER : 2
CRUISER : 1
BATTLESHIP : 3
FIGHTER : 3
[1;32m
[1;0m

======================================================================
PRO AI SINGLE TURN TEST (TripleA Purchase & Place)
======================================================================
Starting Player: Eng
Starting Money: 31 IPCs
Total units on board: 23
======================================================================
Enemy Attack Options (per-enemy):
Enemy: Ger
  Land: Caucasus Fighters: 4
  Land: United_Kingdom Fighters: 1
  Land: West_Russia Fighters: 5
  Land: West_Russia Infantry: 3
  Land: West_Russia Tanks: 2
  Sea: Sea_6 Fighters: 5 Subs: 4 Destroyers: 5
  Sea: Sea_7 Fighters: 0 Subs: 4 Destroyers: 5
  Sea: Sea_8 Fighters: 0 Subs: 4 Destroyers: 4
  Sea: Sea_23 Fighters: 0 Subs: 2 Destroyers: 0
  Sea: Sea_34 Fighters: 0 Subs: 1 Destroyers: 0
Enemy: Jap
  Land: Burma Infantry: 13
  Land: Burma Artillery: 4
  Land: Burma Tanks: 2
  Land: India Tanks: 2
  Sea: Sea_35 Fighters: 1 Subs: 0 Destroyers: 3
  Sea: Sea_39 Fighters: 0 Subs: 1 Destroyers: 0
  Sea: Sea_45 Fighters: 0 Subs: 1 Destroyers: 0
Enemy Attack Options (aggregated max):
  Land: Burma Inf: 13 Art: 4 Tank: 2 Ftr: 0 Bmb: 0 Str: 27
  Land: Caucasus Inf: 0 Art: 0 Tank: 0 Ftr: 4 Bmb: 0 Str: 12
  Land: India Inf: 0 Art: 0 Tank: 2 Ftr: 0 Bmb: 0 Str: 6
  Land: United_Kingdom Inf: 0 Art: 0 Tank: 0 Ftr: 1 Bmb: 0 Str: 3
  Land: West_Russia Inf: 3 Art: 0 Tank: 2 Ftr: 5 Bmb: 0 Str: 24
      [SAFE] Sequential Battle Results: TUV=-4.00, Invaded%=0.0%, Battles=1
    Possible My Target Territory: Baltic_States_Air
      Battle Results (TUV, Invaded %):  -26.939 ,  0
    Possible My Target Territory: Germany_Air
      Battle Results (TUV, Invaded %):  -26.96 ,  0
    Possible My Target Territory: Karelia_SSR_Air
      Battle Results (TUV, Invaded %):  1.239 ,  0.433
      Attack Value:  17.239
    Possible My Target Territory: Northwestern_Europe_Air
      Battle Results (TUV, Invaded %):  3.23 ,  0
Trying  Karelia_SSR
Simulated battle results:  Battle_Results{avg_TUV_swing = 0, invaded_percent = 0, avg_survivor_def_power = 0}

======================================================================
PRO AI TURN COMPLETE
======================================================================
Next Player: Jap
Final Money: 32 IPCs
Units Added: 2
Game Score: -0.1
======================================================================

round_num:  17
[1;33m --------------------
Current Player:  Jap
Money:  32 [1;0m 

[1;95mAnglo_Egyptian_Sudan (Owner:  Eng )
[1;33m[1;31m[1;34m[1;95m (Units:  Eng )
FIGHTER : 1
[1;32m (Units:  USA )
INF : 2
ARTY : 1
TANK : 1

[1;31mArchangel (Owner:  Rus )
[1;33m[1;31m[1;34m[1;95m (Units:  Eng )
INF : 5
ARTY : 1
[1;32m
[1;34mBaltic_States (Owner:  Ger )
[1;33m[1;31m[1;34m (Units:  Ger )
INF : 2
TANK : 1
FIGHTER : 4
[1;95m[1;32m
[1;33mBorneo (Owner:  Jap )
[1;33m (Units:  Jap )
INF_1_MOVES : 1
[1;31m[1;34m[1;95m[1;32m
[1;33mCaroline_Islands (Owner:  Jap )
[1;33m (Units:  Jap )
INF_1_MOVES : 1
[1;31m[1;34m[1;95m[1;32m
[1;31mCaucasus (Owner:  Rus ) builds: 3 factory-prod: 4
[1;33m[1;31m (Units:  Rus )
INF : 10
ARTY : 3
TANK : 2
[1;34m[1;95m (Units:  Eng )
INF : 2
[1;32m
[1;33mEast_Indies (Owner:  Jap )
[1;33m (Units:  Jap )
INF_1_MOVES : 2
[1;31m[1;34m[1;95m[1;32m
[1;95mEastern_Australia (Owner:  Eng )
[1;33m[1;31m[1;34m[1;95m (Units:  Eng )
INF : 2
[1;32m
[1;95mEastern_Canada (Owner:  Eng )
[1;33m[1;31m[1;34m[1;95m (Units:  Eng )
INF : 1
[1;32m
[1;32mEastern_United_States (Owner:  USA ) builds: 9 factory-prod: 12
[1;33m[1;31m[1;34m[1;95m[1;32m (Units:  USA )
INF : 1
FIGHTER : 1
BOMBER : 1

[1;33mFrench_Indo_China_Thailand (Owner:  Jap )
[1;33m (Units:  Jap )
INF_1_MOVES : 3
ARTY_1_MOVES : 1
TANK_2_MOVES : 1
[1;31m[1;34m[1;95m[1;32m
[1;34mGermany (Owner:  Ger ) factory-prod: 10
[1;33m[1;31m[1;34m (Units:  Ger )
INF : 53
ARTY : 1
TANK : 2
[1;95m[1;32m
[1;32mHawaiian_Islands (Owner:  USA )
[1;33m[1;31m[1;34m[1;95m[1;32m (Units:  USA )
INF : 1
FIGHTER : 1

[1;95mIndia (Owner:  Eng ) builds: 1 factory-prod: 3
[1;33m[1;31m[1;34m[1;95m (Units:  Eng )
INF : 2
AAGUN : 1
[1;32m
[1;33mIwo_Jima (Owner:  Jap )
[1;33m (Units:  Jap )
INF_1_MOVES : 1
[1;31m[1;34m[1;95m[1;32m
[1;33mJapan (Owner:  Jap ) builds: 8 factory-prod: 8
[1;33m (Units:  Jap )
INF_1_MOVES : 3
TANK_2_MOVES : 3
FIGHTER_UNMOVED : 1
BOMBER_UNMOVED : 1
[1;31m[1;34m[1;95m[1;32m
[1;34mKarelia_SSR (Owner:  Ger ) factory-prod: 2
[1;33m[1;31m[1;34m (Units:  Ger )
INF : 3
TANK : 1
[1;95m[1;32m
[1;32mMidway (Owner:  USA )
[1;33m[1;31m[1;34m[1;95m[1;32m (Units:  USA )
INF : 1

[1;33mNew_Guinea (Owner:  Jap )
[1;33m (Units:  Jap )
INF_1_MOVES : 1
[1;31m[1;34m[1;95m[1;32m
[1;95mNew_Zealand (Owner:  Eng )
[1;33m[1;31m[1;34m[1;95m (Units:  Eng )
INF : 1
[1;32m
[1;34mNorthwestern_Europe (Owner:  Ger )
[1;33m[1;31m[1;34m (Units:  Ger )
FIGHTER : 1
[1;95m[1;32m
[1;33mOkinawa (Owner:  Jap )
[1;33m (Units:  Jap )
INF_1_MOVES : 1
[1;31m[1;34m[1;95m[1;32m
[1;95mPersia (Owner:  Eng )
[1;33m[1;31m[1;34m[1;95m (Units:  Eng )
INF : 4
TANK : 1
[1;32m
[1;33mPhilippine_Islands (Owner:  Jap )
[1;33m (Units:  Jap )
INF_1_MOVES : 1
ARTY_1_MOVES : 1
[1;31m[1;34m[1;95m[1;32m
[1;31mRussia (Owner:  Rus ) builds: 2 factory-prod: 8
[1;33m[1;31m (Units:  Rus )
INF : 15
ARTY : 3
[1;34m[1;95m[1;32m
[1;33mSolomon_Islands (Owner:  Jap )
[1;33m (Units:  Jap )
INF_1_MOVES : 1
[1;31m[1;34m[1;95m[1;32m
[1;34mSouthern_Europe (Owner:  Ger )
[1;33m[1;31m[1;34m (Units:  Ger )
TANK : 1
[1;95m[1;32m
[1;32mSzechwan (Owner:  USA )
[1;33m[1;31m[1;34m[1;95m[1;32m (Units:  USA )
FIGHTER : 1

[1;95mUnited_Kingdom (Owner:  Eng ) builds: 5 factory-prod: 8
[1;33m[1;31m[1;34m[1;95m (Units:  Eng )
FIGHTER : 2
BOMBER : 1
[1;32m
[1;33mWake_Island (Owner:  Jap )
[1;33m (Units:  Jap )
INF_1_MOVES : 1
[1;31m[1;34m[1;95m[1;32m
[1;31mWest_Russia (Owner:  Rus )
[1;33m[1;31m[1;34m[1;95m (Units:  Eng )
INF : 4
[1;32m (Units:  USA )
INF : 2

[1;95mWestern_Australia (Owner:  Eng )
[1;33m[1;31m[1;34m[1;95m (Units:  Eng )
INF : 1
[1;32m
[1;32mWestern_United_States (Owner:  USA ) builds: 9 factory-prod: 10
[1;33m[1;31m[1;34m[1;95m[1;32m (Units:  USA )
INF : 3
FIGHTER : 1

[1;31mYakut_SSR (Owner:  Rus )
[1;33m[1;31m (Units:  Rus )
INF : 1
[1;34m[1;95m[1;32m
[1;33mYunnan (Owner:  Jap )
[1;33m (Units:  Jap )
INF_1_MOVES : 10
ARTY_1_MOVES : 3
TANK_2_MOVES : 1
[1;31m[1;34m[1;95m[1;32m
[1;0mSea_4
[1;33m[1;31m (Units:  Rus )
SUB : 1
DESTROYER : 1
[1;34m (Units:  Ger )
DESTROYER : 1
[1;95m (Units:  Eng )
TRANS_EMPTY : 1
DESTROYER : 7
BATTLESHIP : 1
[1;32m
[1;0mSea_5
[1;33m[1;31m[1;34m (Units:  Ger )
TRANS_EMPTY : 1
SUB : 2
DESTROYER : 4
CRUISER : 1
[1;95m[1;32m
[1;0mSea_6
[1;33m[1;31m[1;34m[1;95m (Units:  Eng )
SUB : 2
DESTROYER : 3
[1;32m
[1;0mSea_9
[1;33m[1;31m[1;34m (Units:  Ger )
SUB : 2
[1;95m[1;32m
[1;0mSea_11
[1;33m[1;31m[1;34m[1;95m[1;32m (Units:  USA )
SUB : 1
DESTROYER : 1
BATTLESHIP : 1

[1;0mSea_13
[1;33m[1;31m[1;34m[1;95m (Units:  Eng )
TRANS_EMPTY : 1
DESTROYER : 1
CRUISER : 1
[1;32m
[1;0mSea_15
[1;33m[1;31m[1;34m (Units:  Ger )
SUB : 1
[1;95m[1;32m
[1;0mSea_16
[1;33m[1;31m (Units:  Rus )
SUB : 1
DESTROYER : 1
[1;34m[1;95m[1;32m
[1;0mSea_17
[1;33m[1;31m[1;34m (Units:  Ger )
TRANS_EMPTY : 1
BATTLESHIP : 1
[1;95m[1;32m
[1;0mSea_23
[1;33m[1;31m[1;34m[1;95m[1;32m (Units:  USA )
TRANS_EMPTY : 2
DESTROYER : 1

[1;0mSea_35
[1;33m[1;31m[1;34m[1;95m (Units:  Eng )
TRANS_EMPTY : 1
DESTROYER : 1
CARRIER : 1
CRUISER : 1
FIGHTER : 1
[1;32m
[1;0mSea_39
[1;33m[1;31m[1;34m[1;95m (Units:  Eng )
TRANS_EMPTY : 1
SUB : 1
CRUISER : 1
[1;32m
[1;0mSea_44
[1;33m (Units:  Jap )
SUB_2_MOVES : 1
[1;31m[1;34m[1;95m[1;32m
[1;0mSea_53
[1;33m[1;31m[1;34m[1;95m[1;32m (Units:  USA )
SUB : 1

[1;0mSea_56
[1;33m[1;31m[1;34m[1;95m[1;32m (Units:  USA )
TRANS_EMPTY : 2
DESTROYER : 2
CARRIER : 1
CRUISER : 1
BATTLESHIP : 5
FIGHTER : 1

[1;0mSea_60
[1;33m (Units:  Jap )
TRANS_EMPTY_UNMOVED : 2
DESTROYER_2_MOVES : 1
[1;31m[1;34m[1;95m[1;32m
[1;0mSea_61
[1;33m (Units:  Jap )
TRANS_EMPTY_UNMOVED : 3
DESTROYER_2_MOVES : 3
CARRIER_2_MOVES : 2
CRUISER_2_MOVES : 1
BATTLESHIP_2_MOVES : 3
FIGHTER_UNMOVED : 3
[1;31m[1;34m[1;95m[1;32m
[1;0m

======================================================================
PRO AI SINGLE TURN TEST (TripleA Purchase & Place)
======================================================================
Starting Player: Jap
Starting Money: 32 IPCs
Total units on board: 36
======================================================================
Enemy Attack Options (per-enemy):
Enemy: Rus
Enemy: Eng
  Sea: Sea_44 Fighters: 0 Subs: 1 Destroyers: 0
  Sea: Sea_61 Fighters: 1 Subs: 0 Destroyers: 1
Enemy: USA
  Land: French_Indo_China_Thailand Fighters: 1
  Land: Solomon_Islands Fighters: 1
  Land: Wake_Island Fighters: 1
  Land: Yunnan Fighters: 1
  Sea: Sea_44 Fighters: 2 Subs: 1 Destroyers: 2
  Sea: Sea_60 Fighters: 1 Subs: 0 Destroyers: 0
  Sea: Sea_61 Fighters: 1 Subs: 0 Destroyers: 0
Enemy Attack Options (aggregated max):
  Land: French_Indo_China_Thailand Inf: 0 Art: 0 Tank: 0 Ftr: 1 Bmb: 0 Str: 3
  Land: Solomon_Islands Inf: 0 Art: 0 Tank: 0 Ftr: 1 Bmb: 0 Str: 3
  Land: Wake_Island Inf: 0 Art: 0 Tank: 0 Ftr: 1 Bmb: 0 Str: 3
  Land: Yunnan Inf: 0 Art: 0 Tank: 0 Ftr: 1 Bmb: 0 Str: 3
      [SAFE] Sequential Battle Results: TUV=-8.53, Invaded%=0.0%, Battles=1
      [SAFE] Sequential Battle Results: TUV=-2.90, Invaded%=0.0%, Battles=1
      [SAFE] Sequential Battle Results: TUV=-2.89, Invaded%=0.0%, Battles=1
      [SAFE] Sequential Battle Results: TUV=-8.50, Invaded%=0.0%, Battles=1
    Possible My Target Territory: India_Air
      Battle Results (TUV, Invaded %):  2.2149999999999999 ,  0.665
      Attack Value:  26.215
    Possible My Target Territory: Midway_Air
      Battle Results (TUV, Invaded %):  -1.617 ,  0
    Possible My Target Territory: Szechwan_Air
      Battle Results (TUV, Invaded %):  7.963 ,  1
      Attack Value:  7.963
    Possible My Target Territory: Western_Australia_Air
      Battle Results (TUV, Invaded %):  -1.584 ,  0
    Possible My Target Territory: Yakut_SSR_Air
      Battle Results (TUV, Invaded %):  -1.581 ,  0
Trying  Szechwan

======================================================================
PRO AI TURN COMPLETE
======================================================================
Next Player: USA
Final Money: 33 IPCs
Units Added: 2
Game Score: 0.0
======================================================================

round_num:  18
[1;32m --------------------
Current Player:  USA
Money:  41 [1;0m 

[1;95mAnglo_Egyptian_Sudan (Owner:  Eng )
[1;32m (Units:  USA )
INF_1_MOVES : 2
ARTY_1_MOVES : 1
TANK_2_MOVES : 1
[1;31m[1;34m[1;95m (Units:  Eng )
FIGHTER : 1
[1;33m
[1;31mArchangel (Owner:  Rus )
[1;32m[1;31m[1;34m[1;95m (Units:  Eng )
INF : 5
ARTY : 1
[1;33m
[1;34mBaltic_States (Owner:  Ger )
[1;32m[1;31m[1;34m (Units:  Ger )
INF : 2
TANK : 1
FIGHTER : 4
[1;95m[1;33m
[1;33mBorneo (Owner:  Jap )
[1;32m[1;31m[1;34m[1;95m[1;33m (Units:  Jap )
INF : 1

[1;33mCaroline_Islands (Owner:  Jap )
[1;32m[1;31m[1;34m[1;95m[1;33m (Units:  Jap )
INF : 1

[1;31mCaucasus (Owner:  Rus ) builds: 3 factory-prod: 4
[1;32m[1;31m (Units:  Rus )
INF : 10
ARTY : 3
TANK : 2
[1;34m[1;95m (Units:  Eng )
INF : 2
[1;33m
[1;33mEast_Indies (Owner:  Jap )
[1;32m[1;31m[1;34m[1;95m[1;33m (Units:  Jap )
INF : 2

[1;95mEastern_Australia (Owner:  Eng )
[1;32m[1;31m[1;34m[1;95m (Units:  Eng )
INF : 2
[1;33m
[1;95mEastern_Canada (Owner:  Eng )
[1;32m[1;31m[1;34m[1;95m (Units:  Eng )
INF : 1
[1;33m
[1;32mEastern_United_States (Owner:  USA ) builds: 12 factory-prod: 12
[1;32m (Units:  USA )
INF_1_MOVES : 1
FIGHTER_UNMOVED : 1
BOMBER_UNMOVED : 1
[1;31m[1;34m[1;95m[1;33m
[1;33mFrench_Indo_China_Thailand (Owner:  Jap )
[1;32m[1;31m[1;34m[1;95m[1;33m (Units:  Jap )
INF : 10
ARTY : 3
TANK : 1

[1;34mGermany (Owner:  Ger ) factory-prod: 10
[1;32m[1;31m[1;34m (Units:  Ger )
INF : 53
ARTY : 1
TANK : 2
[1;95m[1;33m
[1;32mHawaiian_Islands (Owner:  USA )
[1;32m (Units:  USA )
INF_1_MOVES : 1
FIGHTER_UNMOVED : 1
[1;31m[1;34m[1;95m[1;33m
[1;95mIndia (Owner:  Eng ) builds: 1 factory-prod: 3
[1;32m[1;31m[1;34m[1;95m (Units:  Eng )
INF : 2
AAGUN : 1
[1;33m
[1;33mIwo_Jima (Owner:  Jap )
[1;32m[1;31m[1;34m[1;95m[1;33m (Units:  Jap )
INF : 1

[1;33mJapan (Owner:  Jap ) builds: 3 factory-prod: 8
[1;32m[1;31m[1;34m[1;95m[1;33m (Units:  Jap )
INF : 2
TANK : 2
FIGHTER : 1
BOMBER : 1

[1;34mKarelia_SSR (Owner:  Ger ) factory-prod: 2
[1;32m[1;31m[1;34m (Units:  Ger )
INF : 3
TANK : 1
[1;95m[1;33m
[1;32mMidway (Owner:  USA )
[1;32m (Units:  USA )
INF_1_MOVES : 1
[1;31m[1;34m[1;95m[1;33m
[1;33mNew_Guinea (Owner:  Jap )
[1;32m[1;31m[1;34m[1;95m[1;33m (Units:  Jap )
INF : 1

[1;95mNew_Zealand (Owner:  Eng )
[1;32m[1;31m[1;34m[1;95m (Units:  Eng )
INF : 1
[1;33m
[1;34mNorthwestern_Europe (Owner:  Ger )
[1;32m[1;31m[1;34m (Units:  Ger )
FIGHTER : 1
[1;95m[1;33m
[1;33mOkinawa (Owner:  Jap )
[1;32m[1;31m[1;34m[1;95m[1;33m (Units:  Jap )
INF : 1

[1;95mPersia (Owner:  Eng )
[1;32m[1;31m[1;34m[1;95m (Units:  Eng )
INF : 4
TANK : 1
[1;33m
[1;33mPhilippine_Islands (Owner:  Jap )
[1;32m[1;31m[1;34m[1;95m[1;33m (Units:  Jap )
INF : 1
ARTY : 1

[1;31mRussia (Owner:  Rus ) builds: 2 factory-prod: 8
[1;32m[1;31m (Units:  Rus )
INF : 15
ARTY : 3
[1;34m[1;95m[1;33m
[1;33mSolomon_Islands (Owner:  Jap )
[1;32m[1;31m[1;34m[1;95m[1;33m (Units:  Jap )
INF : 1

[1;34mSouthern_Europe (Owner:  Ger )
[1;32m[1;31m[1;34m (Units:  Ger )
TANK : 1
[1;95m[1;33m
[1;32mSzechwan (Owner:  USA )
[1;32m (Units:  USA )
FIGHTER_UNMOVED : 1
[1;31m[1;34m[1;95m[1;33m
[1;95mUnited_Kingdom (Owner:  Eng ) builds: 5 factory-prod: 8
[1;32m[1;31m[1;34m[1;95m (Units:  Eng )
FIGHTER : 2
BOMBER : 1
[1;33m
[1;33mWake_Island (Owner:  Jap )
[1;32m[1;31m[1;34m[1;95m[1;33m (Units:  Jap )
INF : 1

[1;31mWest_Russia (Owner:  Rus )
[1;32m (Units:  USA )
INF_1_MOVES : 2
[1;31m[1;34m[1;95m (Units:  Eng )
INF : 4
[1;33m
[1;95mWestern_Australia (Owner:  Eng )
[1;32m[1;31m[1;34m[1;95m (Units:  Eng )
INF : 1
[1;33m
[1;32mWestern_United_States (Owner:  USA ) builds: 10 factory-prod: 10
[1;32m (Units:  USA )
INF_1_MOVES : 3
FIGHTER_UNMOVED : 1
[1;31m[1;34m[1;95m[1;33m
[1;31mYakut_SSR (Owner:  Rus )
[1;32m[1;31m (Units:  Rus )
INF : 1
[1;34m[1;95m[1;33m
[1;33mYunnan (Owner:  Jap )
[1;32m[1;31m[1;34m[1;95m[1;33m (Units:  Jap )
INF : 5
ARTY : 1
TANK : 3

[1;0mSea_4
[1;32m[1;31m (Units:  Rus )
SUB : 1
DESTROYER : 1
[1;34m (Units:  Ger )
DESTROYER : 1
[1;95m (Units:  Eng )
TRANS_EMPTY : 1
DESTROYER : 7
BATTLESHIP : 1
[1;33m
[1;0mSea_5
[1;32m[1;31m[1;34m (Units:  Ger )
TRANS_EMPTY : 1
SUB : 2
DESTROYER : 4
CRUISER : 1
[1;95m[1;33m
[1;0mSea_6
[1;32m[1;31m[1;34m[1;95m (Units:  Eng )
SUB : 2
DESTROYER : 3
[1;33m
[1;0mSea_9
[1;32m[1;31m[1;34m (Units:  Ger )
SUB : 2
[1;95m[1;33m
[1;0mSea_11
[1;32m (Units:  USA )
SUB_2_MOVES : 1
DESTROYER_2_MOVES : 1
BATTLESHIP_2_MOVES : 1
[1;31m[1;34m[1;95m[1;33m
[1;0mSea_13
[1;32m[1;31m[1;34m[1;95m (Units:  Eng )
TRANS_EMPTY : 1
DESTROYER : 1
CRUISER : 1
[1;33m
[1;0mSea_15
[1;32m[1;31m[1;34m (Units:  Ger )
SUB : 1
[1;95m[1;33m
[1;0mSea_16
[1;32m[1;31m (Units:  Rus )
SUB : 1
DESTROYER : 1
[1;34m[1;95m[1;33m
[1;0mSea_17
[1;32m[1;31m[1;34m (Units:  Ger )
TRANS_EMPTY : 1
BATTLESHIP : 1
[1;95m[1;33m
[1;0mSea_23
[1;32m (Units:  USA )
TRANS_EMPTY_UNMOVED : 2
DESTROYER_2_MOVES : 1
[1;31m[1;34m[1;95m[1;33m
[1;0mSea_35
[1;32m[1;31m[1;34m[1;95m (Units:  Eng )
TRANS_EMPTY : 1
DESTROYER : 1
CARRIER : 1
CRUISER : 1
FIGHTER : 1
[1;33m
[1;0mSea_39
[1;32m[1;31m[1;34m[1;95m (Units:  Eng )
TRANS_EMPTY : 1
SUB : 1
CRUISER : 1
[1;33m
[1;0mSea_44
[1;32m[1;31m[1;34m[1;95m[1;33m (Units:  Jap )
SUB : 1

[1;0mSea_53
[1;32m (Units:  USA )
SUB_2_MOVES : 1
[1;31m[1;34m[1;95m[1;33m
[1;0mSea_56
[1;32m (Units:  USA )
TRANS_EMPTY_UNMOVED : 2
DESTROYER_2_MOVES : 2
CARRIER_2_MOVES : 1
CRUISER_2_MOVES : 1
BATTLESHIP_2_MOVES : 5
FIGHTER_UNMOVED : 1
[1;31m[1;34m[1;95m[1;33m
[1;0mSea_60
[1;32m[1;31m[1;34m[1;95m[1;33m (Units:  Jap )
TRANS_EMPTY : 5
DESTROYER : 2

[1;0mSea_61
[1;32m[1;31m[1;34m[1;95m[1;33m (Units:  Jap )
TRANS_EMPTY : 2
DESTROYER : 3
CARRIER : 2
CRUISER : 1
BATTLESHIP : 3
FIGHTER : 3

[1;0m

======================================================================
PRO AI SINGLE TURN TEST (TripleA Purchase & Place)
======================================================================
Starting Player: USA
Starting Money: 41 IPCs
Total units on board: 12
======================================================================
Enemy Attack Options (per-enemy):
Enemy: Ger
  Land: West_Russia Fighters: 5
  Land: West_Russia Infantry: 3
  Land: West_Russia Tanks: 2
  Sea: Sea_11 Fighters: 0 Subs: 2 Destroyers: 0
  Sea: Sea_23 Fighters: 0 Subs: 2 Destroyers: 0
Enemy: Jap
  Land: Midway Bombers: 1
  Land: Szechwan Bombers: 1
  Land: Szechwan Infantry: 5
  Land: Szechwan Artillery: 1
  Land: Szechwan Tanks: 3
  Sea: Sea_53 Fighters: 0 Subs: 1 Destroyers: 0
  Sea: Sea_56 Fighters: 0 Subs: 1 Destroyers: 0
Enemy Attack Options (aggregated max):
  Land: Midway Inf: 0 Art: 0 Tank: 0 Ftr: 0 Bmb: 1 Str: 4
  Land: Szechwan Inf: 5 Art: 1 Tank: 3 Ftr: 0 Bmb: 1 Str: 20
  Land: West_Russia Inf: 3 Art: 0 Tank: 2 Ftr: 5 Bmb: 0 Str: 24
      [SAFE] Sequential Battle Results: TUV=-1.59, Invaded%=0.0%, Battles=1
    Possible My Target Territory: French_Indo_China_Thailand_Air
      Battle Results (TUV, Invaded %):  -8.491 ,  0
    Possible My Target Territory: Karelia_SSR_Air
      Battle Results (TUV, Invaded %):  -4.956 ,  0
    Possible My Target Territory: Solomon_Islands_Air
      Battle Results (TUV, Invaded %):  -2.914 ,  0
    Possible My Target Territory: Wake_Island_Air
      Battle Results (TUV, Invaded %):  -2.8879999999999999 ,  0
    Possible My Target Territory: Yunnan_Air
      Battle Results (TUV, Invaded %):  -8.5 ,  0

======================================================================
PRO AI TURN COMPLETE
======================================================================
Next Player: Rus
Final Money: 41 IPCs
Units Added: 0
Game Score: 0.1
======================================================================

round_num:  19
[1;31m --------------------
Current Player:  Rus
Money:  25 [1;0m 

[1;95mAnglo_Egyptian_Sudan (Owner:  Eng )
[1;31m[1;34m[1;95m (Units:  Eng )
FIGHTER : 1
[1;33m[1;32m
[1;31mArchangel (Owner:  Rus )
[1;31m[1;34m[1;95m (Units:  Eng )
INF : 5
ARTY : 1
[1;33m[1;32m (Units:  USA )
INF : 2

[1;34mBaltic_States (Owner:  Ger )
[1;31m[1;34m (Units:  Ger )
INF : 2
TANK : 1
FIGHTER : 4
[1;95m[1;33m[1;32m
[1;33mBorneo (Owner:  Jap )
[1;31m[1;34m[1;95m[1;33m (Units:  Jap )
INF : 1
[1;32m
[1;33mCaroline_Islands (Owner:  Jap )
[1;31m[1;34m[1;95m[1;33m (Units:  Jap )
INF : 1
[1;32m
[1;31mCaucasus (Owner:  Rus ) builds: 4 factory-prod: 4
[1;31m (Units:  Rus )
INF_1_MOVES : 10
ARTY_1_MOVES : 3
TANK_2_MOVES : 2
[1;34m[1;95m (Units:  Eng )
INF : 2
[1;33m[1;32m
[1;33mEast_Indies (Owner:  Jap )
[1;31m[1;34m[1;95m[1;33m (Units:  Jap )
INF : 2
[1;32m
[1;95mEastern_Australia (Owner:  Eng )
[1;31m[1;34m[1;95m (Units:  Eng )
INF : 2
[1;33m[1;32m
[1;95mEastern_Canada (Owner:  Eng )
[1;31m[1;34m[1;95m (Units:  Eng )
INF : 1
[1;33m[1;32m
[1;32mEastern_United_States (Owner:  USA ) builds: 12 factory-prod: 12
[1;31m[1;34m[1;95m[1;33m[1;32m (Units:  USA )
INF : 1
FIGHTER : 1
BOMBER : 1

[1;95mEgypt (Owner:  Eng )
[1;31m[1;34m[1;95m[1;33m[1;32m (Units:  USA )
INF : 2
ARTY : 1
TANK : 1

[1;33mFrench_Indo_China_Thailand (Owner:  Jap )
[1;31m[1;34m[1;95m[1;33m (Units:  Jap )
INF : 10
ARTY : 3
TANK : 1
[1;32m
[1;34mGermany (Owner:  Ger ) factory-prod: 10
[1;31m[1;34m (Units:  Ger )
INF : 53
ARTY : 1
TANK : 2
[1;95m[1;33m[1;32m
[1;32mHawaiian_Islands (Owner:  USA )
[1;31m[1;34m[1;95m[1;33m[1;32m (Units:  USA )
INF : 1
FIGHTER : 1

[1;95mIndia (Owner:  Eng ) builds: 1 factory-prod: 3
[1;31m[1;34m[1;95m (Units:  Eng )
INF : 2
AAGUN : 1
[1;33m[1;32m
[1;33mIwo_Jima (Owner:  Jap )
[1;31m[1;34m[1;95m[1;33m (Units:  Jap )
INF : 1
[1;32m
[1;33mJapan (Owner:  Jap ) builds: 3 factory-prod: 8
[1;31m[1;34m[1;95m[1;33m (Units:  Jap )
INF : 2
TANK : 2
FIGHTER : 1
BOMBER : 1
[1;32m
[1;34mKarelia_SSR (Owner:  Ger ) factory-prod: 2
[1;31m[1;34m (Units:  Ger )
INF : 3
TANK : 1
[1;95m[1;33m[1;32m
[1;32mMidway (Owner:  USA )
[1;31m[1;34m[1;95m[1;33m[1;32m (Units:  USA )
INF : 1

[1;33mNew_Guinea (Owner:  Jap )
[1;31m[1;34m[1;95m[1;33m (Units:  Jap )
INF : 1
[1;32m
[1;95mNew_Zealand (Owner:  Eng )
[1;31m[1;34m[1;95m (Units:  Eng )
INF : 1
[1;33m[1;32m
[1;34mNorthwestern_Europe (Owner:  Ger )
[1;31m[1;34m (Units:  Ger )
FIGHTER : 1
[1;95m[1;33m[1;32m
[1;33mOkinawa (Owner:  Jap )
[1;31m[1;34m[1;95m[1;33m (Units:  Jap )
INF : 1
[1;32m
[1;95mPersia (Owner:  Eng )
[1;31m[1;34m[1;95m (Units:  Eng )
INF : 4
TANK : 1
[1;33m[1;32m
[1;33mPhilippine_Islands (Owner:  Jap )
[1;31m[1;34m[1;95m[1;33m (Units:  Jap )
INF : 1
ARTY : 1
[1;32m
[1;31mRussia (Owner:  Rus ) builds: 8 factory-prod: 8
[1;31m (Units:  Rus )
INF_1_MOVES : 15
ARTY_1_MOVES : 3
[1;34m[1;95m[1;33m[1;32m
[1;33mSolomon_Islands (Owner:  Jap )
[1;31m[1;34m[1;95m[1;33m (Units:  Jap )
INF : 1
[1;32m
[1;34mSouthern_Europe (Owner:  Ger )
[1;31m[1;34m (Units:  Ger )
TANK : 1
[1;95m[1;33m[1;32m
[1;32mSzechwan (Owner:  USA )
[1;31m[1;34m[1;95m[1;33m[1;32m (Units:  USA )
FIGHTER : 1

[1;95mUnited_Kingdom (Owner:  Eng ) builds: 5 factory-prod: 8
[1;31m[1;34m[1;95m (Units:  Eng )
FIGHTER : 2
BOMBER : 1
[1;33m[1;32m
[1;33mWake_Island (Owner:  Jap )
[1;31m[1;34m[1;95m[1;33m (Units:  Jap )
INF : 1
[1;32m
[1;31mWest_Russia (Owner:  Rus )
[1;31m[1;34m[1;95m (Units:  Eng )
INF : 4
[1;33m[1;32m
[1;95mWestern_Australia (Owner:  Eng )
[1;31m[1;34m[1;95m (Units:  Eng )
INF : 1
[1;33m[1;32m
[1;32mWestern_United_States (Owner:  USA ) builds: 8 factory-prod: 10
[1;31m[1;34m[1;95m[1;33m[1;32m (Units:  USA )
INF : 3
FIGHTER : 1

[1;31mYakut_SSR (Owner:  Rus )
[1;31m (Units:  Rus )
INF_1_MOVES : 1
[1;34m[1;95m[1;33m[1;32m
[1;33mYunnan (Owner:  Jap )
[1;31m[1;34m[1;95m[1;33m (Units:  Jap )
INF : 5
ARTY : 1
TANK : 3
[1;32m
[1;0mSea_4
[1;31m (Units:  Rus )
SUB_2_MOVES : 1
DESTROYER_2_MOVES : 1
[1;34m (Units:  Ger )
DESTROYER : 1
[1;95m (Units:  Eng )
TRANS_EMPTY : 1
DESTROYER : 7
BATTLESHIP : 1
[1;33m[1;32m
[1;0mSea_5
[1;31m[1;34m (Units:  Ger )
TRANS_EMPTY : 1
SUB : 2
DESTROYER : 4
CRUISER : 1
[1;95m[1;33m[1;32m
[1;0mSea_6
[1;31m[1;34m[1;95m (Units:  Eng )
SUB : 2
DESTROYER : 3
[1;33m[1;32m
[1;0mSea_9
[1;31m[1;34m (Units:  Ger )
SUB : 2
[1;95m[1;33m[1;32m
[1;0mSea_11
[1;31m[1;34m[1;95m[1;33m[1;32m (Units:  USA )
SUB : 1

[1;0mSea_12
[1;31m[1;34m[1;95m[1;33m[1;32m (Units:  USA )
TRANS_EMPTY : 2
DESTROYER : 2
BATTLESHIP : 1

[1;0mSea_13
[1;31m[1;34m[1;95m (Units:  Eng )
TRANS_EMPTY : 1
DESTROYER : 1
CRUISER : 1
[1;33m[1;32m
[1;0mSea_15
[1;31m[1;34m (Units:  Ger )
SUB : 1
[1;95m[1;33m[1;32m
[1;0mSea_16
[1;31m (Units:  Rus )
SUB_2_MOVES : 1
DESTROYER_2_MOVES : 1
[1;34m[1;95m[1;33m[1;32m
[1;0mSea_17
[1;31m[1;34m (Units:  Ger )
TRANS_EMPTY : 1
BATTLESHIP : 1
[1;95m[1;33m[1;32m
[1;0mSea_35
[1;31m[1;34m[1;95m (Units:  Eng )
TRANS_EMPTY : 1
DESTROYER : 1
CARRIER : 1
CRUISER : 1
FIGHTER : 1
[1;33m[1;32m
[1;0mSea_39
[1;31m[1;34m[1;95m (Units:  Eng )
TRANS_EMPTY : 1
SUB : 1
CRUISER : 1
[1;33m[1;32m
[1;0mSea_44
[1;31m[1;34m[1;95m[1;33m (Units:  Jap )
SUB : 1
[1;32m
[1;0mSea_53
[1;31m[1;34m[1;95m[1;33m[1;32m (Units:  USA )
SUB : 1

[1;0mSea_56
[1;31m[1;34m[1;95m[1;33m[1;32m (Units:  USA )
TRANS_EMPTY : 2
DESTROYER : 2
CARRIER : 1
CRUISER : 1
BATTLESHIP : 7
FIGHTER : 1

[1;0mSea_60
[1;31m[1;34m[1;95m[1;33m (Units:  Jap )
TRANS_EMPTY : 5
DESTROYER : 2
[1;32m
[1;0mSea_61
[1;31m[1;34m[1;95m[1;33m (Units:  Jap )
TRANS_EMPTY : 2
DESTROYER : 3
CARRIER : 2
CRUISER : 1
BATTLESHIP : 3
FIGHTER : 3
[1;32m
[1;0m

======================================================================
PRO AI SINGLE TURN TEST (TripleA Purchase & Place)
======================================================================
Starting Player: Rus
Starting Money: 25 IPCs
Total units on board: 34
======================================================================
Enemy Attack Options (per-enemy):
Enemy: Ger
  Land: Archangel Fighters: 5
  Land: Archangel Infantry: 3
  Land: Archangel Tanks: 1
  Land: Caucasus Fighters: 4
  Land: Russia Fighters: 4
  Land: West_Russia Fighters: 5
  Land: West_Russia Infantry: 3
  Land: West_Russia Tanks: 2
  Sea: Sea_4 Fighters: 5 Subs: 0 Destroyers: 0
  Sea: Sea_16 Fighters: 0 Subs: 1 Destroyers: 0
Enemy: Jap
  Land: Yakut_SSR Bombers: 1
Enemy Attack Options (aggregated max):
  Land: Archangel Inf: 3 Art: 0 Tank: 1 Ftr: 5 Bmb: 0 Str: 21
  Land: Caucasus Inf: 0 Art: 0 Tank: 0 Ftr: 4 Bmb: 0 Str: 12
  Land: Russia Inf: 0 Art: 0 Tank: 0 Ftr: 4 Bmb: 0 Str: 12
  Land: West_Russia Inf: 3 Art: 0 Tank: 2 Ftr: 5 Bmb: 0 Str: 24
  Land: Yakut_SSR Inf: 0 Art: 0 Tank: 0 Ftr: 0 Bmb: 1 Str: 4
      [SAFE] Sequential Battle Results: TUV=-34.00, Invaded%=0.0%, Battles=1
      [SAFE] Sequential Battle Results: TUV=-34.00, Invaded%=0.0%, Battles=1
      [SAFE] Sequential Battle Results: TUV=-1.55, Invaded%=0.0%, Battles=1
    Possible My Target Territory: Karelia_SSR_Air
      Battle Results (TUV, Invaded %):  -8.196 ,  0

======================================================================
PRO AI TURN COMPLETE
======================================================================
Next Player: Ger
Final Money: 25 IPCs
Units Added: 5
Game Score: -0.1
======================================================================

round_num:  20
[1;34m --------------------
Current Player:  Ger
Money:  43 [1;0m 

[1;95mAnglo_Egyptian_Sudan (Owner:  Eng )
[1;34m[1;31m[1;95m (Units:  Eng )
FIGHTER : 1
[1;33m[1;32m
[1;31mArchangel (Owner:  Rus )
[1;34m[1;31m[1;95m (Units:  Eng )
INF : 5
ARTY : 1
[1;33m[1;32m (Units:  USA )
INF : 2

[1;34mBaltic_States (Owner:  Ger )
[1;34m (Units:  Ger )
INF_1_MOVES : 2
TANK_2_MOVES : 1
FIGHTER_UNMOVED : 4
[1;31m[1;95m[1;33m[1;32m
[1;33mBorneo (Owner:  Jap )
[1;34m[1;31m[1;95m[1;33m (Units:  Jap )
INF : 1
[1;32m
[1;33mCaroline_Islands (Owner:  Jap )
[1;34m[1;31m[1;95m[1;33m (Units:  Jap )
INF : 1
[1;32m
[1;31mCaucasus (Owner:  Rus ) builds: 3 factory-prod: 4
[1;34m[1;31m (Units:  Rus )
INF : 15
ARTY : 3
[1;95m (Units:  Eng )
INF : 2
[1;33m[1;32m
[1;33mEast_Indies (Owner:  Jap )
[1;34m[1;31m[1;95m[1;33m (Units:  Jap )
INF : 2
[1;32m
[1;95mEastern_Australia (Owner:  Eng )
[1;34m[1;31m[1;95m (Units:  Eng )
INF : 2
[1;33m[1;32m
[1;95mEastern_Canada (Owner:  Eng )
[1;34m[1;31m[1;95m (Units:  Eng )
INF : 1
[1;33m[1;32m
[1;32mEastern_United_States (Owner:  USA ) builds: 12 factory-prod: 12
[1;34m[1;31m[1;95m[1;33m[1;32m (Units:  USA )
INF : 1
FIGHTER : 1
BOMBER : 1

[1;95mEgypt (Owner:  Eng )
[1;34m[1;31m[1;95m[1;33m[1;32m (Units:  USA )
INF : 2
ARTY : 1
TANK : 1

[1;31mEvenki_National_Okrug (Owner:  Rus )
[1;34m[1;31m (Units:  Rus )
INF : 1
[1;95m[1;33m[1;32m
[1;33mFrench_Indo_China_Thailand (Owner:  Jap )
[1;34m[1;31m[1;95m[1;33m (Units:  Jap )
INF : 10
ARTY : 3
TANK : 1
[1;32m
[1;34mGermany (Owner:  Ger ) builds: 10 factory-prod: 10
[1;34m (Units:  Ger )
INF_1_MOVES : 53
ARTY_1_MOVES : 1
TANK_2_MOVES : 2
[1;31m[1;95m[1;33m[1;32m
[1;32mHawaiian_Islands (Owner:  USA )
[1;34m[1;31m[1;95m[1;33m[1;32m (Units:  USA )
INF : 1
FIGHTER : 1

[1;95mIndia (Owner:  Eng ) builds: 1 factory-prod: 3
[1;34m[1;31m[1;95m (Units:  Eng )
INF : 2
AAGUN : 1
[1;33m[1;32m
[1;33mIwo_Jima (Owner:  Jap )
[1;34m[1;31m[1;95m[1;33m (Units:  Jap )
INF : 1
[1;32m
[1;33mJapan (Owner:  Jap ) builds: 3 factory-prod: 8
[1;34m[1;31m[1;95m[1;33m (Units:  Jap )
INF : 2
TANK : 2
FIGHTER : 1
BOMBER : 1
[1;32m
[1;34mKarelia_SSR (Owner:  Ger ) builds: 2 factory-prod: 2
[1;34m (Units:  Ger )
INF_1_MOVES : 3
TANK_2_MOVES : 1
[1;31m[1;95m[1;33m[1;32m
[1;32mMidway (Owner:  USA )
[1;34m[1;31m[1;95m[1;33m[1;32m (Units:  USA )
INF : 1

[1;33mNew_Guinea (Owner:  Jap )
[1;34m[1;31m[1;95m[1;33m (Units:  Jap )
INF : 1
[1;32m
[1;95mNew_Zealand (Owner:  Eng )
[1;34m[1;31m[1;95m (Units:  Eng )
INF : 1
[1;33m[1;32m
[1;34mNorthwestern_Europe (Owner:  Ger )
[1;34m (Units:  Ger )
FIGHTER_UNMOVED : 1
[1;31m[1;95m[1;33m[1;32m
[1;33mOkinawa (Owner:  Jap )
[1;34m[1;31m[1;95m[1;33m (Units:  Jap )
INF : 1
[1;32m
[1;95mPersia (Owner:  Eng )
[1;34m[1;31m[1;95m (Units:  Eng )
INF : 4
TANK : 1
[1;33m[1;32m
[1;33mPhilippine_Islands (Owner:  Jap )
[1;34m[1;31m[1;95m[1;33m (Units:  Jap )
INF : 1
ARTY : 1
[1;32m
[1;31mRussia (Owner:  Rus ) builds: 3 factory-prod: 8
[1;34m[1;31m (Units:  Rus )
INF : 14
ARTY : 4
TANK : 2
[1;95m[1;33m[1;32m
[1;33mSolomon_Islands (Owner:  Jap )
[1;34m[1;31m[1;95m[1;33m (Units:  Jap )
INF : 1
[1;32m
[1;34mSouthern_Europe (Owner:  Ger )
[1;34m (Units:  Ger )
TANK_2_MOVES : 1
[1;31m[1;95m[1;33m[1;32m
[1;32mSzechwan (Owner:  USA )
[1;34m[1;31m[1;95m[1;33m[1;32m (Units:  USA )
FIGHTER : 1

[1;95mUnited_Kingdom (Owner:  Eng ) builds: 5 factory-prod: 8
[1;34m[1;31m[1;95m (Units:  Eng )
FIGHTER : 2
BOMBER : 1
[1;33m[1;32m
[1;33mWake_Island (Owner:  Jap )
[1;34m[1;31m[1;95m[1;33m (Units:  Jap )
INF : 1
[1;32m
[1;31mWest_Russia (Owner:  Rus )
[1;34m[1;31m[1;95m (Units:  Eng )
INF : 4
[1;33m[1;32m
[1;95mWestern_Australia (Owner:  Eng )
[1;34m[1;31m[1;95m (Units:  Eng )
INF : 1
[1;33m[1;32m
[1;32mWestern_United_States (Owner:  USA ) builds: 8 factory-prod: 10
[1;34m[1;31m[1;95m[1;33m[1;32m (Units:  USA )
INF : 3
FIGHTER : 1

[1;33mYunnan (Owner:  Jap )
[1;34m[1;31m[1;95m[1;33m (Units:  Jap )
INF : 5
ARTY : 1
TANK : 3
[1;32m
[1;0mSea_4
[1;34m (Units:  Ger )
DESTROYER_2_MOVES : 1
[1;31m (Units:  Rus )
SUB : 1
DESTROYER : 1
[1;95m (Units:  Eng )
TRANS_EMPTY : 1
DESTROYER : 7
BATTLESHIP : 1
[1;33m[1;32m
[1;0mSea_5
[1;34m (Units:  Ger )
TRANS_EMPTY_UNMOVED : 1
SUB_2_MOVES : 2
DESTROYER_2_MOVES : 4
CRUISER_2_MOVES : 1
[1;31m[1;95m[1;33m[1;32m
[1;0mSea_6
[1;34m[1;31m[1;95m (Units:  Eng )
SUB : 2
DESTROYER : 3
[1;33m[1;32m
[1;0mSea_9
[1;34m (Units:  Ger )
SUB_2_MOVES : 2
[1;31m[1;95m[1;33m[1;32m
[1;0mSea_11
[1;34m[1;31m[1;95m[1;33m[1;32m (Units:  USA )
SUB : 1

[1;0mSea_12
[1;34m[1;31m[1;95m[1;33m[1;32m (Units:  USA )
TRANS_EMPTY : 2
DESTROYER : 2
BATTLESHIP : 1

[1;0mSea_13
[1;34m[1;31m[1;95m (Units:  Eng )
TRANS_EMPTY : 1
DESTROYER : 1
CRUISER : 1
[1;33m[1;32m
[1;0mSea_15
[1;34m (Units:  Ger )
SUB_2_MOVES : 1
[1;31m[1;95m[1;33m[1;32m
[1;0mSea_16
[1;34m[1;31m (Units:  Rus )
SUB : 1
DESTROYER : 2
[1;95m[1;33m[1;32m
[1;0mSea_17
[1;34m (Units:  Ger )
TRANS_EMPTY_UNMOVED : 1
BATTLESHIP_2_MOVES : 1
[1;31m[1;95m[1;33m[1;32m
[1;0mSea_35
[1;34m[1;31m[1;95m (Units:  Eng )
TRANS_EMPTY : 1
DESTROYER : 1
CARRIER : 1
CRUISER : 1
FIGHTER : 1
[1;33m[1;32m
[1;0mSea_39
[1;34m[1;31m[1;95m (Units:  Eng )
TRANS_EMPTY : 1
SUB : 1
CRUISER : 1
[1;33m[1;32m
[1;0mSea_44
[1;34m[1;31m[1;95m[1;33m (Units:  Jap )
SUB : 1
[1;32m
[1;0mSea_53
[1;34m[1;31m[1;95m[1;33m[1;32m (Units:  USA )
SUB : 1

[1;0mSea_56
[1;34m[1;31m[1;95m[1;33m[1;32m (Units:  USA )
TRANS_EMPTY : 2
DESTROYER : 2
CARRIER : 1
CRUISER : 1
BATTLESHIP : 7
FIGHTER : 1

[1;0mSea_60
[1;34m[1;31m[1;95m[1;33m (Units:  Jap )
TRANS_EMPTY : 5
DESTROYER : 2
[1;32m
[1;0mSea_61
[1;34m[1;31m[1;95m[1;33m (Units:  Jap )
TRANS_EMPTY : 2
DESTROYER : 3
CARRIER : 2
CRUISER : 1
BATTLESHIP : 3
FIGHTER : 3
[1;32m
[1;0m

======================================================================
PRO AI SINGLE TURN TEST (TripleA Purchase & Place)
======================================================================
Starting Player: Ger
Starting Money: 43 IPCs
Total units on board: 64
======================================================================
Enemy Attack Options (per-enemy):
Enemy: Rus
  Land: Ukraine_SSR Infantry: 15
  Land: Ukraine_SSR Artillery: 3
  Sea: Sea_15 Fighters: 0 Subs: 1 Destroyers: 2
  Sea: Sea_17 Fighters: 0 Subs: 1 Destroyers: 2
Enemy: Eng
  Land: Baltic_States Fighters: 2
  Land: Baltic_States Bombers: 1
  Land: Belorussia Infantry: 4
  Land: Germany Fighters: 2
  Land: Germany Bombers: 1
  Land: Italy Bombers: 1
  Land: Karelia_SSR Bombers: 1
  Land: Karelia_SSR Infantry: 9
  Land: Karelia_SSR Artillery: 1
  Land: Northwestern_Europe Fighters: 2
  Land: Northwestern_Europe Bombers: 1
  Land: Ukraine_SSR Infantry: 6
  Sea: Sea_4 Fighters: 0 Subs: 2 Destroyers: 3
  Sea: Sea_5 Fighters: 2 Subs: 2 Destroyers: 3
  Sea: Sea_9 Fighters: 0 Subs: 2 Destroyers: 4
  Sea: Sea_15 Fighters: 0 Subs: 0 Destroyers: 1
  Sea: Sea_17 Fighters: 1 Subs: 0 Destroyers: 1
Enemy: USA
  Land: Algeria Tanks: 1
  Land: Karelia_SSR Infantry: 2
  Land: Libya Infantry: 2
  Land: Libya Artillery: 1
  Land: Libya Tanks: 1
  Sea: Sea_9 Fighters: 0 Subs: 1 Destroyers: 2
Enemy Attack Options (aggregated max):
  Land: Algeria Inf: 0 Art: 0 Tank: 1 Ftr: 0 Bmb: 0 Str: 3
  Land: Baltic_States Inf: 0 Art: 0 Tank: 0 Ftr: 2 Bmb: 1 Str: 10
  Land: Belorussia Inf: 4 Art: 0 Tank: 0 Ftr: 0 Bmb: 0 Str: 4
  Land: Germany Inf: 0 Art: 0 Tank: 0 Ftr: 2 Bmb: 1 Str: 10
  Land: Italy Inf: 0 Art: 0 Tank: 0 Ftr: 0 Bmb: 1 Str: 4
  Land: Karelia_SSR Inf: 9 Art: 1 Tank: 0 Ftr: 0 Bmb: 1 Str: 15
  Land: Libya Inf: 2 Art: 1 Tank: 1 Ftr: 0 Bmb: 0 Str: 7
  Land: Northwestern_Europe Inf: 0 Art: 0 Tank: 0 Ftr: 2 Bmb: 1 Str: 10
  Land: Ukraine_SSR Inf: 15 Art: 3 Tank: 0 Ftr: 0 Bmb: 0 Str: 21
      [SAFE] Sequential Battle Results: TUV=-26.99, Invaded%=0.0%, Battles=1
      [SAFE] Sequential Battle Results: TUV=-26.95, Invaded%=0.0%, Battles=1
      [SAFE] Sequential Battle Results: TUV=0.00, Invaded%=0.0%, Battles=1
      [SAFE] Sequential Battle Results: TUV=3.16, Invaded%=0.0%, Battles=1
    Possible My Target Territory: Archangel_Air
      Battle Results (TUV, Invaded %):  8.762 ,  0.73199999999999998
      Attack Value:  8.762
    Possible My Target Territory: Caucasus_Air
      Battle Results (TUV, Invaded %):  -34 ,  0
    Possible My Target Territory: Russia_Air
      Battle Results (TUV, Invaded %):  -34 ,  0
    Possible My Target Territory: United_Kingdom_Air
      Battle Results (TUV, Invaded %):  -3.976 ,  0
    Possible My Target Territory: West_Russia_Air
      Battle Results (TUV, Invaded %):  8.0129999999999999 ,  1
      Attack Value:  8.0129999999999999
Trying  West_Russia
Trying  West_Russia
Trying  Archangel
Simulated battle results:  Battle_Results{avg_TUV_swing = -17, invaded_percent = 0, avg_survivor_def_power = 0}
Trying  West_Russia
Starting combat round  0  for land  West_Russia

======================================================================
PRO AI TURN COMPLETE
======================================================================
Next Player: Eng
Final Money: 45 IPCs
Units Added: 10
Game Score: 0.0
======================================================================

round_num:  21
[1;95m --------------------
Current Player:  Eng
Money:  32 [1;0m 

[1;95mAnglo_Egyptian_Sudan (Owner:  Eng )
[1;95m (Units:  Eng )
FIGHTER_UNMOVED : 1
[1;31m[1;34m[1;33m[1;32m
[1;31mArchangel (Owner:  Rus )
[1;95m (Units:  Eng )
INF_1_MOVES : 5
ARTY_1_MOVES : 1
[1;31m[1;34m[1;33m[1;32m (Units:  USA )
INF : 2

[1;34mBaltic_States (Owner:  Ger )
[1;95m[1;31m[1;34m (Units:  Ger )
FIGHTER : 4
[1;33m[1;32m
[1;33mBorneo (Owner:  Jap )
[1;95m[1;31m[1;34m[1;33m (Units:  Jap )
INF : 1
[1;32m
[1;33mCaroline_Islands (Owner:  Jap )
[1;95m[1;31m[1;34m[1;33m (Units:  Jap )
INF : 1
[1;32m
[1;31mCaucasus (Owner:  Rus ) builds: 3 factory-prod: 4
[1;95m (Units:  Eng )
INF_1_MOVES : 2
[1;31m (Units:  Rus )
INF : 15
ARTY : 3
[1;34m[1;33m[1;32m
[1;33mEast_Indies (Owner:  Jap )
[1;95m[1;31m[1;34m[1;33m (Units:  Jap )
INF : 2
[1;32m
[1;95mEastern_Australia (Owner:  Eng )
[1;95m (Units:  Eng )
INF_1_MOVES : 2
[1;31m[1;34m[1;33m[1;32m
[1;95mEastern_Canada (Owner:  Eng )
[1;95m (Units:  Eng )
INF_1_MOVES : 1
[1;31m[1;34m[1;33m[1;32m
[1;32mEastern_United_States (Owner:  USA ) builds: 12 factory-prod: 12
[1;95m[1;31m[1;34m[1;33m[1;32m (Units:  USA )
INF : 1
FIGHTER : 1
BOMBER : 1

[1;95mEgypt (Owner:  Eng )
[1;95m[1;31m[1;34m[1;33m[1;32m (Units:  USA )
INF : 2
ARTY : 1
TANK : 1

[1;31mEvenki_National_Okrug (Owner:  Rus )
[1;95m[1;31m (Units:  Rus )
INF : 1
[1;34m[1;33m[1;32m
[1;33mFrench_Indo_China_Thailand (Owner:  Jap )
[1;95m[1;31m[1;34m[1;33m (Units:  Jap )
INF : 10
ARTY : 3
TANK : 1
[1;32m
[1;34mGermany (Owner:  Ger ) factory-prod: 10
[1;95m[1;31m[1;34m (Units:  Ger )
INF : 62
ARTY : 1
TANK : 1
[1;33m[1;32m
[1;32mHawaiian_Islands (Owner:  USA )
[1;95m[1;31m[1;34m[1;33m[1;32m (Units:  USA )
INF : 1
FIGHTER : 1

[1;95mIndia (Owner:  Eng ) builds: 3 factory-prod: 3
[1;95m (Units:  Eng )
INF_1_MOVES : 2
AAGUN_1_MOVES : 1
[1;31m[1;34m[1;33m[1;32m
[1;33mIwo_Jima (Owner:  Jap )
[1;95m[1;31m[1;34m[1;33m (Units:  Jap )
INF : 1
[1;32m
[1;33mJapan (Owner:  Jap ) builds: 3 factory-prod: 8
[1;95m[1;31m[1;34m[1;33m (Units:  Jap )
INF : 2
TANK : 2
FIGHTER : 1
BOMBER : 1
[1;32m
[1;34mKarelia_SSR (Owner:  Ger ) factory-prod: 2
[1;95m[1;31m[1;34m (Units:  Ger )
INF : 4
TANK : 2
[1;33m[1;32m
[1;32mMidway (Owner:  USA )
[1;95m[1;31m[1;34m[1;33m[1;32m (Units:  USA )
INF : 1

[1;33mNew_Guinea (Owner:  Jap )
[1;95m[1;31m[1;34m[1;33m (Units:  Jap )
INF : 1
[1;32m
[1;95mNew_Zealand (Owner:  Eng )
[1;95m (Units:  Eng )
INF_1_MOVES : 1
[1;31m[1;34m[1;33m[1;32m
[1;34mNorthwestern_Europe (Owner:  Ger )
[1;95m[1;31m[1;34m (Units:  Ger )
FIGHTER : 1
[1;33m[1;32m
[1;33mOkinawa (Owner:  Jap )
[1;95m[1;31m[1;34m[1;33m (Units:  Jap )
INF : 1
[1;32m
[1;95mPersia (Owner:  Eng )
[1;95m (Units:  Eng )
INF_1_MOVES : 4
TANK_2_MOVES : 1
[1;31m[1;34m[1;33m[1;32m
[1;33mPhilippine_Islands (Owner:  Jap )
[1;95m[1;31m[1;34m[1;33m (Units:  Jap )
INF : 1
ARTY : 1
[1;32m
[1;31mRussia (Owner:  Rus ) builds: 3 factory-prod: 8
[1;95m[1;31m (Units:  Rus )
INF : 14
ARTY : 4
TANK : 2
[1;34m[1;33m[1;32m
[1;33mSolomon_Islands (Owner:  Jap )
[1;95m[1;31m[1;34m[1;33m (Units:  Jap )
INF : 1
[1;32m
[1;32mSzechwan (Owner:  USA )
[1;95m[1;31m[1;34m[1;33m[1;32m (Units:  USA )
FIGHTER : 1

[1;95mUnited_Kingdom (Owner:  Eng ) builds: 8 factory-prod: 8
[1;95m (Units:  Eng )
FIGHTER_UNMOVED : 2
BOMBER_UNMOVED : 1
[1;31m[1;34m[1;33m[1;32m
[1;33mWake_Island (Owner:  Jap )
[1;95m[1;31m[1;34m[1;33m (Units:  Jap )
INF : 1
[1;32m
[1;34mWest_Russia (Owner:  Ger )
[1;95m[1;31m[1;34m (Units:  Ger )
INF : 2
TANK : 2
[1;33m[1;32m
[1;95mWestern_Australia (Owner:  Eng )
[1;95m (Units:  Eng )
INF_1_MOVES : 1
[1;31m[1;34m[1;33m[1;32m
[1;32mWestern_United_States (Owner:  USA ) builds: 8 factory-prod: 10
[1;95m[1;31m[1;34m[1;33m[1;32m (Units:  USA )
INF : 3
FIGHTER : 1

[1;33mYunnan (Owner:  Jap )
[1;95m[1;31m[1;34m[1;33m (Units:  Jap )
INF : 5
ARTY : 1
TANK : 3
[1;32m
[1;0mSea_4
[1;95m (Units:  Eng )
TRANS_EMPTY_UNMOVED : 1
DESTROYER_2_MOVES : 7
BATTLESHIP_2_MOVES : 1
[1;31m (Units:  Rus )
SUB : 1
DESTROYER : 1
[1;34m (Units:  Ger )
DESTROYER : 1
[1;33m[1;32m
[1;0mSea_5
[1;95m[1;31m[1;34m (Units:  Ger )
TRANS_EMPTY : 1
SUB : 2
DESTROYER : 5
CRUISER : 1
[1;33m[1;32m
[1;0mSea_6
[1;95m (Units:  Eng )
SUB_2_MOVES : 2
DESTROYER_2_MOVES : 3
[1;31m[1;34m[1;33m[1;32m
[1;0mSea_9
[1;95m[1;31m[1;34m (Units:  Ger )
SUB : 2
[1;33m[1;32m
[1;0mSea_11
[1;95m[1;31m[1;34m[1;33m[1;32m (Units:  USA )
SUB : 1

[1;0mSea_12
[1;95m[1;31m[1;34m[1;33m[1;32m (Units:  USA )
TRANS_EMPTY : 2
DESTROYER : 2
BATTLESHIP : 1

[1;0mSea_13
[1;95m (Units:  Eng )
TRANS_EMPTY_UNMOVED : 1
DESTROYER_2_MOVES : 1
CRUISER_2_MOVES : 1
[1;31m[1;34m[1;33m[1;32m
[1;0mSea_15
[1;95m[1;31m[1;34m (Units:  Ger )
SUB : 1
[1;33m[1;32m
[1;0mSea_16
[1;95m[1;31m (Units:  Rus )
SUB : 1
DESTROYER : 2
[1;34m[1;33m[1;32m
[1;0mSea_34
[1;95m[1;31m[1;34m (Units:  Ger )
TRANS_EMPTY : 1
BATTLESHIP : 1
[1;33m[1;32m
[1;0mSea_35
[1;95m (Units:  Eng )
TRANS_EMPTY_UNMOVED : 1
DESTROYER_2_MOVES : 1
CARRIER_2_MOVES : 1
CRUISER_2_MOVES : 1
FIGHTER_UNMOVED : 1
[1;31m[1;34m[1;33m[1;32m
[1;0mSea_39
[1;95m (Units:  Eng )
TRANS_EMPTY_UNMOVED : 1
SUB_2_MOVES : 1
CRUISER_2_MOVES : 1
[1;31m[1;34m[1;33m[1;32m
[1;0mSea_44
[1;95m[1;31m[1;34m[1;33m (Units:  Jap )
SUB : 1
[1;32m
[1;0mSea_53
[1;95m[1;31m[1;34m[1;33m[1;32m (Units:  USA )
SUB : 1

[1;0mSea_56
[1;95m[1;31m[1;34m[1;33m[1;32m (Units:  USA )
TRANS_EMPTY : 2
DESTROYER : 2
CARRIER : 1
CRUISER : 1
BATTLESHIP : 7
FIGHTER : 1

[1;0mSea_60
[1;95m[1;31m[1;34m[1;33m (Units:  Jap )
TRANS_EMPTY : 5
DESTROYER : 2
[1;32m
[1;0mSea_61
[1;95m[1;31m[1;34m[1;33m (Units:  Jap )
TRANS_EMPTY : 2
DESTROYER : 3
CARRIER : 2
CRUISER : 1
BATTLESHIP : 3
FIGHTER : 3
[1;32m
[1;0m

======================================================================
PRO AI SINGLE TURN TEST (TripleA Purchase & Place)
======================================================================
Starting Player: Eng
Starting Money: 32 IPCs
Total units on board: 21
======================================================================
Enemy Attack Options (per-enemy):
Enemy: Ger
  Land: Archangel Fighters: 4
  Land: Archangel Infantry: 6
  Land: Archangel Tanks: 4
  Land: Caucasus Infantry: 2
  Land: Caucasus Tanks: 2
  Land: United_Kingdom Fighters: 5
  Sea: Sea_4 Fighters: 5 Subs: 0 Destroyers: 0
  Sea: Sea_6 Fighters: 0 Subs: 4 Destroyers: 6
  Sea: Sea_7 Fighters: 0 Subs: 4 Destroyers: 6
  Sea: Sea_8 Fighters: 0 Subs: 4 Destroyers: 5
  Sea: Sea_13 Fighters: 1 Subs: 3 Destroyers: 0
Enemy: Jap
  Land: Burma Infantry: 15
  Land: Burma Artillery: 4
  Land: Burma Tanks: 4
  Land: India Tanks: 4
  Land: Western_Australia Bombers: 1
  Sea: Sea_35 Fighters: 1 Subs: 0 Destroyers: 3
  Sea: Sea_39 Fighters: 0 Subs: 1 Destroyers: 0
Enemy Attack Options (aggregated max):
  Land: Archangel Inf: 6 Art: 0 Tank: 4 Ftr: 4 Bmb: 0 Str: 30
  Land: Burma Inf: 15 Art: 4 Tank: 4 Ftr: 0 Bmb: 0 Str: 35
  Land: Caucasus Inf: 2 Art: 0 Tank: 2 Ftr: 0 Bmb: 0 Str: 8
  Land: India Inf: 0 Art: 0 Tank: 4 Ftr: 0 Bmb: 0 Str: 12
  Land: United_Kingdom Inf: 0 Art: 0 Tank: 0 Ftr: 5 Bmb: 0 Str: 15
  Land: Western_Australia Inf: 0 Art: 0 Tank: 0 Ftr: 0 Bmb: 1 Str: 4
      [SAFE] Sequential Battle Results: TUV=13.01, Invaded%=0.0%, Battles=1
      [SAFE] Sequential Battle Results: TUV=-1.49, Invaded%=0.0%, Battles=1
    Possible My Target Territory: Baltic_States_Air
      Battle Results (TUV, Invaded %):  -5.24 ,  0
    Possible My Target Territory: Germany_Air
      Battle Results (TUV, Invaded %):  -26.984 ,  0
    Possible My Target Territory: Karelia_SSR_Air
      Battle Results (TUV, Invaded %):  12.907999999999999 ,  0.98099999999999998
      Attack Value:  28.908
    Possible My Target Territory: Northwestern_Europe_Air
      Battle Results (TUV, Invaded %):  3.2999999999999998 ,  0
    Possible My Target Territory: West_Russia_Air
      Battle Results (TUV, Invaded %):  11.234999999999999 ,  1
      Attack Value:  11.234999999999999
Trying  Karelia_SSR
Simulated battle results:  Battle_Results{avg_TUV_swing = 0, invaded_percent = 0, avg_survivor_def_power = 0}
Trying  West_Russia
Simulated battle results:  Battle_Results{avg_TUV_swing = -4.503, invaded_percent = 0, avg_survivor_def_power = 0}

======================================================================
PRO AI TURN COMPLETE
======================================================================
Next Player: Jap
Final Money: 33 IPCs
Units Added: 2
Game Score: -0.1
======================================================================

round_num:  22
[1;33m --------------------
Current Player:  Jap
Money:  33 [1;0m 

[1;95mAnglo_Egyptian_Sudan (Owner:  Eng )
[1;33m[1;31m[1;34m[1;95m (Units:  Eng )
FIGHTER : 1
[1;32m
[1;31mArchangel (Owner:  Rus )
[1;33m[1;31m[1;34m[1;95m[1;32m (Units:  USA )
INF : 2

[1;34mBaltic_States (Owner:  Ger )
[1;33m[1;31m[1;34m (Units:  Ger )
FIGHTER : 4
[1;95m[1;32m
[1;33mBorneo (Owner:  Jap )
[1;33m (Units:  Jap )
INF_1_MOVES : 1
[1;31m[1;34m[1;95m[1;32m
[1;33mCaroline_Islands (Owner:  Jap )
[1;33m (Units:  Jap )
INF_1_MOVES : 1
[1;31m[1;34m[1;95m[1;32m
[1;31mCaucasus (Owner:  Rus ) builds: 3 factory-prod: 4
[1;33m[1;31m (Units:  Rus )
INF : 15
ARTY : 3
[1;34m[1;95m (Units:  Eng )
INF : 4
[1;32m
[1;33mEast_Indies (Owner:  Jap )
[1;33m (Units:  Jap )
INF_1_MOVES : 2
[1;31m[1;34m[1;95m[1;32m
[1;95mEastern_Australia (Owner:  Eng )
[1;33m[1;31m[1;34m[1;95m (Units:  Eng )
INF : 3
[1;32m
[1;32mEastern_United_States (Owner:  USA ) builds: 12 factory-prod: 12
[1;33m[1;31m[1;34m[1;95m (Units:  Eng )
INF : 1
[1;32m (Units:  USA )
INF : 1
FIGHTER : 1
BOMBER : 1

[1;95mEgypt (Owner:  Eng )
[1;33m[1;31m[1;34m[1;95m[1;32m (Units:  USA )
INF : 2
ARTY : 1
TANK : 1

[1;31mEvenki_National_Okrug (Owner:  Rus )
[1;33m[1;31m (Units:  Rus )
INF : 1
[1;34m[1;95m[1;32m
[1;33mFrench_Indo_China_Thailand (Owner:  Jap )
[1;33m (Units:  Jap )
INF_1_MOVES : 10
ARTY_1_MOVES : 3
TANK_2_MOVES : 1
[1;31m[1;34m[1;95m[1;32m
[1;34mGermany (Owner:  Ger ) factory-prod: 10
[1;33m[1;31m[1;34m (Units:  Ger )
INF : 62
ARTY : 1
TANK : 1
[1;95m[1;32m
[1;32mHawaiian_Islands (Owner:  USA )
[1;33m[1;31m[1;34m[1;95m[1;32m (Units:  USA )
INF : 1
FIGHTER : 1

[1;95mIndia (Owner:  Eng ) builds: 1 factory-prod: 3
[1;33m[1;31m[1;34m[1;95m (Units:  Eng )
INF : 4
AAGUN : 1
[1;32m
[1;33mIwo_Jima (Owner:  Jap )
[1;33m (Units:  Jap )
INF_1_MOVES : 1
[1;31m[1;34m[1;95m[1;32m
[1;33mJapan (Owner:  Jap ) builds: 8 factory-prod: 8
[1;33m (Units:  Jap )
INF_1_MOVES : 2
TANK_2_MOVES : 2
FIGHTER_UNMOVED : 1
BOMBER_UNMOVED : 1
[1;31m[1;34m[1;95m[1;32m
[1;34mKarelia_SSR (Owner:  Ger ) factory-prod: 2
[1;33m[1;31m[1;34m (Units:  Ger )
INF : 4
TANK : 2
[1;95m[1;32m
[1;32mMidway (Owner:  USA )
[1;33m[1;31m[1;34m[1;95m[1;32m (Units:  USA )
INF : 1

[1;33mNew_Guinea (Owner:  Jap )
[1;33m (Units:  Jap )
INF_1_MOVES : 1
[1;31m[1;34m[1;95m[1;32m
[1;95mNew_Zealand (Owner:  Eng )
[1;33m[1;31m[1;34m[1;95m (Units:  Eng )
INF : 1
[1;32m
[1;34mNorthwestern_Europe (Owner:  Ger )
[1;33m[1;31m[1;34m (Units:  Ger )
FIGHTER : 1
[1;95m[1;32m
[1;33mOkinawa (Owner:  Jap )
[1;33m (Units:  Jap )
INF_1_MOVES : 1
[1;31m[1;34m[1;95m[1;32m
[1;95mPersia (Owner:  Eng )
[1;33m[1;31m[1;34m[1;95m (Units:  Eng )
INF : 2
[1;32m
[1;33mPhilippine_Islands (Owner:  Jap )
[1;33m (Units:  Jap )
INF_1_MOVES : 1
ARTY_1_MOVES : 1
[1;31m[1;34m[1;95m[1;32m
[1;31mRussia (Owner:  Rus ) builds: 3 factory-prod: 8
[1;33m[1;31m (Units:  Rus )
INF : 14
ARTY : 4
TANK : 2
[1;34m[1;95m (Units:  Eng )
INF : 5
ARTY : 1
TANK : 1
[1;32m
[1;33mSolomon_Islands (Owner:  Jap )
[1;33m (Units:  Jap )
INF_1_MOVES : 1
[1;31m[1;34m[1;95m[1;32m
[1;32mSzechwan (Owner:  USA )
[1;33m[1;31m[1;34m[1;95m[1;32m (Units:  USA )
FIGHTER : 1

[1;95mUnited_Kingdom (Owner:  Eng ) builds: 5 factory-prod: 8
[1;33m[1;31m[1;34m[1;95m (Units:  Eng )
FIGHTER : 2
BOMBER : 1
[1;32m
[1;33mWake_Island (Owner:  Jap )
[1;33m (Units:  Jap )
INF_1_MOVES : 1
[1;31m[1;34m[1;95m[1;32m
[1;34mWest_Russia (Owner:  Ger )
[1;33m[1;31m[1;34m (Units:  Ger )
INF : 2
TANK : 2
[1;95m[1;32m
[1;32mWestern_United_States (Owner:  USA ) builds: 8 factory-prod: 10
[1;33m[1;31m[1;34m[1;95m[1;32m (Units:  USA )
INF : 3
FIGHTER : 1

[1;33mYunnan (Owner:  Jap )
[1;33m (Units:  Jap )
INF_1_MOVES : 5
ARTY_1_MOVES : 1
TANK_2_MOVES : 3
[1;31m[1;34m[1;95m[1;32m
[1;0mSea_3
[1;33m[1;31m[1;34m[1;95m (Units:  Eng )
TRANS_EMPTY : 1
DESTROYER : 7
BATTLESHIP : 1
[1;32m
[1;0mSea_4
[1;33m[1;31m (Units:  Rus )
SUB : 1
DESTROYER : 1
[1;34m (Units:  Ger )
DESTROYER : 1
[1;95m[1;32m
[1;0mSea_5
[1;33m[1;31m[1;34m (Units:  Ger )
TRANS_EMPTY : 1
SUB : 2
DESTROYER : 5
CRUISER : 1
[1;95m[1;32m
[1;0mSea_6
[1;33m[1;31m[1;34m[1;95m (Units:  Eng )
SUB : 2
DESTROYER : 3
[1;32m
[1;0mSea_8
[1;33m[1;31m[1;34m[1;95m (Units:  Eng )
TRANS_EMPTY : 1
DESTROYER : 4
CRUISER : 1
[1;32m
[1;0mSea_9
[1;33m[1;31m[1;34m (Units:  Ger )
SUB : 2
[1;95m[1;32m
[1;0mSea_11
[1;33m[1;31m[1;34m[1;95m[1;32m (Units:  USA )
SUB : 1

[1;0mSea_12
[1;33m[1;31m[1;34m[1;95m[1;32m (Units:  USA )
TRANS_EMPTY : 2
DESTROYER : 2
BATTLESHIP : 1

[1;0mSea_15
[1;33m[1;31m[1;34m (Units:  Ger )
SUB : 1
[1;95m[1;32m
[1;0mSea_16
[1;33m[1;31m (Units:  Rus )
SUB : 1
DESTROYER : 2
[1;34m[1;95m[1;32m
[1;0mSea_34
[1;33m[1;31m[1;34m (Units:  Ger )
TRANS_EMPTY : 1
BATTLESHIP : 1
[1;95m[1;32m
[1;0mSea_37
[1;33m[1;31m[1;34m[1;95m (Units:  Eng )
TRANS_EMPTY : 1
DESTROYER : 1
CARRIER : 1
CRUISER : 2
FIGHTER : 1
[1;32m
[1;0mSea_39
[1;33m[1;31m[1;34m[1;95m (Units:  Eng )
SUB : 1
[1;32m
[1;0mSea_44
[1;33m (Units:  Jap )
SUB_2_MOVES : 1
[1;31m[1;34m[1;95m[1;32m
[1;0mSea_45
[1;33m[1;31m[1;34m[1;95m (Units:  Eng )
TRANS_EMPTY : 1
[1;32m
[1;0mSea_53
[1;33m[1;31m[1;34m[1;95m[1;32m (Units:  USA )
SUB : 1

[1;0mSea_56
[1;33m[1;31m[1;34m[1;95m[1;32m (Units:  USA )
TRANS_EMPTY : 2
DESTROYER : 2
CARRIER : 1
CRUISER : 1
BATTLESHIP : 7
FIGHTER : 1

[1;0mSea_60
[1;33m (Units:  Jap )
TRANS_EMPTY_UNMOVED : 5
DESTROYER_2_MOVES : 2
[1;31m[1;34m[1;95m[1;32m
[1;0mSea_61
[1;33m (Units:  Jap )
TRANS_EMPTY_UNMOVED : 2
DESTROYER_2_MOVES : 3
CARRIER_2_MOVES : 2
CRUISER_2_MOVES : 1
BATTLESHIP_2_MOVES : 3
FIGHTER_UNMOVED : 3
[1;31m[1;34m[1;95m[1;32m
[1;0m

======================================================================
PRO AI SINGLE TURN TEST (TripleA Purchase & Place)
======================================================================
Starting Player: Jap
Starting Money: 33 IPCs
Total units on board: 38
======================================================================
Enemy Attack Options (per-enemy):
Enemy: Rus
Enemy: Eng
  Sea: Sea_44 Fighters: 0 Subs: 1 Destroyers: 0
  Sea: Sea_61 Fighters: 1 Subs: 0 Destroyers: 1
Enemy: USA
  Land: French_Indo_China_Thailand Fighters: 1
  Land: Wake_Island Fighters: 1
  Land: Yunnan Fighters: 1
  Sea: Sea_44 Fighters: 2 Subs: 1 Destroyers: 2
  Sea: Sea_60 Fighters: 1 Subs: 0 Destroyers: 0
  Sea: Sea_61 Fighters: 1 Subs: 0 Destroyers: 0
Enemy Attack Options (aggregated max):
  Land: French_Indo_China_Thailand Inf: 0 Art: 0 Tank: 0 Ftr: 1 Bmb: 0 Str: 3
  Land: Wake_Island Inf: 0 Art: 0 Tank: 0 Ftr: 1 Bmb: 0 Str: 3
  Land: Yunnan Inf: 0 Art: 0 Tank: 0 Ftr: 1 Bmb: 0 Str: 3
      [SAFE] Sequential Battle Results: TUV=-8.54, Invaded%=0.0%, Battles=1
      [SAFE] Sequential Battle Results: TUV=-2.90, Invaded%=0.0%, Battles=1
      [SAFE] Sequential Battle Results: TUV=-8.50, Invaded%=0.0%, Battles=1
    Possible My Target Territory: India_Air
      Battle Results (TUV, Invaded %):  2.5009999999999999 ,  0.892
      Attack Value:  26.501
    Possible My Target Territory: Midway_Air
      Battle Results (TUV, Invaded %):  -1.608 ,  0
    Possible My Target Territory: Szechwan_Air
      Battle Results (TUV, Invaded %):  7.969 ,  1
      Attack Value:  7.969
Trying  Szechwan

======================================================================
PRO AI TURN COMPLETE
======================================================================
Next Player: USA
Final Money: 33 IPCs
Units Added: 5
Game Score: 0.0
======================================================================

round_num:  23
[1;32m --------------------
Current Player:  USA
Money:  41 [1;0m 

[1;95mAnglo_Egyptian_Sudan (Owner:  Eng )
[1;32m[1;31m[1;34m[1;95m (Units:  Eng )
FIGHTER : 1
[1;33m
[1;31mArchangel (Owner:  Rus )
[1;32m (Units:  USA )
INF_1_MOVES : 2
[1;31m[1;34m[1;95m[1;33m
[1;34mBaltic_States (Owner:  Ger )
[1;32m[1;31m[1;34m (Units:  Ger )
FIGHTER : 4
[1;95m[1;33m
[1;33mBorneo (Owner:  Jap )
[1;32m[1;31m[1;34m[1;95m[1;33m (Units:  Jap )
INF : 1

[1;33mCaroline_Islands (Owner:  Jap )
[1;32m[1;31m[1;34m[1;95m[1;33m (Units:  Jap )
INF : 1

[1;31mCaucasus (Owner:  Rus ) builds: 3 factory-prod: 4
[1;32m[1;31m (Units:  Rus )
INF : 15
ARTY : 3
[1;34m[1;95m (Units:  Eng )
INF : 4
[1;33m
[1;33mEast_Indies (Owner:  Jap )
[1;32m[1;31m[1;34m[1;95m[1;33m (Units:  Jap )
INF : 2

[1;95mEastern_Australia (Owner:  Eng )
[1;32m[1;31m[1;34m[1;95m (Units:  Eng )
INF : 3
[1;33m
[1;32mEastern_United_States (Owner:  USA ) builds: 12 factory-prod: 12
[1;32m (Units:  USA )
INF_1_MOVES : 1
FIGHTER_UNMOVED : 1
BOMBER_UNMOVED : 1
[1;31m[1;34m[1;95m (Units:  Eng )
INF : 1
[1;33m
[1;95mEgypt (Owner:  Eng )
[1;32m (Units:  USA )
INF_1_MOVES : 2
ARTY_1_MOVES : 1
TANK_2_MOVES : 1
[1;31m[1;34m[1;95m[1;33m
[1;31mEvenki_National_Okrug (Owner:  Rus )
[1;32m[1;31m (Units:  Rus )
INF : 1
[1;34m[1;95m[1;33m
[1;33mFrench_Indo_China_Thailand (Owner:  Jap )
[1;32m[1;31m[1;34m[1;95m[1;33m (Units:  Jap )
INF : 5
ARTY : 1
TANK : 3

[1;34mGermany (Owner:  Ger ) factory-prod: 10
[1;32m[1;31m[1;34m (Units:  Ger )
INF : 62
ARTY : 1
TANK : 1
[1;95m[1;33m
[1;32mHawaiian_Islands (Owner:  USA )
[1;32m (Units:  USA )
INF_1_MOVES : 1
FIGHTER_UNMOVED : 1
[1;31m[1;34m[1;95m[1;33m
[1;95mIndia (Owner:  Eng ) builds: 1 factory-prod: 3
[1;32m[1;31m[1;34m[1;95m (Units:  Eng )
INF : 4
AAGUN : 1
[1;33m
[1;33mIwo_Jima (Owner:  Jap )
[1;32m[1;31m[1;34m[1;95m[1;33m (Units:  Jap )
INF : 1

[1;33mJapan (Owner:  Jap ) builds: 2 factory-prod: 8
[1;32m[1;31m[1;34m[1;95m[1;33m (Units:  Jap )
INF : 1
ARTY : 1
TANK : 3
FIGHTER : 1
BOMBER : 1

[1;34mKarelia_SSR (Owner:  Ger ) factory-prod: 2
[1;32m[1;31m[1;34m (Units:  Ger )
INF : 4
TANK : 2
[1;95m[1;33m
[1;32mMidway (Owner:  USA )
[1;32m (Units:  USA )
INF_1_MOVES : 1
[1;31m[1;34m[1;95m[1;33m
[1;33mNew_Guinea (Owner:  Jap )
[1;32m[1;31m[1;34m[1;95m[1;33m (Units:  Jap )
INF : 1

[1;95mNew_Zealand (Owner:  Eng )
[1;32m[1;31m[1;34m[1;95m (Units:  Eng )
INF : 1
[1;33m
[1;34mNorthwestern_Europe (Owner:  Ger )
[1;32m[1;31m[1;34m (Units:  Ger )
FIGHTER : 1
[1;95m[1;33m
[1;33mOkinawa (Owner:  Jap )
[1;32m[1;31m[1;34m[1;95m[1;33m (Units:  Jap )
INF : 1

[1;95mPersia (Owner:  Eng )
[1;32m[1;31m[1;34m[1;95m (Units:  Eng )
INF : 2
[1;33m
[1;33mPhilippine_Islands (Owner:  Jap )
[1;32m[1;31m[1;34m[1;95m[1;33m (Units:  Jap )
INF : 1
ARTY : 1

[1;31mRussia (Owner:  Rus ) builds: 3 factory-prod: 8
[1;32m[1;31m (Units:  Rus )
INF : 14
ARTY : 4
TANK : 2
[1;34m[1;95m (Units:  Eng )
INF : 5
ARTY : 1
TANK : 1
[1;33m
[1;33mSolomon_Islands (Owner:  Jap )
[1;32m[1;31m[1;34m[1;95m[1;33m (Units:  Jap )
INF : 1

[1;32mSzechwan (Owner:  USA )
[1;32m (Units:  USA )
FIGHTER_UNMOVED : 1
[1;31m[1;34m[1;95m[1;33m
[1;95mUnited_Kingdom (Owner:  Eng ) builds: 5 factory-prod: 8
[1;32m[1;31m[1;34m[1;95m (Units:  Eng )
FIGHTER : 2
BOMBER : 1
[1;33m
[1;33mWake_Island (Owner:  Jap )
[1;32m[1;31m[1;34m[1;95m[1;33m (Units:  Jap )
INF : 1

[1;34mWest_Russia (Owner:  Ger )
[1;32m[1;31m[1;34m (Units:  Ger )
INF : 2
TANK : 2
[1;95m[1;33m
[1;32mWestern_United_States (Owner:  USA ) builds: 10 factory-prod: 10
[1;32m (Units:  USA )
INF_1_MOVES : 3
FIGHTER_UNMOVED : 1
[1;31m[1;34m[1;95m[1;33m
[1;33mYunnan (Owner:  Jap )
[1;32m[1;31m[1;34m[1;95m[1;33m (Units:  Jap )
INF : 12
ARTY : 3
TANK : 3

[1;0mSea_3
[1;32m[1;31m[1;34m[1;95m (Units:  Eng )
TRANS_EMPTY : 1
DESTROYER : 7
BATTLESHIP : 1
[1;33m
[1;0mSea_4
[1;32m[1;31m (Units:  Rus )
SUB : 1
DESTROYER : 1
[1;34m (Units:  Ger )
DESTROYER : 1
[1;95m[1;33m
[1;0mSea_5
[1;32m[1;31m[1;34m (Units:  Ger )
TRANS_EMPTY : 1
SUB : 2
DESTROYER : 5
CRUISER : 1
[1;95m[1;33m
[1;0mSea_6
[1;32m[1;31m[1;34m[1;95m (Units:  Eng )
SUB : 2
DESTROYER : 3
[1;33m
[1;0mSea_8
[1;32m[1;31m[1;34m[1;95m (Units:  Eng )
TRANS_EMPTY : 1
DESTROYER : 4
CRUISER : 1
[1;33m
[1;0mSea_9
[1;32m[1;31m[1;34m (Units:  Ger )
SUB : 2
[1;95m[1;33m
[1;0mSea_11
[1;32m (Units:  USA )
SUB_2_MOVES : 1
[1;31m[1;34m[1;95m[1;33m
[1;0mSea_12
[1;32m (Units:  USA )
TRANS_EMPTY_UNMOVED : 2
DESTROYER_2_MOVES : 2
BATTLESHIP_2_MOVES : 1
[1;31m[1;34m[1;95m[1;33m
[1;0mSea_15
[1;32m[1;31m[1;34m (Units:  Ger )
SUB : 1
[1;95m[1;33m
[1;0mSea_16
[1;32m[1;31m (Units:  Rus )
SUB : 1
DESTROYER : 2
[1;34m[1;95m[1;33m
[1;0mSea_34
[1;32m[1;31m[1;34m (Units:  Ger )
TRANS_EMPTY : 1
BATTLESHIP : 1
[1;95m[1;33m
[1;0mSea_37
[1;32m[1;31m[1;34m[1;95m (Units:  Eng )
TRANS_EMPTY : 1
DESTROYER : 1
CARRIER : 1
CRUISER : 2
FIGHTER : 1
[1;33m
[1;0mSea_39
[1;32m[1;31m[1;34m[1;95m (Units:  Eng )
SUB : 1
[1;33m
[1;0mSea_44
[1;32m[1;31m[1;34m[1;95m[1;33m (Units:  Jap )
SUB : 1

[1;0mSea_45
[1;32m[1;31m[1;34m[1;95m (Units:  Eng )
TRANS_EMPTY : 1
[1;33m
[1;0mSea_53
[1;32m (Units:  USA )
SUB_2_MOVES : 1
[1;31m[1;34m[1;95m[1;33m
[1;0mSea_56
[1;32m (Units:  USA )
TRANS_EMPTY_UNMOVED : 2
DESTROYER_2_MOVES : 2
CARRIER_2_MOVES : 1
CRUISER_2_MOVES : 1
BATTLESHIP_2_MOVES : 7
FIGHTER_UNMOVED : 1
[1;31m[1;34m[1;95m[1;33m
[1;0mSea_60
[1;32m[1;31m[1;34m[1;95m[1;33m (Units:  Jap )
TRANS_EMPTY : 6
DESTROYER : 2

[1;0mSea_61
[1;32m[1;31m[1;34m[1;95m[1;33m (Units:  Jap )
TRANS_EMPTY : 2
DESTROYER : 3
CARRIER : 2
CRUISER : 1
BATTLESHIP : 3
FIGHTER : 3

[1;0m

======================================================================
PRO AI SINGLE TURN TEST (TripleA Purchase & Place)
======================================================================
Starting Player: USA
Starting Money: 41 IPCs
Total units on board: 12
======================================================================
Enemy Attack Options (per-enemy):
Enemy: Ger
  Land: Archangel Fighters: 4
  Land: Archangel Infantry: 6
  Land: Archangel Tanks: 4
  Sea: Sea_11 Fighters: 0 Subs: 2 Destroyers: 0
  Sea: Sea_12 Fighters: 0 Subs: 2 Destroyers: 0
Enemy: Jap
  Land: Midway Bombers: 1
  Land: Szechwan Bombers: 1
  Land: Szechwan Infantry: 12
  Land: Szechwan Artillery: 3
  Land: Szechwan Tanks: 3
  Sea: Sea_53 Fighters: 0 Subs: 1 Destroyers: 0
  Sea: Sea_56 Fighters: 0 Subs: 1 Destroyers: 0
Enemy Attack Options (aggregated max):
  Land: Archangel Inf: 6 Art: 0 Tank: 4 Ftr: 4 Bmb: 0 Str: 30
  Land: Midway Inf: 0 Art: 0 Tank: 0 Ftr: 0 Bmb: 1 Str: 4
  Land: Szechwan Inf: 12 Art: 3 Tank: 3 Ftr: 0 Bmb: 1 Str: 31
      [SAFE] Sequential Battle Results: TUV=-1.59, Invaded%=0.0%, Battles=1
    Possible My Target Territory: French_Indo_China_Thailand_Air
      Battle Results (TUV, Invaded %):  -8.529999999999999 ,  0
    Possible My Target Territory: Karelia_SSR_Air
      Battle Results (TUV, Invaded %):  -4.9889999999999999 ,  0
    Possible My Target Territory: Wake_Island_Air
      Battle Results (TUV, Invaded %):  -2.911 ,  0
    Possible My Target Territory: West_Russia_Air
      Battle Results (TUV, Invaded %):  -11.551 ,  0
    Possible My Target Territory: Yunnan_Air
      Battle Results (TUV, Invaded %):  -8.473 ,  0

======================================================================
PRO AI TURN COMPLETE
======================================================================
Next Player: Rus
Final Money: 40 IPCs
Units Added: 3
Game Score: 0.1
======================================================================

round_num:  24
[1;31m --------------------
Current Player:  Rus
Money:  25 [1;0m 

[1;95mAnglo_Egyptian_Sudan (Owner:  Eng )
[1;31m[1;34m[1;95m (Units:  Eng )
FIGHTER : 1
[1;33m[1;32m
[1;34mBaltic_States (Owner:  Ger )
[1;31m[1;34m (Units:  Ger )
FIGHTER : 4
[1;95m[1;33m[1;32m
[1;33mBorneo (Owner:  Jap )
[1;31m[1;34m[1;95m[1;33m (Units:  Jap )
INF : 1
[1;32m
[1;33mCaroline_Islands (Owner:  Jap )
[1;31m[1;34m[1;95m[1;33m (Units:  Jap )
INF : 1
[1;32m
[1;31mCaucasus (Owner:  Rus ) builds: 4 factory-prod: 4
[1;31m (Units:  Rus )
INF_1_MOVES : 15
ARTY_1_MOVES : 3
[1;34m[1;95m (Units:  Eng )
INF : 4
[1;33m[1;32m
[1;33mEast_Indies (Owner:  Jap )
[1;31m[1;34m[1;95m[1;33m (Units:  Jap )
INF : 2
[1;32m
[1;95mEastern_Australia (Owner:  Eng )
[1;31m[1;34m[1;95m (Units:  Eng )
INF : 3
[1;33m[1;32m
[1;32mEastern_United_States (Owner:  USA ) builds: 7 factory-prod: 12
[1;31m[1;34m[1;95m (Units:  Eng )
INF : 1
[1;33m[1;32m (Units:  USA )
INF : 1
ARTY : 2
FIGHTER : 1
BOMBER : 1

[1;31mEvenki_National_Okrug (Owner:  Rus )
[1;31m (Units:  Rus )
INF_1_MOVES : 1
[1;34m[1;95m[1;33m[1;32m (Units:  USA )
INF : 2

[1;33mFrench_Indo_China_Thailand (Owner:  Jap )
[1;31m[1;34m[1;95m[1;33m (Units:  Jap )
INF : 5
ARTY : 1
TANK : 3
[1;32m
[1;34mGermany (Owner:  Ger ) factory-prod: 10
[1;31m[1;34m (Units:  Ger )
INF : 62
ARTY : 1
TANK : 1
[1;95m[1;33m[1;32m
[1;32mHawaiian_Islands (Owner:  USA )
[1;31m[1;34m[1;95m[1;33m[1;32m (Units:  USA )
INF : 1
FIGHTER : 1

[1;95mIndia (Owner:  Eng ) builds: 1 factory-prod: 3
[1;31m[1;34m[1;95m (Units:  Eng )
INF : 4
AAGUN : 1
[1;33m[1;32m
[1;33mIwo_Jima (Owner:  Jap )
[1;31m[1;34m[1;95m[1;33m (Units:  Jap )
INF : 1
[1;32m
[1;33mJapan (Owner:  Jap ) builds: 2 factory-prod: 8
[1;31m[1;34m[1;95m[1;33m (Units:  Jap )
INF : 1
ARTY : 1
TANK : 3
FIGHTER : 1
BOMBER : 1
[1;32m
[1;34mKarelia_SSR (Owner:  Ger ) factory-prod: 2
[1;31m[1;34m (Units:  Ger )
INF : 4
TANK : 2
[1;95m[1;33m[1;32m
[1;32mMidway (Owner:  USA )
[1;31m[1;34m[1;95m[1;33m[1;32m (Units:  USA )
INF : 1

[1;33mNew_Guinea (Owner:  Jap )
[1;31m[1;34m[1;95m[1;33m (Units:  Jap )
INF : 1
[1;32m
[1;95mNew_Zealand (Owner:  Eng )
[1;31m[1;34m[1;95m (Units:  Eng )
INF : 1
[1;33m[1;32m
[1;34mNorthwestern_Europe (Owner:  Ger )
[1;31m[1;34m (Units:  Ger )
FIGHTER : 1
[1;95m[1;33m[1;32m
[1;33mOkinawa (Owner:  Jap )
[1;31m[1;34m[1;95m[1;33m (Units:  Jap )
INF : 1
[1;32m
[1;95mPersia (Owner:  Eng )
[1;31m[1;34m[1;95m (Units:  Eng )
INF : 2
[1;33m[1;32m
[1;33mPhilippine_Islands (Owner:  Jap )
[1;31m[1;34m[1;95m[1;33m (Units:  Jap )
INF : 1
ARTY : 1
[1;32m
[1;31mRussia (Owner:  Rus ) builds: 8 factory-prod: 8
[1;31m (Units:  Rus )
INF_1_MOVES : 14
ARTY_1_MOVES : 4
TANK_2_MOVES : 2
[1;34m[1;95m (Units:  Eng )
INF : 5
ARTY : 1
TANK : 1
[1;33m[1;32m
[1;33mSolomon_Islands (Owner:  Jap )
[1;31m[1;34m[1;95m[1;33m (Units:  Jap )
INF : 1
[1;32m
[1;32mSzechwan (Owner:  USA )
[1;31m[1;34m[1;95m[1;33m[1;32m (Units:  USA )
FIGHTER : 1

[1;95mTrans_Jordan (Owner:  Eng )
[1;31m[1;34m[1;95m[1;33m[1;32m (Units:  USA )
INF : 2
ARTY : 1
TANK : 1

[1;95mUnited_Kingdom (Owner:  Eng ) builds: 5 factory-prod: 8
[1;31m[1;34m[1;95m (Units:  Eng )
FIGHTER : 2
BOMBER : 1
[1;33m[1;32m
[1;33mWake_Island (Owner:  Jap )
[1;31m[1;34m[1;95m[1;33m (Units:  Jap )
INF : 1
[1;32m
[1;34mWest_Russia (Owner:  Ger )
[1;31m[1;34m (Units:  Ger )
INF : 2
TANK : 2
[1;95m[1;33m[1;32m
[1;32mWestern_United_States (Owner:  USA ) builds: 8 factory-prod: 10
[1;31m[1;34m[1;95m[1;33m[1;32m (Units:  USA )
INF : 3
ARTY : 1
FIGHTER : 1

[1;33mYunnan (Owner:  Jap )
[1;31m[1;34m[1;95m[1;33m (Units:  Jap )
INF : 12
ARTY : 3
TANK : 3
[1;32m
[1;0mSea_3
[1;31m[1;34m[1;95m (Units:  Eng )
TRANS_EMPTY : 1
DESTROYER : 7
BATTLESHIP : 1
[1;33m[1;32m
[1;0mSea_4
[1;31m (Units:  Rus )
SUB_2_MOVES : 1
DESTROYER_2_MOVES : 1
[1;34m (Units:  Ger )
DESTROYER : 1
[1;95m[1;33m[1;32m
[1;0mSea_5
[1;31m[1;34m (Units:  Ger )
TRANS_EMPTY : 1
SUB : 2
DESTROYER : 5
CRUISER : 1
[1;95m[1;33m[1;32m
[1;0mSea_6
[1;31m[1;34m[1;95m (Units:  Eng )
SUB : 2
DESTROYER : 3
[1;33m[1;32m
[1;0mSea_8
[1;31m[1;34m[1;95m (Units:  Eng )
TRANS_EMPTY : 1
DESTROYER : 4
CRUISER : 1
[1;33m[1;32m
[1;0mSea_9
[1;31m[1;34m (Units:  Ger )
SUB : 2
[1;95m[1;33m[1;32m
[1;0mSea_11
[1;31m[1;34m[1;95m[1;33m[1;32m (Units:  USA )
TRANS_EMPTY : 4
SUB : 1
DESTROYER : 3
BATTLESHIP : 1

[1;0mSea_15
[1;31m[1;34m (Units:  Ger )
SUB : 1
[1;95m[1;33m[1;32m
[1;0mSea_16
[1;31m (Units:  Rus )
SUB_2_MOVES : 1
DESTROYER_2_MOVES : 2
[1;34m[1;95m[1;33m[1;32m
[1;0mSea_34
[1;31m[1;34m (Units:  Ger )
TRANS_EMPTY : 1
BATTLESHIP : 1
[1;95m[1;33m[1;32m
[1;0mSea_37
[1;31m[1;34m[1;95m (Units:  Eng )
TRANS_EMPTY : 1
DESTROYER : 1
CARRIER : 1
CRUISER : 2
FIGHTER : 1
[1;33m[1;32m
[1;0mSea_39
[1;31m[1;34m[1;95m (Units:  Eng )
SUB : 1
[1;33m[1;32m
[1;0mSea_44
[1;31m[1;34m[1;95m[1;33m (Units:  Jap )
SUB : 1
[1;32m
[1;0mSea_45
[1;31m[1;34m[1;95m (Units:  Eng )
TRANS_EMPTY : 1
[1;33m[1;32m
[1;0mSea_53
[1;31m[1;34m[1;95m[1;33m[1;32m (Units:  USA )
SUB : 1

[1;0mSea_56
[1;31m[1;34m[1;95m[1;33m[1;32m (Units:  USA )
TRANS_EMPTY : 3
DESTROYER : 2
CARRIER : 1
CRUISER : 1
BATTLESHIP : 7
FIGHTER : 1

[1;0mSea_60
[1;31m[1;34m[1;95m[1;33m (Units:  Jap )
TRANS_EMPTY : 6
DESTROYER : 2
[1;32m
[1;0mSea_61
[1;31m[1;34m[1;95m[1;33m (Units:  Jap )
TRANS_EMPTY : 2
DESTROYER : 3
CARRIER : 2
CRUISER : 1
BATTLESHIP : 3
FIGHTER : 3
[1;32m
[1;0m

======================================================================
PRO AI SINGLE TURN TEST (TripleA Purchase & Place)
======================================================================
Starting Player: Rus
Starting Money: 25 IPCs
Total units on board: 39
======================================================================
Enemy Attack Options (per-enemy):
Enemy: Ger
  Land: Archangel Infantry: 6
  Land: Archangel Tanks: 4
  Land: Caucasus Infantry: 2
  Land: Caucasus Tanks: 2
  Land: Evenki_National_Okrug Tanks: 4
  Land: Russia Infantry: 2
  Land: Russia Tanks: 4
  Land: Vologda Tanks: 4
  Sea: Sea_4 Fighters: 5 Subs: 0 Destroyers: 0
  Sea: Sea_16 Fighters: 0 Subs: 1 Destroyers: 0
Enemy: Jap
Enemy Attack Options (aggregated max):
  Land: Archangel Inf: 6 Art: 0 Tank: 4 Ftr: 0 Bmb: 0 Str: 18
  Land: Caucasus Inf: 2 Art: 0 Tank: 2 Ftr: 0 Bmb: 0 Str: 8
  Land: Evenki_National_Okrug Inf: 0 Art: 0 Tank: 4 Ftr: 0 Bmb: 0 Str: 12
  Land: Russia Inf: 2 Art: 0 Tank: 4 Ftr: 0 Bmb: 0 Str: 14
  Land: Vologda Inf: 0 Art: 0 Tank: 4 Ftr: 0 Bmb: 0 Str: 12
      [SAFE] Sequential Battle Results: TUV=-14.03, Invaded%=0.0%, Battles=1
      [SAFE] Sequential Battle Results: TUV=-23.04, Invaded%=0.0%, Battles=1
    Possible My Target Territory: Karelia_SSR_Air
      Battle Results (TUV, Invaded %):  -9 ,  0
    Possible My Target Territory: West_Russia_Air
      Battle Results (TUV, Invaded %):  12.965999999999999 ,  1
      Attack Value:  38.897999999999996
Trying  West_Russia
Starting combat round  0  for land  West_Russia

======================================================================
PRO AI TURN COMPLETE
======================================================================
Next Player: Ger
Final Money: 25 IPCs
Units Added: 5
Game Score: -0.1
======================================================================

round_num:  25
[1;34m --------------------
Current Player:  Ger
Money:  45 [1;0m 

[1;95mAnglo_Egyptian_Sudan (Owner:  Eng )
[1;34m[1;31m[1;95m (Units:  Eng )
FIGHTER : 1
[1;33m[1;32m
[1;34mBaltic_States (Owner:  Ger )
[1;34m (Units:  Ger )
FIGHTER_UNMOVED : 4
[1;31m[1;95m[1;33m[1;32m
[1;33mBorneo (Owner:  Jap )
[1;34m[1;31m[1;95m[1;33m (Units:  Jap )
INF : 1
[1;32m
[1;33mCaroline_Islands (Owner:  Jap )
[1;34m[1;31m[1;95m[1;33m (Units:  Jap )
INF : 1
[1;32m
[1;31mCaucasus (Owner:  Rus ) builds: 3 factory-prod: 4
[1;34m[1;31m[1;95m (Units:  Eng )
INF : 4
[1;33m[1;32m
[1;33mEast_Indies (Owner:  Jap )
[1;34m[1;31m[1;95m[1;33m (Units:  Jap )
INF : 2
[1;32m
[1;95mEastern_Australia (Owner:  Eng )
[1;34m[1;31m[1;95m (Units:  Eng )
INF : 3
[1;33m[1;32m
[1;32mEastern_United_States (Owner:  USA ) builds: 7 factory-prod: 12
[1;34m[1;31m[1;95m (Units:  Eng )
INF : 1
[1;33m[1;32m (Units:  USA )
INF : 1
ARTY : 2
FIGHTER : 1
BOMBER : 1

[1;31mEvenki_National_Okrug (Owner:  Rus )
[1;34m[1;31m[1;95m[1;33m[1;32m (Units:  USA )
INF : 2

[1;33mFrench_Indo_China_Thailand (Owner:  Jap )
[1;34m[1;31m[1;95m[1;33m (Units:  Jap )
INF : 5
ARTY : 1
TANK : 3
[1;32m
[1;34mGermany (Owner:  Ger ) builds: 10 factory-prod: 10
[1;34m (Units:  Ger )
INF_1_MOVES : 62
ARTY_1_MOVES : 1
TANK_2_MOVES : 1
[1;31m[1;95m[1;33m[1;32m
[1;32mHawaiian_Islands (Owner:  USA )
[1;34m[1;31m[1;95m[1;33m[1;32m (Units:  USA )
INF : 1
FIGHTER : 1

[1;95mIndia (Owner:  Eng ) builds: 1 factory-prod: 3
[1;34m[1;31m[1;95m (Units:  Eng )
INF : 4
AAGUN : 1
[1;33m[1;32m
[1;33mIwo_Jima (Owner:  Jap )
[1;34m[1;31m[1;95m[1;33m (Units:  Jap )
INF : 1
[1;32m
[1;33mJapan (Owner:  Jap ) builds: 2 factory-prod: 8
[1;34m[1;31m[1;95m[1;33m (Units:  Jap )
INF : 1
ARTY : 1
TANK : 3
FIGHTER : 1
BOMBER : 1
[1;32m
[1;34mKarelia_SSR (Owner:  Ger ) builds: 2 factory-prod: 2
[1;34m (Units:  Ger )
INF_1_MOVES : 4
TANK_2_MOVES : 2
[1;31m[1;95m[1;33m[1;32m
[1;32mMidway (Owner:  USA )
[1;34m[1;31m[1;95m[1;33m[1;32m (Units:  USA )
INF : 1

[1;33mNew_Guinea (Owner:  Jap )
[1;34m[1;31m[1;95m[1;33m (Units:  Jap )
INF : 1
[1;32m
[1;95mNew_Zealand (Owner:  Eng )
[1;34m[1;31m[1;95m (Units:  Eng )
INF : 1
[1;33m[1;32m
[1;34mNorthwestern_Europe (Owner:  Ger )
[1;34m (Units:  Ger )
FIGHTER_UNMOVED : 1
[1;31m[1;95m[1;33m[1;32m
[1;33mOkinawa (Owner:  Jap )
[1;34m[1;31m[1;95m[1;33m (Units:  Jap )
INF : 1
[1;32m
[1;95mPersia (Owner:  Eng )
[1;34m[1;31m[1;95m (Units:  Eng )
INF : 2
[1;33m[1;32m
[1;33mPhilippine_Islands (Owner:  Jap )
[1;34m[1;31m[1;95m[1;33m (Units:  Jap )
INF : 1
ARTY : 1
[1;32m
[1;31mRussia (Owner:  Rus ) builds: 2 factory-prod: 8
[1;34m[1;31m (Units:  Rus )
INF : 6
[1;95m (Units:  Eng )
INF : 5
ARTY : 1
TANK : 1
[1;33m[1;32m
[1;33mSolomon_Islands (Owner:  Jap )
[1;34m[1;31m[1;95m[1;33m (Units:  Jap )
INF : 1
[1;32m
[1;32mSzechwan (Owner:  USA )
[1;34m[1;31m[1;95m[1;33m[1;32m (Units:  USA )
FIGHTER : 1

[1;95mTrans_Jordan (Owner:  Eng )
[1;34m[1;31m[1;95m[1;33m[1;32m (Units:  USA )
INF : 2
ARTY : 1
TANK : 1

[1;95mUnited_Kingdom (Owner:  Eng ) builds: 5 factory-prod: 8
[1;34m[1;31m[1;95m (Units:  Eng )
FIGHTER : 2
BOMBER : 1
[1;33m[1;32m
[1;33mWake_Island (Owner:  Jap )
[1;34m[1;31m[1;95m[1;33m (Units:  Jap )
INF : 1
[1;32m
[1;31mWest_Russia (Owner:  Rus )
[1;34m[1;31m (Units:  Rus )
INF : 29
ARTY : 7
TANK : 2
[1;95m[1;33m[1;32m
[1;32mWestern_United_States (Owner:  USA ) builds: 8 factory-prod: 10
[1;34m[1;31m[1;95m[1;33m[1;32m (Units:  USA )
INF : 3
ARTY : 1
FIGHTER : 1

[1;33mYunnan (Owner:  Jap )
[1;34m[1;31m[1;95m[1;33m (Units:  Jap )
INF : 12
ARTY : 3
TANK : 3
[1;32m
[1;0mSea_3
[1;34m[1;31m[1;95m (Units:  Eng )
TRANS_EMPTY : 1
DESTROYER : 7
BATTLESHIP : 1
[1;33m[1;32m
[1;0mSea_4
[1;34m (Units:  Ger )
DESTROYER_2_MOVES : 1
[1;31m (Units:  Rus )
SUB : 1
DESTROYER : 1
[1;95m[1;33m[1;32m
[1;0mSea_5
[1;34m (Units:  Ger )
TRANS_EMPTY_UNMOVED : 1
SUB_2_MOVES : 2
DESTROYER_2_MOVES : 5
CRUISER_2_MOVES : 1
[1;31m[1;95m[1;33m[1;32m
[1;0mSea_6
[1;34m[1;31m[1;95m (Units:  Eng )
SUB : 2
DESTROYER : 3
[1;33m[1;32m
[1;0mSea_8
[1;34m[1;31m[1;95m (Units:  Eng )
TRANS_EMPTY : 1
DESTROYER : 4
CRUISER : 1
[1;33m[1;32m
[1;0mSea_9
[1;34m (Units:  Ger )
SUB_2_MOVES : 2
[1;31m[1;95m[1;33m[1;32m
[1;0mSea_11
[1;34m[1;31m[1;95m[1;33m[1;32m (Units:  USA )
TRANS_EMPTY : 4
SUB : 1
DESTROYER : 3
BATTLESHIP : 1

[1;0mSea_15
[1;34m (Units:  Ger )
SUB_2_MOVES : 1
[1;31m[1;95m[1;33m[1;32m
[1;0mSea_16
[1;34m[1;31m (Units:  Rus )
SUB : 2
DESTROYER : 2
[1;95m[1;33m[1;32m
[1;0mSea_34
[1;34m (Units:  Ger )
TRANS_EMPTY_UNMOVED : 1
BATTLESHIP_2_MOVES : 1
[1;31m[1;95m[1;33m[1;32m
[1;0mSea_37
[1;34m[1;31m[1;95m (Units:  Eng )
TRANS_EMPTY : 1
DESTROYER : 1
CARRIER : 1
CRUISER : 2
FIGHTER : 1
[1;33m[1;32m
[1;0mSea_39
[1;34m[1;31m[1;95m (Units:  Eng )
SUB : 1
[1;33m[1;32m
[1;0mSea_44
[1;34m[1;31m[1;95m[1;33m (Units:  Jap )
SUB : 1
[1;32m
[1;0mSea_45
[1;34m[1;31m[1;95m (Units:  Eng )
TRANS_EMPTY : 1
[1;33m[1;32m
[1;0mSea_53
[1;34m[1;31m[1;95m[1;33m[1;32m (Units:  USA )
SUB : 1

[1;0mSea_56
[1;34m[1;31m[1;95m[1;33m[1;32m (Units:  USA )
TRANS_EMPTY : 3
DESTROYER : 2
CARRIER : 1
CRUISER : 1
BATTLESHIP : 7
FIGHTER : 1

[1;0mSea_60
[1;34m[1;31m[1;95m[1;33m (Units:  Jap )
TRANS_EMPTY : 6
DESTROYER : 2
[1;32m
[1;0mSea_61
[1;34m[1;31m[1;95m[1;33m (Units:  Jap )
TRANS_EMPTY : 2
DESTROYER : 3
CARRIER : 2
CRUISER : 1
BATTLESHIP : 3
FIGHTER : 3
[1;32m
[1;0m

======================================================================
PRO AI SINGLE TURN TEST (TripleA Purchase & Place)
======================================================================
Starting Player: Ger
Starting Money: 45 IPCs
Total units on board: 70
======================================================================
Enemy Attack Options (per-enemy):
Enemy: Rus
  Land: Baltic_States Tanks: 2
  Land: Belorussia Infantry: 29
  Land: Belorussia Artillery: 7
  Land: Belorussia Tanks: 2
  Land: Bulgaria_Romania Tanks: 2
  Land: Karelia_SSR Infantry: 29
  Land: Karelia_SSR Artillery: 7
  Land: Karelia_SSR Tanks: 2
  Land: Poland Tanks: 2
  Land: Ukraine_SSR Infantry: 29
  Land: Ukraine_SSR Artillery: 7
  Land: Ukraine_SSR Tanks: 2
  Sea: Sea_15 Fighters: 0 Subs: 2 Destroyers: 2
Enemy: Eng
  Land: Baltic_States Fighters: 2
  Land: Baltic_States Bombers: 1
  Land: Germany Fighters: 2
  Land: Germany Bombers: 1
  Land: Italy Bombers: 1
  Land: Karelia_SSR Bombers: 1
  Land: Karelia_SSR Tanks: 1
  Land: Northwestern_Europe Fighters: 2
  Land: Northwestern_Europe Bombers: 1
  Land: Ukraine_SSR Infantry: 4
  Sea: Sea_4 Fighters: 0 Subs: 2 Destroyers: 10
  Sea: Sea_5 Fighters: 2 Subs: 2 Destroyers: 14
  Sea: Sea_9 Fighters: 0 Subs: 2 Destroyers: 14
  Sea: Sea_34 Fighters: 1 Subs: 0 Destroyers: 1
Enemy: USA
  Land: Libya Tanks: 1
  Sea: Sea_9 Fighters: 0 Subs: 1 Destroyers: 3
Enemy Attack Options (aggregated max):
  Land: Baltic_States Inf: 0 Art: 0 Tank: 2 Ftr: 0 Bmb: 0 Str: 6
  Land: Belorussia Inf: 29 Art: 7 Tank: 2 Ftr: 0 Bmb: 0 Str: 49
  Land: Bulgaria_Romania Inf: 0 Art: 0 Tank: 2 Ftr: 0 Bmb: 0 Str: 6
  Land: Germany Inf: 0 Art: 0 Tank: 0 Ftr: 2 Bmb: 1 Str: 10
  Land: Italy Inf: 0 Art: 0 Tank: 0 Ftr: 0 Bmb: 1 Str: 4
  Land: Karelia_SSR Inf: 29 Art: 7 Tank: 2 Ftr: 0 Bmb: 0 Str: 49
  Land: Libya Inf: 0 Art: 0 Tank: 1 Ftr: 0 Bmb: 0 Str: 3
  Land: Northwestern_Europe Inf: 0 Art: 0 Tank: 0 Ftr: 2 Bmb: 1 Str: 10
  Land: Poland Inf: 0 Art: 0 Tank: 2 Ftr: 0 Bmb: 0 Str: 6
  Land: Ukraine_SSR Inf: 29 Art: 7 Tank: 2 Ftr: 0 Bmb: 0 Str: 49
      [SAFE] Sequential Battle Results: TUV=-14.60, Invaded%=0.0%, Battles=2
      [SAFE] Sequential Battle Results: TUV=-26.97, Invaded%=0.0%, Battles=1
      [SAFE] Sequential Battle Results: TUV=0.00, Invaded%=0.0%, Battles=1
      [SAFE] Sequential Battle Results: TUV=3.20, Invaded%=0.0%, Battles=1
    Possible My Target Territory: Caucasus_Air
      Battle Results (TUV, Invaded %):  -10.224 ,  0
    Possible My Target Territory: Evenki_National_Okrug_Air
      Battle Results (TUV, Invaded %):  -1.1339999999999999 ,  0.662
      Attack Value:  -1.1339999999999999
    Possible My Target Territory: Russia_Air
      Battle Results (TUV, Invaded %):  -40.768 ,  0
    Possible My Target Territory: United_Kingdom_Air
      Battle Results (TUV, Invaded %):  -4 ,  0
    Possible My Target Territory: West_Russia_Air
      Battle Results (TUV, Invaded %):  -61.514 ,  0

======================================================================
PRO AI TURN COMPLETE
======================================================================
Next Player: Eng
Final Money: 41 IPCs
Units Added: 12
Game Score: 0.1
======================================================================

round_num:  26
[1;95m --------------------
Current Player:  Eng
Money:  33 [1;0m 

[1;95mAnglo_Egyptian_Sudan (Owner:  Eng )
[1;95m (Units:  Eng )
FIGHTER_UNMOVED : 1
[1;31m[1;34m[1;33m[1;32m
[1;34mBaltic_States (Owner:  Ger )
[1;95m[1;31m[1;34m (Units:  Ger )
INF : 4
TANK : 2
FIGHTER : 4
[1;33m[1;32m
[1;33mBorneo (Owner:  Jap )
[1;95m[1;31m[1;34m[1;33m (Units:  Jap )
INF : 1
[1;32m
[1;33mCaroline_Islands (Owner:  Jap )
[1;95m[1;31m[1;34m[1;33m (Units:  Jap )
INF : 1
[1;32m
[1;31mCaucasus (Owner:  Rus ) builds: 3 factory-prod: 4
[1;95m (Units:  Eng )
INF_1_MOVES : 4
[1;31m[1;34m[1;33m[1;32m
[1;33mEast_Indies (Owner:  Jap )
[1;95m[1;31m[1;34m[1;33m (Units:  Jap )
INF : 2
[1;32m
[1;95mEastern_Australia (Owner:  Eng )
[1;95m (Units:  Eng )
INF_1_MOVES : 3
[1;31m[1;34m[1;33m[1;32m
[1;32mEastern_United_States (Owner:  USA ) builds: 7 factory-prod: 12
[1;95m (Units:  Eng )
INF_1_MOVES : 1
[1;31m[1;34m[1;33m[1;32m (Units:  USA )
INF : 1
ARTY : 2
FIGHTER : 1
BOMBER : 1

[1;31mEvenki_National_Okrug (Owner:  Rus )
[1;95m[1;31m[1;34m[1;33m[1;32m (Units:  USA )
INF : 2

[1;33mFrench_Indo_China_Thailand (Owner:  Jap )
[1;95m[1;31m[1;34m[1;33m (Units:  Jap )
INF : 5
ARTY : 1
TANK : 3
[1;32m
[1;34mGermany (Owner:  Ger ) factory-prod: 10
[1;95m[1;31m[1;34m (Units:  Ger )
INF : 70
ARTY : 1
[1;33m[1;32m
[1;32mHawaiian_Islands (Owner:  USA )
[1;95m[1;31m[1;34m[1;33m[1;32m (Units:  USA )
INF : 1
FIGHTER : 1

[1;95mIndia (Owner:  Eng ) builds: 3 factory-prod: 3
[1;95m (Units:  Eng )
INF_1_MOVES : 4
AAGUN_1_MOVES : 1
[1;31m[1;34m[1;33m[1;32m
[1;34mItaly (Owner:  Ger ) builds: 2 factory-prod: 3
[1;95m[1;31m[1;34m (Units:  Ger )
ARTY : 1
[1;33m[1;32m
[1;33mIwo_Jima (Owner:  Jap )
[1;95m[1;31m[1;34m[1;33m (Units:  Jap )
INF : 1
[1;32m
[1;33mJapan (Owner:  Jap ) builds: 2 factory-prod: 8
[1;95m[1;31m[1;34m[1;33m (Units:  Jap )
INF : 1
ARTY : 1
TANK : 3
FIGHTER : 1
BOMBER : 1
[1;32m
[1;34mKarelia_SSR (Owner:  Ger ) factory-prod: 2
[1;95m[1;31m[1;34m (Units:  Ger )
INF : 3
TANK : 1
[1;33m[1;32m
[1;32mMidway (Owner:  USA )
[1;95m[1;31m[1;34m[1;33m[1;32m (Units:  USA )
INF : 1

[1;33mNew_Guinea (Owner:  Jap )
[1;95m[1;31m[1;34m[1;33m (Units:  Jap )
INF : 1
[1;32m
[1;95mNew_Zealand (Owner:  Eng )
[1;95m (Units:  Eng )
INF_1_MOVES : 1
[1;31m[1;34m[1;33m[1;32m
[1;34mNorthwestern_Europe (Owner:  Ger )
[1;95m[1;31m[1;34m (Units:  Ger )
FIGHTER : 1
[1;33m[1;32m
[1;33mOkinawa (Owner:  Jap )
[1;95m[1;31m[1;34m[1;33m (Units:  Jap )
INF : 1
[1;32m
[1;95mPersia (Owner:  Eng )
[1;95m (Units:  Eng )
INF_1_MOVES : 2
[1;31m[1;34m[1;33m[1;32m
[1;33mPhilippine_Islands (Owner:  Jap )
[1;95m[1;31m[1;34m[1;33m (Units:  Jap )
INF : 1
ARTY : 1
[1;32m
[1;31mRussia (Owner:  Rus ) builds: 2 factory-prod: 8
[1;95m (Units:  Eng )
INF_1_MOVES : 5
ARTY_1_MOVES : 1
TANK_2_MOVES : 1
[1;31m (Units:  Rus )
INF : 6
[1;34m[1;33m[1;32m
[1;33mSolomon_Islands (Owner:  Jap )
[1;95m[1;31m[1;34m[1;33m (Units:  Jap )
INF : 1
[1;32m
[1;32mSzechwan (Owner:  USA )
[1;95m[1;31m[1;34m[1;33m[1;32m (Units:  USA )
FIGHTER : 1

[1;95mTrans_Jordan (Owner:  Eng )
[1;95m[1;31m[1;34m[1;33m[1;32m (Units:  USA )
INF : 2
ARTY : 1
TANK : 1

[1;95mUnited_Kingdom (Owner:  Eng ) builds: 8 factory-prod: 8
[1;95m (Units:  Eng )
FIGHTER_UNMOVED : 2
BOMBER_UNMOVED : 1
[1;31m[1;34m[1;33m[1;32m
[1;33mWake_Island (Owner:  Jap )
[1;95m[1;31m[1;34m[1;33m (Units:  Jap )
INF : 1
[1;32m
[1;31mWest_Russia (Owner:  Rus )
[1;95m[1;31m (Units:  Rus )
INF : 29
ARTY : 7
TANK : 2
[1;34m[1;33m[1;32m
[1;32mWestern_United_States (Owner:  USA ) builds: 8 factory-prod: 10
[1;95m[1;31m[1;34m[1;33m[1;32m (Units:  USA )
INF : 3
ARTY : 1
FIGHTER : 1

[1;33mYunnan (Owner:  Jap )
[1;95m[1;31m[1;34m[1;33m (Units:  Jap )
INF : 12
ARTY : 3
TANK : 3
[1;32m
[1;0mSea_3
[1;95m (Units:  Eng )
TRANS_EMPTY_UNMOVED : 1
DESTROYER_2_MOVES : 7
BATTLESHIP_2_MOVES : 1
[1;31m[1;34m[1;33m[1;32m
[1;0mSea_4
[1;95m[1;31m (Units:  Rus )
SUB : 1
DESTROYER : 1
[1;34m (Units:  Ger )
DESTROYER : 1
[1;33m[1;32m
[1;0mSea_5
[1;95m[1;31m[1;34m (Units:  Ger )
TRANS_EMPTY : 1
SUB : 2
DESTROYER : 6
CRUISER : 1
[1;33m[1;32m
[1;0mSea_6
[1;95m (Units:  Eng )
SUB_2_MOVES : 2
DESTROYER_2_MOVES : 3
[1;31m[1;34m[1;33m[1;32m
[1;0mSea_8
[1;95m (Units:  Eng )
TRANS_EMPTY_UNMOVED : 1
DESTROYER_2_MOVES : 4
CRUISER_2_MOVES : 1
[1;31m[1;34m[1;33m[1;32m
[1;0mSea_9
[1;95m[1;31m[1;34m (Units:  Ger )
SUB : 2
[1;33m[1;32m
[1;0mSea_11
[1;95m[1;31m[1;34m[1;33m[1;32m (Units:  USA )
TRANS_EMPTY : 4
SUB : 1
DESTROYER : 3
BATTLESHIP : 1

[1;0mSea_15
[1;95m[1;31m[1;34m (Units:  Ger )
SUB : 1
[1;33m[1;32m
[1;0mSea_16
[1;95m[1;31m (Units:  Rus )
SUB : 2
DESTROYER : 2
[1;34m[1;33m[1;32m
[1;0mSea_35
[1;95m[1;31m[1;34m (Units:  Ger )
TRANS_EMPTY : 1
BATTLESHIP : 1
[1;33m[1;32m
[1;0mSea_37
[1;95m (Units:  Eng )
TRANS_EMPTY_UNMOVED : 1
DESTROYER_2_MOVES : 1
CARRIER_2_MOVES : 1
CRUISER_2_MOVES : 2
FIGHTER_UNMOVED : 1
[1;31m[1;34m[1;33m[1;32m
[1;0mSea_39
[1;95m (Units:  Eng )
SUB_2_MOVES : 1
[1;31m[1;34m[1;33m[1;32m
[1;0mSea_44
[1;95m[1;31m[1;34m[1;33m (Units:  Jap )
SUB : 1
[1;32m
[1;0mSea_45
[1;95m (Units:  Eng )
TRANS_EMPTY_UNMOVED : 1
[1;31m[1;34m[1;33m[1;32m
[1;0mSea_53
[1;95m[1;31m[1;34m[1;33m[1;32m (Units:  USA )
SUB : 1

[1;0mSea_56
[1;95m[1;31m[1;34m[1;33m[1;32m (Units:  USA )
TRANS_EMPTY : 3
DESTROYER : 2
CARRIER : 1
CRUISER : 1
BATTLESHIP : 7
FIGHTER : 1

[1;0mSea_60
[1;95m[1;31m[1;34m[1;33m (Units:  Jap )
TRANS_EMPTY : 6
DESTROYER : 2
[1;32m
[1;0mSea_61
[1;95m[1;31m[1;34m[1;33m (Units:  Jap )
TRANS_EMPTY : 2
DESTROYER : 3
CARRIER : 2
CRUISER : 1
BATTLESHIP : 3
FIGHTER : 3
[1;32m
[1;0m

======================================================================
PRO AI SINGLE TURN TEST (TripleA Purchase & Place)
======================================================================
Starting Player: Eng
Starting Money: 33 IPCs
Total units on board: 23
======================================================================
Enemy Attack Options (per-enemy):
Enemy: Ger
  Land: Caucasus Fighters: 4
  Land: Russia Fighters: 4
  Land: Russia Tanks: 1
  Land: United_Kingdom Fighters: 1
  Sea: Sea_3 Fighters: 5 Subs: 4 Destroyers: 7
  Sea: Sea_6 Fighters: 0 Subs: 4 Destroyers: 7
  Sea: Sea_7 Fighters: 0 Subs: 4 Destroyers: 7
  Sea: Sea_8 Fighters: 5 Subs: 4 Destroyers: 6
Enemy: Jap
  Land: Burma Infantry: 17
  Land: Burma Artillery: 4
  Land: Burma Tanks: 6
  Land: India Tanks: 6
  Sea: Sea_35 Fighters: 1 Subs: 0 Destroyers: 3
  Sea: Sea_37 Fighters: 1 Subs: 0 Destroyers: 3
  Sea: Sea_39 Fighters: 0 Subs: 1 Destroyers: 0
  Sea: Sea_45 Fighters: 0 Subs: 1 Destroyers: 0
Enemy Attack Options (aggregated max):
  Land: Burma Inf: 17 Art: 4 Tank: 6 Ftr: 0 Bmb: 0 Str: 43
  Land: Caucasus Inf: 0 Art: 0 Tank: 0 Ftr: 4 Bmb: 0 Str: 12
  Land: India Inf: 0 Art: 0 Tank: 6 Ftr: 0 Bmb: 0 Str: 18
  Land: Russia Inf: 0 Art: 0 Tank: 1 Ftr: 4 Bmb: 0 Str: 15
  Land: United_Kingdom Inf: 0 Art: 0 Tank: 0 Ftr: 1 Bmb: 0 Str: 3
      [SAFE] Sequential Battle Results: TUV=-4.11, Invaded%=0.0%, Battles=1
    Possible My Target Territory: Baltic_States_Air
      Battle Results (TUV, Invaded %):  -26.966 ,  0
    Possible My Target Territory: Germany_Air
      Battle Results (TUV, Invaded %):  -26.978 ,  0
    Possible My Target Territory: Italy_Air
      Battle Results (TUV, Invaded %):  -0.70799999999999996 ,  0
    Possible My Target Territory: Karelia_SSR_Air
      Battle Results (TUV, Invaded %):  -13.425 ,  0
    Possible My Target Territory: Northwestern_Europe_Air
      Battle Results (TUV, Invaded %):  3.29 ,  0

======================================================================
PRO AI TURN COMPLETE
======================================================================
Next Player: Jap
Final Money: 31 IPCs
Units Added: 3
Game Score: -0.1
======================================================================

round_num:  27
[1;33m --------------------
Current Player:  Jap
Money:  33 [1;0m 

[1;95mAnglo_Egyptian_Sudan (Owner:  Eng )
[1;33m[1;31m[1;34m[1;95m (Units:  Eng )
FIGHTER : 1
[1;32m
[1;31mArchangel (Owner:  Rus )
[1;33m[1;31m[1;34m[1;95m (Units:  Eng )
INF : 5
ARTY : 1
TANK : 1
[1;32m
[1;34mBaltic_States (Owner:  Ger )
[1;33m[1;31m[1;34m (Units:  Ger )
INF : 4
TANK : 2
FIGHTER : 4
[1;95m[1;32m
[1;33mBorneo (Owner:  Jap )
[1;33m (Units:  Jap )
INF_1_MOVES : 1
[1;31m[1;34m[1;95m[1;32m
[1;33mCaroline_Islands (Owner:  Jap )
[1;33m (Units:  Jap )
INF_1_MOVES : 1
[1;31m[1;34m[1;95m[1;32m
[1;31mCaucasus (Owner:  Rus ) builds: 3 factory-prod: 4
[1;33m[1;31m[1;34m[1;95m (Units:  Eng )
INF : 2
[1;32m
[1;33mEast_Indies (Owner:  Jap )
[1;33m (Units:  Jap )
INF_1_MOVES : 2
[1;31m[1;34m[1;95m[1;32m
[1;95mEastern_Australia (Owner:  Eng )
[1;33m[1;31m[1;34m[1;95m (Units:  Eng )
INF : 2
[1;32m
[1;95mEastern_Canada (Owner:  Eng )
[1;33m[1;31m[1;34m[1;95m (Units:  Eng )
INF : 1
[1;32m
[1;32mEastern_United_States (Owner:  USA ) builds: 7 factory-prod: 12
[1;33m[1;31m[1;34m[1;95m[1;32m (Units:  USA )
INF : 1
ARTY : 2
FIGHTER : 1
BOMBER : 1

[1;31mEvenki_National_Okrug (Owner:  Rus )
[1;33m[1;31m[1;34m[1;95m[1;32m (Units:  USA )
INF : 2

[1;33mFrench_Indo_China_Thailand (Owner:  Jap )
[1;33m (Units:  Jap )
INF_1_MOVES : 5
ARTY_1_MOVES : 1
TANK_2_MOVES : 3
[1;31m[1;34m[1;95m[1;32m
[1;34mGermany (Owner:  Ger ) factory-prod: 10
[1;33m[1;31m[1;34m (Units:  Ger )
INF : 70
ARTY : 1
[1;95m[1;32m
[1;32mHawaiian_Islands (Owner:  USA )
[1;33m[1;31m[1;34m[1;95m[1;32m (Units:  USA )
INF : 1
FIGHTER : 1

[1;95mIndia (Owner:  Eng ) factory-prod: 3
[1;33m[1;31m[1;34m[1;95m (Units:  Eng )
INF : 3
AAGUN : 1
[1;32m
[1;34mItaly (Owner:  Ger ) builds: 2 factory-prod: 3
[1;33m[1;31m[1;34m (Units:  Ger )
ARTY : 1
[1;95m[1;32m
[1;33mIwo_Jima (Owner:  Jap )
[1;33m (Units:  Jap )
INF_1_MOVES : 1
[1;31m[1;34m[1;95m[1;32m
[1;33mJapan (Owner:  Jap ) builds: 8 factory-prod: 8
[1;33m (Units:  Jap )
INF_1_MOVES : 1
ARTY_1_MOVES : 1
TANK_2_MOVES : 3
FIGHTER_UNMOVED : 1
BOMBER_UNMOVED : 1
[1;31m[1;34m[1;95m[1;32m
[1;34mKarelia_SSR (Owner:  Ger ) factory-prod: 2
[1;33m[1;31m[1;34m (Units:  Ger )
INF : 3
TANK : 1
[1;95m[1;32m
[1;32mMidway (Owner:  USA )
[1;33m[1;31m[1;34m[1;95m[1;32m (Units:  USA )
INF : 1

[1;33mNew_Guinea (Owner:  Jap )
[1;33m (Units:  Jap )
INF_1_MOVES : 1
[1;31m[1;34m[1;95m[1;32m
[1;95mNew_Zealand (Owner:  Eng )
[1;33m[1;31m[1;34m[1;95m (Units:  Eng )
INF : 1
[1;32m
[1;34mNorthwestern_Europe (Owner:  Ger )
[1;33m[1;31m[1;34m (Units:  Ger )
FIGHTER : 1
[1;95m[1;32m
[1;33mOkinawa (Owner:  Jap )
[1;33m (Units:  Jap )
INF_1_MOVES : 1
[1;31m[1;34m[1;95m[1;32m
[1;95mPersia (Owner:  Eng )
[1;33m[1;31m[1;34m[1;95m (Units:  Eng )
INF : 4
[1;32m
[1;33mPhilippine_Islands (Owner:  Jap )
[1;33m (Units:  Jap )
INF_1_MOVES : 1
ARTY_1_MOVES : 1
[1;31m[1;34m[1;95m[1;32m
[1;31mRussia (Owner:  Rus ) builds: 2 factory-prod: 8
[1;33m[1;31m (Units:  Rus )
INF : 6
[1;34m[1;95m[1;32m
[1;33mSolomon_Islands (Owner:  Jap )
[1;33m (Units:  Jap )
INF_1_MOVES : 1
[1;31m[1;34m[1;95m[1;32m
[1;32mSzechwan (Owner:  USA )
[1;33m[1;31m[1;34m[1;95m[1;32m (Units:  USA )
FIGHTER : 1

[1;95mTrans_Jordan (Owner:  Eng )
[1;33m[1;31m[1;34m[1;95m[1;32m (Units:  USA )
INF : 2
ARTY : 1
TANK : 1

[1;95mUnited_Kingdom (Owner:  Eng ) builds: 5 factory-prod: 8
[1;33m[1;31m[1;34m[1;95m (Units:  Eng )
FIGHTER : 2
BOMBER : 1
[1;32m
[1;33mWake_Island (Owner:  Jap )
[1;33m (Units:  Jap )
INF_1_MOVES : 1
[1;31m[1;34m[1;95m[1;32m
[1;31mWest_Russia (Owner:  Rus )
[1;33m[1;31m (Units:  Rus )
INF : 29
ARTY : 7
TANK : 2
[1;34m[1;95m (Units:  Eng )
INF : 4
[1;32m
[1;95mWestern_Australia (Owner:  Eng )
[1;33m[1;31m[1;34m[1;95m (Units:  Eng )
INF : 1
[1;32m
[1;32mWestern_United_States (Owner:  USA ) builds: 8 factory-prod: 10
[1;33m[1;31m[1;34m[1;95m[1;32m (Units:  USA )
INF : 3
ARTY : 1
FIGHTER : 1

[1;33mYunnan (Owner:  Jap )
[1;33m (Units:  Jap )
INF_1_MOVES : 12
ARTY_1_MOVES : 3
TANK_2_MOVES : 3
[1;31m[1;34m[1;95m[1;32m
[1;0mSea_4
[1;33m[1;31m (Units:  Rus )
SUB : 1
DESTROYER : 1
[1;34m (Units:  Ger )
DESTROYER : 1
[1;95m[1;32m
[1;0mSea_5
[1;33m[1;31m[1;34m (Units:  Ger )
TRANS_EMPTY : 1
SUB : 2
DESTROYER : 6
CRUISER : 1
[1;95m[1;32m
[1;0mSea_6
[1;33m[1;31m[1;34m[1;95m (Units:  Eng )
TRANS_EMPTY : 1
SUB : 2
DESTROYER : 3
[1;32m
[1;0mSea_8
[1;33m[1;31m[1;34m[1;95m (Units:  Eng )
TRANS_EMPTY : 1
DESTROYER : 14
CRUISER : 1
BATTLESHIP : 1
[1;32m
[1;0mSea_9
[1;33m[1;31m[1;34m (Units:  Ger )
SUB : 2
[1;95m[1;32m
[1;0mSea_11
[1;33m[1;31m[1;34m[1;95m[1;32m (Units:  USA )
TRANS_EMPTY : 4
SUB : 1
DESTROYER : 3
BATTLESHIP : 1

[1;0mSea_15
[1;33m[1;31m[1;34m (Units:  Ger )
SUB : 1
[1;95m[1;32m
[1;0mSea_16
[1;33m[1;31m (Units:  Rus )
SUB : 2
DESTROYER : 2
[1;34m[1;95m[1;32m
[1;0mSea_35
[1;33m[1;31m[1;34m (Units:  Ger )
TRANS_EMPTY : 1
BATTLESHIP : 1
[1;95m[1;32m
[1;0mSea_38
[1;33m[1;31m[1;34m[1;95m (Units:  Eng )
TRANS_EMPTY : 1
[1;32m
[1;0mSea_39
[1;33m[1;31m[1;34m[1;95m (Units:  Eng )
TRANS_EMPTY : 1
SUB : 1
DESTROYER : 1
CARRIER : 1
CRUISER : 2
FIGHTER : 1
[1;32m
[1;0mSea_44
[1;33m (Units:  Jap )
SUB_2_MOVES : 1
[1;31m[1;34m[1;95m[1;32m
[1;0mSea_53
[1;33m[1;31m[1;34m[1;95m[1;32m (Units:  USA )
SUB : 1

[1;0mSea_56
[1;33m[1;31m[1;34m[1;95m[1;32m (Units:  USA )
TRANS_EMPTY : 3
DESTROYER : 2
CARRIER : 1
CRUISER : 1
BATTLESHIP : 7
FIGHTER : 1

[1;0mSea_60
[1;33m (Units:  Jap )
TRANS_EMPTY_UNMOVED : 6
DESTROYER_2_MOVES : 2
[1;31m[1;34m[1;95m[1;32m
[1;0mSea_61
[1;33m (Units:  Jap )
TRANS_EMPTY_UNMOVED : 2
DESTROYER_2_MOVES : 3
CARRIER_2_MOVES : 2
CRUISER_2_MOVES : 1
BATTLESHIP_2_MOVES : 3
FIGHTER_UNMOVED : 3
[1;31m[1;34m[1;95m[1;32m
[1;0m

======================================================================
PRO AI SINGLE TURN TEST (TripleA Purchase & Place)
======================================================================
Starting Player: Jap
Starting Money: 33 IPCs
Total units on board: 43
======================================================================
Enemy Attack Options (per-enemy):
Enemy: Rus
Enemy: Eng
  Sea: Sea_44 Fighters: 0 Subs: 1 Destroyers: 1
Enemy: USA
  Land: French_Indo_China_Thailand Fighters: 1
  Land: Solomon_Islands Fighters: 1
  Land: Wake_Island Fighters: 1
  Land: Yunnan Fighters: 1
  Sea: Sea_44 Fighters: 2 Subs: 1 Destroyers: 2
  Sea: Sea_60 Fighters: 1 Subs: 0 Destroyers: 0
  Sea: Sea_61 Fighters: 1 Subs: 0 Destroyers: 0
Enemy Attack Options (aggregated max):
  Land: French_Indo_China_Thailand Inf: 0 Art: 0 Tank: 0 Ftr: 1 Bmb: 0 Str: 3
  Land: Solomon_Islands Inf: 0 Art: 0 Tank: 0 Ftr: 1 Bmb: 0 Str: 3
  Land: Wake_Island Inf: 0 Art: 0 Tank: 0 Ftr: 1 Bmb: 0 Str: 3
  Land: Yunnan Inf: 0 Art: 0 Tank: 0 Ftr: 1 Bmb: 0 Str: 3
      [SAFE] Sequential Battle Results: TUV=-8.50, Invaded%=0.0%, Battles=1
      [SAFE] Sequential Battle Results: TUV=-2.91, Invaded%=0.0%, Battles=1
      [SAFE] Sequential Battle Results: TUV=-2.90, Invaded%=0.0%, Battles=1
      [SAFE] Sequential Battle Results: TUV=-8.53, Invaded%=0.0%, Battles=1
    Possible My Target Territory: India_Air
      Battle Results (TUV, Invaded %):  8 ,  1
      Attack Value:  32
    Possible My Target Territory: Midway_Air
      Battle Results (TUV, Invaded %):  -1.62 ,  0
    Possible My Target Territory: Szechwan_Air
      Battle Results (TUV, Invaded %):  7.963 ,  1
      Attack Value:  7.963
    Possible My Target Territory: Western_Australia_Air
      Battle Results (TUV, Invaded %):  -1.449 ,  0
Trying  Szechwan

======================================================================
PRO AI TURN COMPLETE
======================================================================
Next Player: USA
Final Money: 33 IPCs
Units Added: 5
Game Score: 0.1
======================================================================

round_num:  28
[1;32m --------------------
Current Player:  USA
Money:  40 [1;0m 

[1;95mAnglo_Egyptian_Sudan (Owner:  Eng )
[1;32m[1;31m[1;34m[1;95m (Units:  Eng )
FIGHTER : 1
[1;33m
[1;31mArchangel (Owner:  Rus )
[1;32m[1;31m[1;34m[1;95m (Units:  Eng )
INF : 5
ARTY : 1
TANK : 1
[1;33m
[1;34mBaltic_States (Owner:  Ger )
[1;32m[1;31m[1;34m (Units:  Ger )
INF : 4
TANK : 2
FIGHTER : 4
[1;95m[1;33m
[1;33mBorneo (Owner:  Jap )
[1;32m[1;31m[1;34m[1;95m[1;33m (Units:  Jap )
INF : 1

[1;33mCaroline_Islands (Owner:  Jap )
[1;32m[1;31m[1;34m[1;95m[1;33m (Units:  Jap )
INF : 1

[1;31mCaucasus (Owner:  Rus ) builds: 3 factory-prod: 4
[1;32m[1;31m[1;34m[1;95m (Units:  Eng )
INF : 2
[1;33m
[1;33mEast_Indies (Owner:  Jap )
[1;32m[1;31m[1;34m[1;95m[1;33m (Units:  Jap )
INF : 2

[1;95mEastern_Australia (Owner:  Eng )
[1;32m[1;31m[1;34m[1;95m (Units:  Eng )
INF : 2
[1;33m
[1;95mEastern_Canada (Owner:  Eng )
[1;32m[1;31m[1;34m[1;95m (Units:  Eng )
INF : 1
[1;33m
[1;32mEastern_United_States (Owner:  USA ) builds: 12 factory-prod: 12
[1;32m (Units:  USA )
INF_1_MOVES : 1
ARTY_1_MOVES : 2
FIGHTER_UNMOVED : 1
BOMBER_UNMOVED : 1
[1;31m[1;34m[1;95m[1;33m
[1;31mEvenki_National_Okrug (Owner:  Rus )
[1;32m (Units:  USA )
INF_1_MOVES : 2
[1;31m[1;34m[1;95m[1;33m
[1;33mFrench_Indo_China_Thailand (Owner:  Jap )
[1;32m[1;31m[1;34m[1;95m[1;33m (Units:  Jap )
INF : 12
ARTY : 3
TANK : 3

[1;34mGermany (Owner:  Ger ) factory-prod: 10
[1;32m[1;31m[1;34m (Units:  Ger )
INF : 70
ARTY : 1
[1;95m[1;33m
[1;32mHawaiian_Islands (Owner:  USA )
[1;32m (Units:  USA )
INF_1_MOVES : 1
FIGHTER_UNMOVED : 1
[1;31m[1;34m[1;95m[1;33m
[1;95mIndia (Owner:  Eng ) factory-prod: 3
[1;32m[1;31m[1;34m[1;95m (Units:  Eng )
INF : 3
AAGUN : 1
[1;33m
[1;34mItaly (Owner:  Ger ) builds: 2 factory-prod: 3
[1;32m[1;31m[1;34m (Units:  Ger )
ARTY : 1
[1;95m[1;33m
[1;33mIwo_Jima (Owner:  Jap )
[1;32m[1;31m[1;34m[1;95m[1;33m (Units:  Jap )
INF : 1

[1;33mJapan (Owner:  Jap ) builds: 2 factory-prod: 8
[1;32m[1;31m[1;34m[1;95m[1;33m (Units:  Jap )
INF : 1
ARTY : 1
TANK : 3
FIGHTER : 1
BOMBER : 1

[1;34mKarelia_SSR (Owner:  Ger ) factory-prod: 2
[1;32m[1;31m[1;34m (Units:  Ger )
INF : 3
TANK : 1
[1;95m[1;33m
[1;32mMidway (Owner:  USA )
[1;32m (Units:  USA )
INF_1_MOVES : 1
[1;31m[1;34m[1;95m[1;33m
[1;33mNew_Guinea (Owner:  Jap )
[1;32m[1;31m[1;34m[1;95m[1;33m (Units:  Jap )
INF : 1

[1;95mNew_Zealand (Owner:  Eng )
[1;32m[1;31m[1;34m[1;95m (Units:  Eng )
INF : 1
[1;33m
[1;34mNorthwestern_Europe (Owner:  Ger )
[1;32m[1;31m[1;34m (Units:  Ger )
FIGHTER : 1
[1;95m[1;33m
[1;33mOkinawa (Owner:  Jap )
[1;32m[1;31m[1;34m[1;95m[1;33m (Units:  Jap )
INF : 1

[1;95mPersia (Owner:  Eng )
[1;32m[1;31m[1;34m[1;95m (Units:  Eng )
INF : 4
[1;33m
[1;33mPhilippine_Islands (Owner:  Jap )
[1;32m[1;31m[1;34m[1;95m[1;33m (Units:  Jap )
INF : 1
ARTY : 1

[1;31mRussia (Owner:  Rus ) builds: 2 factory-prod: 8
[1;32m[1;31m (Units:  Rus )
INF : 6
[1;34m[1;95m[1;33m
[1;33mSolomon_Islands (Owner:  Jap )
[1;32m[1;31m[1;34m[1;95m[1;33m (Units:  Jap )
INF : 1

[1;32mSzechwan (Owner:  USA )
[1;32m (Units:  USA )
FIGHTER_UNMOVED : 1
[1;31m[1;34m[1;95m[1;33m
[1;95mTrans_Jordan (Owner:  Eng )
[1;32m (Units:  USA )
INF_1_MOVES : 2
ARTY_1_MOVES : 1
TANK_2_MOVES : 1
[1;31m[1;34m[1;95m[1;33m
[1;95mUnited_Kingdom (Owner:  Eng ) builds: 5 factory-prod: 8
[1;32m[1;31m[1;34m[1;95m (Units:  Eng )
FIGHTER : 2
BOMBER : 1
[1;33m
[1;33mWake_Island (Owner:  Jap )
[1;32m[1;31m[1;34m[1;95m[1;33m (Units:  Jap )
INF : 1

[1;31mWest_Russia (Owner:  Rus )
[1;32m[1;31m (Units:  Rus )
INF : 29
ARTY : 7
TANK : 2
[1;34m[1;95m (Units:  Eng )
INF : 4
[1;33m
[1;95mWestern_Australia (Owner:  Eng )
[1;32m[1;31m[1;34m[1;95m (Units:  Eng )
INF : 1
[1;33m
[1;32mWestern_United_States (Owner:  USA ) builds: 10 factory-prod: 10
[1;32m (Units:  USA )
INF_1_MOVES : 3
ARTY_1_MOVES : 1
FIGHTER_UNMOVED : 1
[1;31m[1;34m[1;95m[1;33m
[1;33mYunnan (Owner:  Jap )
[1;32m[1;31m[1;34m[1;95m[1;33m (Units:  Jap )
INF : 6
ARTY : 2
TANK : 6

[1;0mSea_4
[1;32m[1;31m (Units:  Rus )
SUB : 1
DESTROYER : 1
[1;34m (Units:  Ger )
DESTROYER : 1
[1;95m[1;33m
[1;0mSea_5
[1;32m[1;31m[1;34m (Units:  Ger )
TRANS_EMPTY : 1
SUB : 2
DESTROYER : 6
CRUISER : 1
[1;95m[1;33m
[1;0mSea_6
[1;32m[1;31m[1;34m[1;95m (Units:  Eng )
TRANS_EMPTY : 1
SUB : 2
DESTROYER : 3
[1;33m
[1;0mSea_8
[1;32m[1;31m[1;34m[1;95m (Units:  Eng )
TRANS_EMPTY : 1
DESTROYER : 14
CRUISER : 1
BATTLESHIP : 1
[1;33m
[1;0mSea_9
[1;32m[1;31m[1;34m (Units:  Ger )
SUB : 2
[1;95m[1;33m
[1;0mSea_11
[1;32m (Units:  USA )
TRANS_EMPTY_UNMOVED : 4
SUB_2_MOVES : 1
DESTROYER_2_MOVES : 3
BATTLESHIP_2_MOVES : 1
[1;31m[1;34m[1;95m[1;33m
[1;0mSea_15
[1;32m[1;31m[1;34m (Units:  Ger )
SUB : 1
[1;95m[1;33m
[1;0mSea_16
[1;32m[1;31m (Units:  Rus )
SUB : 2
DESTROYER : 2
[1;34m[1;95m[1;33m
[1;0mSea_35
[1;32m[1;31m[1;34m (Units:  Ger )
TRANS_EMPTY : 1
BATTLESHIP : 1
[1;95m[1;33m
[1;0mSea_38
[1;32m[1;31m[1;34m[1;95m (Units:  Eng )
TRANS_EMPTY : 1
[1;33m
[1;0mSea_39
[1;32m[1;31m[1;34m[1;95m (Units:  Eng )
TRANS_EMPTY : 1
SUB : 1
DESTROYER : 1
CARRIER : 1
CRUISER : 2
FIGHTER : 1
[1;33m
[1;0mSea_44
[1;32m[1;31m[1;34m[1;95m[1;33m (Units:  Jap )
SUB : 1

[1;0mSea_53
[1;32m (Units:  USA )
SUB_2_MOVES : 1
[1;31m[1;34m[1;95m[1;33m
[1;0mSea_56
[1;32m (Units:  USA )
TRANS_EMPTY_UNMOVED : 3
DESTROYER_2_MOVES : 2
CARRIER_2_MOVES : 1
CRUISER_2_MOVES : 1
BATTLESHIP_2_MOVES : 7
FIGHTER_UNMOVED : 1
[1;31m[1;34m[1;95m[1;33m
[1;0mSea_60
[1;32m[1;31m[1;34m[1;95m[1;33m (Units:  Jap )
TRANS_EMPTY : 5
DESTROYER : 2

[1;0mSea_61
[1;32m[1;31m[1;34m[1;95m[1;33m (Units:  Jap )
TRANS_EMPTY : 4
DESTROYER : 3
CARRIER : 2
CRUISER : 1
BATTLESHIP : 3
FIGHTER : 3

[1;0m

======================================================================
PRO AI SINGLE TURN TEST (TripleA Purchase & Place)
======================================================================
Starting Player: USA
Starting Money: 40 IPCs
Total units on board: 15
======================================================================
Enemy Attack Options (per-enemy):
Enemy: Ger
  Sea: Sea_11 Fighters: 0 Subs: 2 Destroyers: 0
Enemy: Jap
  Land: Midway Bombers: 1
  Land: Szechwan Bombers: 1
  Land: Szechwan Infantry: 6
  Land: Szechwan Artillery: 2
  Land: Szechwan Tanks: 6
  Sea: Sea_53 Fighters: 0 Subs: 1 Destroyers: 0
  Sea: Sea_56 Fighters: 0 Subs: 1 Destroyers: 0
Enemy Attack Options (aggregated max):
  Land: Midway Inf: 0 Art: 0 Tank: 0 Ftr: 0 Bmb: 1 Str: 4
  Land: Szechwan Inf: 6 Art: 2 Tank: 6 Ftr: 0 Bmb: 1 Str: 32
      [SAFE] Sequential Battle Results: TUV=-1.50, Invaded%=0.0%, Battles=1
    Possible My Target Territory: French_Indo_China_Thailand_Air
      Battle Results (TUV, Invaded %):  -8.491 ,  0
    Possible My Target Territory: Solomon_Islands_Air
      Battle Results (TUV, Invaded %):  -2.914 ,  0
    Possible My Target Territory: Wake_Island_Air
      Battle Results (TUV, Invaded %):  -2.8879999999999999 ,  0
    Possible My Target Territory: Yunnan_Air
      Battle Results (TUV, Invaded %):  -8.529999999999999 ,  0

======================================================================
PRO AI TURN COMPLETE
======================================================================
Next Player: Rus
Final Money: 41 IPCs
Units Added: 5
Game Score: 0.1
======================================================================

round_num:  29
[1;31m --------------------
Current Player:  Rus
Money:  25 [1;0m 

[1;95mAnglo_Egyptian_Sudan (Owner:  Eng )
[1;31m[1;34m[1;95m (Units:  Eng )
FIGHTER : 1
[1;33m[1;32m
[1;31mArchangel (Owner:  Rus )
[1;31m[1;34m[1;95m (Units:  Eng )
INF : 5
ARTY : 1
TANK : 1
[1;33m[1;32m (Units:  USA )
INF : 2

[1;34mBaltic_States (Owner:  Ger )
[1;31m[1;34m (Units:  Ger )
INF : 4
TANK : 2
FIGHTER : 4
[1;95m[1;33m[1;32m
[1;33mBorneo (Owner:  Jap )
[1;31m[1;34m[1;95m[1;33m (Units:  Jap )
INF : 1
[1;32m
[1;33mCaroline_Islands (Owner:  Jap )
[1;31m[1;34m[1;95m[1;33m (Units:  Jap )
INF : 1
[1;32m
[1;31mCaucasus (Owner:  Rus ) builds: 4 factory-prod: 4
[1;31m[1;34m[1;95m (Units:  Eng )
INF : 2
[1;33m[1;32m (Units:  USA )
TANK : 1

[1;33mEast_Indies (Owner:  Jap )
[1;31m[1;34m[1;95m[1;33m (Units:  Jap )
INF : 2
[1;32m
[1;95mEastern_Australia (Owner:  Eng )
[1;31m[1;34m[1;95m (Units:  Eng )
INF : 2
[1;33m[1;32m
[1;95mEastern_Canada (Owner:  Eng )
[1;31m[1;34m[1;95m (Units:  Eng )
INF : 1
[1;33m[1;32m
[1;32mEastern_United_States (Owner:  USA ) builds: 6 factory-prod: 12
[1;31m[1;34m[1;95m[1;33m[1;32m (Units:  USA )
INF : 1
ARTY : 1
TANK : 3
FIGHTER : 1
BOMBER : 1

[1;33mFrench_Indo_China_Thailand (Owner:  Jap )
[1;31m[1;34m[1;95m[1;33m (Units:  Jap )
INF : 12
ARTY : 3
TANK : 3
[1;32m
[1;95mFrench_West_Africa (Owner:  Eng )
[1;31m[1;34m[1;95m[1;33m[1;32m (Units:  USA )
INF : 1
ARTY : 2

[1;34mGermany (Owner:  Ger ) factory-prod: 10
[1;31m[1;34m (Units:  Ger )
INF : 70
ARTY : 1
[1;95m[1;33m[1;32m
[1;32mHawaiian_Islands (Owner:  USA )
[1;31m[1;34m[1;95m[1;33m[1;32m (Units:  USA )
INF : 1
FIGHTER : 1

[1;95mIndia (Owner:  Eng ) factory-prod: 3
[1;31m[1;34m[1;95m (Units:  Eng )
INF : 3
AAGUN : 1
[1;33m[1;32m
[1;34mItaly (Owner:  Ger ) builds: 2 factory-prod: 3
[1;31m[1;34m (Units:  Ger )
ARTY : 1
[1;95m[1;33m[1;32m
[1;33mIwo_Jima (Owner:  Jap )
[1;31m[1;34m[1;95m[1;33m (Units:  Jap )
INF : 1
[1;32m
[1;33mJapan (Owner:  Jap ) builds: 2 factory-prod: 8
[1;31m[1;34m[1;95m[1;33m (Units:  Jap )
INF : 1
ARTY : 1
TANK : 3
FIGHTER : 1
BOMBER : 1
[1;32m
[1;34mKarelia_SSR (Owner:  Ger ) factory-prod: 2
[1;31m[1;34m (Units:  Ger )
INF : 3
TANK : 1
[1;95m[1;33m[1;32m
[1;32mMidway (Owner:  USA )
[1;31m[1;34m[1;95m[1;33m[1;32m (Units:  USA )
INF : 1

[1;33mNew_Guinea (Owner:  Jap )
[1;31m[1;34m[1;95m[1;33m (Units:  Jap )
INF : 1
[1;32m
[1;95mNew_Zealand (Owner:  Eng )
[1;31m[1;34m[1;95m (Units:  Eng )
INF : 1
[1;33m[1;32m
[1;34mNorthwestern_Europe (Owner:  Ger )
[1;31m[1;34m (Units:  Ger )
FIGHTER : 1
[1;95m[1;33m[1;32m
[1;33mOkinawa (Owner:  Jap )
[1;31m[1;34m[1;95m[1;33m (Units:  Jap )
INF : 1
[1;32m
[1;95mPersia (Owner:  Eng )
[1;31m[1;34m[1;95m (Units:  Eng )
INF : 4
[1;33m[1;32m (Units:  USA )
INF : 2
ARTY : 1

[1;33mPhilippine_Islands (Owner:  Jap )
[1;31m[1;34m[1;95m[1;33m (Units:  Jap )
INF : 1
ARTY : 1
[1;32m
[1;31mRussia (Owner:  Rus ) builds: 8 factory-prod: 8
[1;31m (Units:  Rus )
INF_1_MOVES : 6
[1;34m[1;95m[1;33m[1;32m
[1;33mSolomon_Islands (Owner:  Jap )
[1;31m[1;34m[1;95m[1;33m (Units:  Jap )
INF : 1
[1;32m
[1;32mSzechwan (Owner:  USA )
[1;31m[1;34m[1;95m[1;33m[1;32m (Units:  USA )
FIGHTER : 1

[1;95mUnited_Kingdom (Owner:  Eng ) builds: 5 factory-prod: 8
[1;31m[1;34m[1;95m (Units:  Eng )
FIGHTER : 2
BOMBER : 1
[1;33m[1;32m
[1;33mWake_Island (Owner:  Jap )
[1;31m[1;34m[1;95m[1;33m (Units:  Jap )
INF : 1
[1;32m
[1;31mWest_Russia (Owner:  Rus )
[1;31m (Units:  Rus )
INF_1_MOVES : 29
ARTY_1_MOVES : 7
TANK_2_MOVES : 2
[1;34m[1;95m (Units:  Eng )
INF : 4
[1;33m[1;32m
[1;95mWestern_Australia (Owner:  Eng )
[1;31m[1;34m[1;95m (Units:  Eng )
INF : 1
[1;33m[1;32m
[1;32mWestern_United_States (Owner:  USA ) builds: 9 factory-prod: 10
[1;31m[1;34m[1;95m[1;33m[1;32m (Units:  USA )
INF : 3
ARTY : 1
FIGHTER : 1

[1;33mYunnan (Owner:  Jap )
[1;31m[1;34m[1;95m[1;33m (Units:  Jap )
INF : 6
ARTY : 2
TANK : 6
[1;32m
[1;0mSea_4
[1;31m (Units:  Rus )
SUB_2_MOVES : 1
DESTROYER_2_MOVES : 1
[1;34m (Units:  Ger )
DESTROYER : 1
[1;95m[1;33m[1;32m
[1;0mSea_5
[1;31m[1;34m (Units:  Ger )
TRANS_EMPTY : 1
SUB : 2
DESTROYER : 6
CRUISER : 1
[1;95m[1;33m[1;32m
[1;0mSea_6
[1;31m[1;34m[1;95m (Units:  Eng )
TRANS_EMPTY : 1
SUB : 2
DESTROYER : 3
[1;33m[1;32m
[1;0mSea_8
[1;31m[1;34m[1;95m (Units:  Eng )
TRANS_EMPTY : 1
DESTROYER : 14
CRUISER : 1
BATTLESHIP : 1
[1;33m[1;32m
[1;0mSea_9
[1;31m[1;34m (Units:  Ger )
SUB : 2
[1;95m[1;33m[1;32m
[1;0mSea_11
[1;31m[1;34m[1;95m[1;33m[1;32m (Units:  USA )
TRANS_EMPTY : 3
SUB : 1
DESTROYER : 3
BATTLESHIP : 1

[1;0mSea_15
[1;31m[1;34m (Units:  Ger )
SUB : 1
[1;95m[1;33m[1;32m
[1;0mSea_16
[1;31m (Units:  Rus )
SUB_2_MOVES : 2
DESTROYER_2_MOVES : 2
[1;34m[1;95m[1;33m[1;32m
[1;0mSea_23
[1;31m[1;34m[1;95m[1;33m[1;32m (Units:  USA )
TRANS_EMPTY : 2

[1;0mSea_35
[1;31m[1;34m (Units:  Ger )
TRANS_EMPTY : 1
BATTLESHIP : 1
[1;95m[1;33m[1;32m
[1;0mSea_38
[1;31m[1;34m[1;95m (Units:  Eng )
TRANS_EMPTY : 1
[1;33m[1;32m
[1;0mSea_39
[1;31m[1;34m[1;95m (Units:  Eng )
TRANS_EMPTY : 1
SUB : 1
DESTROYER : 1
CARRIER : 1
CRUISER : 2
FIGHTER : 1
[1;33m[1;32m
[1;0mSea_44
[1;31m[1;34m[1;95m[1;33m (Units:  Jap )
SUB : 1
[1;32m
[1;0mSea_53
[1;31m[1;34m[1;95m[1;33m[1;32m (Units:  USA )
SUB : 1

[1;0mSea_56
[1;31m[1;34m[1;95m[1;33m[1;32m (Units:  USA )
TRANS_EMPTY : 4
DESTROYER : 2
CARRIER : 1
CRUISER : 1
BATTLESHIP : 7
FIGHTER : 1

[1;0mSea_60
[1;31m[1;34m[1;95m[1;33m (Units:  Jap )
TRANS_EMPTY : 5
DESTROYER : 2
[1;32m
[1;0mSea_61
[1;31m[1;34m[1;95m[1;33m (Units:  Jap )
TRANS_EMPTY : 4
DESTROYER : 3
CARRIER : 2
CRUISER : 1
BATTLESHIP : 3
FIGHTER : 3
[1;32m
[1;0m

======================================================================
PRO AI SINGLE TURN TEST (TripleA Purchase & Place)
======================================================================
Starting Player: Rus
Starting Money: 25 IPCs
Total units on board: 44
======================================================================
Enemy Attack Options (per-enemy):
Enemy: Ger
  Land: Archangel Fighters: 5
  Land: Archangel Infantry: 3
  Land: Archangel Tanks: 1
  Land: Caucasus Fighters: 4
  Land: Russia Fighters: 4
  Land: West_Russia Fighters: 5
  Land: West_Russia Infantry: 3
  Land: West_Russia Tanks: 3
  Sea: Sea_4 Fighters: 5 Subs: 0 Destroyers: 0
  Sea: Sea_16 Fighters: 0 Subs: 1 Destroyers: 0
Enemy: Jap
Enemy Attack Options (aggregated max):
  Land: Archangel Inf: 3 Art: 0 Tank: 1 Ftr: 5 Bmb: 0 Str: 21
  Land: Caucasus Inf: 0 Art: 0 Tank: 0 Ftr: 4 Bmb: 0 Str: 12
  Land: Russia Inf: 0 Art: 0 Tank: 0 Ftr: 4 Bmb: 0 Str: 12
  Land: West_Russia Inf: 3 Art: 0 Tank: 3 Ftr: 5 Bmb: 0 Str: 27
      [SAFE] Sequential Battle Results: TUV=-9.96, Invaded%=0.0%, Battles=1
      [SAFE] Sequential Battle Results: TUV=-4.70, Invaded%=0.0%, Battles=1
      [SAFE] Sequential Battle Results: TUV=-29.78, Invaded%=0.0%, Battles=1
      [SAFE] Sequential Battle Results: TUV=-63.53, Invaded%=0.0%, Battles=1
    Possible My Target Territory: Baltic_States_Air
      Battle Results (TUV, Invaded %):  -9 ,  0
    Possible My Target Territory: Karelia_SSR_Air
      Battle Results (TUV, Invaded %):  10.497 ,  1
      Attack Value:  26.497
Trying  Karelia_SSR
Starting combat round  0  for land  Karelia_SSR

======================================================================
PRO AI TURN COMPLETE
======================================================================
Next Player: Ger
Final Money: 27 IPCs
Units Added: 0
Game Score: -0.1
======================================================================

round_num:  30
[1;34m --------------------
Current Player:  Ger
Money:  41 [1;0m 

[1;95mAnglo_Egyptian_Sudan (Owner:  Eng )
[1;34m[1;31m[1;95m (Units:  Eng )
FIGHTER : 1
[1;33m[1;32m
[1;31mArchangel (Owner:  Rus )
[1;34m[1;31m[1;95m (Units:  Eng )
INF : 5
ARTY : 1
TANK : 1
[1;33m[1;32m (Units:  USA )
INF : 2

[1;34mBaltic_States (Owner:  Ger )
[1;34m (Units:  Ger )
INF_1_MOVES : 4
TANK_2_MOVES : 2
FIGHTER_UNMOVED : 4
[1;31m[1;95m[1;33m[1;32m
[1;33mBorneo (Owner:  Jap )
[1;34m[1;31m[1;95m[1;33m (Units:  Jap )
INF : 1
[1;32m
[1;33mCaroline_Islands (Owner:  Jap )
[1;34m[1;31m[1;95m[1;33m (Units:  Jap )
INF : 1
[1;32m
[1;31mCaucasus (Owner:  Rus ) builds: 3 factory-prod: 4
[1;34m[1;31m (Units:  Rus )
INF : 5
[1;95m (Units:  Eng )
INF : 2
[1;33m[1;32m (Units:  USA )
TANK : 1

[1;33mEast_Indies (Owner:  Jap )
[1;34m[1;31m[1;95m[1;33m (Units:  Jap )
INF : 2
[1;32m
[1;95mEastern_Australia (Owner:  Eng )
[1;34m[1;31m[1;95m (Units:  Eng )
INF : 2
[1;33m[1;32m
[1;95mEastern_Canada (Owner:  Eng )
[1;34m[1;31m[1;95m (Units:  Eng )
INF : 1
[1;33m[1;32m
[1;32mEastern_United_States (Owner:  USA ) builds: 6 factory-prod: 12
[1;34m[1;31m[1;95m[1;33m[1;32m (Units:  USA )
INF : 1
ARTY : 1
TANK : 3
FIGHTER : 1
BOMBER : 1

[1;33mFrench_Indo_China_Thailand (Owner:  Jap )
[1;34m[1;31m[1;95m[1;33m (Units:  Jap )
INF : 12
ARTY : 3
TANK : 3
[1;32m
[1;95mFrench_West_Africa (Owner:  Eng )
[1;34m[1;31m[1;95m[1;33m[1;32m (Units:  USA )
INF : 1
ARTY : 2

[1;34mGermany (Owner:  Ger ) builds: 10 factory-prod: 10
[1;34m (Units:  Ger )
INF_1_MOVES : 70
ARTY_1_MOVES : 1
[1;31m[1;95m[1;33m[1;32m
[1;32mHawaiian_Islands (Owner:  USA )
[1;34m[1;31m[1;95m[1;33m[1;32m (Units:  USA )
INF : 1
FIGHTER : 1

[1;95mIndia (Owner:  Eng ) factory-prod: 3
[1;34m[1;31m[1;95m (Units:  Eng )
INF : 3
AAGUN : 1
[1;33m[1;32m
[1;34mItaly (Owner:  Ger ) builds: 3 factory-prod: 3
[1;34m (Units:  Ger )
ARTY_1_MOVES : 1
[1;31m[1;95m[1;33m[1;32m
[1;33mIwo_Jima (Owner:  Jap )
[1;34m[1;31m[1;95m[1;33m (Units:  Jap )
INF : 1
[1;32m
[1;33mJapan (Owner:  Jap ) builds: 2 factory-prod: 8
[1;34m[1;31m[1;95m[1;33m (Units:  Jap )
INF : 1
ARTY : 1
TANK : 3
FIGHTER : 1
BOMBER : 1
[1;32m
[1;31mKarelia_SSR (Owner:  Rus ) factory-prod: 2
[1;34m[1;31m (Units:  Rus )
INF : 28
ARTY : 7
TANK : 2
[1;95m[1;33m[1;32m
[1;32mMidway (Owner:  USA )
[1;34m[1;31m[1;95m[1;33m[1;32m (Units:  USA )
INF : 1

[1;33mNew_Guinea (Owner:  Jap )
[1;34m[1;31m[1;95m[1;33m (Units:  Jap )
INF : 1
[1;32m
[1;95mNew_Zealand (Owner:  Eng )
[1;34m[1;31m[1;95m (Units:  Eng )
INF : 1
[1;33m[1;32m
[1;34mNorthwestern_Europe (Owner:  Ger )
[1;34m (Units:  Ger )
FIGHTER_UNMOVED : 1
[1;31m[1;95m[1;33m[1;32m
[1;33mOkinawa (Owner:  Jap )
[1;34m[1;31m[1;95m[1;33m (Units:  Jap )
INF : 1
[1;32m
[1;95mPersia (Owner:  Eng )
[1;34m[1;31m[1;95m (Units:  Eng )
INF : 4
[1;33m[1;32m (Units:  USA )
INF : 2
ARTY : 1

[1;33mPhilippine_Islands (Owner:  Jap )
[1;34m[1;31m[1;95m[1;33m (Units:  Jap )
INF : 1
ARTY : 1
[1;32m
[1;31mRussia (Owner:  Rus ) builds: 7 factory-prod: 8
[1;34m[1;31m (Units:  Rus )
INF : 1
ARTY : 1
[1;95m[1;33m[1;32m
[1;33mSolomon_Islands (Owner:  Jap )
[1;34m[1;31m[1;95m[1;33m (Units:  Jap )
INF : 1
[1;32m
[1;32mSzechwan (Owner:  USA )
[1;34m[1;31m[1;95m[1;33m[1;32m (Units:  USA )
FIGHTER : 1

[1;95mUnited_Kingdom (Owner:  Eng ) builds: 5 factory-prod: 8
[1;34m[1;31m[1;95m (Units:  Eng )
FIGHTER : 2
BOMBER : 1
[1;33m[1;32m
[1;33mWake_Island (Owner:  Jap )
[1;34m[1;31m[1;95m[1;33m (Units:  Jap )
INF : 1
[1;32m
[1;31mWest_Russia (Owner:  Rus )
[1;34m[1;31m[1;95m (Units:  Eng )
INF : 4
[1;33m[1;32m
[1;95mWestern_Australia (Owner:  Eng )
[1;34m[1;31m[1;95m (Units:  Eng )
INF : 1
[1;33m[1;32m
[1;32mWestern_United_States (Owner:  USA ) builds: 9 factory-prod: 10
[1;34m[1;31m[1;95m[1;33m[1;32m (Units:  USA )
INF : 3
ARTY : 1
FIGHTER : 1

[1;33mYunnan (Owner:  Jap )
[1;34m[1;31m[1;95m[1;33m (Units:  Jap )
INF : 6
ARTY : 2
TANK : 6
[1;32m
[1;0mSea_4
[1;34m (Units:  Ger )
DESTROYER_2_MOVES : 1
[1;31m (Units:  Rus )
SUB : 1
DESTROYER : 1
[1;95m[1;33m[1;32m
[1;0mSea_5
[1;34m (Units:  Ger )
TRANS_EMPTY_UNMOVED : 1
SUB_2_MOVES : 2
DESTROYER_2_MOVES : 6
CRUISER_2_MOVES : 1
[1;31m[1;95m[1;33m[1;32m
[1;0mSea_6
[1;34m[1;31m[1;95m (Units:  Eng )
TRANS_EMPTY : 1
SUB : 2
DESTROYER : 3
[1;33m[1;32m
[1;0mSea_8
[1;34m[1;31m[1;95m (Units:  Eng )
TRANS_EMPTY : 1
DESTROYER : 14
CRUISER : 1
BATTLESHIP : 1
[1;33m[1;32m
[1;0mSea_9
[1;34m (Units:  Ger )
SUB_2_MOVES : 2
[1;31m[1;95m[1;33m[1;32m
[1;0mSea_11
[1;34m[1;31m[1;95m[1;33m[1;32m (Units:  USA )
TRANS_EMPTY : 3
SUB : 1
DESTROYER : 3
BATTLESHIP : 1

[1;0mSea_15
[1;34m (Units:  Ger )
SUB_2_MOVES : 1
[1;31m[1;95m[1;33m[1;32m
[1;0mSea_16
[1;34m[1;31m (Units:  Rus )
SUB : 2
DESTROYER : 2
BATTLESHIP : 1
[1;95m[1;33m[1;32m
[1;0mSea_23
[1;34m[1;31m[1;95m[1;33m[1;32m (Units:  USA )
TRANS_EMPTY : 2

[1;0mSea_35
[1;34m (Units:  Ger )
TRANS_EMPTY_UNMOVED : 1
BATTLESHIP_2_MOVES : 1
[1;31m[1;95m[1;33m[1;32m
[1;0mSea_38
[1;34m[1;31m[1;95m (Units:  Eng )
TRANS_EMPTY : 1
[1;33m[1;32m
[1;0mSea_39
[1;34m[1;31m[1;95m (Units:  Eng )
TRANS_EMPTY : 1
SUB : 1
DESTROYER : 1
CARRIER : 1
CRUISER : 2
FIGHTER : 1
[1;33m[1;32m
[1;0mSea_44
[1;34m[1;31m[1;95m[1;33m (Units:  Jap )
SUB : 1
[1;32m
[1;0mSea_53
[1;34m[1;31m[1;95m[1;33m[1;32m (Units:  USA )
SUB : 1

[1;0mSea_56
[1;34m[1;31m[1;95m[1;33m[1;32m (Units:  USA )
TRANS_EMPTY : 4
DESTROYER : 2
CARRIER : 1
CRUISER : 1
BATTLESHIP : 7
FIGHTER : 1

[1;0mSea_60
[1;34m[1;31m[1;95m[1;33m (Units:  Jap )
TRANS_EMPTY : 5
DESTROYER : 2
[1;32m
[1;0mSea_61
[1;34m[1;31m[1;95m[1;33m (Units:  Jap )
TRANS_EMPTY : 4
DESTROYER : 3
CARRIER : 2
CRUISER : 1
BATTLESHIP : 3
FIGHTER : 3
[1;32m
[1;0m

======================================================================
PRO AI SINGLE TURN TEST (TripleA Purchase & Place)
======================================================================
Starting Player: Ger
Starting Money: 41 IPCs
Total units on board: 78
======================================================================
Enemy Attack Options (per-enemy):
Enemy: Rus
  Land: Baltic_States Infantry: 28
  Land: Baltic_States Artillery: 7
  Land: Baltic_States Tanks: 2
  Land: Belorussia Infantry: 28
  Land: Belorussia Artillery: 7
  Land: Belorussia Tanks: 2
  Land: Finland Infantry: 28
  Land: Finland Artillery: 7
  Land: Finland Tanks: 2
  Land: Norway Tanks: 2
  Land: Poland Tanks: 2
  Land: Ukraine_SSR Infantry: 5
  Land: Ukraine_SSR Tanks: 2
  Sea: Sea_15 Fighters: 0 Subs: 2 Destroyers: 2
Enemy: Eng
  Land: Baltic_States Bombers: 1
  Land: Belorussia Infantry: 4
  Land: Germany Bombers: 1
  Land: Italy Fighters: 2
  Land: Italy Bombers: 1
  Land: Northwestern_Europe Fighters: 2
  Land: Northwestern_Europe Bombers: 1
  Land: Ukraine_SSR Infantry: 6
  Sea: Sea_4 Fighters: 0 Subs: 2 Destroyers: 3
  Sea: Sea_5 Fighters: 2 Subs: 2 Destroyers: 17
  Sea: Sea_9 Fighters: 0 Subs: 2 Destroyers: 17
  Sea: Sea_35 Fighters: 1 Subs: 0 Destroyers: 0
Enemy: USA
  Land: Belorussia Tanks: 1
  Land: Bulgaria_Romania Tanks: 1
  Land: Poland Tanks: 1
  Land: Ukraine_SSR Tanks: 1
  Sea: Sea_9 Fighters: 0 Subs: 1 Destroyers: 3
Enemy Attack Options (aggregated max):
  Land: Baltic_States Inf: 28 Art: 7 Tank: 2 Ftr: 0 Bmb: 0 Str: 48
  Land: Belorussia Inf: 28 Art: 7 Tank: 2 Ftr: 0 Bmb: 0 Str: 48
  Land: Bulgaria_Romania Inf: 0 Art: 0 Tank: 1 Ftr: 0 Bmb: 0 Str: 3
  Land: Finland Inf: 28 Art: 7 Tank: 2 Ftr: 0 Bmb: 0 Str: 48
  Land: Germany Inf: 0 Art: 0 Tank: 0 Ftr: 0 Bmb: 1 Str: 4
  Land: Italy Inf: 0 Art: 0 Tank: 0 Ftr: 2 Bmb: 1 Str: 10
  Land: Northwestern_Europe Inf: 0 Art: 0 Tank: 0 Ftr: 2 Bmb: 1 Str: 10
  Land: Norway Inf: 0 Art: 0 Tank: 2 Ftr: 0 Bmb: 0 Str: 6
  Land: Poland Inf: 0 Art: 0 Tank: 2 Ftr: 0 Bmb: 0 Str: 6
  Land: Ukraine_SSR Inf: 5 Art: 0 Tank: 2 Ftr: 0 Bmb: 0 Str: 11
      [SAFE] Sequential Battle Results: TUV=-9.97, Invaded%=0.0%, Battles=1
      [SAFE] Sequential Battle Results: TUV=0.67, Invaded%=0.0%, Battles=1
      [SAFE] Sequential Battle Results: TUV=3.19, Invaded%=0.0%, Battles=1
    Possible My Target Territory: Archangel_Air
      Battle Results (TUV, Invaded %):  -39.749 ,  0
    Possible My Target Territory: Caucasus_Air
      Battle Results (TUV, Invaded %):  -32.305 ,  0
    Possible My Target Territory: Karelia_SSR_Air
      Battle Results (TUV, Invaded %):  -61.496 ,  0
    Possible My Target Territory: Russia_Air
      Battle Results (TUV, Invaded %):  0.14999999999999999 ,  0
    Possible My Target Territory: United_Kingdom_Air
      Battle Results (TUV, Invaded %):  -4.144 ,  0
    Possible My Target Territory: West_Russia_Air
      Battle Results (TUV, Invaded %):  0.85599999999999998 ,  0.41099999999999998
      Attack Value:  0.85599999999999998
Trying  West_Russia
Simulated battle results:  Battle_Results{avg_TUV_swing = -10.66, invaded_percent = 0, avg_survivor_def_power = 0}

======================================================================
PRO AI TURN COMPLETE
======================================================================
Next Player: Eng
Final Money: 39 IPCs
Units Added: 9
Game Score: 0.1
======================================================================

round_num:  31
[1;95m --------------------
Current Player:  Eng
Money:  31 [1;0m 

[1;95mAnglo_Egyptian_Sudan (Owner:  Eng )
[1;95m (Units:  Eng )
FIGHTER_UNMOVED : 1
[1;31m[1;34m[1;33m[1;32m
[1;31mArchangel (Owner:  Rus )
[1;95m (Units:  Eng )
INF_1_MOVES : 5
ARTY_1_MOVES : 1
TANK_2_MOVES : 1
[1;31m[1;34m[1;33m[1;32m (Units:  USA )
INF : 2

[1;34mBaltic_States (Owner:  Ger )
[1;95m[1;31m[1;34m (Units:  Ger )
FIGHTER : 4
[1;33m[1;32m
[1;33mBorneo (Owner:  Jap )
[1;95m[1;31m[1;34m[1;33m (Units:  Jap )
INF : 1
[1;32m
[1;33mCaroline_Islands (Owner:  Jap )
[1;95m[1;31m[1;34m[1;33m (Units:  Jap )
INF : 1
[1;32m
[1;31mCaucasus (Owner:  Rus ) builds: 3 factory-prod: 4
[1;95m (Units:  Eng )
INF_1_MOVES : 2
[1;31m (Units:  Rus )
INF : 5
[1;34m[1;33m[1;32m (Units:  USA )
TANK : 1

[1;33mEast_Indies (Owner:  Jap )
[1;95m[1;31m[1;34m[1;33m (Units:  Jap )
INF : 2
[1;32m
[1;95mEastern_Australia (Owner:  Eng )
[1;95m (Units:  Eng )
INF_1_MOVES : 2
[1;31m[1;34m[1;33m[1;32m
[1;95mEastern_Canada (Owner:  Eng )
[1;95m (Units:  Eng )
INF_1_MOVES : 1
[1;31m[1;34m[1;33m[1;32m
[1;32mEastern_United_States (Owner:  USA ) builds: 6 factory-prod: 12
[1;95m[1;31m[1;34m[1;33m[1;32m (Units:  USA )
INF : 1
ARTY : 1
TANK : 3
FIGHTER : 1
BOMBER : 1

[1;34mFinland (Owner:  Ger )
[1;95m[1;31m[1;34m (Units:  Ger )
INF : 1
TANK : 1
[1;33m[1;32m
[1;33mFrench_Indo_China_Thailand (Owner:  Jap )
[1;95m[1;31m[1;34m[1;33m (Units:  Jap )
INF : 12
ARTY : 3
TANK : 3
[1;32m
[1;95mFrench_West_Africa (Owner:  Eng )
[1;95m[1;31m[1;34m[1;33m[1;32m (Units:  USA )
INF : 1
ARTY : 2

[1;34mGermany (Owner:  Ger ) factory-prod: 10
[1;95m[1;31m[1;34m (Units:  Ger )
INF : 82
ARTY : 2
TANK : 1
[1;33m[1;32m
[1;32mHawaiian_Islands (Owner:  USA )
[1;95m[1;31m[1;34m[1;33m[1;32m (Units:  USA )
INF : 1
FIGHTER : 1

[1;95mIndia (Owner:  Eng ) builds: 3 factory-prod: 3
[1;95m (Units:  Eng )
INF_1_MOVES : 3
AAGUN_1_MOVES : 1
[1;31m[1;34m[1;33m[1;32m
[1;33mIwo_Jima (Owner:  Jap )
[1;95m[1;31m[1;34m[1;33m (Units:  Jap )
INF : 1
[1;32m
[1;33mJapan (Owner:  Jap ) builds: 2 factory-prod: 8
[1;95m[1;31m[1;34m[1;33m (Units:  Jap )
INF : 1
ARTY : 1
TANK : 3
FIGHTER : 1
BOMBER : 1
[1;32m
[1;31mKarelia_SSR (Owner:  Rus ) factory-prod: 2
[1;95m[1;31m (Units:  Rus )
INF : 28
ARTY : 7
TANK : 2
[1;34m[1;33m[1;32m
[1;32mMidway (Owner:  USA )
[1;95m[1;31m[1;34m[1;33m[1;32m (Units:  USA )
INF : 1

[1;33mNew_Guinea (Owner:  Jap )
[1;95m[1;31m[1;34m[1;33m (Units:  Jap )
INF : 1
[1;32m
[1;95mNew_Zealand (Owner:  Eng )
[1;95m (Units:  Eng )
INF_1_MOVES : 1
[1;31m[1;34m[1;33m[1;32m
[1;34mNorthwestern_Europe (Owner:  Ger )
[1;95m[1;31m[1;34m (Units:  Ger )
FIGHTER : 1
[1;33m[1;32m
[1;33mOkinawa (Owner:  Jap )
[1;95m[1;31m[1;34m[1;33m (Units:  Jap )
INF : 1
[1;32m
[1;95mPersia (Owner:  Eng )
[1;95m (Units:  Eng )
INF_1_MOVES : 4
[1;31m[1;34m[1;33m[1;32m (Units:  USA )
INF : 2
ARTY : 1

[1;33mPhilippine_Islands (Owner:  Jap )
[1;95m[1;31m[1;34m[1;33m (Units:  Jap )
INF : 1
ARTY : 1
[1;32m
[1;31mRussia (Owner:  Rus ) builds: 7 factory-prod: 8
[1;95m[1;31m (Units:  Rus )
INF : 1
ARTY : 1
[1;34m[1;33m[1;32m
[1;33mSolomon_Islands (Owner:  Jap )
[1;95m[1;31m[1;34m[1;33m (Units:  Jap )
INF : 1
[1;32m
[1;32mSzechwan (Owner:  USA )
[1;95m[1;31m[1;34m[1;33m[1;32m (Units:  USA )
FIGHTER : 1

[1;95mUnited_Kingdom (Owner:  Eng ) builds: 8 factory-prod: 8
[1;95m (Units:  Eng )
FIGHTER_UNMOVED : 2
BOMBER_UNMOVED : 1
[1;31m[1;34m[1;33m[1;32m
[1;33mWake_Island (Owner:  Jap )
[1;95m[1;31m[1;34m[1;33m (Units:  Jap )
INF : 1
[1;32m
[1;31mWest_Russia (Owner:  Rus )
[1;95m (Units:  Eng )
INF_1_MOVES : 4
[1;31m[1;34m[1;33m[1;32m
[1;95mWestern_Australia (Owner:  Eng )
[1;95m (Units:  Eng )
INF_1_MOVES : 1
[1;31m[1;34m[1;33m[1;32m
[1;32mWestern_United_States (Owner:  USA ) builds: 9 factory-prod: 10
[1;95m[1;31m[1;34m[1;33m[1;32m (Units:  USA )
INF : 3
ARTY : 1
FIGHTER : 1

[1;33mYunnan (Owner:  Jap )
[1;95m[1;31m[1;34m[1;33m (Units:  Jap )
INF : 6
ARTY : 2
TANK : 6
[1;32m
[1;0mSea_4
[1;95m[1;31m (Units:  Rus )
SUB : 1
DESTROYER : 1
[1;34m (Units:  Ger )
DESTROYER : 1
[1;33m[1;32m
[1;0mSea_5
[1;95m[1;31m[1;34m (Units:  Ger )
TRANS_EMPTY : 1
SUB : 2
DESTROYER : 7
CRUISER : 1
[1;33m[1;32m
[1;0mSea_6
[1;95m (Units:  Eng )
TRANS_EMPTY_UNMOVED : 1
SUB_2_MOVES : 2
DESTROYER_2_MOVES : 3
[1;31m[1;34m[1;33m[1;32m
[1;0mSea_8
[1;95m (Units:  Eng )
TRANS_EMPTY_UNMOVED : 1
DESTROYER_2_MOVES : 14
CRUISER_2_MOVES : 1
BATTLESHIP_2_MOVES : 1
[1;31m[1;34m[1;33m[1;32m
[1;0mSea_9
[1;95m[1;31m[1;34m (Units:  Ger )
SUB : 2
[1;33m[1;32m
[1;0mSea_11
[1;95m[1;31m[1;34m[1;33m[1;32m (Units:  USA )
TRANS_EMPTY : 3
SUB : 1
DESTROYER : 3
BATTLESHIP : 1

[1;0mSea_15
[1;95m[1;31m[1;34m (Units:  Ger )
SUB : 2
[1;33m[1;32m
[1;0mSea_16
[1;95m[1;31m (Units:  Rus )
SUB : 2
DESTROYER : 2
BATTLESHIP : 1
[1;34m[1;33m[1;32m
[1;0mSea_23
[1;95m[1;31m[1;34m[1;33m[1;32m (Units:  USA )
TRANS_EMPTY : 2

[1;0mSea_36
[1;95m[1;31m[1;34m (Units:  Ger )
TRANS_EMPTY : 1
BATTLESHIP : 1
[1;33m[1;32m
[1;0mSea_38
[1;95m (Units:  Eng )
TRANS_EMPTY_UNMOVED : 1
[1;31m[1;34m[1;33m[1;32m
[1;0mSea_39
[1;95m (Units:  Eng )
TRANS_EMPTY_UNMOVED : 1
SUB_2_MOVES : 1
DESTROYER_2_MOVES : 1
CARRIER_2_MOVES : 1
CRUISER_2_MOVES : 2
FIGHTER_UNMOVED : 1
[1;31m[1;34m[1;33m[1;32m
[1;0mSea_44
[1;95m[1;31m[1;34m[1;33m (Units:  Jap )
SUB : 1
[1;32m
[1;0mSea_53
[1;95m[1;31m[1;34m[1;33m[1;32m (Units:  USA )
SUB : 1

[1;0mSea_56
[1;95m[1;31m[1;34m[1;33m[1;32m (Units:  USA )
TRANS_EMPTY : 4
DESTROYER : 2
CARRIER : 1
CRUISER : 1
BATTLESHIP : 7
FIGHTER : 1

[1;0mSea_60
[1;95m[1;31m[1;34m[1;33m (Units:  Jap )
TRANS_EMPTY : 5
DESTROYER : 2
[1;32m
[1;0mSea_61
[1;95m[1;31m[1;34m[1;33m (Units:  Jap )
TRANS_EMPTY : 4
DESTROYER : 3
CARRIER : 2
CRUISER : 1
BATTLESHIP : 3
FIGHTER : 3
[1;32m
[1;0m

======================================================================
PRO AI SINGLE TURN TEST (TripleA Purchase & Place)
======================================================================
Starting Player: Eng
Starting Money: 31 IPCs
Total units on board: 26
======================================================================
Enemy Attack Options (per-enemy):
Enemy: Ger
  Land: Archangel Fighters: 5
  Land: Caucasus Fighters: 4
  Land: United_Kingdom Fighters: 1
  Land: West_Russia Fighters: 4
  Sea: Sea_6 Fighters: 5 Subs: 4 Destroyers: 8
  Sea: Sea_7 Fighters: 0 Subs: 4 Destroyers: 8
  Sea: Sea_8 Fighters: 5 Subs: 4 Destroyers: 7
Enemy: Jap
  Land: Burma Infantry: 18
  Land: Burma Artillery: 5
  Land: Burma Tanks: 9
  Land: India Tanks: 9
  Land: Western_Australia Bombers: 1
  Sea: Sea_35 Fighters: 1 Subs: 0 Destroyers: 3
  Sea: Sea_39 Fighters: 0 Subs: 1 Destroyers: 0
Enemy Attack Options (aggregated max):
  Land: Archangel Inf: 0 Art: 0 Tank: 0 Ftr: 5 Bmb: 0 Str: 15
  Land: Burma Inf: 18 Art: 5 Tank: 9 Ftr: 0 Bmb: 0 Str: 55
  Land: Caucasus Inf: 0 Art: 0 Tank: 0 Ftr: 4 Bmb: 0 Str: 12
  Land: India Inf: 0 Art: 0 Tank: 9 Ftr: 0 Bmb: 0 Str: 27
  Land: United_Kingdom Inf: 0 Art: 0 Tank: 0 Ftr: 1 Bmb: 0 Str: 3
  Land: West_Russia Inf: 0 Art: 0 Tank: 0 Ftr: 4 Bmb: 0 Str: 12
  Land: Western_Australia Inf: 0 Art: 0 Tank: 0 Ftr: 0 Bmb: 1 Str: 4
      [SAFE] Sequential Battle Results: TUV=-3.99, Invaded%=0.0%, Battles=1
      [SAFE] Sequential Battle Results: TUV=-1.62, Invaded%=0.0%, Battles=1
    Possible My Target Territory: Baltic_States_Air
      Battle Results (TUV, Invaded %):  -6.3399999999999999 ,  0
    Possible My Target Territory: Finland_Air
      Battle Results (TUV, Invaded %):  -1.758 ,  0.134
      Attack Value:  -1.758
    Possible My Target Territory: Germany_Air
      Battle Results (TUV, Invaded %):  -9.984 ,  0
    Possible My Target Territory: Northwestern_Europe_Air
      Battle Results (TUV, Invaded %):  3.3399999999999999 ,  0

======================================================================
PRO AI TURN COMPLETE
======================================================================
Next Player: Jap
Final Money: 33 IPCs
Units Added: 2
Game Score: -0.1
======================================================================

round_num:  32
[1;33m --------------------
Current Player:  Jap
Money:  33 [1;0m 

[1;95mAnglo_Egyptian_Sudan (Owner:  Eng )
[1;33m[1;31m[1;34m[1;95m (Units:  Eng )
FIGHTER : 1
[1;32m
[1;31mArchangel (Owner:  Rus )
[1;33m[1;31m[1;34m[1;95m[1;32m (Units:  USA )
INF : 2

[1;34mBaltic_States (Owner:  Ger )
[1;33m[1;31m[1;34m (Units:  Ger )
FIGHTER : 4
[1;95m[1;32m
[1;33mBorneo (Owner:  Jap )
[1;33m (Units:  Jap )
INF_1_MOVES : 1
[1;31m[1;34m[1;95m[1;32m
[1;33mCaroline_Islands (Owner:  Jap )
[1;33m (Units:  Jap )
INF_1_MOVES : 1
[1;31m[1;34m[1;95m[1;32m
[1;31mCaucasus (Owner:  Rus ) builds: 3 factory-prod: 4
[1;33m[1;31m (Units:  Rus )
INF : 5
[1;34m[1;95m (Units:  Eng )
INF : 4
[1;32m (Units:  USA )
TANK : 1

[1;33mEast_Indies (Owner:  Jap )
[1;33m (Units:  Jap )
INF_1_MOVES : 2
[1;31m[1;34m[1;95m[1;32m
[1;95mEastern_Australia (Owner:  Eng )
[1;33m[1;31m[1;34m[1;95m (Units:  Eng )
INF : 2
[1;32m
[1;32mEastern_United_States (Owner:  USA ) builds: 6 factory-prod: 12
[1;33m[1;31m[1;34m[1;95m (Units:  Eng )
INF : 1
[1;32m (Units:  USA )
INF : 1
ARTY : 1
TANK : 3
FIGHTER : 1
BOMBER : 1

[1;34mFinland (Owner:  Ger )
[1;33m[1;31m[1;34m (Units:  Ger )
INF : 1
TANK : 1
[1;95m[1;32m
[1;33mFrench_Indo_China_Thailand (Owner:  Jap )
[1;33m (Units:  Jap )
INF_1_MOVES : 12
ARTY_1_MOVES : 3
TANK_2_MOVES : 3
[1;31m[1;34m[1;95m[1;32m
[1;95mFrench_West_Africa (Owner:  Eng )
[1;33m[1;31m[1;34m[1;95m[1;32m (Units:  USA )
INF : 1
ARTY : 2

[1;34mGermany (Owner:  Ger ) factory-prod: 10
[1;33m[1;31m[1;34m (Units:  Ger )
INF : 82
ARTY : 2
TANK : 1
[1;95m[1;32m
[1;32mHawaiian_Islands (Owner:  USA )
[1;33m[1;31m[1;34m[1;95m[1;32m (Units:  USA )
INF : 1
FIGHTER : 1

[1;95mIndia (Owner:  Eng ) builds: 1 factory-prod: 3
[1;33m[1;31m[1;34m[1;95m (Units:  Eng )
INF : 3
AAGUN : 1
[1;32m
[1;33mIwo_Jima (Owner:  Jap )
[1;33m (Units:  Jap )
INF_1_MOVES : 1
[1;31m[1;34m[1;95m[1;32m
[1;33mJapan (Owner:  Jap ) builds: 8 factory-prod: 8
[1;33m (Units:  Jap )
INF_1_MOVES : 1
ARTY_1_MOVES : 1
TANK_2_MOVES : 3
FIGHTER_UNMOVED : 1
BOMBER_UNMOVED : 1
[1;31m[1;34m[1;95m[1;32m
[1;31mKarelia_SSR (Owner:  Rus ) factory-prod: 2
[1;33m[1;31m (Units:  Rus )
INF : 28
ARTY : 7
TANK : 2
[1;34m[1;95m (Units:  Eng )
INF : 9
ARTY : 1
TANK : 1
[1;32m
[1;32mMidway (Owner:  USA )
[1;33m[1;31m[1;34m[1;95m[1;32m (Units:  USA )
INF : 1

[1;33mNew_Guinea (Owner:  Jap )
[1;33m (Units:  Jap )
INF_1_MOVES : 1
[1;31m[1;34m[1;95m[1;32m
[1;95mNew_Zealand (Owner:  Eng )
[1;33m[1;31m[1;34m[1;95m (Units:  Eng )
INF : 1
[1;32m
[1;34mNorthwestern_Europe (Owner:  Ger )
[1;33m[1;31m[1;34m (Units:  Ger )
FIGHTER : 1
[1;95m[1;32m
[1;33mOkinawa (Owner:  Jap )
[1;33m (Units:  Jap )
INF_1_MOVES : 1
[1;31m[1;34m[1;95m[1;32m
[1;95mPersia (Owner:  Eng )
[1;33m[1;31m[1;34m[1;95m (Units:  Eng )
INF : 5
[1;32m (Units:  USA )
INF : 2
ARTY : 1

[1;33mPhilippine_Islands (Owner:  Jap )
[1;33m (Units:  Jap )
INF_1_MOVES : 1
ARTY_1_MOVES : 1
[1;31m[1;34m[1;95m[1;32m
[1;31mRussia (Owner:  Rus ) builds: 7 factory-prod: 8
[1;33m[1;31m (Units:  Rus )
INF : 1
ARTY : 1
[1;34m[1;95m[1;32m
[1;33mSolomon_Islands (Owner:  Jap )
[1;33m (Units:  Jap )
INF_1_MOVES : 1
[1;31m[1;34m[1;95m[1;32m
[1;32mSzechwan (Owner:  USA )
[1;33m[1;31m[1;34m[1;95m[1;32m (Units:  USA )
FIGHTER : 1

[1;95mUnited_Kingdom (Owner:  Eng ) builds: 5 factory-prod: 8
[1;33m[1;31m[1;34m[1;95m (Units:  Eng )
FIGHTER : 2
BOMBER : 1
[1;32m
[1;33mWake_Island (Owner:  Jap )
[1;33m (Units:  Jap )
INF_1_MOVES : 1
[1;31m[1;34m[1;95m[1;32m
[1;32mWestern_United_States (Owner:  USA ) builds: 9 factory-prod: 10
[1;33m[1;31m[1;34m[1;95m[1;32m (Units:  USA )
INF : 3
ARTY : 1
FIGHTER : 1

[1;33mYunnan (Owner:  Jap )
[1;33m (Units:  Jap )
INF_1_MOVES : 6
ARTY_1_MOVES : 2
TANK_2_MOVES : 6
[1;31m[1;34m[1;95m[1;32m
[1;0mSea_4
[1;33m[1;31m (Units:  Rus )
SUB : 1
DESTROYER : 1
[1;34m (Units:  Ger )
DESTROYER : 1
[1;95m[1;32m
[1;0mSea_5
[1;33m[1;31m[1;34m (Units:  Ger )
TRANS_EMPTY : 1
SUB : 2
DESTROYER : 7
CRUISER : 1
[1;95m[1;32m
[1;0mSea_6
[1;33m[1;31m[1;34m[1;95m (Units:  Eng )
TRANS_EMPTY : 2
SUB : 2
DESTROYER : 2
[1;32m
[1;0mSea_8
[1;33m[1;31m[1;34m[1;95m (Units:  Eng )
TRANS_EMPTY : 1
DESTROYER : 17
CRUISER : 1
BATTLESHIP : 1
[1;32m
[1;0mSea_9
[1;33m[1;31m[1;34m (Units:  Ger )
SUB : 2
[1;95m[1;32m
[1;0mSea_11
[1;33m[1;31m[1;34m[1;95m[1;32m (Units:  USA )
TRANS_EMPTY : 3
SUB : 1
DESTROYER : 3
BATTLESHIP : 1

[1;0mSea_15
[1;33m[1;31m[1;34m (Units:  Ger )
SUB : 2
[1;95m[1;32m
[1;0mSea_16
[1;33m[1;31m (Units:  Rus )
SUB : 2
DESTROYER : 2
BATTLESHIP : 1
[1;34m[1;95m[1;32m
[1;0mSea_23
[1;33m[1;31m[1;34m[1;95m[1;32m (Units:  USA )
TRANS_EMPTY : 2

[1;0mSea_35
[1;33m[1;31m[1;34m[1;95m (Units:  Eng )
TRANS_EMPTY : 1
[1;32m
[1;0mSea_36
[1;33m[1;31m[1;34m (Units:  Ger )
TRANS_EMPTY : 1
BATTLESHIP : 1
[1;95m[1;32m
[1;0mSea_39
[1;33m[1;31m[1;34m[1;95m (Units:  Eng )
SUB : 1
[1;32m
[1;0mSea_44
[1;33m (Units:  Jap )
SUB_2_MOVES : 1
[1;31m[1;34m[1;95m[1;32m
[1;0mSea_45
[1;33m[1;31m[1;34m[1;95m (Units:  Eng )
TRANS_EMPTY : 1
DESTROYER : 1
CARRIER : 1
CRUISER : 2
FIGHTER : 1
[1;32m
[1;0mSea_53
[1;33m[1;31m[1;34m[1;95m[1;32m (Units:  USA )
SUB : 1

[1;0mSea_56
[1;33m[1;31m[1;34m[1;95m[1;32m (Units:  USA )
TRANS_EMPTY : 4
DESTROYER : 2
CARRIER : 1
CRUISER : 1
BATTLESHIP : 7
FIGHTER : 1

[1;0mSea_60
[1;33m (Units:  Jap )
TRANS_EMPTY_UNMOVED : 5
DESTROYER_2_MOVES : 2
[1;31m[1;34m[1;95m[1;32m
[1;0mSea_61
[1;33m (Units:  Jap )
TRANS_EMPTY_UNMOVED : 4
DESTROYER_2_MOVES : 3
CARRIER_2_MOVES : 2
CRUISER_2_MOVES : 1
BATTLESHIP_2_MOVES : 3
FIGHTER_UNMOVED : 3
[1;31m[1;34m[1;95m[1;32m
[1;0m

======================================================================
PRO AI SINGLE TURN TEST (TripleA Purchase & Place)
======================================================================
Starting Player: Jap
Starting Money: 33 IPCs
Total units on board: 48
======================================================================
Enemy Attack Options (per-enemy):
Enemy: Rus
Enemy: Eng
  Sea: Sea_44 Fighters: 0 Subs: 1 Destroyers: 1
Enemy: USA
  Land: French_Indo_China_Thailand Fighters: 1
  Land: Solomon_Islands Fighters: 1
  Land: Wake_Island Fighters: 1
  Land: Yunnan Fighters: 1
  Sea: Sea_44 Fighters: 2 Subs: 1 Destroyers: 2
  Sea: Sea_60 Fighters: 1 Subs: 0 Destroyers: 0
  Sea: Sea_61 Fighters: 1 Subs: 0 Destroyers: 0
Enemy Attack Options (aggregated max):
  Land: French_Indo_China_Thailand Inf: 0 Art: 0 Tank: 0 Ftr: 1 Bmb: 0 Str: 3
  Land: Solomon_Islands Inf: 0 Art: 0 Tank: 0 Ftr: 1 Bmb: 0 Str: 3
  Land: Wake_Island Inf: 0 Art: 0 Tank: 0 Ftr: 1 Bmb: 0 Str: 3
  Land: Yunnan Inf: 0 Art: 0 Tank: 0 Ftr: 1 Bmb: 0 Str: 3
      [SAFE] Sequential Battle Results: TUV=-8.48, Invaded%=0.0%, Battles=1
      [SAFE] Sequential Battle Results: TUV=-2.90, Invaded%=0.0%, Battles=1
      [SAFE] Sequential Battle Results: TUV=-2.90, Invaded%=0.0%, Battles=1
      [SAFE] Sequential Battle Results: TUV=-8.49, Invaded%=0.0%, Battles=1
    Possible My Target Territory: India_Air
      Battle Results (TUV, Invaded %):  8 ,  1
      Attack Value:  32
    Possible My Target Territory: Midway_Air
      Battle Results (TUV, Invaded %):  -1.587 ,  0
    Possible My Target Territory: Szechwan_Air
      Battle Results (TUV, Invaded %):  7.966 ,  1
      Attack Value:  7.966
Trying  Szechwan

======================================================================
PRO AI TURN COMPLETE
======================================================================
Next Player: USA
Final Money: 33 IPCs
Units Added: 5
Game Score: 0.1
======================================================================

round_num:  33
[1;32m --------------------
Current Player:  USA
Money:  41 [1;0m 

[1;95mAnglo_Egyptian_Sudan (Owner:  Eng )
[1;32m[1;31m[1;34m[1;95m (Units:  Eng )
FIGHTER : 1
[1;33m
[1;31mArchangel (Owner:  Rus )
[1;32m (Units:  USA )
INF_1_MOVES : 2
[1;31m[1;34m[1;95m[1;33m
[1;34mBaltic_States (Owner:  Ger )
[1;32m[1;31m[1;34m (Units:  Ger )
FIGHTER : 4
[1;95m[1;33m
[1;33mBorneo (Owner:  Jap )
[1;32m[1;31m[1;34m[1;95m[1;33m (Units:  Jap )
INF : 1

[1;33mCaroline_Islands (Owner:  Jap )
[1;32m[1;31m[1;34m[1;95m[1;33m (Units:  Jap )
INF : 1

[1;31mCaucasus (Owner:  Rus ) builds: 3 factory-prod: 4
[1;32m (Units:  USA )
TANK_2_MOVES : 1
[1;31m (Units:  Rus )
INF : 5
[1;34m[1;95m (Units:  Eng )
INF : 4
[1;33m
[1;33mEast_Indies (Owner:  Jap )
[1;32m[1;31m[1;34m[1;95m[1;33m (Units:  Jap )
INF : 2

[1;95mEastern_Australia (Owner:  Eng )
[1;32m[1;31m[1;34m[1;95m (Units:  Eng )
INF : 2
[1;33m
[1;32mEastern_United_States (Owner:  USA ) builds: 12 factory-prod: 12
[1;32m (Units:  USA )
INF_1_MOVES : 1
ARTY_1_MOVES : 1
TANK_2_MOVES : 3
FIGHTER_UNMOVED : 1
BOMBER_UNMOVED : 1
[1;31m[1;34m[1;95m (Units:  Eng )
INF : 1
[1;33m
[1;34mFinland (Owner:  Ger )
[1;32m[1;31m[1;34m (Units:  Ger )
INF : 1
TANK : 1
[1;95m[1;33m
[1;33mFrench_Indo_China_Thailand (Owner:  Jap )
[1;32m[1;31m[1;34m[1;95m[1;33m (Units:  Jap )
INF : 6
ARTY : 2
TANK : 6

[1;95mFrench_West_Africa (Owner:  Eng )
[1;32m (Units:  USA )
INF_1_MOVES : 1
ARTY_1_MOVES : 2
[1;31m[1;34m[1;95m[1;33m
[1;34mGermany (Owner:  Ger ) factory-prod: 10
[1;32m[1;31m[1;34m (Units:  Ger )
INF : 82
ARTY : 2
TANK : 1
[1;95m[1;33m
[1;32mHawaiian_Islands (Owner:  USA )
[1;32m (Units:  USA )
INF_1_MOVES : 1
FIGHTER_UNMOVED : 1
[1;31m[1;34m[1;95m[1;33m
[1;95mIndia (Owner:  Eng ) builds: 1 factory-prod: 3
[1;32m[1;31m[1;34m[1;95m (Units:  Eng )
INF : 3
AAGUN : 1
[1;33m
[1;33mIwo_Jima (Owner:  Jap )
[1;32m[1;31m[1;34m[1;95m[1;33m (Units:  Jap )
INF : 1

[1;33mJapan (Owner:  Jap ) builds: 2 factory-prod: 8
[1;32m[1;31m[1;34m[1;95m[1;33m (Units:  Jap )
INF : 1
ARTY : 1
TANK : 3
FIGHTER : 1
BOMBER : 1

[1;31mKarelia_SSR (Owner:  Rus ) factory-prod: 2
[1;32m[1;31m (Units:  Rus )
INF : 28
ARTY : 7
TANK : 2
[1;34m[1;95m (Units:  Eng )
INF : 9
ARTY : 1
TANK : 1
[1;33m
[1;32mMidway (Owner:  USA )
[1;32m (Units:  USA )
INF_1_MOVES : 1
[1;31m[1;34m[1;95m[1;33m
[1;33mNew_Guinea (Owner:  Jap )
[1;32m[1;31m[1;34m[1;95m[1;33m (Units:  Jap )
INF : 1

[1;95mNew_Zealand (Owner:  Eng )
[1;32m[1;31m[1;34m[1;95m (Units:  Eng )
INF : 1
[1;33m
[1;34mNorthwestern_Europe (Owner:  Ger )
[1;32m[1;31m[1;34m (Units:  Ger )
FIGHTER : 1
[1;95m[1;33m
[1;33mOkinawa (Owner:  Jap )
[1;32m[1;31m[1;34m[1;95m[1;33m (Units:  Jap )
INF : 1

[1;95mPersia (Owner:  Eng )
[1;32m (Units:  USA )
INF_1_MOVES : 2
ARTY_1_MOVES : 1
[1;31m[1;34m[1;95m (Units:  Eng )
INF : 5
[1;33m
[1;33mPhilippine_Islands (Owner:  Jap )
[1;32m[1;31m[1;34m[1;95m[1;33m (Units:  Jap )
INF : 1
ARTY : 1

[1;31mRussia (Owner:  Rus ) builds: 7 factory-prod: 8
[1;32m[1;31m (Units:  Rus )
INF : 1
ARTY : 1
[1;34m[1;95m[1;33m
[1;33mSolomon_Islands (Owner:  Jap )
[1;32m[1;31m[1;34m[1;95m[1;33m (Units:  Jap )
INF : 1

[1;32mSzechwan (Owner:  USA )
[1;32m (Units:  USA )
FIGHTER_UNMOVED : 1
[1;31m[1;34m[1;95m[1;33m
[1;95mUnited_Kingdom (Owner:  Eng ) builds: 5 factory-prod: 8
[1;32m[1;31m[1;34m[1;95m (Units:  Eng )
FIGHTER : 2
BOMBER : 1
[1;33m
[1;33mWake_Island (Owner:  Jap )
[1;32m[1;31m[1;34m[1;95m[1;33m (Units:  Jap )
INF : 1

[1;32mWestern_United_States (Owner:  USA ) builds: 10 factory-prod: 10
[1;32m (Units:  USA )
INF_1_MOVES : 3
ARTY_1_MOVES : 1
FIGHTER_UNMOVED : 1
[1;31m[1;34m[1;95m[1;33m
[1;33mYunnan (Owner:  Jap )
[1;32m[1;31m[1;34m[1;95m[1;33m (Units:  Jap )
INF : 13
ARTY : 4
TANK : 6

[1;0mSea_4
[1;32m[1;31m (Units:  Rus )
SUB : 1
DESTROYER : 1
[1;34m (Units:  Ger )
DESTROYER : 1
[1;95m[1;33m
[1;0mSea_5
[1;32m[1;31m[1;34m (Units:  Ger )
TRANS_EMPTY : 1
SUB : 2
DESTROYER : 7
CRUISER : 1
[1;95m[1;33m
[1;0mSea_6
[1;32m[1;31m[1;34m[1;95m (Units:  Eng )
TRANS_EMPTY : 2
SUB : 2
DESTROYER : 2
[1;33m
[1;0mSea_8
[1;32m[1;31m[1;34m[1;95m (Units:  Eng )
TRANS_EMPTY : 1
DESTROYER : 17
CRUISER : 1
BATTLESHIP : 1
[1;33m
[1;0mSea_9
[1;32m[1;31m[1;34m (Units:  Ger )
SUB : 2
[1;95m[1;33m
[1;0mSea_11
[1;32m (Units:  USA )
TRANS_EMPTY_UNMOVED : 3
SUB_2_MOVES : 1
DESTROYER_2_MOVES : 3
BATTLESHIP_2_MOVES : 1
[1;31m[1;34m[1;95m[1;33m
[1;0mSea_15
[1;32m[1;31m[1;34m (Units:  Ger )
SUB : 2
[1;95m[1;33m
[1;0mSea_16
[1;32m[1;31m (Units:  Rus )
SUB : 2
DESTROYER : 2
BATTLESHIP : 1
[1;34m[1;95m[1;33m
[1;0mSea_23
[1;32m (Units:  USA )
TRANS_EMPTY_UNMOVED : 2
[1;31m[1;34m[1;95m[1;33m
[1;0mSea_35
[1;32m[1;31m[1;34m[1;95m (Units:  Eng )
TRANS_EMPTY : 1
[1;33m
[1;0mSea_36
[1;32m[1;31m[1;34m (Units:  Ger )
TRANS_EMPTY : 1
BATTLESHIP : 1
[1;95m[1;33m
[1;0mSea_39
[1;32m[1;31m[1;34m[1;95m (Units:  Eng )
SUB : 1
[1;33m
[1;0mSea_44
[1;32m[1;31m[1;34m[1;95m[1;33m (Units:  Jap )
SUB : 1

[1;0mSea_45
[1;32m[1;31m[1;34m[1;95m (Units:  Eng )
TRANS_EMPTY : 1
DESTROYER : 1
CARRIER : 1
CRUISER : 2
FIGHTER : 1
[1;33m
[1;0mSea_53
[1;32m (Units:  USA )
SUB_2_MOVES : 1
[1;31m[1;34m[1;95m[1;33m
[1;0mSea_56
[1;32m (Units:  USA )
TRANS_EMPTY_UNMOVED : 4
DESTROYER_2_MOVES : 2
CARRIER_2_MOVES : 1
CRUISER_2_MOVES : 1
BATTLESHIP_2_MOVES : 7
FIGHTER_UNMOVED : 1
[1;31m[1;34m[1;95m[1;33m
[1;0mSea_60
[1;32m[1;31m[1;34m[1;95m[1;33m (Units:  Jap )
TRANS_EMPTY : 6
DESTROYER : 2

[1;0mSea_61
[1;32m[1;31m[1;34m[1;95m[1;33m (Units:  Jap )
TRANS_EMPTY : 4
DESTROYER : 3
CARRIER : 2
CRUISER : 1
BATTLESHIP : 3
FIGHTER : 3

[1;0m

======================================================================
PRO AI SINGLE TURN TEST (TripleA Purchase & Place)
======================================================================
Starting Player: USA
Starting Money: 41 IPCs
Total units on board: 20
======================================================================
Enemy Attack Options (per-enemy):
Enemy: Ger
  Land: Archangel Fighters: 5
  Land: Caucasus Fighters: 4
  Sea: Sea_11 Fighters: 0 Subs: 2 Destroyers: 0
  Sea: Sea_23 Fighters: 0 Subs: 2 Destroyers: 0
Enemy: Jap
  Land: Midway Bombers: 1
  Land: Szechwan Bombers: 1
  Land: Szechwan Infantry: 13
  Land: Szechwan Artillery: 4
  Land: Szechwan Tanks: 6
  Sea: Sea_53 Fighters: 0 Subs: 1 Destroyers: 0
  Sea: Sea_56 Fighters: 0 Subs: 1 Destroyers: 0
Enemy Attack Options (aggregated max):
  Land: Archangel Inf: 0 Art: 0 Tank: 0 Ftr: 5 Bmb: 0 Str: 15
  Land: Caucasus Inf: 0 Art: 0 Tank: 0 Ftr: 4 Bmb: 0 Str: 12
  Land: Midway Inf: 0 Art: 0 Tank: 0 Ftr: 0 Bmb: 1 Str: 4
  Land: Szechwan Inf: 13 Art: 4 Tank: 6 Ftr: 0 Bmb: 1 Str: 43
      [SAFE] Sequential Battle Results: TUV=-1.47, Invaded%=0.0%, Battles=1
    Possible My Target Territory: French_Indo_China_Thailand_Air
      Battle Results (TUV, Invaded %):  -8.5 ,  0
    Possible My Target Territory: Solomon_Islands_Air
      Battle Results (TUV, Invaded %):  -2.8889999999999998 ,  0
    Possible My Target Territory: Wake_Island_Air
      Battle Results (TUV, Invaded %):  -2.891 ,  0
    Possible My Target Territory: Yunnan_Air
      Battle Results (TUV, Invaded %):  -8.497 ,  0

======================================================================
PRO AI TURN COMPLETE
======================================================================
Next Player: Rus
Final Money: 42 IPCs
Units Added: 5
Game Score: 0.1
======================================================================

round_num:  34
[1;31m --------------------
Current Player:  Rus
Money:  27 [1;0m 

[1;95mAnglo_Egyptian_Sudan (Owner:  Eng )
[1;31m[1;34m[1;95m (Units:  Eng )
FIGHTER : 1
[1;33m[1;32m
[1;34mBaltic_States (Owner:  Ger )
[1;31m[1;34m (Units:  Ger )
FIGHTER : 4
[1;95m[1;33m[1;32m
[1;95mBelgian_Congo (Owner:  Eng )
[1;31m[1;34m[1;95m[1;33m[1;32m (Units:  USA )
INF : 1
ARTY : 2

[1;33mBorneo (Owner:  Jap )
[1;31m[1;34m[1;95m[1;33m (Units:  Jap )
INF : 1
[1;32m
[1;33mCaroline_Islands (Owner:  Jap )
[1;31m[1;34m[1;95m[1;33m (Units:  Jap )
INF : 1
[1;32m
[1;31mCaucasus (Owner:  Rus ) builds: 4 factory-prod: 4
[1;31m (Units:  Rus )
INF_1_MOVES : 5
[1;34m[1;95m (Units:  Eng )
INF : 4
[1;33m[1;32m (Units:  USA )
INF : 2
ARTY : 1

[1;33mEast_Indies (Owner:  Jap )
[1;31m[1;34m[1;95m[1;33m (Units:  Jap )
INF : 2
[1;32m
[1;95mEastern_Australia (Owner:  Eng )
[1;31m[1;34m[1;95m (Units:  Eng )
INF : 2
[1;33m[1;32m
[1;32mEastern_United_States (Owner:  USA ) builds: 6 factory-prod: 12
[1;31m[1;34m[1;95m (Units:  Eng )
INF : 1
[1;33m[1;32m (Units:  USA )
INF : 1
ARTY : 2
TANK : 3
FIGHTER : 1
BOMBER : 1

[1;34mFinland (Owner:  Ger )
[1;31m[1;34m (Units:  Ger )
INF : 1
TANK : 1
[1;95m[1;33m[1;32m
[1;33mFrench_Indo_China_Thailand (Owner:  Jap )
[1;31m[1;34m[1;95m[1;33m (Units:  Jap )
INF : 6
ARTY : 2
TANK : 6
[1;32m
[1;95mFrench_West_Africa (Owner:  Eng )
[1;31m[1;34m[1;95m[1;33m[1;32m (Units:  USA )
INF : 1
TANK : 3

[1;34mGermany (Owner:  Ger ) factory-prod: 10
[1;31m[1;34m (Units:  Ger )
INF : 82
ARTY : 2
TANK : 1
[1;95m[1;33m[1;32m
[1;32mHawaiian_Islands (Owner:  USA )
[1;31m[1;34m[1;95m[1;33m[1;32m (Units:  USA )
INF : 1
FIGHTER : 1

[1;95mIndia (Owner:  Eng ) builds: 1 factory-prod: 3
[1;31m[1;34m[1;95m (Units:  Eng )
INF : 3
AAGUN : 1
[1;33m[1;32m
[1;33mIwo_Jima (Owner:  Jap )
[1;31m[1;34m[1;95m[1;33m (Units:  Jap )
INF : 1
[1;32m
[1;33mJapan (Owner:  Jap ) builds: 2 factory-prod: 8
[1;31m[1;34m[1;95m[1;33m (Units:  Jap )
INF : 1
ARTY : 1
TANK : 3
FIGHTER : 1
BOMBER : 1
[1;32m
[1;31mKarelia_SSR (Owner:  Rus ) builds: 2 factory-prod: 2
[1;31m (Units:  Rus )
INF_1_MOVES : 28
ARTY_1_MOVES : 7
TANK_2_MOVES : 2
[1;34m[1;95m (Units:  Eng )
INF : 9
ARTY : 1
TANK : 1
[1;33m[1;32m (Units:  USA )
INF : 2
TANK : 1

[1;32mMidway (Owner:  USA )
[1;31m[1;34m[1;95m[1;33m[1;32m (Units:  USA )
INF : 1

[1;33mNew_Guinea (Owner:  Jap )
[1;31m[1;34m[1;95m[1;33m (Units:  Jap )
INF : 1
[1;32m
[1;95mNew_Zealand (Owner:  Eng )
[1;31m[1;34m[1;95m (Units:  Eng )
INF : 1
[1;33m[1;32m
[1;34mNorthwestern_Europe (Owner:  Ger )
[1;31m[1;34m (Units:  Ger )
FIGHTER : 1
[1;95m[1;33m[1;32m
[1;33mOkinawa (Owner:  Jap )
[1;31m[1;34m[1;95m[1;33m (Units:  Jap )
INF : 1
[1;32m
[1;95mPersia (Owner:  Eng )
[1;31m[1;34m[1;95m (Units:  Eng )
INF : 5
[1;33m[1;32m
[1;33mPhilippine_Islands (Owner:  Jap )
[1;31m[1;34m[1;95m[1;33m (Units:  Jap )
INF : 1
ARTY : 1
[1;32m
[1;31mRussia (Owner:  Rus ) builds: 8 factory-prod: 8
[1;31m (Units:  Rus )
INF_1_MOVES : 1
ARTY_1_MOVES : 1
[1;34m[1;95m[1;33m[1;32m
[1;33mSolomon_Islands (Owner:  Jap )
[1;31m[1;34m[1;95m[1;33m (Units:  Jap )
INF : 1
[1;32m
[1;32mSzechwan (Owner:  USA )
[1;31m[1;34m[1;95m[1;33m[1;32m (Units:  USA )
FIGHTER : 1

[1;95mUnited_Kingdom (Owner:  Eng ) builds: 5 factory-prod: 8
[1;31m[1;34m[1;95m (Units:  Eng )
FIGHTER : 2
BOMBER : 1
[1;33m[1;32m
[1;33mWake_Island (Owner:  Jap )
[1;31m[1;34m[1;95m[1;33m (Units:  Jap )
INF : 1
[1;32m
[1;32mWestern_United_States (Owner:  USA ) builds: 9 factory-prod: 10
[1;31m[1;34m[1;95m[1;33m[1;32m (Units:  USA )
INF : 3
ARTY : 1
FIGHTER : 1

[1;33mYunnan (Owner:  Jap )
[1;31m[1;34m[1;95m[1;33m (Units:  Jap )
INF : 13
ARTY : 4
TANK : 6
[1;32m
[1;0mSea_4
[1;31m (Units:  Rus )
SUB_2_MOVES : 1
DESTROYER_2_MOVES : 1
[1;34m (Units:  Ger )
DESTROYER : 1
[1;95m[1;33m[1;32m
[1;0mSea_5
[1;31m[1;34m (Units:  Ger )
TRANS_EMPTY : 1
SUB : 2
DESTROYER : 7
CRUISER : 1
[1;95m[1;33m[1;32m
[1;0mSea_6
[1;31m[1;34m[1;95m (Units:  Eng )
TRANS_EMPTY : 2
SUB : 2
DESTROYER : 2
[1;33m[1;32m
[1;0mSea_8
[1;31m[1;34m[1;95m (Units:  Eng )
TRANS_EMPTY : 1
DESTROYER : 17
CRUISER : 1
BATTLESHIP : 1
[1;33m[1;32m
[1;0mSea_9
[1;31m[1;34m (Units:  Ger )
SUB : 2
[1;95m[1;33m[1;32m
[1;0mSea_11
[1;31m[1;34m[1;95m[1;33m[1;32m (Units:  USA )
TRANS_EMPTY : 1
SUB : 1

[1;0mSea_12
[1;31m[1;34m[1;95m[1;33m[1;32m (Units:  USA )
TRANS_EMPTY : 2
DESTROYER : 3
BATTLESHIP : 1

[1;0mSea_15
[1;31m[1;34m (Units:  Ger )
SUB : 2
[1;95m[1;33m[1;32m
[1;0mSea_16
[1;31m (Units:  Rus )
SUB_2_MOVES : 2
DESTROYER_2_MOVES : 2
BATTLESHIP_2_MOVES : 1
[1;34m[1;95m[1;33m[1;32m
[1;0mSea_23
[1;31m[1;34m[1;95m[1;33m[1;32m (Units:  USA )
TRANS_EMPTY : 1

[1;0mSea_24
[1;31m[1;34m[1;95m[1;33m[1;32m (Units:  USA )
TRANS_EMPTY : 2

[1;0mSea_35
[1;31m[1;34m[1;95m (Units:  Eng )
TRANS_EMPTY : 1
[1;33m[1;32m
[1;0mSea_36
[1;31m[1;34m (Units:  Ger )
TRANS_EMPTY : 1
BATTLESHIP : 1
[1;95m[1;33m[1;32m
[1;0mSea_39
[1;31m[1;34m[1;95m (Units:  Eng )
SUB : 1
[1;33m[1;32m
[1;0mSea_44
[1;31m[1;34m[1;95m[1;33m (Units:  Jap )
SUB : 1
[1;32m
[1;0mSea_45
[1;31m[1;34m[1;95m (Units:  Eng )
TRANS_EMPTY : 1
DESTROYER : 1
CARRIER : 1
CRUISER : 2
FIGHTER : 1
[1;33m[1;32m
[1;0mSea_53
[1;31m[1;34m[1;95m[1;33m[1;32m (Units:  USA )
SUB : 1

[1;0mSea_56
[1;31m[1;34m[1;95m[1;33m[1;32m (Units:  USA )
TRANS_EMPTY : 5
DESTROYER : 2
CARRIER : 1
CRUISER : 1
BATTLESHIP : 7
FIGHTER : 1

[1;0mSea_60
[1;31m[1;34m[1;95m[1;33m (Units:  Jap )
TRANS_EMPTY : 6
DESTROYER : 2
[1;32m
[1;0mSea_61
[1;31m[1;34m[1;95m[1;33m (Units:  Jap )
TRANS_EMPTY : 4
DESTROYER : 3
CARRIER : 2
CRUISER : 1
BATTLESHIP : 3
FIGHTER : 3
[1;32m
[1;0m

======================================================================
PRO AI SINGLE TURN TEST (TripleA Purchase & Place)
======================================================================
Starting Player: Rus
Starting Money: 27 IPCs
Total units on board: 44
======================================================================
Enemy Attack Options (per-enemy):
Enemy: Ger
  Land: Caucasus Fighters: 4
  Land: Karelia_SSR Fighters: 5
  Land: Karelia_SSR Infantry: 1
  Land: Karelia_SSR Tanks: 1
  Land: Russia Fighters: 4
  Sea: Sea_5 Fighters: 5 Subs: 0 Destroyers: 0
  Sea: Sea_16 Fighters: 5 Subs: 2 Destroyers: 0
Enemy: Jap
Enemy Attack Options (aggregated max):
  Land: Caucasus Inf: 0 Art: 0 Tank: 0 Ftr: 4 Bmb: 0 Str: 12
  Land: Karelia_SSR Inf: 1 Art: 0 Tank: 1 Ftr: 5 Bmb: 0 Str: 19
  Land: Russia Inf: 0 Art: 0 Tank: 0 Ftr: 4 Bmb: 0 Str: 12
      [SAFE] Sequential Battle Results: TUV=-34.00, Invaded%=0.0%, Battles=1
      [SAFE] Sequential Battle Results: TUV=-49.46, Invaded%=0.0%, Battles=1
      [SAFE] Sequential Battle Results: TUV=0.18, Invaded%=0.0%, Battles=1
    Possible My Target Territory: Baltic_States_Air
      Battle Results (TUV, Invaded %):  31.963 ,  1
      Attack Value:  31.963
    Possible My Target Territory: Finland_Air
      Battle Results (TUV, Invaded %):  6.4349999999999996 ,  1
      Attack Value:  6.4349999999999996
Trying  Baltic_States
Trying  Baltic_States
Trying  Finland
Starting combat round  0  for land  Finland

======================================================================
PRO AI TURN COMPLETE
======================================================================
Next Player: Ger
Final Money: 27 IPCs
Units Added: 0
Game Score: -0.1
======================================================================

round_num:  35
[1;34m --------------------
Current Player:  Ger
Money:  39 [1;0m 

[1;95mAnglo_Egyptian_Sudan (Owner:  Eng )
[1;34m[1;31m[1;95m (Units:  Eng )
FIGHTER : 1
[1;33m[1;32m
[1;34mBaltic_States (Owner:  Ger )
[1;34m (Units:  Ger )
FIGHTER_UNMOVED : 4
[1;31m[1;95m[1;33m[1;32m
[1;95mBelgian_Congo (Owner:  Eng )
[1;34m[1;31m[1;95m[1;33m[1;32m (Units:  USA )
INF : 1
ARTY : 2

[1;33mBorneo (Owner:  Jap )
[1;34m[1;31m[1;95m[1;33m (Units:  Jap )
INF : 1
[1;32m
[1;33mCaroline_Islands (Owner:  Jap )
[1;34m[1;31m[1;95m[1;33m (Units:  Jap )
INF : 1
[1;32m
[1;31mCaucasus (Owner:  Rus ) builds: 1 factory-prod: 4
[1;34m[1;31m (Units:  Rus )
INF : 1
ARTY : 1
[1;95m (Units:  Eng )
INF : 4
[1;33m[1;32m (Units:  USA )
INF : 2
ARTY : 1

[1;33mEast_Indies (Owner:  Jap )
[1;34m[1;31m[1;95m[1;33m (Units:  Jap )
INF : 2
[1;32m
[1;95mEastern_Australia (Owner:  Eng )
[1;34m[1;31m[1;95m (Units:  Eng )
INF : 2
[1;33m[1;32m
[1;32mEastern_United_States (Owner:  USA ) builds: 6 factory-prod: 12
[1;34m[1;31m[1;95m (Units:  Eng )
INF : 1
[1;33m[1;32m (Units:  USA )
INF : 1
ARTY : 2
TANK : 3
FIGHTER : 1
BOMBER : 1

[1;31mFinland (Owner:  Rus )
[1;34m[1;31m (Units:  Rus )
INF : 27
ARTY : 7
TANK : 2
[1;95m[1;33m[1;32m
[1;33mFrench_Indo_China_Thailand (Owner:  Jap )
[1;34m[1;31m[1;95m[1;33m (Units:  Jap )
INF : 6
ARTY : 2
TANK : 6
[1;32m
[1;95mFrench_West_Africa (Owner:  Eng )
[1;34m[1;31m[1;95m[1;33m[1;32m (Units:  USA )
INF : 1
TANK : 3

[1;34mGermany (Owner:  Ger ) builds: 10 factory-prod: 10
[1;34m (Units:  Ger )
INF_1_MOVES : 82
ARTY_1_MOVES : 2
TANK_2_MOVES : 1
[1;31m[1;95m[1;33m[1;32m
[1;32mHawaiian_Islands (Owner:  USA )
[1;34m[1;31m[1;95m[1;33m[1;32m (Units:  USA )
INF : 1
FIGHTER : 1

[1;95mIndia (Owner:  Eng ) builds: 1 factory-prod: 3
[1;34m[1;31m[1;95m (Units:  Eng )
INF : 3
AAGUN : 1
[1;33m[1;32m
[1;33mIwo_Jima (Owner:  Jap )
[1;34m[1;31m[1;95m[1;33m (Units:  Jap )
INF : 1
[1;32m
[1;33mJapan (Owner:  Jap ) builds: 2 factory-prod: 8
[1;34m[1;31m[1;95m[1;33m (Units:  Jap )
INF : 1
ARTY : 1
TANK : 3
FIGHTER : 1
BOMBER : 1
[1;32m
[1;31mKarelia_SSR (Owner:  Rus ) builds: 2 factory-prod: 2
[1;34m[1;31m (Units:  Rus )
INF : 1
[1;95m (Units:  Eng )
INF : 9
ARTY : 1
TANK : 1
[1;33m[1;32m (Units:  USA )
INF : 2
TANK : 1

[1;32mMidway (Owner:  USA )
[1;34m[1;31m[1;95m[1;33m[1;32m (Units:  USA )
INF : 1

[1;33mNew_Guinea (Owner:  Jap )
[1;34m[1;31m[1;95m[1;33m (Units:  Jap )
INF : 1
[1;32m
[1;95mNew_Zealand (Owner:  Eng )
[1;34m[1;31m[1;95m (Units:  Eng )
INF : 1
[1;33m[1;32m
[1;34mNorthwestern_Europe (Owner:  Ger )
[1;34m (Units:  Ger )
FIGHTER_UNMOVED : 1
[1;31m[1;95m[1;33m[1;32m
[1;33mOkinawa (Owner:  Jap )
[1;34m[1;31m[1;95m[1;33m (Units:  Jap )
INF : 1
[1;32m
[1;95mPersia (Owner:  Eng )
[1;34m[1;31m[1;95m (Units:  Eng )
INF : 5
[1;33m[1;32m
[1;33mPhilippine_Islands (Owner:  Jap )
[1;34m[1;31m[1;95m[1;33m (Units:  Jap )
INF : 1
ARTY : 1
[1;32m
[1;31mRussia (Owner:  Rus ) builds: 7 factory-prod: 8
[1;34m[1;31m (Units:  Rus )
INF : 5
[1;95m[1;33m[1;32m
[1;33mSolomon_Islands (Owner:  Jap )
[1;34m[1;31m[1;95m[1;33m (Units:  Jap )
INF : 1
[1;32m
[1;32mSzechwan (Owner:  USA )
[1;34m[1;31m[1;95m[1;33m[1;32m (Units:  USA )
FIGHTER : 1

[1;95mUnited_Kingdom (Owner:  Eng ) builds: 5 factory-prod: 8
[1;34m[1;31m[1;95m (Units:  Eng )
FIGHTER : 2
BOMBER : 1
[1;33m[1;32m
[1;33mWake_Island (Owner:  Jap )
[1;34m[1;31m[1;95m[1;33m (Units:  Jap )
INF : 1
[1;32m
[1;32mWestern_United_States (Owner:  USA ) builds: 9 factory-prod: 10
[1;34m[1;31m[1;95m[1;33m[1;32m (Units:  USA )
INF : 3
ARTY : 1
FIGHTER : 1

[1;33mYunnan (Owner:  Jap )
[1;34m[1;31m[1;95m[1;33m (Units:  Jap )
INF : 13
ARTY : 4
TANK : 6
[1;32m
[1;0mSea_4
[1;34m (Units:  Ger )
DESTROYER_2_MOVES : 1
[1;31m (Units:  Rus )
SUB : 1
DESTROYER : 1
[1;95m[1;33m[1;32m
[1;0mSea_5
[1;34m (Units:  Ger )
TRANS_EMPTY_UNMOVED : 1
SUB_2_MOVES : 2
DESTROYER_2_MOVES : 7
CRUISER_2_MOVES : 1
[1;31m[1;95m[1;33m[1;32m
[1;0mSea_6
[1;34m[1;31m[1;95m (Units:  Eng )
TRANS_EMPTY : 2
SUB : 2
DESTROYER : 2
[1;33m[1;32m
[1;0mSea_8
[1;34m[1;31m[1;95m (Units:  Eng )
TRANS_EMPTY : 1
DESTROYER : 17
CRUISER : 1
BATTLESHIP : 1
[1;33m[1;32m
[1;0mSea_9
[1;34m (Units:  Ger )
SUB_2_MOVES : 2
[1;31m[1;95m[1;33m[1;32m
[1;0mSea_11
[1;34m[1;31m[1;95m[1;33m[1;32m (Units:  USA )
TRANS_EMPTY : 1
SUB : 1

[1;0mSea_12
[1;34m[1;31m[1;95m[1;33m[1;32m (Units:  USA )
TRANS_EMPTY : 2
DESTROYER : 3
BATTLESHIP : 1

[1;0mSea_15
[1;34m (Units:  Ger )
SUB_2_MOVES : 2
[1;31m[1;95m[1;33m[1;32m
[1;0mSea_16
[1;34m[1;31m (Units:  Rus )
SUB : 2
DESTROYER : 5
BATTLESHIP : 1
[1;95m[1;33m[1;32m
[1;0mSea_23
[1;34m[1;31m[1;95m[1;33m[1;32m (Units:  USA )
TRANS_EMPTY : 1

[1;0mSea_24
[1;34m[1;31m[1;95m[1;33m[1;32m (Units:  USA )
TRANS_EMPTY : 2

[1;0mSea_35
[1;34m[1;31m[1;95m (Units:  Eng )
TRANS_EMPTY : 1
[1;33m[1;32m
[1;0mSea_36
[1;34m (Units:  Ger )
TRANS_EMPTY_UNMOVED : 1
BATTLESHIP_2_MOVES : 1
[1;31m[1;95m[1;33m[1;32m
[1;0mSea_39
[1;34m[1;31m[1;95m (Units:  Eng )
SUB : 1
[1;33m[1;32m
[1;0mSea_44
[1;34m[1;31m[1;95m[1;33m (Units:  Jap )
SUB : 1
[1;32m
[1;0mSea_45
[1;34m[1;31m[1;95m (Units:  Eng )
TRANS_EMPTY : 1
DESTROYER : 1
CARRIER : 1
CRUISER : 2
FIGHTER : 1
[1;33m[1;32m
[1;0mSea_53
[1;34m[1;31m[1;95m[1;33m[1;32m (Units:  USA )
SUB : 1

[1;0mSea_56
[1;34m[1;31m[1;95m[1;33m[1;32m (Units:  USA )
TRANS_EMPTY : 5
DESTROYER : 2
CARRIER : 1
CRUISER : 1
BATTLESHIP : 7
FIGHTER : 1

[1;0mSea_60
[1;34m[1;31m[1;95m[1;33m (Units:  Jap )
TRANS_EMPTY : 6
DESTROYER : 2
[1;32m
[1;0mSea_61
[1;34m[1;31m[1;95m[1;33m (Units:  Jap )
TRANS_EMPTY : 4
DESTROYER : 3
CARRIER : 2
CRUISER : 1
BATTLESHIP : 3
FIGHTER : 3
[1;32m
[1;0m

======================================================================
PRO AI SINGLE TURN TEST (TripleA Purchase & Place)
======================================================================
Starting Player: Ger
Starting Money: 39 IPCs
Total units on board: 85
======================================================================
Enemy Attack Options (per-enemy):
Enemy: Rus
  Land: Baltic_States Infantry: 1
  Land: Belorussia Infantry: 1
  Land: Norway Infantry: 27
  Land: Norway Artillery: 7
  Land: Norway Tanks: 2
  Land: Ukraine_SSR Infantry: 1
  Land: Ukraine_SSR Artillery: 1
  Sea: Sea_15 Fighters: 0 Subs: 2 Destroyers: 5
Enemy: Eng
  Land: Baltic_States Bombers: 1
  Land: Baltic_States Infantry: 9
  Land: Baltic_States Artillery: 1
  Land: Baltic_States Tanks: 1
  Land: Belorussia Infantry: 9
  Land: Belorussia Artillery: 1
  Land: Belorussia Tanks: 1
  Land: Germany Bombers: 1
  Land: Italy Bombers: 1
  Land: Northwestern_Europe Fighters: 2
  Land: Northwestern_Europe Bombers: 1
  Land: Poland Tanks: 1
  Land: Ukraine_SSR Infantry: 4
  Land: Ukraine_SSR Tanks: 1
  Sea: Sea_4 Fighters: 0 Subs: 2 Destroyers: 2
  Sea: Sea_5 Fighters: 2 Subs: 2 Destroyers: 19
  Sea: Sea_9 Fighters: 0 Subs: 2 Destroyers: 19
Enemy: USA
  Land: Baltic_States Infantry: 2
  Land: Baltic_States Tanks: 1
  Land: Belorussia Infantry: 2
  Land: Belorussia Tanks: 1
  Land: Poland Tanks: 1
  Land: Ukraine_SSR Infantry: 2
  Land: Ukraine_SSR Artillery: 1
  Land: Ukraine_SSR Tanks: 1
  Sea: Sea_9 Fighters: 0 Subs: 1 Destroyers: 3
  Sea: Sea_36 Fighters: 1 Subs: 0 Destroyers: 0
Enemy Attack Options (aggregated max):
  Land: Baltic_States Inf: 9 Art: 1 Tank: 1 Ftr: 0 Bmb: 1 Str: 18
  Land: Belorussia Inf: 9 Art: 1 Tank: 1 Ftr: 0 Bmb: 0 Str: 14
  Land: Germany Inf: 0 Art: 0 Tank: 0 Ftr: 0 Bmb: 1 Str: 4
  Land: Italy Inf: 0 Art: 0 Tank: 0 Ftr: 0 Bmb: 1 Str: 4
  Land: Northwestern_Europe Inf: 0 Art: 0 Tank: 0 Ftr: 2 Bmb: 1 Str: 10
  Land: Norway Inf: 27 Art: 7 Tank: 2 Ftr: 0 Bmb: 0 Str: 47
  Land: Poland Inf: 0 Art: 0 Tank: 1 Ftr: 0 Bmb: 0 Str: 3
  Land: Ukraine_SSR Inf: 4 Art: 0 Tank: 1 Ftr: 0 Bmb: 0 Str: 7
      [SAFE] Sequential Battle Results: TUV=-9.98, Invaded%=0.0%, Battles=1
      [SAFE] Sequential Battle Results: TUV=0.00, Invaded%=0.0%, Battles=1
      [SAFE] Sequential Battle Results: TUV=3.26, Invaded%=0.0%, Battles=1
    Possible My Target Territory: Caucasus_Air
      Battle Results (TUV, Invaded %):  -32.5 ,  0
    Possible My Target Territory: Finland_Air
      Battle Results (TUV, Invaded %):  -42.512 ,  0
    Possible My Target Territory: Karelia_SSR_Air
      Battle Results (TUV, Invaded %):  -46.042999999999999 ,  0
    Possible My Target Territory: Russia_Air
      Battle Results (TUV, Invaded %):  -23.353 ,  0
    Possible My Target Territory: United_Kingdom_Air
      Battle Results (TUV, Invaded %):  -4.144 ,  0

======================================================================
PRO AI TURN COMPLETE
======================================================================
Next Player: Eng
Final Money: 38 IPCs
Units Added: 10
Game Score: 0.1
======================================================================

round_num:  36
[1;95m --------------------
Current Player:  Eng
Money:  33 [1;0m 

[1;95mAnglo_Egyptian_Sudan (Owner:  Eng )
[1;95m (Units:  Eng )
FIGHTER_UNMOVED : 1
[1;31m[1;34m[1;33m[1;32m
[1;34mBaltic_States (Owner:  Ger )
[1;95m[1;31m[1;34m (Units:  Ger )
INF : 1
TANK : 1
FIGHTER : 4
[1;33m[1;32m
[1;95mBelgian_Congo (Owner:  Eng )
[1;95m[1;31m[1;34m[1;33m[1;32m (Units:  USA )
INF : 1
ARTY : 2

[1;33mBorneo (Owner:  Jap )
[1;95m[1;31m[1;34m[1;33m (Units:  Jap )
INF : 1
[1;32m
[1;33mCaroline_Islands (Owner:  Jap )
[1;95m[1;31m[1;34m[1;33m (Units:  Jap )
INF : 1
[1;32m
[1;31mCaucasus (Owner:  Rus ) builds: 1 factory-prod: 4
[1;95m (Units:  Eng )
INF_1_MOVES : 4
[1;31m (Units:  Rus )
INF : 1
ARTY : 1
[1;34m[1;33m[1;32m (Units:  USA )
INF : 2
ARTY : 1

[1;33mEast_Indies (Owner:  Jap )
[1;95m[1;31m[1;34m[1;33m (Units:  Jap )
INF : 2
[1;32m
[1;95mEastern_Australia (Owner:  Eng )
[1;95m (Units:  Eng )
INF_1_MOVES : 2
[1;31m[1;34m[1;33m[1;32m
[1;32mEastern_United_States (Owner:  USA ) builds: 6 factory-prod: 12
[1;95m (Units:  Eng )
INF_1_MOVES : 1
[1;31m[1;34m[1;33m[1;32m (Units:  USA )
INF : 1
ARTY : 2
TANK : 3
FIGHTER : 1
BOMBER : 1

[1;31mFinland (Owner:  Rus )
[1;95m[1;31m (Units:  Rus )
INF : 27
ARTY : 7
TANK : 2
[1;34m[1;33m[1;32m
[1;33mFrench_Indo_China_Thailand (Owner:  Jap )
[1;95m[1;31m[1;34m[1;33m (Units:  Jap )
INF : 6
ARTY : 2
TANK : 6
[1;32m
[1;95mFrench_West_Africa (Owner:  Eng )
[1;95m[1;31m[1;34m[1;33m[1;32m (Units:  USA )
INF : 1
TANK : 3

[1;34mGermany (Owner:  Ger ) factory-prod: 10
[1;95m[1;31m[1;34m (Units:  Ger )
INF : 90
ARTY : 2
[1;33m[1;32m
[1;32mHawaiian_Islands (Owner:  USA )
[1;95m[1;31m[1;34m[1;33m[1;32m (Units:  USA )
INF : 1
FIGHTER : 1

[1;95mIndia (Owner:  Eng ) builds: 3 factory-prod: 3
[1;95m (Units:  Eng )
INF_1_MOVES : 3
AAGUN_1_MOVES : 1
[1;31m[1;34m[1;33m[1;32m
[1;34mItaly (Owner:  Ger ) builds: 2 factory-prod: 3
[1;95m[1;31m[1;34m (Units:  Ger )
ARTY : 1
[1;33m[1;32m
[1;33mIwo_Jima (Owner:  Jap )
[1;95m[1;31m[1;34m[1;33m (Units:  Jap )
INF : 1
[1;32m
[1;33mJapan (Owner:  Jap ) builds: 2 factory-prod: 8
[1;95m[1;31m[1;34m[1;33m (Units:  Jap )
INF : 1
ARTY : 1
TANK : 3
FIGHTER : 1
BOMBER : 1
[1;32m
[1;31mKarelia_SSR (Owner:  Rus ) builds: 2 factory-prod: 2
[1;95m (Units:  Eng )
INF_1_MOVES : 9
ARTY_1_MOVES : 1
TANK_2_MOVES : 1
[1;31m (Units:  Rus )
INF : 1
[1;34m[1;33m[1;32m (Units:  USA )
INF : 2
TANK : 1

[1;32mMidway (Owner:  USA )
[1;95m[1;31m[1;34m[1;33m[1;32m (Units:  USA )
INF : 1

[1;33mNew_Guinea (Owner:  Jap )
[1;95m[1;31m[1;34m[1;33m (Units:  Jap )
INF : 1
[1;32m
[1;95mNew_Zealand (Owner:  Eng )
[1;95m (Units:  Eng )
INF_1_MOVES : 1
[1;31m[1;34m[1;33m[1;32m
[1;34mNorthwestern_Europe (Owner:  Ger )
[1;95m[1;31m[1;34m (Units:  Ger )
FIGHTER : 1
[1;33m[1;32m
[1;33mOkinawa (Owner:  Jap )
[1;95m[1;31m[1;34m[1;33m (Units:  Jap )
INF : 1
[1;32m
[1;95mPersia (Owner:  Eng )
[1;95m (Units:  Eng )
INF_1_MOVES : 5
[1;31m[1;34m[1;33m[1;32m
[1;33mPhilippine_Islands (Owner:  Jap )
[1;95m[1;31m[1;34m[1;33m (Units:  Jap )
INF : 1
ARTY : 1
[1;32m
[1;31mRussia (Owner:  Rus ) builds: 7 factory-prod: 8
[1;95m[1;31m (Units:  Rus )
INF : 5
[1;34m[1;33m[1;32m
[1;33mSolomon_Islands (Owner:  Jap )
[1;95m[1;31m[1;34m[1;33m (Units:  Jap )
INF : 1
[1;32m
[1;32mSzechwan (Owner:  USA )
[1;95m[1;31m[1;34m[1;33m[1;32m (Units:  USA )
FIGHTER : 1

[1;95mUnited_Kingdom (Owner:  Eng ) builds: 8 factory-prod: 8
[1;95m (Units:  Eng )
FIGHTER_UNMOVED : 2
BOMBER_UNMOVED : 1
[1;31m[1;34m[1;33m[1;32m
[1;33mWake_Island (Owner:  Jap )
[1;95m[1;31m[1;34m[1;33m (Units:  Jap )
INF : 1
[1;32m
[1;32mWestern_United_States (Owner:  USA ) builds: 9 factory-prod: 10
[1;95m[1;31m[1;34m[1;33m[1;32m (Units:  USA )
INF : 3
ARTY : 1
FIGHTER : 1

[1;33mYunnan (Owner:  Jap )
[1;95m[1;31m[1;34m[1;33m (Units:  Jap )
INF : 13
ARTY : 4
TANK : 6
[1;32m
[1;0mSea_4
[1;95m[1;31m (Units:  Rus )
SUB : 1
DESTROYER : 1
[1;34m (Units:  Ger )
DESTROYER : 1
[1;33m[1;32m
[1;0mSea_5
[1;95m[1;31m[1;34m (Units:  Ger )
TRANS_EMPTY : 1
SUB : 2
DESTROYER : 8
CRUISER : 1
[1;33m[1;32m
[1;0mSea_6
[1;95m (Units:  Eng )
TRANS_EMPTY_UNMOVED : 2
SUB_2_MOVES : 2
DESTROYER_2_MOVES : 2
[1;31m[1;34m[1;33m[1;32m
[1;0mSea_8
[1;95m (Units:  Eng )
TRANS_EMPTY_UNMOVED : 1
DESTROYER_2_MOVES : 17
CRUISER_2_MOVES : 1
BATTLESHIP_2_MOVES : 1
[1;31m[1;34m[1;33m[1;32m
[1;0mSea_9
[1;95m[1;31m[1;34m (Units:  Ger )
SUB : 2
[1;33m[1;32m
[1;0mSea_11
[1;95m[1;31m[1;34m[1;33m[1;32m (Units:  USA )
TRANS_EMPTY : 1
SUB : 1

[1;0mSea_12
[1;95m[1;31m[1;34m[1;33m[1;32m (Units:  USA )
TRANS_EMPTY : 2
DESTROYER : 3
BATTLESHIP : 1

[1;0mSea_15
[1;95m[1;31m[1;34m (Units:  Ger )
SUB : 2
[1;33m[1;32m
[1;0mSea_16
[1;95m[1;31m (Units:  Rus )
SUB : 2
DESTROYER : 5
BATTLESHIP : 1
[1;34m[1;33m[1;32m
[1;0mSea_23
[1;95m[1;31m[1;34m[1;33m[1;32m (Units:  USA )
TRANS_EMPTY : 1

[1;0mSea_24
[1;95m[1;31m[1;34m[1;33m[1;32m (Units:  USA )
TRANS_EMPTY : 2

[1;0mSea_35
[1;95m (Units:  Eng )
TRANS_EMPTY_UNMOVED : 1
[1;31m[1;34m[1;33m[1;32m
[1;0mSea_39
[1;95m (Units:  Eng )
SUB_2_MOVES : 1
[1;31m[1;34m[1;33m[1;32m
[1;0mSea_44
[1;95m[1;31m[1;34m[1;33m (Units:  Jap )
SUB : 1
[1;32m
[1;0mSea_45
[1;95m (Units:  Eng )
TRANS_EMPTY_UNMOVED : 1
DESTROYER_2_MOVES : 1
CARRIER_2_MOVES : 1
CRUISER_2_MOVES : 2
FIGHTER_UNMOVED : 1
[1;31m[1;34m[1;33m[1;32m
[1;0mSea_48
[1;95m[1;31m[1;34m (Units:  Ger )
TRANS_EMPTY : 1
BATTLESHIP : 1
[1;33m[1;32m
[1;0mSea_53
[1;95m[1;31m[1;34m[1;33m[1;32m (Units:  USA )
SUB : 1

[1;0mSea_56
[1;95m[1;31m[1;34m[1;33m[1;32m (Units:  USA )
TRANS_EMPTY : 5
DESTROYER : 2
CARRIER : 1
CRUISER : 1
BATTLESHIP : 7
FIGHTER : 1

[1;0mSea_60
[1;95m[1;31m[1;34m[1;33m (Units:  Jap )
TRANS_EMPTY : 6
DESTROYER : 2
[1;32m
[1;0mSea_61
[1;95m[1;31m[1;34m[1;33m (Units:  Jap )
TRANS_EMPTY : 4
DESTROYER : 3
CARRIER : 2
CRUISER : 1
BATTLESHIP : 3
FIGHTER : 3
[1;32m
[1;0m

======================================================================
PRO AI SINGLE TURN TEST (TripleA Purchase & Place)
======================================================================
Starting Player: Eng
Starting Money: 33 IPCs
Total units on board: 28
======================================================================
Enemy Attack Options (per-enemy):
Enemy: Ger
  Land: Caucasus Fighters: 4
  Land: Karelia_SSR Fighters: 5
  Land: Karelia_SSR Infantry: 1
  Land: Karelia_SSR Tanks: 1
  Land: United_Kingdom Fighters: 1
  Sea: Sea_6 Fighters: 5 Subs: 4 Destroyers: 9
  Sea: Sea_7 Fighters: 0 Subs: 4 Destroyers: 9
  Sea: Sea_8 Fighters: 5 Subs: 4 Destroyers: 8
Enemy: Jap
  Land: Burma Infantry: 19
  Land: Burma Artillery: 6
  Land: Burma Tanks: 12
  Land: India Tanks: 12
  Sea: Sea_35 Fighters: 1 Subs: 0 Destroyers: 3
  Sea: Sea_39 Fighters: 0 Subs: 1 Destroyers: 0
  Sea: Sea_45 Fighters: 0 Subs: 1 Destroyers: 0
Enemy Attack Options (aggregated max):
  Land: Burma Inf: 19 Art: 6 Tank: 12 Ftr: 0 Bmb: 0 Str: 67
  Land: Caucasus Inf: 0 Art: 0 Tank: 0 Ftr: 4 Bmb: 0 Str: 12
  Land: India Inf: 0 Art: 0 Tank: 12 Ftr: 0 Bmb: 0 Str: 36
  Land: Karelia_SSR Inf: 1 Art: 0 Tank: 1 Ftr: 5 Bmb: 0 Str: 19
  Land: United_Kingdom Inf: 0 Art: 0 Tank: 0 Ftr: 1 Bmb: 0 Str: 3
      [SAFE] Sequential Battle Results: TUV=-4.07, Invaded%=0.0%, Battles=1
    Possible My Target Territory: Baltic_States_Air
      Battle Results (TUV, Invaded %):  32.002 ,  1
      Attack Value:  32.002
    Possible My Target Territory: Germany_Air
      Battle Results (TUV, Invaded %):  -9.984 ,  0
    Possible My Target Territory: Italy_Air
      Battle Results (TUV, Invaded %):  0.76 ,  0
    Possible My Target Territory: Northwestern_Europe_Air
      Battle Results (TUV, Invaded %):  3.1899999999999999 ,  0
Trying  Baltic_States
Simulated battle results:  Battle_Results{avg_TUV_swing = 0, invaded_percent = 0, avg_survivor_def_power = 0}

======================================================================
PRO AI TURN COMPLETE
======================================================================
Next Player: Jap
Final Money: 32 IPCs
Units Added: 3
Game Score: -0.1
======================================================================

round_num:  37
[1;33m --------------------
Current Player:  Jap
Money:  33 [1;0m 

[1;95mAnglo_Egyptian_Sudan (Owner:  Eng )
[1;33m[1;31m[1;34m[1;95m (Units:  Eng )
FIGHTER : 1
[1;32m
[1;34mBaltic_States (Owner:  Ger )
[1;33m[1;31m[1;34m (Units:  Ger )
INF : 1
TANK : 1
FIGHTER : 4
[1;95m[1;32m
[1;95mBelgian_Congo (Owner:  Eng )
[1;33m[1;31m[1;34m[1;95m[1;32m (Units:  USA )
INF : 1
ARTY : 2

[1;33mBorneo (Owner:  Jap )
[1;33m (Units:  Jap )
INF_1_MOVES : 1
[1;31m[1;34m[1;95m[1;32m
[1;33mCaroline_Islands (Owner:  Jap )
[1;33m (Units:  Jap )
INF_1_MOVES : 1
[1;31m[1;34m[1;95m[1;32m
[1;31mCaucasus (Owner:  Rus ) builds: 1 factory-prod: 4
[1;33m[1;31m (Units:  Rus )
INF : 1
ARTY : 1
[1;34m[1;95m (Units:  Eng )
INF : 5
[1;32m (Units:  USA )
INF : 2
ARTY : 1

[1;33mEast_Indies (Owner:  Jap )
[1;33m (Units:  Jap )
INF_1_MOVES : 2
[1;31m[1;34m[1;95m[1;32m
[1;95mEastern_Australia (Owner:  Eng )
[1;33m[1;31m[1;34m[1;95m (Units:  Eng )
INF : 2
[1;32m
[1;95mEastern_Canada (Owner:  Eng )
[1;33m[1;31m[1;34m[1;95m (Units:  Eng )
INF : 1
[1;32m
[1;32mEastern_United_States (Owner:  USA ) builds: 6 factory-prod: 12
[1;33m[1;31m[1;34m[1;95m[1;32m (Units:  USA )
INF : 1
ARTY : 2
TANK : 3
FIGHTER : 1
BOMBER : 1

[1;31mFinland (Owner:  Rus )
[1;33m[1;31m (Units:  Rus )
INF : 27
ARTY : 7
TANK : 2
[1;34m[1;95m[1;32m
[1;33mFrench_Indo_China_Thailand (Owner:  Jap )
[1;33m (Units:  Jap )
INF_1_MOVES : 6
ARTY_1_MOVES : 2
TANK_2_MOVES : 6
[1;31m[1;34m[1;95m[1;32m
[1;95mFrench_West_Africa (Owner:  Eng )
[1;33m[1;31m[1;34m[1;95m[1;32m (Units:  USA )
INF : 1
TANK : 3

[1;34mGermany (Owner:  Ger ) factory-prod: 10
[1;33m[1;31m[1;34m (Units:  Ger )
INF : 90
ARTY : 2
[1;95m[1;32m
[1;32mHawaiian_Islands (Owner:  USA )
[1;33m[1;31m[1;34m[1;95m[1;32m (Units:  USA )
INF : 1
FIGHTER : 1

[1;95mIndia (Owner:  Eng ) factory-prod: 3
[1;33m[1;31m[1;34m[1;95m (Units:  Eng )
INF : 2
ARTY : 1
AAGUN : 1
[1;32m
[1;34mItaly (Owner:  Ger ) builds: 2 factory-prod: 3
[1;33m[1;31m[1;34m (Units:  Ger )
ARTY : 1
[1;95m[1;32m
[1;33mIwo_Jima (Owner:  Jap )
[1;33m (Units:  Jap )
INF_1_MOVES : 1
[1;31m[1;34m[1;95m[1;32m
[1;33mJapan (Owner:  Jap ) builds: 8 factory-prod: 8
[1;33m (Units:  Jap )
INF_1_MOVES : 1
ARTY_1_MOVES : 1
TANK_2_MOVES : 3
FIGHTER_UNMOVED : 1
BOMBER_UNMOVED : 1
[1;31m[1;34m[1;95m[1;32m
[1;31mKarelia_SSR (Owner:  Rus ) builds: 2 factory-prod: 2
[1;33m[1;31m (Units:  Rus )
INF : 1
[1;34m[1;95m (Units:  Eng )
INF : 9
ARTY : 1
TANK : 1
[1;32m (Units:  USA )
INF : 2
TANK : 1

[1;32mMidway (Owner:  USA )
[1;33m[1;31m[1;34m[1;95m[1;32m (Units:  USA )
INF : 1

[1;33mNew_Guinea (Owner:  Jap )
[1;33m (Units:  Jap )
INF_1_MOVES : 1
[1;31m[1;34m[1;95m[1;32m
[1;95mNew_Zealand (Owner:  Eng )
[1;33m[1;31m[1;34m[1;95m (Units:  Eng )
INF : 1
[1;32m
[1;34mNorthwestern_Europe (Owner:  Ger )
[1;33m[1;31m[1;34m (Units:  Ger )
FIGHTER : 1
[1;95m[1;32m
[1;33mOkinawa (Owner:  Jap )
[1;33m (Units:  Jap )
INF_1_MOVES : 1
[1;31m[1;34m[1;95m[1;32m
[1;95mPersia (Owner:  Eng )
[1;33m[1;31m[1;34m[1;95m (Units:  Eng )
INF : 7
[1;32m
[1;33mPhilippine_Islands (Owner:  Jap )
[1;33m (Units:  Jap )
INF_1_MOVES : 1
ARTY_1_MOVES : 1
[1;31m[1;34m[1;95m[1;32m
[1;31mRussia (Owner:  Rus ) builds: 7 factory-prod: 8
[1;33m[1;31m (Units:  Rus )
INF : 5
[1;34m[1;95m[1;32m
[1;33mSolomon_Islands (Owner:  Jap )
[1;33m (Units:  Jap )
INF_1_MOVES : 1
[1;31m[1;34m[1;95m[1;32m
[1;32mSzechwan (Owner:  USA )
[1;33m[1;31m[1;34m[1;95m[1;32m (Units:  USA )
FIGHTER : 1

[1;95mUnited_Kingdom (Owner:  Eng ) builds: 5 factory-prod: 8
[1;33m[1;31m[1;34m[1;95m (Units:  Eng )
FIGHTER : 2
BOMBER : 1
[1;32m
[1;33mWake_Island (Owner:  Jap )
[1;33m (Units:  Jap )
INF_1_MOVES : 1
[1;31m[1;34m[1;95m[1;32m
[1;32mWestern_United_States (Owner:  USA ) builds: 9 factory-prod: 10
[1;33m[1;31m[1;34m[1;95m[1;32m (Units:  USA )
INF : 3
ARTY : 1
FIGHTER : 1

[1;33mYunnan (Owner:  Jap )
[1;33m (Units:  Jap )
INF_1_MOVES : 13
ARTY_1_MOVES : 4
TANK_2_MOVES : 6
[1;31m[1;34m[1;95m[1;32m
[1;0mSea_4
[1;33m[1;31m (Units:  Rus )
SUB : 1
DESTROYER : 1
[1;34m (Units:  Ger )
DESTROYER : 1
[1;95m[1;32m
[1;0mSea_5
[1;33m[1;31m[1;34m (Units:  Ger )
TRANS_EMPTY : 1
SUB : 2
DESTROYER : 8
CRUISER : 1
[1;95m[1;32m
[1;0mSea_6
[1;33m[1;31m[1;34m[1;95m (Units:  Eng )
TRANS_EMPTY : 4
SUB : 2
DESTROYER : 1
[1;32m
[1;0mSea_8
[1;33m[1;31m[1;34m[1;95m (Units:  Eng )
TRANS_EMPTY : 1
DESTROYER : 19
CRUISER : 1
BATTLESHIP : 1
[1;32m
[1;0mSea_9
[1;33m[1;31m[1;34m (Units:  Ger )
SUB : 2
[1;95m[1;32m
[1;0mSea_11
[1;33m[1;31m[1;34m[1;95m[1;32m (Units:  USA )
TRANS_EMPTY : 1
SUB : 1

[1;0mSea_12
[1;33m[1;31m[1;34m[1;95m[1;32m (Units:  USA )
TRANS_EMPTY : 2
DESTROYER : 3
BATTLESHIP : 1

[1;0mSea_15
[1;33m[1;31m[1;34m (Units:  Ger )
SUB : 2
[1;95m[1;32m
[1;0mSea_16
[1;33m[1;31m (Units:  Rus )
SUB : 2
DESTROYER : 5
BATTLESHIP : 1
[1;34m[1;95m[1;32m
[1;0mSea_23
[1;33m[1;31m[1;34m[1;95m[1;32m (Units:  USA )
TRANS_EMPTY : 1

[1;0mSea_24
[1;33m[1;31m[1;34m[1;95m[1;32m (Units:  USA )
TRANS_EMPTY : 2

[1;0mSea_34
[1;33m[1;31m[1;34m[1;95m (Units:  Eng )
TRANS_EMPTY : 1
[1;32m
[1;0mSea_39
[1;33m[1;31m[1;34m[1;95m (Units:  Eng )
TRANS_EMPTY : 1
SUB : 1
DESTROYER : 1
CARRIER : 1
CRUISER : 2
FIGHTER : 1
[1;32m
[1;0mSea_44
[1;33m (Units:  Jap )
SUB_2_MOVES : 1
[1;31m[1;34m[1;95m[1;32m
[1;0mSea_48
[1;33m[1;31m[1;34m (Units:  Ger )
TRANS_EMPTY : 1
BATTLESHIP : 1
[1;95m[1;32m
[1;0mSea_53
[1;33m[1;31m[1;34m[1;95m[1;32m (Units:  USA )
SUB : 1

[1;0mSea_56
[1;33m[1;31m[1;34m[1;95m[1;32m (Units:  USA )
TRANS_EMPTY : 5
DESTROYER : 2
CARRIER : 1
CRUISER : 1
BATTLESHIP : 7
FIGHTER : 1

[1;0mSea_60
[1;33m (Units:  Jap )
TRANS_EMPTY_UNMOVED : 6
DESTROYER_2_MOVES : 2
[1;31m[1;34m[1;95m[1;32m
[1;0mSea_61
[1;33m (Units:  Jap )
TRANS_EMPTY_UNMOVED : 4
DESTROYER_2_MOVES : 3
CARRIER_2_MOVES : 2
CRUISER_2_MOVES : 1
BATTLESHIP_2_MOVES : 3
FIGHTER_UNMOVED : 3
[1;31m[1;34m[1;95m[1;32m
[1;0m

======================================================================
PRO AI SINGLE TURN TEST (TripleA Purchase & Place)
======================================================================
Starting Player: Jap
Starting Money: 33 IPCs
Total units on board: 53
======================================================================
Enemy Attack Options (per-enemy):
Enemy: Rus
Enemy: Eng
  Sea: Sea_44 Fighters: 0 Subs: 1 Destroyers: 1
Enemy: USA
  Land: French_Indo_China_Thailand Fighters: 1
  Land: Solomon_Islands Fighters: 1
  Land: Wake_Island Fighters: 1
  Land: Yunnan Fighters: 1
  Sea: Sea_44 Fighters: 2 Subs: 1 Destroyers: 2
  Sea: Sea_60 Fighters: 1 Subs: 0 Destroyers: 0
  Sea: Sea_61 Fighters: 1 Subs: 0 Destroyers: 0
Enemy Attack Options (aggregated max):
  Land: French_Indo_China_Thailand Inf: 0 Art: 0 Tank: 0 Ftr: 1 Bmb: 0 Str: 3
  Land: Solomon_Islands Inf: 0 Art: 0 Tank: 0 Ftr: 1 Bmb: 0 Str: 3
  Land: Wake_Island Inf: 0 Art: 0 Tank: 0 Ftr: 1 Bmb: 0 Str: 3
  Land: Yunnan Inf: 0 Art: 0 Tank: 0 Ftr: 1 Bmb: 0 Str: 3
      [SAFE] Sequential Battle Results: TUV=-8.53, Invaded%=0.0%, Battles=1
      [SAFE] Sequential Battle Results: TUV=-2.88, Invaded%=0.0%, Battles=1
      [SAFE] Sequential Battle Results: TUV=-2.90, Invaded%=0.0%, Battles=1
      [SAFE] Sequential Battle Results: TUV=-8.53, Invaded%=0.0%, Battles=1
    Possible My Target Territory: India_Air
      Battle Results (TUV, Invaded %):  9 ,  1
      Attack Value:  33
    Possible My Target Territory: Midway_Air
      Battle Results (TUV, Invaded %):  -1.584 ,  0
    Possible My Target Territory: Szechwan_Air
      Battle Results (TUV, Invaded %):  7.969 ,  1
      Attack Value:  7.969
Trying  Szechwan

======================================================================
PRO AI TURN COMPLETE
======================================================================
Next Player: USA
Final Money: 33 IPCs
Units Added: 5
Game Score: 0.1
======================================================================

round_num:  38
[1;32m --------------------
Current Player:  USA
Money:  42 [1;0m 

[1;95mAnglo_Egyptian_Sudan (Owner:  Eng )
[1;32m[1;31m[1;34m[1;95m (Units:  Eng )
FIGHTER : 1
[1;33m
[1;34mBaltic_States (Owner:  Ger )
[1;32m[1;31m[1;34m (Units:  Ger )
INF : 1
TANK : 1
FIGHTER : 4
[1;95m[1;33m
[1;95mBelgian_Congo (Owner:  Eng )
[1;32m (Units:  USA )
INF_1_MOVES : 1
ARTY_1_MOVES : 2
[1;31m[1;34m[1;95m[1;33m
[1;33mBorneo (Owner:  Jap )
[1;32m[1;31m[1;34m[1;95m[1;33m (Units:  Jap )
INF : 1

[1;33mCaroline_Islands (Owner:  Jap )
[1;32m[1;31m[1;34m[1;95m[1;33m (Units:  Jap )
INF : 1

[1;31mCaucasus (Owner:  Rus ) builds: 1 factory-prod: 4
[1;32m (Units:  USA )
INF_1_MOVES : 2
ARTY_1_MOVES : 1
[1;31m (Units:  Rus )
INF : 1
ARTY : 1
[1;34m[1;95m (Units:  Eng )
INF : 5
[1;33m
[1;33mEast_Indies (Owner:  Jap )
[1;32m[1;31m[1;34m[1;95m[1;33m (Units:  Jap )
INF : 2

[1;95mEastern_Australia (Owner:  Eng )
[1;32m[1;31m[1;34m[1;95m (Units:  Eng )
INF : 2
[1;33m
[1;95mEastern_Canada (Owner:  Eng )
[1;32m[1;31m[1;34m[1;95m (Units:  Eng )
INF : 1
[1;33m
[1;32mEastern_United_States (Owner:  USA ) builds: 12 factory-prod: 12
[1;32m (Units:  USA )
INF_1_MOVES : 1
ARTY_1_MOVES : 2
TANK_2_MOVES : 3
FIGHTER_UNMOVED : 1
BOMBER_UNMOVED : 1
[1;31m[1;34m[1;95m[1;33m
[1;31mFinland (Owner:  Rus )
[1;32m[1;31m (Units:  Rus )
INF : 27
ARTY : 7
TANK : 2
[1;34m[1;95m[1;33m
[1;33mFrench_Indo_China_Thailand (Owner:  Jap )
[1;32m[1;31m[1;34m[1;95m[1;33m (Units:  Jap )
INF : 13
ARTY : 4
TANK : 6

[1;95mFrench_West_Africa (Owner:  Eng )
[1;32m (Units:  USA )
INF_1_MOVES : 1
TANK_2_MOVES : 3
[1;31m[1;34m[1;95m[1;33m
[1;34mGermany (Owner:  Ger ) factory-prod: 10
[1;32m[1;31m[1;34m (Units:  Ger )
INF : 90
ARTY : 2
[1;95m[1;33m
[1;32mHawaiian_Islands (Owner:  USA )
[1;32m (Units:  USA )
INF_1_MOVES : 1
FIGHTER_UNMOVED : 1
[1;31m[1;34m[1;95m[1;33m
[1;95mIndia (Owner:  Eng ) factory-prod: 3
[1;32m[1;31m[1;34m[1;95m (Units:  Eng )
INF : 2
ARTY : 1
AAGUN : 1
[1;33m
[1;34mItaly (Owner:  Ger ) builds: 2 factory-prod: 3
[1;32m[1;31m[1;34m (Units:  Ger )
ARTY : 1
[1;95m[1;33m
[1;33mIwo_Jima (Owner:  Jap )
[1;32m[1;31m[1;34m[1;95m[1;33m (Units:  Jap )
INF : 1

[1;33mJapan (Owner:  Jap ) builds: 2 factory-prod: 8
[1;32m[1;31m[1;34m[1;95m[1;33m (Units:  Jap )
INF : 1
ARTY : 1
TANK : 3
FIGHTER : 1
BOMBER : 1

[1;31mKarelia_SSR (Owner:  Rus ) builds: 2 factory-prod: 2
[1;32m (Units:  USA )
INF_1_MOVES : 2
TANK_2_MOVES : 1
[1;31m (Units:  Rus )
INF : 1
[1;34m[1;95m (Units:  Eng )
INF : 9
ARTY : 1
TANK : 1
[1;33m
[1;32mMidway (Owner:  USA )
[1;32m (Units:  USA )
INF_1_MOVES : 1
[1;31m[1;34m[1;95m[1;33m
[1;33mNew_Guinea (Owner:  Jap )
[1;32m[1;31m[1;34m[1;95m[1;33m (Units:  Jap )
INF : 1

[1;95mNew_Zealand (Owner:  Eng )
[1;32m[1;31m[1;34m[1;95m (Units:  Eng )
INF : 1
[1;33m
[1;34mNorthwestern_Europe (Owner:  Ger )
[1;32m[1;31m[1;34m (Units:  Ger )
FIGHTER : 1
[1;95m[1;33m
[1;33mOkinawa (Owner:  Jap )
[1;32m[1;31m[1;34m[1;95m[1;33m (Units:  Jap )
INF : 1

[1;95mPersia (Owner:  Eng )
[1;32m[1;31m[1;34m[1;95m (Units:  Eng )
INF : 7
[1;33m
[1;33mPhilippine_Islands (Owner:  Jap )
[1;32m[1;31m[1;34m[1;95m[1;33m (Units:  Jap )
INF : 1
ARTY : 1

[1;31mRussia (Owner:  Rus ) builds: 7 factory-prod: 8
[1;32m[1;31m (Units:  Rus )
INF : 5
[1;34m[1;95m[1;33m
[1;33mSolomon_Islands (Owner:  Jap )
[1;32m[1;31m[1;34m[1;95m[1;33m (Units:  Jap )
INF : 1

[1;32mSzechwan (Owner:  USA )
[1;32m (Units:  USA )
FIGHTER_UNMOVED : 1
[1;31m[1;34m[1;95m[1;33m
[1;95mUnited_Kingdom (Owner:  Eng ) builds: 5 factory-prod: 8
[1;32m[1;31m[1;34m[1;95m (Units:  Eng )
FIGHTER : 2
BOMBER : 1
[1;33m
[1;33mWake_Island (Owner:  Jap )
[1;32m[1;31m[1;34m[1;95m[1;33m (Units:  Jap )
INF : 1

[1;32mWestern_United_States (Owner:  USA ) builds: 10 factory-prod: 10
[1;32m (Units:  USA )
INF_1_MOVES : 3
ARTY_1_MOVES : 1
FIGHTER_UNMOVED : 1
[1;31m[1;34m[1;95m[1;33m
[1;33mYunnan (Owner:  Jap )
[1;32m[1;31m[1;34m[1;95m[1;33m (Units:  Jap )
INF : 7
ARTY : 3
TANK : 9

[1;0mSea_4
[1;32m[1;31m (Units:  Rus )
SUB : 1
DESTROYER : 1
[1;34m (Units:  Ger )
DESTROYER : 1
[1;95m[1;33m
[1;0mSea_5
[1;32m[1;31m[1;34m (Units:  Ger )
TRANS_EMPTY : 1
SUB : 2
DESTROYER : 8
CRUISER : 1
[1;95m[1;33m
[1;0mSea_6
[1;32m[1;31m[1;34m[1;95m (Units:  Eng )
TRANS_EMPTY : 4
SUB : 2
DESTROYER : 1
[1;33m
[1;0mSea_8
[1;32m[1;31m[1;34m[1;95m (Units:  Eng )
TRANS_EMPTY : 1
DESTROYER : 19
CRUISER : 1
BATTLESHIP : 1
[1;33m
[1;0mSea_9
[1;32m[1;31m[1;34m (Units:  Ger )
SUB : 2
[1;95m[1;33m
[1;0mSea_11
[1;32m (Units:  USA )
TRANS_EMPTY_UNMOVED : 1
SUB_2_MOVES : 1
[1;31m[1;34m[1;95m[1;33m
[1;0mSea_12
[1;32m (Units:  USA )
TRANS_EMPTY_UNMOVED : 2
DESTROYER_2_MOVES : 3
BATTLESHIP_2_MOVES : 1
[1;31m[1;34m[1;95m[1;33m
[1;0mSea_15
[1;32m[1;31m[1;34m (Units:  Ger )
SUB : 2
[1;95m[1;33m
[1;0mSea_16
[1;32m[1;31m (Units:  Rus )
SUB : 2
DESTROYER : 5
BATTLESHIP : 1
[1;34m[1;95m[1;33m
[1;0mSea_23
[1;32m (Units:  USA )
TRANS_EMPTY_UNMOVED : 1
[1;31m[1;34m[1;95m[1;33m
[1;0mSea_24
[1;32m (Units:  USA )
TRANS_EMPTY_UNMOVED : 2
[1;31m[1;34m[1;95m[1;33m
[1;0mSea_34
[1;32m[1;31m[1;34m[1;95m (Units:  Eng )
TRANS_EMPTY : 1
[1;33m
[1;0mSea_39
[1;32m[1;31m[1;34m[1;95m (Units:  Eng )
TRANS_EMPTY : 1
SUB : 1
DESTROYER : 1
CARRIER : 1
CRUISER : 2
FIGHTER : 1
[1;33m
[1;0mSea_44
[1;32m[1;31m[1;34m[1;95m[1;33m (Units:  Jap )
SUB : 1

[1;0mSea_48
[1;32m[1;31m[1;34m (Units:  Ger )
TRANS_EMPTY : 1
BATTLESHIP : 1
[1;95m[1;33m
[1;0mSea_53
[1;32m (Units:  USA )
SUB_2_MOVES : 1
[1;31m[1;34m[1;95m[1;33m
[1;0mSea_56
[1;32m (Units:  USA )
TRANS_EMPTY_UNMOVED : 5
DESTROYER_2_MOVES : 2
CARRIER_2_MOVES : 1
CRUISER_2_MOVES : 1
BATTLESHIP_2_MOVES : 7
FIGHTER_UNMOVED : 1
[1;31m[1;34m[1;95m[1;33m
[1;0mSea_60
[1;32m[1;31m[1;34m[1;95m[1;33m (Units:  Jap )
TRANS_EMPTY : 7
DESTROYER : 2

[1;0mSea_61
[1;32m[1;31m[1;34m[1;95m[1;33m (Units:  Jap )
TRANS_EMPTY : 4
DESTROYER : 3
CARRIER : 2
CRUISER : 1
BATTLESHIP : 3
FIGHTER : 3

[1;0m

======================================================================
PRO AI SINGLE TURN TEST (TripleA Purchase & Place)
======================================================================
Starting Player: USA
Starting Money: 42 IPCs
Total units on board: 25
======================================================================
Enemy Attack Options (per-enemy):
Enemy: Ger
  Land: Caucasus Fighters: 4
  Land: Karelia_SSR Fighters: 5
  Land: Karelia_SSR Infantry: 1
  Land: Karelia_SSR Tanks: 1
  Sea: Sea_11 Fighters: 0 Subs: 2 Destroyers: 0
  Sea: Sea_12 Fighters: 0 Subs: 2 Destroyers: 0
  Sea: Sea_23 Fighters: 0 Subs: 2 Destroyers: 0
Enemy: Jap
  Land: Midway Bombers: 1
  Land: Szechwan Bombers: 1
  Land: Szechwan Infantry: 7
  Land: Szechwan Artillery: 3
  Land: Szechwan Tanks: 9
  Sea: Sea_53 Fighters: 0 Subs: 1 Destroyers: 0
  Sea: Sea_56 Fighters: 0 Subs: 1 Destroyers: 0
Enemy Attack Options (aggregated max):
  Land: Caucasus Inf: 0 Art: 0 Tank: 0 Ftr: 4 Bmb: 0 Str: 12
  Land: Karelia_SSR Inf: 1 Art: 0 Tank: 1 Ftr: 5 Bmb: 0 Str: 19
  Land: Midway Inf: 0 Art: 0 Tank: 0 Ftr: 0 Bmb: 1 Str: 4
  Land: Szechwan Inf: 7 Art: 3 Tank: 9 Ftr: 0 Bmb: 1 Str: 44
      [SAFE] Sequential Battle Results: TUV=-1.59, Invaded%=0.0%, Battles=1
    Possible My Target Territory: Baltic_States_Air
      Battle Results (TUV, Invaded %):  -9.444 ,  0
    Possible My Target Territory: French_Indo_China_Thailand_Air
      Battle Results (TUV, Invaded %):  -8.506 ,  0
    Possible My Target Territory: Solomon_Islands_Air
      Battle Results (TUV, Invaded %):  -2.9079999999999999 ,  0
    Possible My Target Territory: Wake_Island_Air
      Battle Results (TUV, Invaded %):  -2.891 ,  0
    Possible My Target Territory: Yunnan_Air
      Battle Results (TUV, Invaded %):  -8.512 ,  0

======================================================================
PRO AI TURN COMPLETE
======================================================================
Next Player: Rus
Final Money: 40 IPCs
Units Added: 0
Game Score: 0.1
======================================================================

round_num:  39
[1;31m --------------------
Current Player:  Rus
Money:  27 [1;0m 

[1;95mAnglo_Egyptian_Sudan (Owner:  Eng )
[1;31m[1;34m[1;95m (Units:  Eng )
FIGHTER : 1
[1;33m[1;32m (Units:  USA )
INF : 1
ARTY : 2

[1;34mBaltic_States (Owner:  Ger )
[1;31m[1;34m (Units:  Ger )
INF : 1
TANK : 1
FIGHTER : 4
[1;95m[1;33m[1;32m
[1;95mBelgian_Congo (Owner:  Eng )
[1;31m[1;34m[1;95m[1;33m[1;32m (Units:  USA )
INF : 1
TANK : 1

[1;33mBorneo (Owner:  Jap )
[1;31m[1;34m[1;95m[1;33m (Units:  Jap )
INF : 1
[1;32m
[1;33mCaroline_Islands (Owner:  Jap )
[1;31m[1;34m[1;95m[1;33m (Units:  Jap )
INF : 1
[1;32m
[1;31mCaucasus (Owner:  Rus ) builds: 4 factory-prod: 4
[1;31m (Units:  Rus )
INF_1_MOVES : 1
ARTY_1_MOVES : 1
[1;34m[1;95m (Units:  Eng )
INF : 5
[1;33m[1;32m (Units:  USA )
INF : 2
ARTY : 1

[1;33mEast_Indies (Owner:  Jap )
[1;31m[1;34m[1;95m[1;33m (Units:  Jap )
INF : 2
[1;32m
[1;95mEastern_Australia (Owner:  Eng )
[1;31m[1;34m[1;95m (Units:  Eng )
INF : 2
[1;33m[1;32m
[1;95mEastern_Canada (Owner:  Eng )
[1;31m[1;34m[1;95m (Units:  Eng )
INF : 1
[1;33m[1;32m
[1;32mEastern_United_States (Owner:  USA ) builds: 7 factory-prod: 12
[1;31m[1;34m[1;95m[1;33m[1;32m (Units:  USA )
ARTY : 2
TANK : 2
FIGHTER : 1
BOMBER : 1

[1;31mFinland (Owner:  Rus )
[1;31m (Units:  Rus )
INF_1_MOVES : 27
ARTY_1_MOVES : 7
TANK_2_MOVES : 2
[1;34m[1;95m[1;33m[1;32m (Units:  USA )
INF : 2
TANK : 1

[1;95mFrench_Equatorial_Africa (Owner:  Eng )
[1;31m[1;34m[1;95m[1;33m[1;32m (Units:  USA )
TANK : 2

[1;33mFrench_Indo_China_Thailand (Owner:  Jap )
[1;31m[1;34m[1;95m[1;33m (Units:  Jap )
INF : 13
ARTY : 4
TANK : 6
[1;32m
[1;95mFrench_West_Africa (Owner:  Eng )
[1;31m[1;34m[1;95m[1;33m[1;32m (Units:  USA )
INF : 1
TANK : 1

[1;34mGermany (Owner:  Ger ) factory-prod: 10
[1;31m[1;34m (Units:  Ger )
INF : 90
ARTY : 2
[1;95m[1;33m[1;32m
[1;32mHawaiian_Islands (Owner:  USA )
[1;31m[1;34m[1;95m[1;33m[1;32m (Units:  USA )
INF : 1
FIGHTER : 1

[1;95mIndia (Owner:  Eng ) factory-prod: 3
[1;31m[1;34m[1;95m (Units:  Eng )
INF : 2
ARTY : 1
AAGUN : 1
[1;33m[1;32m
[1;34mItaly (Owner:  Ger ) builds: 2 factory-prod: 3
[1;31m[1;34m (Units:  Ger )
ARTY : 1
[1;95m[1;33m[1;32m
[1;33mIwo_Jima (Owner:  Jap )
[1;31m[1;34m[1;95m[1;33m (Units:  Jap )
INF : 1
[1;32m
[1;33mJapan (Owner:  Jap ) builds: 2 factory-prod: 8
[1;31m[1;34m[1;95m[1;33m (Units:  Jap )
INF : 1
ARTY : 1
TANK : 3
FIGHTER : 1
BOMBER : 1
[1;32m
[1;31mKarelia_SSR (Owner:  Rus ) builds: 2 factory-prod: 2
[1;31m (Units:  Rus )
INF_1_MOVES : 1
[1;34m[1;95m (Units:  Eng )
INF : 9
ARTY : 1
TANK : 1
[1;33m[1;32m
[1;32mMidway (Owner:  USA )
[1;31m[1;34m[1;95m[1;33m[1;32m (Units:  USA )
INF : 1

[1;33mNew_Guinea (Owner:  Jap )
[1;31m[1;34m[1;95m[1;33m (Units:  Jap )
INF : 1
[1;32m
[1;95mNew_Zealand (Owner:  Eng )
[1;31m[1;34m[1;95m (Units:  Eng )
INF : 1
[1;33m[1;32m
[1;34mNorthwestern_Europe (Owner:  Ger )
[1;31m[1;34m (Units:  Ger )
FIGHTER : 1
[1;95m[1;33m[1;32m
[1;33mOkinawa (Owner:  Jap )
[1;31m[1;34m[1;95m[1;33m (Units:  Jap )
INF : 1
[1;32m
[1;95mPersia (Owner:  Eng )
[1;31m[1;34m[1;95m (Units:  Eng )
INF : 7
[1;33m[1;32m
[1;33mPhilippine_Islands (Owner:  Jap )
[1;31m[1;34m[1;95m[1;33m (Units:  Jap )
INF : 1
ARTY : 1
[1;32m
[1;31mRussia (Owner:  Rus ) builds: 8 factory-prod: 8
[1;31m (Units:  Rus )
INF_1_MOVES : 5
[1;34m[1;95m[1;33m[1;32m
[1;33mSolomon_Islands (Owner:  Jap )
[1;31m[1;34m[1;95m[1;33m (Units:  Jap )
INF : 1
[1;32m
[1;32mSzechwan (Owner:  USA )
[1;31m[1;34m[1;95m[1;33m[1;32m (Units:  USA )
FIGHTER : 1

[1;95mUnited_Kingdom (Owner:  Eng ) builds: 5 factory-prod: 8
[1;31m[1;34m[1;95m (Units:  Eng )
FIGHTER : 2
BOMBER : 1
[1;33m[1;32m
[1;33mWake_Island (Owner:  Jap )
[1;31m[1;34m[1;95m[1;33m (Units:  Jap )
INF : 1
[1;32m
[1;32mWestern_United_States (Owner:  USA ) builds: 9 factory-prod: 10
[1;31m[1;34m[1;95m[1;33m[1;32m (Units:  USA )
INF : 3
ARTY : 1
FIGHTER : 1

[1;33mYunnan (Owner:  Jap )
[1;31m[1;34m[1;95m[1;33m (Units:  Jap )
INF : 7
ARTY : 3
TANK : 9
[1;32m
[1;0mSea_4
[1;31m (Units:  Rus )
SUB_2_MOVES : 1
DESTROYER_2_MOVES : 1
[1;34m (Units:  Ger )
DESTROYER : 1
[1;95m[1;33m[1;32m
[1;0mSea_5
[1;31m[1;34m (Units:  Ger )
TRANS_EMPTY : 1
SUB : 2
DESTROYER : 8
CRUISER : 1
[1;95m[1;33m[1;32m
[1;0mSea_6
[1;31m[1;34m[1;95m (Units:  Eng )
TRANS_EMPTY : 4
SUB : 2
DESTROYER : 1
[1;33m[1;32m
[1;0mSea_8
[1;31m[1;34m[1;95m (Units:  Eng )
TRANS_EMPTY : 1
DESTROYER : 19
CRUISER : 1
BATTLESHIP : 1
[1;33m[1;32m
[1;0mSea_9
[1;31m[1;34m (Units:  Ger )
SUB : 2
[1;95m[1;33m[1;32m
[1;0mSea_11
[1;31m[1;34m[1;95m[1;33m[1;32m (Units:  USA )
TRANS_EMPTY : 5
SUB : 2
DESTROYER : 1

[1;0mSea_12
[1;31m[1;34m[1;95m[1;33m[1;32m (Units:  USA )
TRANS_EMPTY : 1
DESTROYER : 3
BATTLESHIP : 1

[1;0mSea_15
[1;31m[1;34m (Units:  Ger )
SUB : 2
[1;95m[1;33m[1;32m
[1;0mSea_16
[1;31m (Units:  Rus )
SUB_2_MOVES : 2
DESTROYER_2_MOVES : 5
BATTLESHIP_2_MOVES : 1
[1;34m[1;95m[1;33m[1;32m
[1;0mSea_23
[1;31m[1;34m[1;95m[1;33m[1;32m (Units:  USA )
TRANS_EMPTY : 2

[1;0mSea_24
[1;31m[1;34m[1;95m[1;33m[1;32m (Units:  USA )
TRANS_EMPTY : 1

[1;0mSea_34
[1;31m[1;34m[1;95m (Units:  Eng )
TRANS_EMPTY : 1
[1;33m[1;32m
[1;0mSea_39
[1;31m[1;34m[1;95m (Units:  Eng )
TRANS_EMPTY : 1
SUB : 1
DESTROYER : 1
CARRIER : 1
CRUISER : 2
FIGHTER : 1
[1;33m[1;32m
[1;0mSea_44
[1;31m[1;34m[1;95m[1;33m (Units:  Jap )
SUB : 1
[1;32m
[1;0mSea_48
[1;31m[1;34m (Units:  Ger )
TRANS_EMPTY : 1
BATTLESHIP : 1
[1;95m[1;33m[1;32m
[1;0mSea_53
[1;31m[1;34m[1;95m[1;33m[1;32m (Units:  USA )
SUB : 1

[1;0mSea_56
[1;31m[1;34m[1;95m[1;33m[1;32m (Units:  USA )
TRANS_EMPTY : 6
DESTROYER : 2
CARRIER : 1
CRUISER : 1
BATTLESHIP : 7
FIGHTER : 1

[1;0mSea_60
[1;31m[1;34m[1;95m[1;33m (Units:  Jap )
TRANS_EMPTY : 7
DESTROYER : 2
[1;32m
[1;0mSea_61
[1;31m[1;34m[1;95m[1;33m (Units:  Jap )
TRANS_EMPTY : 4
DESTROYER : 3
CARRIER : 2
CRUISER : 1
BATTLESHIP : 3
FIGHTER : 3
[1;32m
[1;0m

======================================================================
PRO AI SINGLE TURN TEST (TripleA Purchase & Place)
======================================================================
Starting Player: Rus
Starting Money: 27 IPCs
Total units on board: 44
======================================================================
Enemy Attack Options (per-enemy):
Enemy: Ger
  Land: Caucasus Fighters: 4
  Land: Finland Fighters: 5
  Land: Karelia_SSR Fighters: 5
  Land: Karelia_SSR Infantry: 1
  Land: Karelia_SSR Tanks: 1
  Land: Russia Fighters: 4
  Land: West_Russia Tanks: 1
  Sea: Sea_5 Fighters: 5 Subs: 0 Destroyers: 0
  Sea: Sea_16 Fighters: 5 Subs: 2 Destroyers: 0
Enemy: Jap
Enemy Attack Options (aggregated max):
  Land: Caucasus Inf: 0 Art: 0 Tank: 0 Ftr: 4 Bmb: 0 Str: 12
  Land: Finland Inf: 0 Art: 0 Tank: 0 Ftr: 5 Bmb: 0 Str: 15
  Land: Karelia_SSR Inf: 1 Art: 0 Tank: 1 Ftr: 5 Bmb: 0 Str: 19
  Land: Russia Inf: 0 Art: 0 Tank: 0 Ftr: 4 Bmb: 0 Str: 12
  Land: West_Russia Inf: 0 Art: 0 Tank: 1 Ftr: 0 Bmb: 0 Str: 3
      [SAFE] Sequential Battle Results: TUV=-33.05, Invaded%=0.0%, Battles=1
      [SAFE] Sequential Battle Results: TUV=-42.53, Invaded%=0.0%, Battles=1
      [SAFE] Sequential Battle Results: TUV=-45.28, Invaded%=0.0%, Battles=1
      [SAFE] Sequential Battle Results: TUV=-23.37, Invaded%=0.0%, Battles=1
    Possible My Target Territory: Baltic_States_Air
      Battle Results (TUV, Invaded %):  -10.986 ,  0

======================================================================
PRO AI TURN COMPLETE
======================================================================
Next Player: Ger
Final Money: 28 IPCs
Units Added: 0
Game Score: -0.1
======================================================================

round_num:  40
[1;34m --------------------
Current Player:  Ger
Money:  38 [1;0m 

[1;95mAnglo_Egyptian_Sudan (Owner:  Eng )
[1;34m[1;31m[1;95m (Units:  Eng )
FIGHTER : 1
[1;33m[1;32m (Units:  USA )
INF : 1
ARTY : 2

[1;31mArchangel (Owner:  Rus )
[1;34m[1;31m (Units:  Rus )
INF : 1
[1;95m[1;33m[1;32m
[1;34mBaltic_States (Owner:  Ger )
[1;34m (Units:  Ger )
INF_1_MOVES : 1
TANK_2_MOVES : 1
FIGHTER_UNMOVED : 4
[1;31m[1;95m[1;33m[1;32m
[1;95mBelgian_Congo (Owner:  Eng )
[1;34m[1;31m[1;95m[1;33m[1;32m (Units:  USA )
INF : 1
TANK : 1

[1;33mBorneo (Owner:  Jap )
[1;34m[1;31m[1;95m[1;33m (Units:  Jap )
INF : 1
[1;32m
[1;33mCaroline_Islands (Owner:  Jap )
[1;34m[1;31m[1;95m[1;33m (Units:  Jap )
INF : 1
[1;32m
[1;31mCaucasus (Owner:  Rus ) builds: 2 factory-prod: 4
[1;34m[1;31m (Units:  Rus )
INF : 5
[1;95m (Units:  Eng )
INF : 5
[1;33m[1;32m (Units:  USA )
INF : 2
ARTY : 1

[1;33mEast_Indies (Owner:  Jap )
[1;34m[1;31m[1;95m[1;33m (Units:  Jap )
INF : 2
[1;32m
[1;95mEastern_Australia (Owner:  Eng )
[1;34m[1;31m[1;95m (Units:  Eng )
INF : 2
[1;33m[1;32m
[1;95mEastern_Canada (Owner:  Eng )
[1;34m[1;31m[1;95m (Units:  Eng )
INF : 1
[1;33m[1;32m
[1;32mEastern_United_States (Owner:  USA ) builds: 7 factory-prod: 12
[1;34m[1;31m[1;95m[1;33m[1;32m (Units:  USA )
ARTY : 2
TANK : 2
FIGHTER : 1
BOMBER : 1

[1;31mFinland (Owner:  Rus )
[1;34m[1;31m[1;95m[1;33m[1;32m (Units:  USA )
INF : 2
TANK : 1

[1;95mFrench_Equatorial_Africa (Owner:  Eng )
[1;34m[1;31m[1;95m[1;33m[1;32m (Units:  USA )
TANK : 2

[1;33mFrench_Indo_China_Thailand (Owner:  Jap )
[1;34m[1;31m[1;95m[1;33m (Units:  Jap )
INF : 13
ARTY : 4
TANK : 6
[1;32m
[1;95mFrench_West_Africa (Owner:  Eng )
[1;34m[1;31m[1;95m[1;33m[1;32m (Units:  USA )
INF : 1
TANK : 1

[1;34mGermany (Owner:  Ger ) builds: 10 factory-prod: 10
[1;34m (Units:  Ger )
INF_1_MOVES : 90
ARTY_1_MOVES : 2
[1;31m[1;95m[1;33m[1;32m
[1;32mHawaiian_Islands (Owner:  USA )
[1;34m[1;31m[1;95m[1;33m[1;32m (Units:  USA )
INF : 1
FIGHTER : 1

[1;95mIndia (Owner:  Eng ) factory-prod: 3
[1;34m[1;31m[1;95m (Units:  Eng )
INF : 2
ARTY : 1
AAGUN : 1
[1;33m[1;32m
[1;34mItaly (Owner:  Ger ) builds: 3 factory-prod: 3
[1;34m (Units:  Ger )
ARTY_1_MOVES : 1
[1;31m[1;95m[1;33m[1;32m
[1;33mIwo_Jima (Owner:  Jap )
[1;34m[1;31m[1;95m[1;33m (Units:  Jap )
INF : 1
[1;32m
[1;33mJapan (Owner:  Jap ) builds: 2 factory-prod: 8
[1;34m[1;31m[1;95m[1;33m (Units:  Jap )
INF : 1
ARTY : 1
TANK : 3
FIGHTER : 1
BOMBER : 1
[1;32m
[1;31mKarelia_SSR (Owner:  Rus ) builds: 2 factory-prod: 2
[1;34m[1;31m (Units:  Rus )
INF : 27
ARTY : 7
TANK : 2
[1;95m (Units:  Eng )
INF : 9
ARTY : 1
TANK : 1
[1;33m[1;32m
[1;32mMidway (Owner:  USA )
[1;34m[1;31m[1;95m[1;33m[1;32m (Units:  USA )
INF : 1

[1;33mNew_Guinea (Owner:  Jap )
[1;34m[1;31m[1;95m[1;33m (Units:  Jap )
INF : 1
[1;32m
[1;95mNew_Zealand (Owner:  Eng )
[1;34m[1;31m[1;95m (Units:  Eng )
INF : 1
[1;33m[1;32m
[1;34mNorthwestern_Europe (Owner:  Ger )
[1;34m (Units:  Ger )
FIGHTER_UNMOVED : 1
[1;31m[1;95m[1;33m[1;32m
[1;33mOkinawa (Owner:  Jap )
[1;34m[1;31m[1;95m[1;33m (Units:  Jap )
INF : 1
[1;32m
[1;95mPersia (Owner:  Eng )
[1;34m[1;31m[1;95m (Units:  Eng )
INF : 7
[1;33m[1;32m
[1;33mPhilippine_Islands (Owner:  Jap )
[1;34m[1;31m[1;95m[1;33m (Units:  Jap )
INF : 1
ARTY : 1
[1;32m
[1;31mRussia (Owner:  Rus ) builds: 8 factory-prod: 8
[1;34m[1;31m (Units:  Rus )
INF : 1
ARTY : 1
[1;95m[1;33m[1;32m
[1;33mSolomon_Islands (Owner:  Jap )
[1;34m[1;31m[1;95m[1;33m (Units:  Jap )
INF : 1
[1;32m
[1;32mSzechwan (Owner:  USA )
[1;34m[1;31m[1;95m[1;33m[1;32m (Units:  USA )
FIGHTER : 1

[1;95mUnited_Kingdom (Owner:  Eng ) builds: 5 factory-prod: 8
[1;34m[1;31m[1;95m (Units:  Eng )
FIGHTER : 2
BOMBER : 1
[1;33m[1;32m
[1;33mWake_Island (Owner:  Jap )
[1;34m[1;31m[1;95m[1;33m (Units:  Jap )
INF : 1
[1;32m
[1;32mWestern_United_States (Owner:  USA ) builds: 9 factory-prod: 10
[1;34m[1;31m[1;95m[1;33m[1;32m (Units:  USA )
INF : 3
ARTY : 1
FIGHTER : 1

[1;33mYunnan (Owner:  Jap )
[1;34m[1;31m[1;95m[1;33m (Units:  Jap )
INF : 7
ARTY : 3
TANK : 9
[1;32m
[1;0mSea_4
[1;34m (Units:  Ger )
DESTROYER_2_MOVES : 1
[1;31m (Units:  Rus )
SUB : 1
DESTROYER : 1
[1;95m[1;33m[1;32m
[1;0mSea_5
[1;34m (Units:  Ger )
TRANS_EMPTY_UNMOVED : 1
SUB_2_MOVES : 2
DESTROYER_2_MOVES : 8
CRUISER_2_MOVES : 1
[1;31m[1;95m[1;33m[1;32m
[1;0mSea_6
[1;34m[1;31m[1;95m (Units:  Eng )
TRANS_EMPTY : 4
SUB : 2
DESTROYER : 1
[1;33m[1;32m
[1;0mSea_8
[1;34m[1;31m[1;95m (Units:  Eng )
TRANS_EMPTY : 1
DESTROYER : 19
CRUISER : 1
BATTLESHIP : 1
[1;33m[1;32m
[1;0mSea_9
[1;34m (Units:  Ger )
SUB_2_MOVES : 2
[1;31m[1;95m[1;33m[1;32m
[1;0mSea_11
[1;34m[1;31m[1;95m[1;33m[1;32m (Units:  USA )
TRANS_EMPTY : 5
SUB : 2
DESTROYER : 1

[1;0mSea_12
[1;34m[1;31m[1;95m[1;33m[1;32m (Units:  USA )
TRANS_EMPTY : 1
DESTROYER : 3
BATTLESHIP : 1

[1;0mSea_15
[1;34m (Units:  Ger )
SUB_2_MOVES : 2
[1;31m[1;95m[1;33m[1;32m
[1;0mSea_16
[1;34m[1;31m (Units:  Rus )
SUB : 3
DESTROYER : 5
BATTLESHIP : 2
[1;95m[1;33m[1;32m
[1;0mSea_23
[1;34m[1;31m[1;95m[1;33m[1;32m (Units:  USA )
TRANS_EMPTY : 2

[1;0mSea_24
[1;34m[1;31m[1;95m[1;33m[1;32m (Units:  USA )
TRANS_EMPTY : 1

[1;0mSea_34
[1;34m[1;31m[1;95m (Units:  Eng )
TRANS_EMPTY : 1
[1;33m[1;32m
[1;0mSea_39
[1;34m[1;31m[1;95m (Units:  Eng )
TRANS_EMPTY : 1
SUB : 1
DESTROYER : 1
CARRIER : 1
CRUISER : 2
FIGHTER : 1
[1;33m[1;32m
[1;0mSea_44
[1;34m[1;31m[1;95m[1;33m (Units:  Jap )
SUB : 1
[1;32m
[1;0mSea_48
[1;34m (Units:  Ger )
TRANS_EMPTY_UNMOVED : 1
BATTLESHIP_2_MOVES : 1
[1;31m[1;95m[1;33m[1;32m
[1;0mSea_53
[1;34m[1;31m[1;95m[1;33m[1;32m (Units:  USA )
SUB : 1

[1;0mSea_56
[1;34m[1;31m[1;95m[1;33m[1;32m (Units:  USA )
TRANS_EMPTY : 6
DESTROYER : 2
CARRIER : 1
CRUISER : 1
BATTLESHIP : 7
FIGHTER : 1

[1;0mSea_60
[1;34m[1;31m[1;95m[1;33m (Units:  Jap )
TRANS_EMPTY : 7
DESTROYER : 2
[1;32m
[1;0mSea_61
[1;34m[1;31m[1;95m[1;33m (Units:  Jap )
TRANS_EMPTY : 4
DESTROYER : 3
CARRIER : 2
CRUISER : 1
BATTLESHIP : 3
FIGHTER : 3
[1;32m
[1;0m

======================================================================
PRO AI SINGLE TURN TEST (TripleA Purchase & Place)
======================================================================
Starting Player: Ger
Starting Money: 38 IPCs
Total units on board: 95
======================================================================
Enemy Attack Options (per-enemy):
Enemy: Rus
  Land: Baltic_States Infantry: 27
  Land: Baltic_States Artillery: 7
  Land: Baltic_States Tanks: 2
  Land: Belorussia Infantry: 27
  Land: Belorussia Artillery: 7
  Land: Belorussia Tanks: 2
  Land: Poland Tanks: 2
  Land: Ukraine_SSR Infantry: 5
  Land: Ukraine_SSR Tanks: 2
  Sea: Sea_15 Fighters: 0 Subs: 3 Destroyers: 5
Enemy: Eng
  Land: Baltic_States Bombers: 1
  Land: Baltic_States Infantry: 9
  Land: Baltic_States Artillery: 1
  Land: Baltic_States Tanks: 1
  Land: Belorussia Infantry: 9
  Land: Belorussia Artillery: 1
  Land: Belorussia Tanks: 1
  Land: Germany Bombers: 1
  Land: Italy Fighters: 2
  Land: Italy Bombers: 1
  Land: Northwestern_Europe Fighters: 2
  Land: Northwestern_Europe Bombers: 1
  Land: Poland Tanks: 1
  Land: Ukraine_SSR Infantry: 5
  Land: Ukraine_SSR Tanks: 1
  Sea: Sea_4 Fighters: 0 Subs: 2 Destroyers: 1
  Sea: Sea_5 Fighters: 2 Subs: 2 Destroyers: 20
  Sea: Sea_9 Fighters: 0 Subs: 2 Destroyers: 20
Enemy: USA
  Land: Norway Infantry: 2
  Land: Norway Tanks: 1
  Land: Ukraine_SSR Infantry: 2
  Land: Ukraine_SSR Artillery: 1
  Sea: Sea_9 Fighters: 0 Subs: 2 Destroyers: 4
Enemy Attack Options (aggregated max):
  Land: Baltic_States Inf: 27 Art: 7 Tank: 2 Ftr: 0 Bmb: 0 Str: 47
  Land: Belorussia Inf: 27 Art: 7 Tank: 2 Ftr: 0 Bmb: 0 Str: 47
  Land: Germany Inf: 0 Art: 0 Tank: 0 Ftr: 0 Bmb: 1 Str: 4
  Land: Italy Inf: 0 Art: 0 Tank: 0 Ftr: 2 Bmb: 1 Str: 10
  Land: Northwestern_Europe Inf: 0 Art: 0 Tank: 0 Ftr: 2 Bmb: 1 Str: 10
  Land: Norway Inf: 2 Art: 0 Tank: 1 Ftr: 0 Bmb: 0 Str: 5
  Land: Poland Inf: 0 Art: 0 Tank: 2 Ftr: 0 Bmb: 0 Str: 6
  Land: Ukraine_SSR Inf: 5 Art: 0 Tank: 2 Ftr: 0 Bmb: 0 Str: 11
      [SAFE] Sequential Battle Results: TUV=-10.00, Invaded%=0.0%, Battles=1
      [SAFE] Sequential Battle Results: TUV=0.74, Invaded%=0.0%, Battles=1
      [SAFE] Sequential Battle Results: TUV=3.25, Invaded%=0.0%, Battles=1
    Possible My Target Territory: Archangel_Air
      Battle Results (TUV, Invaded %):  -0.37 ,  0
    Possible My Target Territory: Caucasus_Air
      Battle Results (TUV, Invaded %):  -34 ,  0
    Possible My Target Territory: Finland_Air
      Battle Results (TUV, Invaded %):  -1.84 ,  0
    Possible My Target Territory: Karelia_SSR_Air
      Battle Results (TUV, Invaded %):  -49.517 ,  0
    Possible My Target Territory: Russia_Air
      Battle Results (TUV, Invaded %):  0.20999999999999999 ,  0
    Possible My Target Territory: United_Kingdom_Air
      Battle Results (TUV, Invaded %):  -4.144 ,  0

======================================================================
PRO AI TURN COMPLETE
======================================================================
Next Player: Eng
Final Money: 38 IPCs
Units Added: 10
Game Score: 0.1
======================================================================

round_num:  41
[1;95m --------------------
Current Player:  Eng
Money:  32 [1;0m 

[1;95mAnglo_Egyptian_Sudan (Owner:  Eng )
[1;95m (Units:  Eng )
FIGHTER_UNMOVED : 1
[1;31m[1;34m[1;33m[1;32m (Units:  USA )
INF : 1
ARTY : 2

[1;31mArchangel (Owner:  Rus )
[1;95m[1;31m (Units:  Rus )
INF : 1
[1;34m[1;33m[1;32m
[1;34mBaltic_States (Owner:  Ger )
[1;95m[1;31m[1;34m (Units:  Ger )
INF : 1
ARTY : 1
FIGHTER : 4
[1;33m[1;32m
[1;95mBelgian_Congo (Owner:  Eng )
[1;95m[1;31m[1;34m[1;33m[1;32m (Units:  USA )
INF : 1
TANK : 1

[1;33mBorneo (Owner:  Jap )
[1;95m[1;31m[1;34m[1;33m (Units:  Jap )
INF : 1
[1;32m
[1;33mCaroline_Islands (Owner:  Jap )
[1;95m[1;31m[1;34m[1;33m (Units:  Jap )
INF : 1
[1;32m
[1;31mCaucasus (Owner:  Rus ) builds: 2 factory-prod: 4
[1;95m (Units:  Eng )
INF_1_MOVES : 5
[1;31m (Units:  Rus )
INF : 5
[1;34m[1;33m[1;32m (Units:  USA )
INF : 2
ARTY : 1

[1;33mEast_Indies (Owner:  Jap )
[1;95m[1;31m[1;34m[1;33m (Units:  Jap )
INF : 2
[1;32m
[1;95mEastern_Australia (Owner:  Eng )
[1;95m (Units:  Eng )
INF_1_MOVES : 2
[1;31m[1;34m[1;33m[1;32m
[1;95mEastern_Canada (Owner:  Eng )
[1;95m (Units:  Eng )
INF_1_MOVES : 1
[1;31m[1;34m[1;33m[1;32m
[1;32mEastern_United_States (Owner:  USA ) builds: 7 factory-prod: 12
[1;95m[1;31m[1;34m[1;33m[1;32m (Units:  USA )
ARTY : 2
TANK : 2
FIGHTER : 1
BOMBER : 1

[1;31mFinland (Owner:  Rus )
[1;95m[1;31m[1;34m[1;33m[1;32m (Units:  USA )
INF : 2
TANK : 1

[1;95mFrench_Equatorial_Africa (Owner:  Eng )
[1;95m[1;31m[1;34m[1;33m[1;32m (Units:  USA )
TANK : 2

[1;33mFrench_Indo_China_Thailand (Owner:  Jap )
[1;95m[1;31m[1;34m[1;33m (Units:  Jap )
INF : 13
ARTY : 4
TANK : 6
[1;32m
[1;95mFrench_West_Africa (Owner:  Eng )
[1;95m[1;31m[1;34m[1;33m[1;32m (Units:  USA )
INF : 1
TANK : 1

[1;34mGermany (Owner:  Ger ) factory-prod: 10
[1;95m[1;31m[1;34m (Units:  Ger )
INF : 99
ARTY : 2
TANK : 1
[1;33m[1;32m
[1;32mHawaiian_Islands (Owner:  USA )
[1;95m[1;31m[1;34m[1;33m[1;32m (Units:  USA )
INF : 1
FIGHTER : 1

[1;95mIndia (Owner:  Eng ) builds: 3 factory-prod: 3
[1;95m (Units:  Eng )
INF_1_MOVES : 2
ARTY_1_MOVES : 1
AAGUN_1_MOVES : 1
[1;31m[1;34m[1;33m[1;32m
[1;34mItaly (Owner:  Ger ) builds: 2 factory-prod: 3
[1;95m[1;31m[1;34m (Units:  Ger )
INF : 1
[1;33m[1;32m
[1;33mIwo_Jima (Owner:  Jap )
[1;95m[1;31m[1;34m[1;33m (Units:  Jap )
INF : 1
[1;32m
[1;33mJapan (Owner:  Jap ) builds: 2 factory-prod: 8
[1;95m[1;31m[1;34m[1;33m (Units:  Jap )
INF : 1
ARTY : 1
TANK : 3
FIGHTER : 1
BOMBER : 1
[1;32m
[1;31mKarelia_SSR (Owner:  Rus ) builds: 2 factory-prod: 2
[1;95m (Units:  Eng )
INF_1_MOVES : 9
ARTY_1_MOVES : 1
TANK_2_MOVES : 1
[1;31m (Units:  Rus )
INF : 27
ARTY : 7
TANK : 2
[1;34m[1;33m[1;32m
[1;32mMidway (Owner:  USA )
[1;95m[1;31m[1;34m[1;33m[1;32m (Units:  USA )
INF : 1

[1;33mNew_Guinea (Owner:  Jap )
[1;95m[1;31m[1;34m[1;33m (Units:  Jap )
INF : 1
[1;32m
[1;95mNew_Zealand (Owner:  Eng )
[1;95m (Units:  Eng )
INF_1_MOVES : 1
[1;31m[1;34m[1;33m[1;32m
[1;34mNorthwestern_Europe (Owner:  Ger )
[1;95m[1;31m[1;34m (Units:  Ger )
FIGHTER : 1
[1;33m[1;32m
[1;33mOkinawa (Owner:  Jap )
[1;95m[1;31m[1;34m[1;33m (Units:  Jap )
INF : 1
[1;32m
[1;95mPersia (Owner:  Eng )
[1;95m (Units:  Eng )
INF_1_MOVES : 7
[1;31m[1;34m[1;33m[1;32m
[1;33mPhilippine_Islands (Owner:  Jap )
[1;95m[1;31m[1;34m[1;33m (Units:  Jap )
INF : 1
ARTY : 1
[1;32m
[1;31mRussia (Owner:  Rus ) builds: 8 factory-prod: 8
[1;95m[1;31m (Units:  Rus )
INF : 1
ARTY : 1
[1;34m[1;33m[1;32m
[1;33mSolomon_Islands (Owner:  Jap )
[1;95m[1;31m[1;34m[1;33m (Units:  Jap )
INF : 1
[1;32m
[1;32mSzechwan (Owner:  USA )
[1;95m[1;31m[1;34m[1;33m[1;32m (Units:  USA )
FIGHTER : 1

[1;95mUnited_Kingdom (Owner:  Eng ) builds: 8 factory-prod: 8
[1;95m (Units:  Eng )
FIGHTER_UNMOVED : 2
BOMBER_UNMOVED : 1
[1;31m[1;34m[1;33m[1;32m
[1;33mWake_Island (Owner:  Jap )
[1;95m[1;31m[1;34m[1;33m (Units:  Jap )
INF : 1
[1;32m
[1;32mWestern_United_States (Owner:  USA ) builds: 9 factory-prod: 10
[1;95m[1;31m[1;34m[1;33m[1;32m (Units:  USA )
INF : 3
ARTY : 1
FIGHTER : 1

[1;33mYunnan (Owner:  Jap )
[1;95m[1;31m[1;34m[1;33m (Units:  Jap )
INF : 7
ARTY : 3
TANK : 9
[1;32m
[1;0mSea_4
[1;95m[1;31m (Units:  Rus )
SUB : 1
DESTROYER : 1
[1;34m (Units:  Ger )
DESTROYER : 1
[1;33m[1;32m
[1;0mSea_5
[1;95m[1;31m[1;34m (Units:  Ger )
TRANS_EMPTY : 1
SUB : 2
DESTROYER : 9
CRUISER : 1
[1;33m[1;32m
[1;0mSea_6
[1;95m (Units:  Eng )
TRANS_EMPTY_UNMOVED : 4
SUB_2_MOVES : 2
DESTROYER_2_MOVES : 1
[1;31m[1;34m[1;33m[1;32m
[1;0mSea_8
[1;95m (Units:  Eng )
TRANS_EMPTY_UNMOVED : 1
DESTROYER_2_MOVES : 19
CRUISER_2_MOVES : 1
BATTLESHIP_2_MOVES : 1
[1;31m[1;34m[1;33m[1;32m
[1;0mSea_9
[1;95m[1;31m[1;34m (Units:  Ger )
SUB : 2
[1;33m[1;32m
[1;0mSea_11
[1;95m[1;31m[1;34m[1;33m[1;32m (Units:  USA )
TRANS_EMPTY : 5
SUB : 2
DESTROYER : 1

[1;0mSea_12
[1;95m[1;31m[1;34m[1;33m[1;32m (Units:  USA )
TRANS_EMPTY : 1
DESTROYER : 3
BATTLESHIP : 1

[1;0mSea_15
[1;95m[1;31m[1;34m (Units:  Ger )
SUB : 2
[1;33m[1;32m
[1;0mSea_16
[1;95m[1;31m (Units:  Rus )
SUB : 3
DESTROYER : 5
BATTLESHIP : 2
[1;34m[1;33m[1;32m
[1;0mSea_23
[1;95m[1;31m[1;34m[1;33m[1;32m (Units:  USA )
TRANS_EMPTY : 2

[1;0mSea_24
[1;95m[1;31m[1;34m[1;33m[1;32m (Units:  USA )
TRANS_EMPTY : 1

[1;0mSea_34
[1;95m (Units:  Eng )
TRANS_EMPTY_UNMOVED : 1
[1;31m[1;34m[1;33m[1;32m
[1;0mSea_39
[1;95m (Units:  Eng )
TRANS_EMPTY_UNMOVED : 1
SUB_2_MOVES : 1
DESTROYER_2_MOVES : 1
CARRIER_2_MOVES : 1
CRUISER_2_MOVES : 2
FIGHTER_UNMOVED : 1
[1;31m[1;34m[1;33m[1;32m
[1;0mSea_44
[1;95m[1;31m[1;34m[1;33m (Units:  Jap )
SUB : 1
[1;32m
[1;0mSea_53
[1;95m[1;31m[1;34m[1;33m[1;32m (Units:  USA )
SUB : 1

[1;0mSea_56
[1;95m[1;31m[1;34m[1;33m[1;32m (Units:  USA )
TRANS_EMPTY : 6
DESTROYER : 2
CARRIER : 1
CRUISER : 1
BATTLESHIP : 7
FIGHTER : 1

[1;0mSea_60
[1;95m[1;31m[1;34m (Units:  Ger )
TRANS_EMPTY : 1
BATTLESHIP : 1
[1;33m (Units:  Jap )
TRANS_EMPTY : 7
DESTROYER : 2
[1;32m
[1;0mSea_61
[1;95m[1;31m[1;34m[1;33m (Units:  Jap )
TRANS_EMPTY : 4
DESTROYER : 3
CARRIER : 2
CRUISER : 1
BATTLESHIP : 3
FIGHTER : 3
[1;32m
[1;0m

======================================================================
PRO AI SINGLE TURN TEST (TripleA Purchase & Place)
======================================================================
Starting Player: Eng
Starting Money: 32 IPCs
Total units on board: 31
======================================================================
Enemy Attack Options (per-enemy):
Enemy: Ger
  Land: Caucasus Fighters: 4
  Land: Karelia_SSR Fighters: 5
  Land: Karelia_SSR Infantry: 1
  Land: Karelia_SSR Artillery: 1
  Land: United_Kingdom Fighters: 1
  Sea: Sea_6 Fighters: 5 Subs: 4 Destroyers: 10
  Sea: Sea_7 Fighters: 0 Subs: 4 Destroyers: 10
  Sea: Sea_8 Fighters: 5 Subs: 4 Destroyers: 9
  Sea: Sea_34 Fighters: 0 Subs: 2 Destroyers: 0
Enemy: Jap
  Land: Burma Infantry: 20
  Land: Burma Artillery: 7
  Land: Burma Tanks: 15
  Land: India Tanks: 15
  Sea: Sea_35 Fighters: 1 Subs: 0 Destroyers: 3
  Sea: Sea_39 Fighters: 0 Subs: 1 Destroyers: 0
Enemy Attack Options (aggregated max):
  Land: Burma Inf: 20 Art: 7 Tank: 15 Ftr: 0 Bmb: 0 Str: 79
  Land: Caucasus Inf: 0 Art: 0 Tank: 0 Ftr: 4 Bmb: 0 Str: 12
  Land: India Inf: 0 Art: 0 Tank: 15 Ftr: 0 Bmb: 0 Str: 45
  Land: Karelia_SSR Inf: 1 Art: 1 Tank: 0 Ftr: 5 Bmb: 0 Str: 18
  Land: United_Kingdom Inf: 0 Art: 0 Tank: 0 Ftr: 1 Bmb: 0 Str: 3
      [SAFE] Sequential Battle Results: TUV=-4.11, Invaded%=0.0%, Battles=1
    Possible My Target Territory: Baltic_States_Air
      Battle Results (TUV, Invaded %):  30.794 ,  1
      Attack Value:  30.794
    Possible My Target Territory: Germany_Air
      Battle Results (TUV, Invaded %):  -9.968999999999999 ,  0
    Possible My Target Territory: Italy_Air
      Battle Results (TUV, Invaded %):  -0.25 ,  0
    Possible My Target Territory: Northwestern_Europe_Air
      Battle Results (TUV, Invaded %):  3.0899999999999999 ,  0
Trying  Baltic_States
Simulated battle results:  Battle_Results{avg_TUV_swing = 0, invaded_percent = 0, avg_survivor_def_power = 0}

======================================================================
PRO AI TURN COMPLETE
======================================================================
Next Player: Jap
Final Money: 31 IPCs
Units Added: 3
Game Score: -0.1
======================================================================

round_num:  42
[1;33m --------------------
Current Player:  Jap
Money:  33 [1;0m 

[1;95mAnglo_Egyptian_Sudan (Owner:  Eng )
[1;33m[1;31m[1;34m[1;95m (Units:  Eng )
FIGHTER : 1
[1;32m (Units:  USA )
INF : 1
ARTY : 2

[1;31mArchangel (Owner:  Rus )
[1;33m[1;31m (Units:  Rus )
INF : 1
[1;34m[1;95m[1;32m
[1;34mBaltic_States (Owner:  Ger )
[1;33m[1;31m[1;34m (Units:  Ger )
INF : 1
ARTY : 1
FIGHTER : 4
[1;95m[1;32m
[1;95mBelgian_Congo (Owner:  Eng )
[1;33m[1;31m[1;34m[1;95m[1;32m (Units:  USA )
INF : 1
TANK : 1

[1;33mBorneo (Owner:  Jap )
[1;33m (Units:  Jap )
INF_1_MOVES : 1
[1;31m[1;34m[1;95m[1;32m
[1;33mCaroline_Islands (Owner:  Jap )
[1;33m (Units:  Jap )
INF_1_MOVES : 1
[1;31m[1;34m[1;95m[1;32m
[1;31mCaucasus (Owner:  Rus ) builds: 2 factory-prod: 4
[1;33m[1;31m (Units:  Rus )
INF : 5
[1;34m[1;95m (Units:  Eng )
INF : 7
[1;32m (Units:  USA )
INF : 2
ARTY : 1

[1;33mEast_Indies (Owner:  Jap )
[1;33m (Units:  Jap )
INF_1_MOVES : 2
[1;31m[1;34m[1;95m[1;32m
[1;95mEastern_Australia (Owner:  Eng )
[1;33m[1;31m[1;34m[1;95m (Units:  Eng )
INF : 2
[1;32m
[1;32mEastern_United_States (Owner:  USA ) builds: 7 factory-prod: 12
[1;33m[1;31m[1;34m[1;95m (Units:  Eng )
INF : 1
[1;32m (Units:  USA )
ARTY : 2
TANK : 2
FIGHTER : 1
BOMBER : 1

[1;31mFinland (Owner:  Rus )
[1;33m[1;31m[1;34m[1;95m[1;32m (Units:  USA )
INF : 2
TANK : 1

[1;95mFrench_Equatorial_Africa (Owner:  Eng )
[1;33m[1;31m[1;34m[1;95m[1;32m (Units:  USA )
TANK : 2

[1;33mFrench_Indo_China_Thailand (Owner:  Jap )
[1;33m (Units:  Jap )
INF_1_MOVES : 13
ARTY_1_MOVES : 4
TANK_2_MOVES : 6
[1;31m[1;34m[1;95m[1;32m
[1;95mFrench_West_Africa (Owner:  Eng )
[1;33m[1;31m[1;34m[1;95m[1;32m (Units:  USA )
INF : 1
TANK : 1

[1;34mGermany (Owner:  Ger ) factory-prod: 10
[1;33m[1;31m[1;34m (Units:  Ger )
INF : 99
ARTY : 2
TANK : 1
[1;95m[1;32m
[1;32mHawaiian_Islands (Owner:  USA )
[1;33m[1;31m[1;34m[1;95m[1;32m (Units:  USA )
INF : 1
FIGHTER : 1

[1;95mIndia (Owner:  Eng ) factory-prod: 3
[1;33m[1;31m[1;34m[1;95m (Units:  Eng )
INF : 2
ARTY : 1
AAGUN : 1
[1;32m
[1;34mItaly (Owner:  Ger ) builds: 2 factory-prod: 3
[1;33m[1;31m[1;34m (Units:  Ger )
INF : 1
[1;95m[1;32m
[1;33mIwo_Jima (Owner:  Jap )
[1;33m (Units:  Jap )
INF_1_MOVES : 1
[1;31m[1;34m[1;95m[1;32m
[1;33mJapan (Owner:  Jap ) builds: 8 factory-prod: 8
[1;33m (Units:  Jap )
INF_1_MOVES : 1
ARTY_1_MOVES : 1
TANK_2_MOVES : 3
FIGHTER_UNMOVED : 1
BOMBER_UNMOVED : 1
[1;31m[1;34m[1;95m[1;32m
[1;31mKarelia_SSR (Owner:  Rus ) builds: 2 factory-prod: 2
[1;33m[1;31m (Units:  Rus )
INF : 27
ARTY : 7
TANK : 2
[1;34m[1;95m (Units:  Eng )
INF : 9
ARTY : 1
TANK : 1
[1;32m
[1;32mMidway (Owner:  USA )
[1;33m[1;31m[1;34m[1;95m[1;32m (Units:  USA )
INF : 1

[1;33mNew_Guinea (Owner:  Jap )
[1;33m (Units:  Jap )
INF_1_MOVES : 1
[1;31m[1;34m[1;95m[1;32m
[1;95mNew_Zealand (Owner:  Eng )
[1;33m[1;31m[1;34m[1;95m (Units:  Eng )
INF : 1
[1;32m
[1;34mNorthwestern_Europe (Owner:  Ger )
[1;33m[1;31m[1;34m (Units:  Ger )
FIGHTER : 1
[1;95m[1;32m
[1;33mOkinawa (Owner:  Jap )
[1;33m (Units:  Jap )
INF_1_MOVES : 1
[1;31m[1;34m[1;95m[1;32m
[1;95mPersia (Owner:  Eng )
[1;33m[1;31m[1;34m[1;95m (Units:  Eng )
INF : 7
ARTY : 1
[1;32m
[1;33mPhilippine_Islands (Owner:  Jap )
[1;33m (Units:  Jap )
INF_1_MOVES : 1
ARTY_1_MOVES : 1
[1;31m[1;34m[1;95m[1;32m
[1;31mRussia (Owner:  Rus ) builds: 8 factory-prod: 8
[1;33m[1;31m (Units:  Rus )
INF : 1
ARTY : 1
[1;34m[1;95m[1;32m
[1;33mSolomon_Islands (Owner:  Jap )
[1;33m (Units:  Jap )
INF_1_MOVES : 1
[1;31m[1;34m[1;95m[1;32m
[1;32mSzechwan (Owner:  USA )
[1;33m[1;31m[1;34m[1;95m[1;32m (Units:  USA )
FIGHTER : 1

[1;95mUnited_Kingdom (Owner:  Eng ) builds: 5 factory-prod: 8
[1;33m[1;31m[1;34m[1;95m (Units:  Eng )
FIGHTER : 2
BOMBER : 1
[1;32m
[1;33mWake_Island (Owner:  Jap )
[1;33m (Units:  Jap )
INF_1_MOVES : 1
[1;31m[1;34m[1;95m[1;32m
[1;32mWestern_United_States (Owner:  USA ) builds: 9 factory-prod: 10
[1;33m[1;31m[1;34m[1;95m[1;32m (Units:  USA )
INF : 3
ARTY : 1
FIGHTER : 1

[1;33mYunnan (Owner:  Jap )
[1;33m (Units:  Jap )
INF_1_MOVES : 7
ARTY_1_MOVES : 3
TANK_2_MOVES : 9
[1;31m[1;34m[1;95m[1;32m
[1;0mSea_4
[1;33m[1;31m (Units:  Rus )
SUB : 1
DESTROYER : 1
[1;34m (Units:  Ger )
DESTROYER : 1
[1;95m[1;32m
[1;0mSea_5
[1;33m[1;31m[1;34m (Units:  Ger )
TRANS_EMPTY : 1
SUB : 2
DESTROYER : 9
CRUISER : 1
[1;95m[1;32m
[1;0mSea_6
[1;33m[1;31m[1;34m[1;95m (Units:  Eng )
TRANS_EMPTY : 6
SUB : 2
DESTROYER : 1
[1;32m
[1;0mSea_8
[1;33m[1;31m[1;34m[1;95m (Units:  Eng )
TRANS_EMPTY : 1
DESTROYER : 20
CRUISER : 1
BATTLESHIP : 1
[1;32m
[1;0mSea_9
[1;33m[1;31m[1;34m (Units:  Ger )
SUB : 2
[1;95m[1;32m
[1;0mSea_11
[1;33m[1;31m[1;34m[1;95m[1;32m (Units:  USA )
TRANS_EMPTY : 5
SUB : 2
DESTROYER : 1

[1;0mSea_12
[1;33m[1;31m[1;34m[1;95m[1;32m (Units:  USA )
TRANS_EMPTY : 1
DESTROYER : 3
BATTLESHIP : 1

[1;0mSea_15
[1;33m[1;31m[1;34m (Units:  Ger )
SUB : 2
[1;95m[1;32m
[1;0mSea_16
[1;33m[1;31m (Units:  Rus )
SUB : 3
DESTROYER : 5
BATTLESHIP : 2
[1;34m[1;95m[1;32m
[1;0mSea_17
[1;33m[1;31m[1;34m[1;95m (Units:  Eng )
TRANS_EMPTY : 1
[1;32m
[1;0mSea_23
[1;33m[1;31m[1;34m[1;95m[1;32m (Units:  USA )
TRANS_EMPTY : 2

[1;0mSea_24
[1;33m[1;31m[1;34m[1;95m[1;32m (Units:  USA )
TRANS_EMPTY : 1

[1;0mSea_39
[1;33m[1;31m[1;34m[1;95m (Units:  Eng )
SUB : 1
[1;32m
[1;0mSea_44
[1;33m (Units:  Jap )
SUB_2_MOVES : 1
[1;31m[1;34m[1;95m[1;32m
[1;0mSea_45
[1;33m[1;31m[1;34m[1;95m (Units:  Eng )
TRANS_EMPTY : 1
DESTROYER : 1
CARRIER : 1
CRUISER : 2
FIGHTER : 1
[1;32m
[1;0mSea_53
[1;33m[1;31m[1;34m[1;95m[1;32m (Units:  USA )
SUB : 1

[1;0mSea_56
[1;33m[1;31m[1;34m[1;95m[1;32m (Units:  USA )
TRANS_EMPTY : 6
DESTROYER : 2
CARRIER : 1
CRUISER : 1
BATTLESHIP : 7
FIGHTER : 1

[1;0mSea_60
[1;33m (Units:  Jap )
TRANS_EMPTY_UNMOVED : 7
DESTROYER_2_MOVES : 2
[1;31m[1;34m (Units:  Ger )
TRANS_EMPTY : 1
BATTLESHIP : 1
[1;95m[1;32m
[1;0mSea_61
[1;33m (Units:  Jap )
TRANS_EMPTY_UNMOVED : 4
DESTROYER_2_MOVES : 3
CARRIER_2_MOVES : 2
CRUISER_2_MOVES : 1
BATTLESHIP_2_MOVES : 3
FIGHTER_UNMOVED : 3
[1;31m[1;34m[1;95m[1;32m
[1;0m

======================================================================
PRO AI SINGLE TURN TEST (TripleA Purchase & Place)
======================================================================
Starting Player: Jap
Starting Money: 33 IPCs
Total units on board: 58
======================================================================
Enemy Attack Options (per-enemy):
Enemy: Rus
Enemy: Eng
  Sea: Sea_44 Fighters: 0 Subs: 1 Destroyers: 1
Enemy: USA
  Land: French_Indo_China_Thailand Fighters: 1
  Land: Solomon_Islands Fighters: 1
  Land: Wake_Island Fighters: 1
  Land: Yunnan Fighters: 1
  Sea: Sea_44 Fighters: 2 Subs: 1 Destroyers: 2
  Sea: Sea_60 Fighters: 1 Subs: 0 Destroyers: 0
  Sea: Sea_61 Fighters: 1 Subs: 0 Destroyers: 0
Enemy Attack Options (aggregated max):
  Land: French_Indo_China_Thailand Inf: 0 Art: 0 Tank: 0 Ftr: 1 Bmb: 0 Str: 3
  Land: Solomon_Islands Inf: 0 Art: 0 Tank: 0 Ftr: 1 Bmb: 0 Str: 3
  Land: Wake_Island Inf: 0 Art: 0 Tank: 0 Ftr: 1 Bmb: 0 Str: 3
  Land: Yunnan Inf: 0 Art: 0 Tank: 0 Ftr: 1 Bmb: 0 Str: 3
      [SAFE] Sequential Battle Results: TUV=-8.49, Invaded%=0.0%, Battles=1
      [SAFE] Sequential Battle Results: TUV=-2.90, Invaded%=0.0%, Battles=1
      [SAFE] Sequential Battle Results: TUV=-2.89, Invaded%=0.0%, Battles=1
      [SAFE] Sequential Battle Results: TUV=-8.49, Invaded%=0.0%, Battles=1
    Possible My Target Territory: India_Air
      Battle Results (TUV, Invaded %):  9 ,  1
      Attack Value:  33
    Possible My Target Territory: Midway_Air
      Battle Results (TUV, Invaded %):  -1.5269999999999999 ,  0
    Possible My Target Territory: Szechwan_Air
      Battle Results (TUV, Invaded %):  7.9779999999999998 ,  1
      Attack Value:  7.9779999999999998
Trying  Szechwan

======================================================================
PRO AI TURN COMPLETE
======================================================================
Next Player: USA
Final Money: 33 IPCs
Units Added: 5
Game Score: 0.1
======================================================================

round_num:  43
[1;32m --------------------
Current Player:  USA
Money:  40 [1;0m 

[1;95mAnglo_Egyptian_Sudan (Owner:  Eng )
[1;32m (Units:  USA )
INF_1_MOVES : 1
ARTY_1_MOVES : 2
[1;31m[1;34m[1;95m (Units:  Eng )
FIGHTER : 1
[1;33m
[1;31mArchangel (Owner:  Rus )
[1;32m[1;31m (Units:  Rus )
INF : 1
[1;34m[1;95m[1;33m
[1;34mBaltic_States (Owner:  Ger )
[1;32m[1;31m[1;34m (Units:  Ger )
INF : 1
ARTY : 1
FIGHTER : 4
[1;95m[1;33m
[1;95mBelgian_Congo (Owner:  Eng )
[1;32m (Units:  USA )
INF_1_MOVES : 1
TANK_2_MOVES : 1
[1;31m[1;34m[1;95m[1;33m
[1;33mBorneo (Owner:  Jap )
[1;32m[1;31m[1;34m[1;95m[1;33m (Units:  Jap )
INF : 1

[1;33mCaroline_Islands (Owner:  Jap )
[1;32m[1;31m[1;34m[1;95m[1;33m (Units:  Jap )
INF : 1

[1;31mCaucasus (Owner:  Rus ) builds: 2 factory-prod: 4
[1;32m (Units:  USA )
INF_1_MOVES : 2
ARTY_1_MOVES : 1
[1;31m (Units:  Rus )
INF : 5
[1;34m[1;95m (Units:  Eng )
INF : 7
[1;33m
[1;33mEast_Indies (Owner:  Jap )
[1;32m[1;31m[1;34m[1;95m[1;33m (Units:  Jap )
INF : 2

[1;95mEastern_Australia (Owner:  Eng )
[1;32m[1;31m[1;34m[1;95m (Units:  Eng )
INF : 2
[1;33m
[1;32mEastern_United_States (Owner:  USA ) builds: 12 factory-prod: 12
[1;32m (Units:  USA )
ARTY_1_MOVES : 2
TANK_2_MOVES : 2
FIGHTER_UNMOVED : 1
BOMBER_UNMOVED : 1
[1;31m[1;34m[1;95m (Units:  Eng )
INF : 1
[1;33m
[1;31mFinland (Owner:  Rus )
[1;32m (Units:  USA )
INF_1_MOVES : 2
TANK_2_MOVES : 1
[1;31m[1;34m[1;95m[1;33m
[1;95mFrench_Equatorial_Africa (Owner:  Eng )
[1;32m (Units:  USA )
TANK_2_MOVES : 2
[1;31m[1;34m[1;95m[1;33m
[1;33mFrench_Indo_China_Thailand (Owner:  Jap )
[1;32m[1;31m[1;34m[1;95m[1;33m (Units:  Jap )
INF : 7
ARTY : 3
TANK : 9

[1;95mFrench_West_Africa (Owner:  Eng )
[1;32m (Units:  USA )
INF_1_MOVES : 1
TANK_2_MOVES : 1
[1;31m[1;34m[1;95m[1;33m
[1;34mGermany (Owner:  Ger ) factory-prod: 10
[1;32m[1;31m[1;34m (Units:  Ger )
INF : 99
ARTY : 2
TANK : 1
[1;95m[1;33m
[1;32mHawaiian_Islands (Owner:  USA )
[1;32m (Units:  USA )
INF_1_MOVES : 1
FIGHTER_UNMOVED : 1
[1;31m[1;34m[1;95m[1;33m
[1;95mIndia (Owner:  Eng ) factory-prod: 3
[1;32m[1;31m[1;34m[1;95m (Units:  Eng )
INF : 2
ARTY : 1
AAGUN : 1
[1;33m
[1;34mItaly (Owner:  Ger ) builds: 2 factory-prod: 3
[1;32m[1;31m[1;34m (Units:  Ger )
INF : 1
[1;95m[1;33m
[1;33mIwo_Jima (Owner:  Jap )
[1;32m[1;31m[1;34m[1;95m[1;33m (Units:  Jap )
INF : 1

[1;33mJapan (Owner:  Jap ) builds: 2 factory-prod: 8
[1;32m[1;31m[1;34m[1;95m[1;33m (Units:  Jap )
INF : 1
ARTY : 1
TANK : 3
FIGHTER : 1
BOMBER : 1

[1;31mKarelia_SSR (Owner:  Rus ) builds: 2 factory-prod: 2
[1;32m[1;31m (Units:  Rus )
INF : 27
ARTY : 7
TANK : 2
[1;34m[1;95m (Units:  Eng )
INF : 9
ARTY : 1
TANK : 1
[1;33m
[1;32mMidway (Owner:  USA )
[1;32m (Units:  USA )
INF_1_MOVES : 1
[1;31m[1;34m[1;95m[1;33m
[1;33mNew_Guinea (Owner:  Jap )
[1;32m[1;31m[1;34m[1;95m[1;33m (Units:  Jap )
INF : 1

[1;95mNew_Zealand (Owner:  Eng )
[1;32m[1;31m[1;34m[1;95m (Units:  Eng )
INF : 1
[1;33m
[1;34mNorthwestern_Europe (Owner:  Ger )
[1;32m[1;31m[1;34m (Units:  Ger )
FIGHTER : 1
[1;95m[1;33m
[1;33mOkinawa (Owner:  Jap )
[1;32m[1;31m[1;34m[1;95m[1;33m (Units:  Jap )
INF : 1

[1;95mPersia (Owner:  Eng )
[1;32m[1;31m[1;34m[1;95m (Units:  Eng )
INF : 7
ARTY : 1
[1;33m
[1;33mPhilippine_Islands (Owner:  Jap )
[1;32m[1;31m[1;34m[1;95m[1;33m (Units:  Jap )
INF : 1
ARTY : 1

[1;31mRussia (Owner:  Rus ) builds: 8 factory-prod: 8
[1;32m[1;31m (Units:  Rus )
INF : 1
ARTY : 1
[1;34m[1;95m[1;33m
[1;33mSolomon_Islands (Owner:  Jap )
[1;32m[1;31m[1;34m[1;95m[1;33m (Units:  Jap )
INF : 1

[1;32mSzechwan (Owner:  USA )
[1;32m (Units:  USA )
FIGHTER_UNMOVED : 1
[1;31m[1;34m[1;95m[1;33m
[1;95mUnited_Kingdom (Owner:  Eng ) builds: 5 factory-prod: 8
[1;32m[1;31m[1;34m[1;95m (Units:  Eng )
FIGHTER : 2
BOMBER : 1
[1;33m
[1;33mWake_Island (Owner:  Jap )
[1;32m[1;31m[1;34m[1;95m[1;33m (Units:  Jap )
INF : 1

[1;32mWestern_United_States (Owner:  USA ) builds: 10 factory-prod: 10
[1;32m (Units:  USA )
INF_1_MOVES : 3
ARTY_1_MOVES : 1
FIGHTER_UNMOVED : 1
[1;31m[1;34m[1;95m[1;33m
[1;33mYunnan (Owner:  Jap )
[1;32m[1;31m[1;34m[1;95m[1;33m (Units:  Jap )
INF : 14
ARTY : 5
TANK : 9

[1;0mSea_4
[1;32m[1;31m (Units:  Rus )
SUB : 1
DESTROYER : 1
[1;34m (Units:  Ger )
DESTROYER : 1
[1;95m[1;33m
[1;0mSea_5
[1;32m[1;31m[1;34m (Units:  Ger )
TRANS_EMPTY : 1
SUB : 2
DESTROYER : 9
CRUISER : 1
[1;95m[1;33m
[1;0mSea_6
[1;32m[1;31m[1;34m[1;95m (Units:  Eng )
TRANS_EMPTY : 6
SUB : 2
DESTROYER : 1
[1;33m
[1;0mSea_8
[1;32m[1;31m[1;34m[1;95m (Units:  Eng )
TRANS_EMPTY : 1
DESTROYER : 20
CRUISER : 1
BATTLESHIP : 1
[1;33m
[1;0mSea_9
[1;32m[1;31m[1;34m (Units:  Ger )
SUB : 2
[1;95m[1;33m
[1;0mSea_11
[1;32m (Units:  USA )
TRANS_EMPTY_UNMOVED : 5
SUB_2_MOVES : 2
DESTROYER_2_MOVES : 1
[1;31m[1;34m[1;95m[1;33m
[1;0mSea_12
[1;32m (Units:  USA )
TRANS_EMPTY_UNMOVED : 1
DESTROYER_2_MOVES : 3
BATTLESHIP_2_MOVES : 1
[1;31m[1;34m[1;95m[1;33m
[1;0mSea_15
[1;32m[1;31m[1;34m (Units:  Ger )
SUB : 2
[1;95m[1;33m
[1;0mSea_16
[1;32m[1;31m (Units:  Rus )
SUB : 3
DESTROYER : 5
BATTLESHIP : 2
[1;34m[1;95m[1;33m
[1;0mSea_17
[1;32m[1;31m[1;34m[1;95m (Units:  Eng )
TRANS_EMPTY : 1
[1;33m
[1;0mSea_23
[1;32m (Units:  USA )
TRANS_EMPTY_UNMOVED : 2
[1;31m[1;34m[1;95m[1;33m
[1;0mSea_24
[1;32m (Units:  USA )
TRANS_EMPTY_UNMOVED : 1
[1;31m[1;34m[1;95m[1;33m
[1;0mSea_39
[1;32m[1;31m[1;34m[1;95m (Units:  Eng )
SUB : 1
[1;33m
[1;0mSea_44
[1;32m[1;31m[1;34m[1;95m[1;33m (Units:  Jap )
SUB : 1

[1;0mSea_45
[1;32m[1;31m[1;34m[1;95m (Units:  Eng )
TRANS_EMPTY : 1
DESTROYER : 1
CARRIER : 1
CRUISER : 2
FIGHTER : 1
[1;33m
[1;0mSea_53
[1;32m (Units:  USA )
SUB_2_MOVES : 1
[1;31m[1;34m[1;95m[1;33m
[1;0mSea_56
[1;32m (Units:  USA )
TRANS_EMPTY_UNMOVED : 6
DESTROYER_2_MOVES : 2
CARRIER_2_MOVES : 1
CRUISER_2_MOVES : 1
BATTLESHIP_2_MOVES : 7
FIGHTER_UNMOVED : 1
[1;31m[1;34m[1;95m[1;33m
[1;0mSea_60
[1;32m[1;31m[1;34m (Units:  Ger )
TRANS_EMPTY : 1
BATTLESHIP : 1
[1;95m[1;33m (Units:  Jap )
TRANS_EMPTY : 8
DESTROYER : 2

[1;0mSea_61
[1;32m[1;31m[1;34m[1;95m[1;33m (Units:  Jap )
TRANS_EMPTY : 4
DESTROYER : 3
CARRIER : 2
CRUISER : 1
BATTLESHIP : 3
FIGHTER : 3

[1;0m

======================================================================
PRO AI SINGLE TURN TEST (TripleA Purchase & Place)
======================================================================
Starting Player: USA
Starting Money: 40 IPCs
Total units on board: 25
======================================================================
Enemy Attack Options (per-enemy):
Enemy: Ger
  Land: Caucasus Fighters: 4
  Land: Finland Fighters: 5
  Sea: Sea_11 Fighters: 0 Subs: 2 Destroyers: 0
  Sea: Sea_12 Fighters: 0 Subs: 2 Destroyers: 0
  Sea: Sea_23 Fighters: 0 Subs: 2 Destroyers: 0
Enemy: Jap
  Land: Midway Bombers: 1
  Land: Szechwan Bombers: 1
  Land: Szechwan Infantry: 14
  Land: Szechwan Artillery: 5
  Land: Szechwan Tanks: 9
  Sea: Sea_53 Fighters: 0 Subs: 1 Destroyers: 0
  Sea: Sea_56 Fighters: 0 Subs: 1 Destroyers: 0
Enemy Attack Options (aggregated max):
  Land: Caucasus Inf: 0 Art: 0 Tank: 0 Ftr: 4 Bmb: 0 Str: 12
  Land: Finland Inf: 0 Art: 0 Tank: 0 Ftr: 5 Bmb: 0 Str: 15
  Land: Midway Inf: 0 Art: 0 Tank: 0 Ftr: 0 Bmb: 1 Str: 4
  Land: Szechwan Inf: 14 Art: 5 Tank: 9 Ftr: 0 Bmb: 1 Str: 55
      [SAFE] Sequential Battle Results: TUV=-1.63, Invaded%=0.0%, Battles=1
    Possible My Target Territory: Baltic_States_Air
      Battle Results (TUV, Invaded %):  -4.5359999999999996 ,  0
    Possible My Target Territory: French_Indo_China_Thailand_Air
      Battle Results (TUV, Invaded %):  -8.521 ,  0
    Possible My Target Territory: Solomon_Islands_Air
      Battle Results (TUV, Invaded %):  -2.9009999999999998 ,  0
    Possible My Target Territory: Wake_Island_Air
      Battle Results (TUV, Invaded %):  -2.9009999999999998 ,  0
    Possible My Target Territory: Yunnan_Air
      Battle Results (TUV, Invaded %):  -8.509 ,  0

======================================================================
PRO AI TURN COMPLETE
======================================================================
Next Player: Rus
Final Money: 40 IPCs
Units Added: 4
Game Score: 0.1
======================================================================

round_num:  44
[1;31m --------------------
Current Player:  Rus
Money:  28 [1;0m 

[1;95mAnglo_Egyptian_Sudan (Owner:  Eng )
[1;31m[1;34m[1;95m (Units:  Eng )
FIGHTER : 1
[1;33m[1;32m (Units:  USA )
INF : 1
TANK : 2

[1;31mArchangel (Owner:  Rus )
[1;31m (Units:  Rus )
INF_1_MOVES : 1
[1;34m[1;95m[1;33m[1;32m
[1;34mBaltic_States (Owner:  Ger )
[1;31m[1;34m (Units:  Ger )
INF : 1
ARTY : 1
FIGHTER : 4
[1;95m[1;33m[1;32m
[1;95mBelgian_Congo (Owner:  Eng )
[1;31m[1;34m[1;95m[1;33m[1;32m (Units:  USA )
INF : 1
TANK : 2

[1;33mBorneo (Owner:  Jap )
[1;31m[1;34m[1;95m[1;33m (Units:  Jap )
INF : 1
[1;32m
[1;33mCaroline_Islands (Owner:  Jap )
[1;31m[1;34m[1;95m[1;33m (Units:  Jap )
INF : 1
[1;32m
[1;31mCaucasus (Owner:  Rus ) builds: 4 factory-prod: 4
[1;31m (Units:  Rus )
INF_1_MOVES : 5
[1;34m[1;95m (Units:  Eng )
INF : 7
[1;33m[1;32m (Units:  USA )
INF : 2
ARTY : 1

[1;33mEast_Indies (Owner:  Jap )
[1;31m[1;34m[1;95m[1;33m (Units:  Jap )
INF : 2
[1;32m
[1;95mEastern_Australia (Owner:  Eng )
[1;31m[1;34m[1;95m (Units:  Eng )
INF : 2
[1;33m[1;32m
[1;32mEastern_United_States (Owner:  USA ) builds: 6 factory-prod: 12
[1;31m[1;34m[1;95m (Units:  Eng )
INF : 1
[1;33m[1;32m (Units:  USA )
INF : 2
TANK : 2
FIGHTER : 1
BOMBER : 1

[1;95mEgypt (Owner:  Eng )
[1;31m[1;34m[1;95m[1;33m[1;32m (Units:  USA )
INF : 1
ARTY : 2

[1;33mFrench_Indo_China_Thailand (Owner:  Jap )
[1;31m[1;34m[1;95m[1;33m (Units:  Jap )
INF : 7
ARTY : 3
TANK : 9
[1;32m
[1;95mFrench_West_Africa (Owner:  Eng )
[1;31m[1;34m[1;95m[1;33m[1;32m (Units:  USA )
ARTY : 2
TANK : 2

[1;34mGermany (Owner:  Ger ) factory-prod: 10
[1;31m[1;34m (Units:  Ger )
INF : 99
ARTY : 2
TANK : 1
[1;95m[1;33m[1;32m
[1;32mHawaiian_Islands (Owner:  USA )
[1;31m[1;34m[1;95m[1;33m[1;32m (Units:  USA )
INF : 1
FIGHTER : 1

[1;95mIndia (Owner:  Eng ) factory-prod: 3
[1;31m[1;34m[1;95m (Units:  Eng )
INF : 2
ARTY : 1
AAGUN : 1
[1;33m[1;32m
[1;34mItaly (Owner:  Ger ) builds: 2 factory-prod: 3
[1;31m[1;34m (Units:  Ger )
INF : 1
[1;95m[1;33m[1;32m
[1;33mIwo_Jima (Owner:  Jap )
[1;31m[1;34m[1;95m[1;33m (Units:  Jap )
INF : 1
[1;32m
[1;33mJapan (Owner:  Jap ) builds: 2 factory-prod: 8
[1;31m[1;34m[1;95m[1;33m (Units:  Jap )
INF : 1
ARTY : 1
TANK : 3
FIGHTER : 1
BOMBER : 1
[1;32m
[1;31mKarelia_SSR (Owner:  Rus ) builds: 2 factory-prod: 2
[1;31m (Units:  Rus )
INF_1_MOVES : 27
ARTY_1_MOVES : 7
TANK_2_MOVES : 2
[1;34m[1;95m (Units:  Eng )
INF : 9
ARTY : 1
TANK : 1
[1;33m[1;32m (Units:  USA )
INF : 2
TANK : 1

[1;32mMidway (Owner:  USA )
[1;31m[1;34m[1;95m[1;33m[1;32m (Units:  USA )
INF : 1

[1;33mNew_Guinea (Owner:  Jap )
[1;31m[1;34m[1;95m[1;33m (Units:  Jap )
INF : 1
[1;32m
[1;95mNew_Zealand (Owner:  Eng )
[1;31m[1;34m[1;95m (Units:  Eng )
INF : 1
[1;33m[1;32m
[1;34mNorthwestern_Europe (Owner:  Ger )
[1;31m[1;34m (Units:  Ger )
FIGHTER : 1
[1;95m[1;33m[1;32m
[1;33mOkinawa (Owner:  Jap )
[1;31m[1;34m[1;95m[1;33m (Units:  Jap )
INF : 1
[1;32m
[1;95mPersia (Owner:  Eng )
[1;31m[1;34m[1;95m (Units:  Eng )
INF : 7
ARTY : 1
[1;33m[1;32m
[1;33mPhilippine_Islands (Owner:  Jap )
[1;31m[1;34m[1;95m[1;33m (Units:  Jap )
INF : 1
ARTY : 1
[1;32m
[1;31mRussia (Owner:  Rus ) builds: 8 factory-prod: 8
[1;31m (Units:  Rus )
INF_1_MOVES : 1
ARTY_1_MOVES : 1
[1;34m[1;95m[1;33m[1;32m
[1;33mSolomon_Islands (Owner:  Jap )
[1;31m[1;34m[1;95m[1;33m (Units:  Jap )
INF : 1
[1;32m
[1;32mSzechwan (Owner:  USA )
[1;31m[1;34m[1;95m[1;33m[1;32m (Units:  USA )
FIGHTER : 1

[1;95mUnited_Kingdom (Owner:  Eng ) builds: 5 factory-prod: 8
[1;31m[1;34m[1;95m (Units:  Eng )
FIGHTER : 2
BOMBER : 1
[1;33m[1;32m
[1;33mWake_Island (Owner:  Jap )
[1;31m[1;34m[1;95m[1;33m (Units:  Jap )
INF : 1
[1;32m
[1;32mWestern_United_States (Owner:  USA ) builds: 9 factory-prod: 10
[1;31m[1;34m[1;95m[1;33m[1;32m (Units:  USA )
INF : 3
ARTY : 1
FIGHTER : 1

[1;33mYunnan (Owner:  Jap )
[1;31m[1;34m[1;95m[1;33m (Units:  Jap )
INF : 14
ARTY : 5
TANK : 9
[1;32m
[1;0mSea_4
[1;31m (Units:  Rus )
SUB_2_MOVES : 1
DESTROYER_2_MOVES : 1
[1;34m (Units:  Ger )
DESTROYER : 1
[1;95m[1;33m[1;32m
[1;0mSea_5
[1;31m[1;34m (Units:  Ger )
TRANS_EMPTY : 1
SUB : 2
DESTROYER : 9
CRUISER : 1
[1;95m[1;33m[1;32m
[1;0mSea_6
[1;31m[1;34m[1;95m (Units:  Eng )
TRANS_EMPTY : 6
SUB : 2
DESTROYER : 1
[1;33m[1;32m
[1;0mSea_8
[1;31m[1;34m[1;95m (Units:  Eng )
TRANS_EMPTY : 1
DESTROYER : 20
CRUISER : 1
BATTLESHIP : 1
[1;33m[1;32m
[1;0mSea_9
[1;31m[1;34m (Units:  Ger )
SUB : 2
[1;95m[1;33m[1;32m
[1;0mSea_11
[1;31m[1;34m[1;95m[1;33m[1;32m (Units:  USA )
TRANS_EMPTY : 3
SUB : 2
DESTROYER : 2

[1;0mSea_12
[1;31m[1;34m[1;95m[1;33m[1;32m (Units:  USA )
TRANS_EMPTY : 2
DESTROYER : 3
BATTLESHIP : 1

[1;0mSea_15
[1;31m[1;34m (Units:  Ger )
SUB : 2
[1;95m[1;33m[1;32m
[1;0mSea_16
[1;31m (Units:  Rus )
SUB_2_MOVES : 3
DESTROYER_2_MOVES : 5
BATTLESHIP_2_MOVES : 2
[1;34m[1;95m[1;33m[1;32m
[1;0mSea_17
[1;31m[1;34m[1;95m (Units:  Eng )
TRANS_EMPTY : 1
[1;33m[1;32m
[1;0mSea_23
[1;31m[1;34m[1;95m[1;33m[1;32m (Units:  USA )
TRANS_EMPTY : 4

[1;0mSea_24
[1;31m[1;34m[1;95m[1;33m[1;32m (Units:  USA )
TRANS_EMPTY : 1

[1;0mSea_39
[1;31m[1;34m[1;95m (Units:  Eng )
SUB : 1
[1;33m[1;32m
[1;0mSea_44
[1;31m[1;34m[1;95m[1;33m (Units:  Jap )
SUB : 1
[1;32m
[1;0mSea_45
[1;31m[1;34m[1;95m (Units:  Eng )
TRANS_EMPTY : 1
DESTROYER : 1
CARRIER : 1
CRUISER : 2
FIGHTER : 1
[1;33m[1;32m
[1;0mSea_53
[1;31m[1;34m[1;95m[1;33m[1;32m (Units:  USA )
SUB : 1

[1;0mSea_56
[1;31m[1;34m[1;95m[1;33m[1;32m (Units:  USA )
TRANS_EMPTY : 7
DESTROYER : 2
CARRIER : 1
CRUISER : 1
BATTLESHIP : 7
FIGHTER : 1

[1;0mSea_60
[1;31m[1;34m (Units:  Ger )
TRANS_EMPTY : 1
BATTLESHIP : 1
[1;95m[1;33m (Units:  Jap )
TRANS_EMPTY : 8
DESTROYER : 2
[1;32m
[1;0mSea_61
[1;31m[1;34m[1;95m[1;33m (Units:  Jap )
TRANS_EMPTY : 4
DESTROYER : 3
CARRIER : 2
CRUISER : 1
BATTLESHIP : 3
FIGHTER : 3
[1;32m
[1;0m

======================================================================
PRO AI SINGLE TURN TEST (TripleA Purchase & Place)
======================================================================
Starting Player: Rus
Starting Money: 28 IPCs
Total units on board: 44
======================================================================
Enemy Attack Options (per-enemy):
Enemy: Ger
  Land: Archangel Fighters: 5
  Land: Caucasus Fighters: 4
  Land: Karelia_SSR Fighters: 5
  Land: Karelia_SSR Infantry: 1
  Land: Karelia_SSR Artillery: 1
  Land: Russia Fighters: 4
  Sea: Sea_5 Fighters: 5 Subs: 0 Destroyers: 0
  Sea: Sea_16 Fighters: 5 Subs: 2 Destroyers: 0
Enemy: Jap
Enemy Attack Options (aggregated max):
  Land: Archangel Inf: 0 Art: 0 Tank: 0 Ftr: 5 Bmb: 0 Str: 15
  Land: Caucasus Inf: 0 Art: 0 Tank: 0 Ftr: 4 Bmb: 0 Str: 12
  Land: Karelia_SSR Inf: 1 Art: 1 Tank: 0 Ftr: 5 Bmb: 0 Str: 18
  Land: Russia Inf: 0 Art: 0 Tank: 0 Ftr: 4 Bmb: 0 Str: 12
      [SAFE] Sequential Battle Results: TUV=-0.28, Invaded%=0.0%, Battles=1
      [SAFE] Sequential Battle Results: TUV=-34.00, Invaded%=0.0%, Battles=1
      [SAFE] Sequential Battle Results: TUV=-47.48, Invaded%=0.0%, Battles=1
      [SAFE] Sequential Battle Results: TUV=0.30, Invaded%=0.0%, Battles=1
    Possible My Target Territory: Baltic_States_Air
      Battle Results (TUV, Invaded %):  37.036999999999999 ,  1
      Attack Value:  37.036999999999999
Trying  Baltic_States
Starting combat round  0  for land  Baltic_States
Starting combat round  1  for land  Baltic_States
Starting combat round  2  for land  Baltic_States

======================================================================
PRO AI TURN COMPLETE
======================================================================
Next Player: Ger
Final Money: 29 IPCs
Units Added: -6
Game Score: -0.1
======================================================================

round_num:  45
[1;34m --------------------
Current Player:  Ger
Money:  38 [1;0m 

[1;95mAnglo_Egyptian_Sudan (Owner:  Eng )
[1;34m[1;31m[1;95m (Units:  Eng )
FIGHTER : 1
[1;33m[1;32m (Units:  USA )
INF : 1
TANK : 2

[1;31mArchangel (Owner:  Rus )
[1;34m[1;31m (Units:  Rus )
INF : 26
[1;95m[1;33m[1;32m
[1;31mBaltic_States (Owner:  Rus )
[1;34m[1;31m (Units:  Rus )
ARTY : 1
TANK : 2
[1;95m[1;33m[1;32m
[1;95mBelgian_Congo (Owner:  Eng )
[1;34m[1;31m[1;95m[1;33m[1;32m (Units:  USA )
INF : 1
TANK : 2

[1;33mBorneo (Owner:  Jap )
[1;34m[1;31m[1;95m[1;33m (Units:  Jap )
INF : 1
[1;32m
[1;33mCaroline_Islands (Owner:  Jap )
[1;34m[1;31m[1;95m[1;33m (Units:  Jap )
INF : 1
[1;32m
[1;31mCaucasus (Owner:  Rus ) builds: 2 factory-prod: 4
[1;34m[1;31m (Units:  Rus )
INF : 1
ARTY : 1
[1;95m (Units:  Eng )
INF : 7
[1;33m[1;32m (Units:  USA )
INF : 2
ARTY : 1

[1;33mEast_Indies (Owner:  Jap )
[1;34m[1;31m[1;95m[1;33m (Units:  Jap )
INF : 2
[1;32m
[1;95mEastern_Australia (Owner:  Eng )
[1;34m[1;31m[1;95m (Units:  Eng )
INF : 2
[1;33m[1;32m
[1;32mEastern_United_States (Owner:  USA ) builds: 6 factory-prod: 12
[1;34m[1;31m[1;95m (Units:  Eng )
INF : 1
[1;33m[1;32m (Units:  USA )
INF : 2
TANK : 2
FIGHTER : 1
BOMBER : 1

[1;95mEgypt (Owner:  Eng )
[1;34m[1;31m[1;95m[1;33m[1;32m (Units:  USA )
INF : 1
ARTY : 2

[1;33mFrench_Indo_China_Thailand (Owner:  Jap )
[1;34m[1;31m[1;95m[1;33m (Units:  Jap )
INF : 7
ARTY : 3
TANK : 9
[1;32m
[1;95mFrench_West_Africa (Owner:  Eng )
[1;34m[1;31m[1;95m[1;33m[1;32m (Units:  USA )
ARTY : 2
TANK : 2

[1;34mGermany (Owner:  Ger ) builds: 10 factory-prod: 10
[1;34m (Units:  Ger )
INF_1_MOVES : 99
ARTY_1_MOVES : 2
TANK_2_MOVES : 1
[1;31m[1;95m[1;33m[1;32m
[1;32mHawaiian_Islands (Owner:  USA )
[1;34m[1;31m[1;95m[1;33m[1;32m (Units:  USA )
INF : 1
FIGHTER : 1

[1;95mIndia (Owner:  Eng ) factory-prod: 3
[1;34m[1;31m[1;95m (Units:  Eng )
INF : 2
ARTY : 1
AAGUN : 1
[1;33m[1;32m
[1;34mItaly (Owner:  Ger ) builds: 3 factory-prod: 3
[1;34m (Units:  Ger )
INF_1_MOVES : 1
[1;31m[1;95m[1;33m[1;32m
[1;33mIwo_Jima (Owner:  Jap )
[1;34m[1;31m[1;95m[1;33m (Units:  Jap )
INF : 1
[1;32m
[1;33mJapan (Owner:  Jap ) builds: 2 factory-prod: 8
[1;34m[1;31m[1;95m[1;33m (Units:  Jap )
INF : 1
ARTY : 1
TANK : 3
FIGHTER : 1
BOMBER : 1
[1;32m
[1;31mKarelia_SSR (Owner:  Rus ) builds: 2 factory-prod: 2
[1;34m[1;31m (Units:  Rus )
INF : 1
[1;95m (Units:  Eng )
INF : 9
ARTY : 1
TANK : 1
[1;33m[1;32m (Units:  USA )
INF : 2
TANK : 1

[1;32mMidway (Owner:  USA )
[1;34m[1;31m[1;95m[1;33m[1;32m (Units:  USA )
INF : 1

[1;33mNew_Guinea (Owner:  Jap )
[1;34m[1;31m[1;95m[1;33m (Units:  Jap )
INF : 1
[1;32m
[1;95mNew_Zealand (Owner:  Eng )
[1;34m[1;31m[1;95m (Units:  Eng )
INF : 1
[1;33m[1;32m
[1;34mNorthwestern_Europe (Owner:  Ger )
[1;34m (Units:  Ger )
FIGHTER_UNMOVED : 1
[1;31m[1;95m[1;33m[1;32m
[1;33mOkinawa (Owner:  Jap )
[1;34m[1;31m[1;95m[1;33m (Units:  Jap )
INF : 1
[1;32m
[1;95mPersia (Owner:  Eng )
[1;34m[1;31m[1;95m (Units:  Eng )
INF : 7
ARTY : 1
[1;33m[1;32m
[1;33mPhilippine_Islands (Owner:  Jap )
[1;34m[1;31m[1;95m[1;33m (Units:  Jap )
INF : 1
ARTY : 1
[1;32m
[1;31mRussia (Owner:  Rus ) builds: 8 factory-prod: 8
[1;34m[1;31m (Units:  Rus )
INF : 6
[1;95m[1;33m[1;32m
[1;33mSolomon_Islands (Owner:  Jap )
[1;34m[1;31m[1;95m[1;33m (Units:  Jap )
INF : 1
[1;32m
[1;32mSzechwan (Owner:  USA )
[1;34m[1;31m[1;95m[1;33m[1;32m (Units:  USA )
FIGHTER : 1

[1;95mUnited_Kingdom (Owner:  Eng ) builds: 5 factory-prod: 8
[1;34m[1;31m[1;95m (Units:  Eng )
FIGHTER : 2
BOMBER : 1
[1;33m[1;32m
[1;33mWake_Island (Owner:  Jap )
[1;34m[1;31m[1;95m[1;33m (Units:  Jap )
INF : 1
[1;32m
[1;32mWestern_United_States (Owner:  USA ) builds: 9 factory-prod: 10
[1;34m[1;31m[1;95m[1;33m[1;32m (Units:  USA )
INF : 3
ARTY : 1
FIGHTER : 1

[1;33mYunnan (Owner:  Jap )
[1;34m[1;31m[1;95m[1;33m (Units:  Jap )
INF : 14
ARTY : 5
TANK : 9
[1;32m
[1;0mSea_4
[1;34m (Units:  Ger )
DESTROYER_2_MOVES : 1
[1;31m (Units:  Rus )
SUB : 1
DESTROYER : 1
[1;95m[1;33m[1;32m
[1;0mSea_5
[1;34m (Units:  Ger )
TRANS_EMPTY_UNMOVED : 1
SUB_2_MOVES : 2
DESTROYER_2_MOVES : 9
CRUISER_2_MOVES : 1
[1;31m[1;95m[1;33m[1;32m
[1;0mSea_6
[1;34m[1;31m[1;95m (Units:  Eng )
TRANS_EMPTY : 6
SUB : 2
DESTROYER : 1
[1;33m[1;32m
[1;0mSea_8
[1;34m[1;31m[1;95m (Units:  Eng )
TRANS_EMPTY : 1
DESTROYER : 20
CRUISER : 1
BATTLESHIP : 1
[1;33m[1;32m
[1;0mSea_9
[1;34m (Units:  Ger )
SUB_2_MOVES : 2
[1;31m[1;95m[1;33m[1;32m
[1;0mSea_11
[1;34m[1;31m[1;95m[1;33m[1;32m (Units:  USA )
TRANS_EMPTY : 3
SUB : 2
DESTROYER : 2

[1;0mSea_12
[1;34m[1;31m[1;95m[1;33m[1;32m (Units:  USA )
TRANS_EMPTY : 2
DESTROYER : 3
BATTLESHIP : 1

[1;0mSea_15
[1;34m (Units:  Ger )
SUB_2_MOVES : 2
[1;31m[1;95m[1;33m[1;32m
[1;0mSea_16
[1;34m[1;31m (Units:  Rus )
SUB : 3
DESTROYER : 6
BATTLESHIP : 3
[1;95m[1;33m[1;32m
[1;0mSea_17
[1;34m[1;31m[1;95m (Units:  Eng )
TRANS_EMPTY : 1
[1;33m[1;32m
[1;0mSea_23
[1;34m[1;31m[1;95m[1;33m[1;32m (Units:  USA )
TRANS_EMPTY : 4

[1;0mSea_24
[1;34m[1;31m[1;95m[1;33m[1;32m (Units:  USA )
TRANS_EMPTY : 1

[1;0mSea_39
[1;34m[1;31m[1;95m (Units:  Eng )
SUB : 1
[1;33m[1;32m
[1;0mSea_44
[1;34m[1;31m[1;95m[1;33m (Units:  Jap )
SUB : 1
[1;32m
[1;0mSea_45
[1;34m[1;31m[1;95m (Units:  Eng )
TRANS_EMPTY : 1
DESTROYER : 1
CARRIER : 1
CRUISER : 2
FIGHTER : 1
[1;33m[1;32m
[1;0mSea_53
[1;34m[1;31m[1;95m[1;33m[1;32m (Units:  USA )
SUB : 1

[1;0mSea_56
[1;34m[1;31m[1;95m[1;33m[1;32m (Units:  USA )
TRANS_EMPTY : 7
DESTROYER : 2
CARRIER : 1
CRUISER : 1
BATTLESHIP : 7
FIGHTER : 1

[1;0mSea_60
[1;34m (Units:  Ger )
TRANS_EMPTY_UNMOVED : 1
BATTLESHIP_2_MOVES : 1
[1;31m[1;95m[1;33m (Units:  Jap )
TRANS_EMPTY : 8
DESTROYER : 2
[1;32m
[1;0mSea_61
[1;34m[1;31m[1;95m[1;33m (Units:  Jap )
TRANS_EMPTY : 4
DESTROYER : 3
CARRIER : 2
CRUISER : 1
BATTLESHIP : 3
FIGHTER : 3
[1;32m
[1;0m

======================================================================
PRO AI SINGLE TURN TEST (TripleA Purchase & Place)
======================================================================
Starting Player: Ger
Starting Money: 38 IPCs
Total units on board: 103
======================================================================
Enemy Attack Options (per-enemy):
Enemy: Rus
  Land: Belorussia Infantry: 1
  Land: Belorussia Artillery: 1
  Land: Belorussia Tanks: 2
  Land: Bulgaria_Romania Tanks: 2
  Land: Germany Artillery: 1
  Land: Germany Tanks: 2
  Land: Poland Artillery: 1
  Land: Poland Tanks: 2
  Land: Ukraine_SSR Infantry: 1
  Land: Ukraine_SSR Artillery: 1
  Land: Ukraine_SSR Tanks: 2
  Sea: Sea_15 Fighters: 0 Subs: 3 Destroyers: 6
Enemy: Eng
  Land: Belorussia Infantry: 9
  Land: Belorussia Artillery: 1
  Land: Belorussia Tanks: 1
  Land: Germany Fighters: 2
  Land: Germany Bombers: 1
  Land: Italy Fighters: 2
  Land: Italy Bombers: 1
  Land: Northwestern_Europe Fighters: 2
  Land: Northwestern_Europe Bombers: 1
  Land: Norway Tanks: 1
  Land: Poland Tanks: 1
  Land: Ukraine_SSR Infantry: 7
  Land: Ukraine_SSR Tanks: 1
  Sea: Sea_4 Fighters: 0 Subs: 2 Destroyers: 1
  Sea: Sea_5 Fighters: 2 Subs: 2 Destroyers: 21
  Sea: Sea_9 Fighters: 0 Subs: 2 Destroyers: 21
Enemy: USA
  Land: Belorussia Infantry: 2
  Land: Belorussia Tanks: 1
  Land: Libya Infantry: 1
  Land: Libya Artillery: 2
  Land: Norway Tanks: 1
  Land: Poland Tanks: 1
  Land: Ukraine_SSR Infantry: 2
  Land: Ukraine_SSR Artillery: 1
  Land: Ukraine_SSR Tanks: 1
  Sea: Sea_9 Fighters: 0 Subs: 2 Destroyers: 5
  Sea: Sea_60 Fighters: 1 Subs: 0 Destroyers: 0
Enemy Attack Options (aggregated max):
  Land: Belorussia Inf: 9 Art: 1 Tank: 1 Ftr: 0 Bmb: 0 Str: 14
  Land: Bulgaria_Romania Inf: 0 Art: 0 Tank: 2 Ftr: 0 Bmb: 0 Str: 6
  Land: Germany Inf: 0 Art: 1 Tank: 2 Ftr: 0 Bmb: 0 Str: 8
  Land: Italy Inf: 0 Art: 0 Tank: 0 Ftr: 2 Bmb: 1 Str: 10
  Land: Libya Inf: 1 Art: 2 Tank: 0 Ftr: 0 Bmb: 0 Str: 5
  Land: Northwestern_Europe Inf: 0 Art: 0 Tank: 0 Ftr: 2 Bmb: 1 Str: 10
  Land: Norway Inf: 0 Art: 0 Tank: 1 Ftr: 0 Bmb: 0 Str: 3
  Land: Poland Inf: 0 Art: 1 Tank: 2 Ftr: 0 Bmb: 0 Str: 8
  Land: Ukraine_SSR Inf: 7 Art: 0 Tank: 1 Ftr: 0 Bmb: 0 Str: 10
      [SAFE] Sequential Battle Results: TUV=-38.98, Invaded%=0.0%, Battles=2
      [SAFE] Sequential Battle Results: TUV=-0.36, Invaded%=0.0%, Battles=1
      [SAFE] Sequential Battle Results: TUV=3.28, Invaded%=0.0%, Battles=1
    Possible My Target Territory: Archangel_Air
      Battle Results (TUV, Invaded %):  -8.478999999999999 ,  0
    Possible My Target Territory: Baltic_States_Air
      Battle Results (TUV, Invaded %):  12.028 ,  1
      Attack Value:  36.084
    Possible My Target Territory: Karelia_SSR_Air
      Battle Results (TUV, Invaded %):  -8.494 ,  0
    Possible My Target Territory: United_Kingdom_Air
      Battle Results (TUV, Invaded %):  -3.9399999999999999 ,  0
Trying  Baltic_States
Starting combat round  0  for land  Baltic_States

======================================================================
PRO AI TURN COMPLETE
======================================================================
Next Player: Eng
Final Money: 38 IPCs
Units Added: 9
Game Score: 0.1
======================================================================

round_num:  46
[1;95m --------------------
Current Player:  Eng
Money:  31 [1;0m 

[1;95mAnglo_Egyptian_Sudan (Owner:  Eng )
[1;95m (Units:  Eng )
FIGHTER_UNMOVED : 1
[1;31m[1;34m[1;33m[1;32m (Units:  USA )
INF : 1
TANK : 2

[1;31mArchangel (Owner:  Rus )
[1;95m[1;31m (Units:  Rus )
INF : 26
[1;34m[1;33m[1;32m
[1;34mBaltic_States (Owner:  Ger )
[1;95m[1;31m[1;34m (Units:  Ger )
INF : 97
ARTY : 2
[1;33m[1;32m
[1;95mBelgian_Congo (Owner:  Eng )
[1;95m[1;31m[1;34m[1;33m[1;32m (Units:  USA )
INF : 1
TANK : 2

[1;34mBelorussia (Owner:  Ger )
[1;95m[1;31m[1;34m (Units:  Ger )
FIGHTER : 1
[1;33m[1;32m
[1;33mBorneo (Owner:  Jap )
[1;95m[1;31m[1;34m[1;33m (Units:  Jap )
INF : 1
[1;32m
[1;33mCaroline_Islands (Owner:  Jap )
[1;95m[1;31m[1;34m[1;33m (Units:  Jap )
INF : 1
[1;32m
[1;31mCaucasus (Owner:  Rus ) builds: 2 factory-prod: 4
[1;95m (Units:  Eng )
INF_1_MOVES : 7
[1;31m (Units:  Rus )
INF : 1
ARTY : 1
[1;34m[1;33m[1;32m (Units:  USA )
INF : 2
ARTY : 1

[1;33mEast_Indies (Owner:  Jap )
[1;95m[1;31m[1;34m[1;33m (Units:  Jap )
INF : 2
[1;32m
[1;95mEastern_Australia (Owner:  Eng )
[1;95m (Units:  Eng )
INF_1_MOVES : 2
[1;31m[1;34m[1;33m[1;32m
[1;32mEastern_United_States (Owner:  USA ) builds: 6 factory-prod: 12
[1;95m (Units:  Eng )
INF_1_MOVES : 1
[1;31m[1;34m[1;33m[1;32m (Units:  USA )
INF : 2
TANK : 2
FIGHTER : 1
BOMBER : 1

[1;95mEgypt (Owner:  Eng )
[1;95m[1;31m[1;34m[1;33m[1;32m (Units:  USA )
INF : 1
ARTY : 2

[1;33mFrench_Indo_China_Thailand (Owner:  Jap )
[1;95m[1;31m[1;34m[1;33m (Units:  Jap )
INF : 7
ARTY : 3
TANK : 9
[1;32m
[1;95mFrench_West_Africa (Owner:  Eng )
[1;95m[1;31m[1;34m[1;33m[1;32m (Units:  USA )
ARTY : 2
TANK : 2

[1;34mGermany (Owner:  Ger ) factory-prod: 10
[1;95m[1;31m[1;34m (Units:  Ger )
INF : 12
TANK : 1
[1;33m[1;32m
[1;32mHawaiian_Islands (Owner:  USA )
[1;95m[1;31m[1;34m[1;33m[1;32m (Units:  USA )
INF : 1
FIGHTER : 1

[1;95mIndia (Owner:  Eng ) builds: 3 factory-prod: 3
[1;95m (Units:  Eng )
INF_1_MOVES : 2
ARTY_1_MOVES : 1
AAGUN_1_MOVES : 1
[1;31m[1;34m[1;33m[1;32m
[1;33mIwo_Jima (Owner:  Jap )
[1;95m[1;31m[1;34m[1;33m (Units:  Jap )
INF : 1
[1;32m
[1;33mJapan (Owner:  Jap ) builds: 2 factory-prod: 8
[1;95m[1;31m[1;34m[1;33m (Units:  Jap )
INF : 1
ARTY : 1
TANK : 3
FIGHTER : 1
BOMBER : 1
[1;32m
[1;31mKarelia_SSR (Owner:  Rus ) builds: 2 factory-prod: 2
[1;95m (Units:  Eng )
INF_1_MOVES : 9
ARTY_1_MOVES : 1
TANK_2_MOVES : 1
[1;31m (Units:  Rus )
INF : 1
[1;34m[1;33m[1;32m (Units:  USA )
INF : 2
TANK : 1

[1;32mMidway (Owner:  USA )
[1;95m[1;31m[1;34m[1;33m[1;32m (Units:  USA )
INF : 1

[1;33mNew_Guinea (Owner:  Jap )
[1;95m[1;31m[1;34m[1;33m (Units:  Jap )
INF : 1
[1;32m
[1;95mNew_Zealand (Owner:  Eng )
[1;95m (Units:  Eng )
INF_1_MOVES : 1
[1;31m[1;34m[1;33m[1;32m
[1;33mOkinawa (Owner:  Jap )
[1;95m[1;31m[1;34m[1;33m (Units:  Jap )
INF : 1
[1;32m
[1;95mPersia (Owner:  Eng )
[1;95m (Units:  Eng )
INF_1_MOVES : 7
ARTY_1_MOVES : 1
[1;31m[1;34m[1;33m[1;32m
[1;33mPhilippine_Islands (Owner:  Jap )
[1;95m[1;31m[1;34m[1;33m (Units:  Jap )
INF : 1
ARTY : 1
[1;32m
[1;31mRussia (Owner:  Rus ) builds: 8 factory-prod: 8
[1;95m[1;31m (Units:  Rus )
INF : 6
[1;34m[1;33m[1;32m
[1;33mSolomon_Islands (Owner:  Jap )
[1;95m[1;31m[1;34m[1;33m (Units:  Jap )
INF : 1
[1;32m
[1;32mSzechwan (Owner:  USA )
[1;95m[1;31m[1;34m[1;33m[1;32m (Units:  USA )
FIGHTER : 1

[1;95mUnited_Kingdom (Owner:  Eng ) builds: 8 factory-prod: 8
[1;95m (Units:  Eng )
FIGHTER_UNMOVED : 2
BOMBER_UNMOVED : 1
[1;31m[1;34m[1;33m[1;32m
[1;33mWake_Island (Owner:  Jap )
[1;95m[1;31m[1;34m[1;33m (Units:  Jap )
INF : 1
[1;32m
[1;32mWestern_United_States (Owner:  USA ) builds: 9 factory-prod: 10
[1;95m[1;31m[1;34m[1;33m[1;32m (Units:  USA )
INF : 3
ARTY : 1
FIGHTER : 1

[1;33mYunnan (Owner:  Jap )
[1;95m[1;31m[1;34m[1;33m (Units:  Jap )
INF : 14
ARTY : 5
TANK : 9
[1;32m
[1;0mSea_4
[1;95m[1;31m (Units:  Rus )
SUB : 1
DESTROYER : 1
[1;34m (Units:  Ger )
DESTROYER : 1
[1;33m[1;32m
[1;0mSea_5
[1;95m[1;31m[1;34m (Units:  Ger )
TRANS_EMPTY : 1
SUB : 2
DESTROYER : 9
CRUISER : 1
[1;33m[1;32m
[1;0mSea_6
[1;95m (Units:  Eng )
TRANS_EMPTY_UNMOVED : 6
SUB_2_MOVES : 2
DESTROYER_2_MOVES : 1
[1;31m[1;34m[1;33m[1;32m
[1;0mSea_8
[1;95m (Units:  Eng )
TRANS_EMPTY_UNMOVED : 1
DESTROYER_2_MOVES : 20
CRUISER_2_MOVES : 1
BATTLESHIP_2_MOVES : 1
[1;31m[1;34m[1;33m[1;32m
[1;0mSea_9
[1;95m[1;31m[1;34m (Units:  Ger )
SUB : 2
[1;33m[1;32m
[1;0mSea_11
[1;95m[1;31m[1;34m[1;33m[1;32m (Units:  USA )
TRANS_EMPTY : 3
SUB : 2
DESTROYER : 2

[1;0mSea_12
[1;95m[1;31m[1;34m[1;33m[1;32m (Units:  USA )
TRANS_EMPTY : 2
DESTROYER : 3
BATTLESHIP : 1

[1;0mSea_15
[1;95m[1;31m[1;34m (Units:  Ger )
SUB : 2
DESTROYER : 1
[1;33m[1;32m
[1;0mSea_16
[1;95m[1;31m (Units:  Rus )
SUB : 3
DESTROYER : 6
BATTLESHIP : 3
[1;34m[1;33m[1;32m
[1;0mSea_17
[1;95m (Units:  Eng )
TRANS_EMPTY_UNMOVED : 1
[1;31m[1;34m[1;33m[1;32m
[1;0mSea_23
[1;95m[1;31m[1;34m[1;33m[1;32m (Units:  USA )
TRANS_EMPTY : 4

[1;0mSea_24
[1;95m[1;31m[1;34m[1;33m[1;32m (Units:  USA )
TRANS_EMPTY : 1

[1;0mSea_39
[1;95m (Units:  Eng )
SUB_2_MOVES : 1
[1;31m[1;34m[1;33m[1;32m
[1;0mSea_44
[1;95m[1;31m[1;34m[1;33m (Units:  Jap )
SUB : 1
[1;32m
[1;0mSea_45
[1;95m (Units:  Eng )
TRANS_EMPTY_UNMOVED : 1
DESTROYER_2_MOVES : 1
CARRIER_2_MOVES : 1
CRUISER_2_MOVES : 2
FIGHTER_UNMOVED : 1
[1;31m[1;34m[1;33m[1;32m
[1;0mSea_48
[1;95m[1;31m[1;34m (Units:  Ger )
TRANS_EMPTY : 1
BATTLESHIP : 1
[1;33m[1;32m
[1;0mSea_53
[1;95m[1;31m[1;34m[1;33m[1;32m (Units:  USA )
SUB : 1

[1;0mSea_56
[1;95m[1;31m[1;34m[1;33m[1;32m (Units:  USA )
TRANS_EMPTY : 7
DESTROYER : 2
CARRIER : 1
CRUISER : 1
BATTLESHIP : 7
FIGHTER : 1

[1;0mSea_60
[1;95m[1;31m[1;34m[1;33m (Units:  Jap )
TRANS_EMPTY : 8
DESTROYER : 2
[1;32m
[1;0mSea_61
[1;95m[1;31m[1;34m[1;33m (Units:  Jap )
TRANS_EMPTY : 4
DESTROYER : 3
CARRIER : 2
CRUISER : 1
BATTLESHIP : 3
FIGHTER : 3
[1;32m
[1;0m

======================================================================
PRO AI SINGLE TURN TEST (TripleA Purchase & Place)
======================================================================
Starting Player: Eng
Starting Money: 31 IPCs
Total units on board: 34
======================================================================
Enemy Attack Options (per-enemy):
Enemy: Ger
  Land: Caucasus Fighters: 1
  Land: Karelia_SSR Fighters: 1
  Land: Karelia_SSR Infantry: 97
  Land: Karelia_SSR Artillery: 2
  Sea: Sea_6 Fighters: 1 Subs: 4 Destroyers: 10
  Sea: Sea_7 Fighters: 0 Subs: 4 Destroyers: 10
  Sea: Sea_8 Fighters: 0 Subs: 4 Destroyers: 9
  Sea: Sea_17 Fighters: 0 Subs: 2 Destroyers: 1
Enemy: Jap
  Land: Burma Infantry: 21
  Land: Burma Artillery: 8
  Land: Burma Tanks: 18
  Land: India Tanks: 18
  Sea: Sea_35 Fighters: 1 Subs: 0 Destroyers: 3
  Sea: Sea_39 Fighters: 0 Subs: 1 Destroyers: 0
  Sea: Sea_45 Fighters: 0 Subs: 1 Destroyers: 0
Enemy Attack Options (aggregated max):
  Land: Burma Inf: 21 Art: 8 Tank: 18 Ftr: 0 Bmb: 0 Str: 91
  Land: Caucasus Inf: 0 Art: 0 Tank: 0 Ftr: 1 Bmb: 0 Str: 3
  Land: India Inf: 0 Art: 0 Tank: 18 Ftr: 0 Bmb: 0 Str: 54
  Land: Karelia_SSR Inf: 97 Art: 2 Tank: 0 Ftr: 1 Bmb: 0 Str: 104
    Possible My Target Territory: Baltic_States_Air
      Battle Results (TUV, Invaded %):  -39.505 ,  0
    Possible My Target Territory: Belorussia_Air
      Battle Results (TUV, Invaded %):  7.939 ,  1
      Attack Value:  7.939
    Possible My Target Territory: Germany_Air
      Battle Results (TUV, Invaded %):  -9.968999999999999 ,  0
Trying  Belorussia
Simulated battle results:  Battle_Results{avg_TUV_swing = 0, invaded_percent = 0, avg_survivor_def_power = 0}

======================================================================
PRO AI TURN COMPLETE
======================================================================
Next Player: Jap
Final Money: 31 IPCs
Units Added: 3
Game Score: -0.1
======================================================================

round_num:  47
[1;33m --------------------
Current Player:  Jap
Money:  33 [1;0m 

[1;95mAnglo_Egyptian_Sudan (Owner:  Eng )
[1;33m[1;31m[1;34m[1;95m (Units:  Eng )
FIGHTER : 1
[1;32m (Units:  USA )
INF : 1
TANK : 2

[1;31mArchangel (Owner:  Rus )
[1;33m[1;31m (Units:  Rus )
INF : 26
[1;34m[1;95m[1;32m
[1;34mBaltic_States (Owner:  Ger )
[1;33m[1;31m[1;34m (Units:  Ger )
INF : 97
ARTY : 2
[1;95m[1;32m
[1;95mBelgian_Congo (Owner:  Eng )
[1;33m[1;31m[1;34m[1;95m[1;32m (Units:  USA )
INF : 1
TANK : 2

[1;34mBelorussia (Owner:  Ger )
[1;33m[1;31m[1;34m (Units:  Ger )
FIGHTER : 1
[1;95m[1;32m
[1;33mBorneo (Owner:  Jap )
[1;33m (Units:  Jap )
INF_1_MOVES : 1
[1;31m[1;34m[1;95m[1;32m
[1;33mCaroline_Islands (Owner:  Jap )
[1;33m (Units:  Jap )
INF_1_MOVES : 1
[1;31m[1;34m[1;95m[1;32m
[1;31mCaucasus (Owner:  Rus ) builds: 2 factory-prod: 4
[1;33m[1;31m (Units:  Rus )
INF : 1
ARTY : 1
[1;34m[1;95m (Units:  Eng )
INF : 7
ARTY : 1
[1;32m (Units:  USA )
INF : 2
ARTY : 1

[1;33mEast_Indies (Owner:  Jap )
[1;33m (Units:  Jap )
INF_1_MOVES : 2
[1;31m[1;34m[1;95m[1;32m
[1;95mEastern_Australia (Owner:  Eng )
[1;33m[1;31m[1;34m[1;95m (Units:  Eng )
INF : 2
[1;32m
[1;95mEastern_Canada (Owner:  Eng )
[1;33m[1;31m[1;34m[1;95m (Units:  Eng )
INF : 1
[1;32m
[1;32mEastern_United_States (Owner:  USA ) builds: 6 factory-prod: 12
[1;33m[1;31m[1;34m[1;95m[1;32m (Units:  USA )
INF : 2
TANK : 2
FIGHTER : 1
BOMBER : 1

[1;95mEgypt (Owner:  Eng )
[1;33m[1;31m[1;34m[1;95m[1;32m (Units:  USA )
INF : 1
ARTY : 2

[1;33mFrench_Indo_China_Thailand (Owner:  Jap )
[1;33m (Units:  Jap )
INF_1_MOVES : 7
ARTY_1_MOVES : 3
TANK_2_MOVES : 9
[1;31m[1;34m[1;95m[1;32m
[1;95mFrench_West_Africa (Owner:  Eng )
[1;33m[1;31m[1;34m[1;95m[1;32m (Units:  USA )
ARTY : 2
TANK : 2

[1;34mGermany (Owner:  Ger ) factory-prod: 10
[1;33m[1;31m[1;34m (Units:  Ger )
INF : 12
TANK : 1
[1;95m[1;32m
[1;32mHawaiian_Islands (Owner:  USA )
[1;33m[1;31m[1;34m[1;95m[1;32m (Units:  USA )
INF : 1
FIGHTER : 1

[1;95mIndia (Owner:  Eng ) factory-prod: 3
[1;33m[1;31m[1;34m[1;95m (Units:  Eng )
INF : 3
AAGUN : 1
[1;32m
[1;33mIwo_Jima (Owner:  Jap )
[1;33m (Units:  Jap )
INF_1_MOVES : 1
[1;31m[1;34m[1;95m[1;32m
[1;33mJapan (Owner:  Jap ) builds: 8 factory-prod: 8
[1;33m (Units:  Jap )
INF_1_MOVES : 1
ARTY_1_MOVES : 1
TANK_2_MOVES : 3
FIGHTER_UNMOVED : 1
BOMBER_UNMOVED : 1
[1;31m[1;34m[1;95m[1;32m
[1;31mKarelia_SSR (Owner:  Rus ) builds: 2 factory-prod: 2
[1;33m[1;31m (Units:  Rus )
INF : 1
[1;34m[1;95m (Units:  Eng )
INF : 9
ARTY : 1
TANK : 1
[1;32m (Units:  USA )
INF : 2
TANK : 1

[1;32mMidway (Owner:  USA )
[1;33m[1;31m[1;34m[1;95m[1;32m (Units:  USA )
INF : 1

[1;33mNew_Guinea (Owner:  Jap )
[1;33m (Units:  Jap )
INF_1_MOVES : 1
[1;31m[1;34m[1;95m[1;32m
[1;95mNew_Zealand (Owner:  Eng )
[1;33m[1;31m[1;34m[1;95m (Units:  Eng )
INF : 1
[1;32m
[1;33mOkinawa (Owner:  Jap )
[1;33m (Units:  Jap )
INF_1_MOVES : 1
[1;31m[1;34m[1;95m[1;32m
[1;95mPersia (Owner:  Eng )
[1;33m[1;31m[1;34m[1;95m (Units:  Eng )
INF : 9
ARTY : 1
[1;32m
[1;33mPhilippine_Islands (Owner:  Jap )
[1;33m (Units:  Jap )
INF_1_MOVES : 1
ARTY_1_MOVES : 1
[1;31m[1;34m[1;95m[1;32m
[1;31mRussia (Owner:  Rus ) builds: 8 factory-prod: 8
[1;33m[1;31m (Units:  Rus )
INF : 6
[1;34m[1;95m[1;32m
[1;33mSolomon_Islands (Owner:  Jap )
[1;33m (Units:  Jap )
INF_1_MOVES : 1
[1;31m[1;34m[1;95m[1;32m
[1;32mSzechwan (Owner:  USA )
[1;33m[1;31m[1;34m[1;95m[1;32m (Units:  USA )
FIGHTER : 1

[1;95mUnited_Kingdom (Owner:  Eng ) builds: 5 factory-prod: 8
[1;33m[1;31m[1;34m[1;95m (Units:  Eng )
FIGHTER : 2
BOMBER : 1
[1;32m
[1;33mWake_Island (Owner:  Jap )
[1;33m (Units:  Jap )
INF_1_MOVES : 1
[1;31m[1;34m[1;95m[1;32m
[1;32mWestern_United_States (Owner:  USA ) builds: 9 factory-prod: 10
[1;33m[1;31m[1;34m[1;95m[1;32m (Units:  USA )
INF : 3
ARTY : 1
FIGHTER : 1

[1;33mYunnan (Owner:  Jap )
[1;33m (Units:  Jap )
INF_1_MOVES : 14
ARTY_1_MOVES : 5
TANK_2_MOVES : 9
[1;31m[1;34m[1;95m[1;32m
[1;0mSea_4
[1;33m[1;31m (Units:  Rus )
SUB : 1
DESTROYER : 1
[1;34m (Units:  Ger )
DESTROYER : 1
[1;95m[1;32m
[1;0mSea_5
[1;33m[1;31m[1;34m (Units:  Ger )
TRANS_EMPTY : 1
SUB : 2
DESTROYER : 9
CRUISER : 1
[1;95m[1;32m
[1;0mSea_6
[1;33m[1;31m[1;34m[1;95m (Units:  Eng )
TRANS_EMPTY : 8
SUB : 2
DESTROYER : 1
[1;32m
[1;0mSea_8
[1;33m[1;31m[1;34m[1;95m (Units:  Eng )
TRANS_EMPTY : 1
DESTROYER : 21
CRUISER : 1
BATTLESHIP : 1
[1;32m
[1;0mSea_9
[1;33m[1;31m[1;34m (Units:  Ger )
SUB : 2
[1;95m[1;32m
[1;0mSea_11
[1;33m[1;31m[1;34m[1;95m[1;32m (Units:  USA )
TRANS_EMPTY : 3
SUB : 2
DESTROYER : 2

[1;0mSea_12
[1;33m[1;31m[1;34m[1;95m[1;32m (Units:  USA )
TRANS_EMPTY : 2
DESTROYER : 3
BATTLESHIP : 1

[1;0mSea_15
[1;33m[1;31m[1;34m (Units:  Ger )
SUB : 2
DESTROYER : 1
[1;95m[1;32m
[1;0mSea_16
[1;33m[1;31m (Units:  Rus )
SUB : 3
DESTROYER : 6
BATTLESHIP : 3
[1;34m[1;95m[1;32m
[1;0mSea_23
[1;33m[1;31m[1;34m[1;95m[1;32m (Units:  USA )
TRANS_EMPTY : 4

[1;0mSea_24
[1;33m[1;31m[1;34m[1;95m[1;32m (Units:  USA )
TRANS_EMPTY : 1

[1;0mSea_34
[1;33m[1;31m[1;34m[1;95m (Units:  Eng )
TRANS_EMPTY : 1
[1;32m
[1;0mSea_39
[1;33m[1;31m[1;34m[1;95m (Units:  Eng )
TRANS_EMPTY : 1
SUB : 1
DESTROYER : 1
CARRIER : 1
CRUISER : 2
FIGHTER : 1
[1;32m
[1;0mSea_44
[1;33m (Units:  Jap )
SUB_2_MOVES : 1
[1;31m[1;34m[1;95m[1;32m
[1;0mSea_48
[1;33m[1;31m[1;34m (Units:  Ger )
TRANS_EMPTY : 1
BATTLESHIP : 1
[1;95m[1;32m
[1;0mSea_53
[1;33m[1;31m[1;34m[1;95m[1;32m (Units:  USA )
SUB : 1

[1;0mSea_56
[1;33m[1;31m[1;34m[1;95m[1;32m (Units:  USA )
TRANS_EMPTY : 7
DESTROYER : 2
CARRIER : 1
CRUISER : 1
BATTLESHIP : 7
FIGHTER : 1

[1;0mSea_60
[1;33m (Units:  Jap )
TRANS_EMPTY_UNMOVED : 8
DESTROYER_2_MOVES : 2
[1;31m[1;34m[1;95m[1;32m
[1;0mSea_61
[1;33m (Units:  Jap )
TRANS_EMPTY_UNMOVED : 4
DESTROYER_2_MOVES : 3
CARRIER_2_MOVES : 2
CRUISER_2_MOVES : 1
BATTLESHIP_2_MOVES : 3
FIGHTER_UNMOVED : 3
[1;31m[1;34m[1;95m[1;32m
[1;0m

======================================================================
PRO AI SINGLE TURN TEST (TripleA Purchase & Place)
======================================================================
Starting Player: Jap
Starting Money: 33 IPCs
Total units on board: 63
======================================================================
Enemy Attack Options (per-enemy):
Enemy: Rus
Enemy: Eng
  Sea: Sea_44 Fighters: 0 Subs: 1 Destroyers: 1
Enemy: USA
  Land: French_Indo_China_Thailand Fighters: 1
  Land: Solomon_Islands Fighters: 1
  Land: Wake_Island Fighters: 1
  Land: Yunnan Fighters: 1
  Sea: Sea_44 Fighters: 2 Subs: 1 Destroyers: 2
  Sea: Sea_60 Fighters: 1 Subs: 0 Destroyers: 0
  Sea: Sea_61 Fighters: 1 Subs: 0 Destroyers: 0
Enemy Attack Options (aggregated max):
  Land: French_Indo_China_Thailand Inf: 0 Art: 0 Tank: 0 Ftr: 1 Bmb: 0 Str: 3
  Land: Solomon_Islands Inf: 0 Art: 0 Tank: 0 Ftr: 1 Bmb: 0 Str: 3
  Land: Wake_Island Inf: 0 Art: 0 Tank: 0 Ftr: 1 Bmb: 0 Str: 3
  Land: Yunnan Inf: 0 Art: 0 Tank: 0 Ftr: 1 Bmb: 0 Str: 3
      [SAFE] Sequential Battle Results: TUV=-8.54, Invaded%=0.0%, Battles=1
      [SAFE] Sequential Battle Results: TUV=-2.92, Invaded%=0.0%, Battles=1
      [SAFE] Sequential Battle Results: TUV=-2.90, Invaded%=0.0%, Battles=1
      [SAFE] Sequential Battle Results: TUV=-8.48, Invaded%=0.0%, Battles=1
    Possible My Target Territory: India_Air
      Battle Results (TUV, Invaded %):  8 ,  1
      Attack Value:  32
    Possible My Target Territory: Midway_Air
      Battle Results (TUV, Invaded %):  -1.584 ,  0
    Possible My Target Territory: Szechwan_Air
      Battle Results (TUV, Invaded %):  7.9779999999999998 ,  1
      Attack Value:  7.9779999999999998
Trying  Szechwan

======================================================================
PRO AI TURN COMPLETE
======================================================================
Next Player: USA
Final Money: 33 IPCs
Units Added: 5
Game Score: 0.1
======================================================================

round_num:  48
[1;32m --------------------
Current Player:  USA
Money:  40 [1;0m 

[1;95mAnglo_Egyptian_Sudan (Owner:  Eng )
[1;32m (Units:  USA )
INF_1_MOVES : 1
TANK_2_MOVES : 2
[1;31m[1;34m[1;95m (Units:  Eng )
FIGHTER : 1
[1;33m
[1;31mArchangel (Owner:  Rus )
[1;32m[1;31m (Units:  Rus )
INF : 26
[1;34m[1;95m[1;33m
[1;34mBaltic_States (Owner:  Ger )
[1;32m[1;31m[1;34m (Units:  Ger )
INF : 97
ARTY : 2
[1;95m[1;33m
[1;95mBelgian_Congo (Owner:  Eng )
[1;32m (Units:  USA )
INF_1_MOVES : 1
TANK_2_MOVES : 2
[1;31m[1;34m[1;95m[1;33m
[1;34mBelorussia (Owner:  Ger )
[1;32m[1;31m[1;34m (Units:  Ger )
FIGHTER : 1
[1;95m[1;33m
[1;33mBorneo (Owner:  Jap )
[1;32m[1;31m[1;34m[1;95m[1;33m (Units:  Jap )
INF : 1

[1;33mCaroline_Islands (Owner:  Jap )
[1;32m[1;31m[1;34m[1;95m[1;33m (Units:  Jap )
INF : 1

[1;31mCaucasus (Owner:  Rus ) builds: 2 factory-prod: 4
[1;32m (Units:  USA )
INF_1_MOVES : 2
ARTY_1_MOVES : 1
[1;31m (Units:  Rus )
INF : 1
ARTY : 1
[1;34m[1;95m (Units:  Eng )
INF : 7
ARTY : 1
[1;33m
[1;33mEast_Indies (Owner:  Jap )
[1;32m[1;31m[1;34m[1;95m[1;33m (Units:  Jap )
INF : 2

[1;95mEastern_Australia (Owner:  Eng )
[1;32m[1;31m[1;34m[1;95m (Units:  Eng )
INF : 2
[1;33m
[1;95mEastern_Canada (Owner:  Eng )
[1;32m[1;31m[1;34m[1;95m (Units:  Eng )
INF : 1
[1;33m
[1;32mEastern_United_States (Owner:  USA ) builds: 12 factory-prod: 12
[1;32m (Units:  USA )
INF_1_MOVES : 2
TANK_2_MOVES : 2
FIGHTER_UNMOVED : 1
BOMBER_UNMOVED : 1
[1;31m[1;34m[1;95m[1;33m
[1;95mEgypt (Owner:  Eng )
[1;32m (Units:  USA )
INF_1_MOVES : 1
ARTY_1_MOVES : 2
[1;31m[1;34m[1;95m[1;33m
[1;33mFrench_Indo_China_Thailand (Owner:  Jap )
[1;32m[1;31m[1;34m[1;95m[1;33m (Units:  Jap )
INF : 14
ARTY : 5
TANK : 9

[1;95mFrench_West_Africa (Owner:  Eng )
[1;32m (Units:  USA )
ARTY_1_MOVES : 2
TANK_2_MOVES : 2
[1;31m[1;34m[1;95m[1;33m
[1;34mGermany (Owner:  Ger ) factory-prod: 10
[1;32m[1;31m[1;34m (Units:  Ger )
INF : 12
TANK : 1
[1;95m[1;33m
[1;32mHawaiian_Islands (Owner:  USA )
[1;32m (Units:  USA )
INF_1_MOVES : 1
FIGHTER_UNMOVED : 1
[1;31m[1;34m[1;95m[1;33m
[1;95mIndia (Owner:  Eng ) factory-prod: 3
[1;32m[1;31m[1;34m[1;95m (Units:  Eng )
INF : 3
AAGUN : 1
[1;33m
[1;33mIwo_Jima (Owner:  Jap )
[1;32m[1;31m[1;34m[1;95m[1;33m (Units:  Jap )
INF : 1

[1;33mJapan (Owner:  Jap ) builds: 2 factory-prod: 8
[1;32m[1;31m[1;34m[1;95m[1;33m (Units:  Jap )
INF : 1
ARTY : 1
TANK : 3
FIGHTER : 1
BOMBER : 1

[1;31mKarelia_SSR (Owner:  Rus ) builds: 2 factory-prod: 2
[1;32m (Units:  USA )
INF_1_MOVES : 2
TANK_2_MOVES : 1
[1;31m (Units:  Rus )
INF : 1
[1;34m[1;95m (Units:  Eng )
INF : 9
ARTY : 1
TANK : 1
[1;33m
[1;32mMidway (Owner:  USA )
[1;32m (Units:  USA )
INF_1_MOVES : 1
[1;31m[1;34m[1;95m[1;33m
[1;33mNew_Guinea (Owner:  Jap )
[1;32m[1;31m[1;34m[1;95m[1;33m (Units:  Jap )
INF : 1

[1;95mNew_Zealand (Owner:  Eng )
[1;32m[1;31m[1;34m[1;95m (Units:  Eng )
INF : 1
[1;33m
[1;33mOkinawa (Owner:  Jap )
[1;32m[1;31m[1;34m[1;95m[1;33m (Units:  Jap )
INF : 1

[1;95mPersia (Owner:  Eng )
[1;32m[1;31m[1;34m[1;95m (Units:  Eng )
INF : 9
ARTY : 1
[1;33m
[1;33mPhilippine_Islands (Owner:  Jap )
[1;32m[1;31m[1;34m[1;95m[1;33m (Units:  Jap )
INF : 1
ARTY : 1

[1;31mRussia (Owner:  Rus ) builds: 8 factory-prod: 8
[1;32m[1;31m (Units:  Rus )
INF : 6
[1;34m[1;95m[1;33m
[1;33mSolomon_Islands (Owner:  Jap )
[1;32m[1;31m[1;34m[1;95m[1;33m (Units:  Jap )
INF : 1

[1;32mSzechwan (Owner:  USA )
[1;32m (Units:  USA )
FIGHTER_UNMOVED : 1
[1;31m[1;34m[1;95m[1;33m
[1;95mUnited_Kingdom (Owner:  Eng ) builds: 5 factory-prod: 8
[1;32m[1;31m[1;34m[1;95m (Units:  Eng )
FIGHTER : 2
BOMBER : 1
[1;33m
[1;33mWake_Island (Owner:  Jap )
[1;32m[1;31m[1;34m[1;95m[1;33m (Units:  Jap )
INF : 1

[1;32mWestern_United_States (Owner:  USA ) builds: 10 factory-prod: 10
[1;32m (Units:  USA )
INF_1_MOVES : 3
ARTY_1_MOVES : 1
FIGHTER_UNMOVED : 1
[1;31m[1;34m[1;95m[1;33m
[1;33mYunnan (Owner:  Jap )
[1;32m[1;31m[1;34m[1;95m[1;33m (Units:  Jap )
INF : 8
ARTY : 4
TANK : 12

[1;0mSea_4
[1;32m[1;31m (Units:  Rus )
SUB : 1
DESTROYER : 1
[1;34m (Units:  Ger )
DESTROYER : 1
[1;95m[1;33m
[1;0mSea_5
[1;32m[1;31m[1;34m (Units:  Ger )
TRANS_EMPTY : 1
SUB : 2
DESTROYER : 9
CRUISER : 1
[1;95m[1;33m
[1;0mSea_6
[1;32m[1;31m[1;34m[1;95m (Units:  Eng )
TRANS_EMPTY : 8
SUB : 2
DESTROYER : 1
[1;33m
[1;0mSea_8
[1;32m[1;31m[1;34m[1;95m (Units:  Eng )
TRANS_EMPTY : 1
DESTROYER : 21
CRUISER : 1
BATTLESHIP : 1
[1;33m
[1;0mSea_9
[1;32m[1;31m[1;34m (Units:  Ger )
SUB : 2
[1;95m[1;33m
[1;0mSea_11
[1;32m (Units:  USA )
TRANS_EMPTY_UNMOVED : 3
SUB_2_MOVES : 2
DESTROYER_2_MOVES : 2
[1;31m[1;34m[1;95m[1;33m
[1;0mSea_12
[1;32m (Units:  USA )
TRANS_EMPTY_UNMOVED : 2
DESTROYER_2_MOVES : 3
BATTLESHIP_2_MOVES : 1
[1;31m[1;34m[1;95m[1;33m
[1;0mSea_15
[1;32m[1;31m[1;34m (Units:  Ger )
SUB : 2
DESTROYER : 1
[1;95m[1;33m
[1;0mSea_16
[1;32m[1;31m (Units:  Rus )
SUB : 3
DESTROYER : 6
BATTLESHIP : 3
[1;34m[1;95m[1;33m
[1;0mSea_23
[1;32m (Units:  USA )
TRANS_EMPTY_UNMOVED : 4
[1;31m[1;34m[1;95m[1;33m
[1;0mSea_24
[1;32m (Units:  USA )
TRANS_EMPTY_UNMOVED : 1
[1;31m[1;34m[1;95m[1;33m
[1;0mSea_34
[1;32m[1;31m[1;34m[1;95m (Units:  Eng )
TRANS_EMPTY : 1
[1;33m
[1;0mSea_39
[1;32m[1;31m[1;34m[1;95m (Units:  Eng )
TRANS_EMPTY : 1
SUB : 1
DESTROYER : 1
CARRIER : 1
CRUISER : 2
FIGHTER : 1
[1;33m
[1;0mSea_44
[1;32m[1;31m[1;34m[1;95m[1;33m (Units:  Jap )
SUB : 1

[1;0mSea_48
[1;32m[1;31m[1;34m (Units:  Ger )
TRANS_EMPTY : 1
BATTLESHIP : 1
[1;95m[1;33m
[1;0mSea_53
[1;32m (Units:  USA )
SUB_2_MOVES : 1
[1;31m[1;34m[1;95m[1;33m
[1;0mSea_56
[1;32m (Units:  USA )
TRANS_EMPTY_UNMOVED : 7
DESTROYER_2_MOVES : 2
CARRIER_2_MOVES : 1
CRUISER_2_MOVES : 1
BATTLESHIP_2_MOVES : 7
FIGHTER_UNMOVED : 1
[1;31m[1;34m[1;95m[1;33m
[1;0mSea_60
[1;32m[1;31m[1;34m[1;95m[1;33m (Units:  Jap )
TRANS_EMPTY : 9
DESTROYER : 2

[1;0mSea_61
[1;32m[1;31m[1;34m[1;95m[1;33m (Units:  Jap )
TRANS_EMPTY : 4
DESTROYER : 3
CARRIER : 2
CRUISER : 1
BATTLESHIP : 3
FIGHTER : 3

[1;0m

======================================================================
PRO AI SINGLE TURN TEST (TripleA Purchase & Place)
======================================================================
Starting Player: USA
Starting Money: 40 IPCs
Total units on board: 29
======================================================================
Enemy Attack Options (per-enemy):
Enemy: Ger
  Land: Caucasus Fighters: 1
  Land: Karelia_SSR Fighters: 1
  Land: Karelia_SSR Infantry: 97
  Land: Karelia_SSR Artillery: 2
  Sea: Sea_11 Fighters: 0 Subs: 2 Destroyers: 0
  Sea: Sea_12 Fighters: 0 Subs: 2 Destroyers: 0
  Sea: Sea_23 Fighters: 0 Subs: 2 Destroyers: 0
Enemy: Jap
  Land: Midway Bombers: 1
  Land: Szechwan Bombers: 1
  Land: Szechwan Infantry: 8
  Land: Szechwan Artillery: 4
  Land: Szechwan Tanks: 12
  Sea: Sea_53 Fighters: 0 Subs: 1 Destroyers: 0
  Sea: Sea_56 Fighters: 0 Subs: 1 Destroyers: 0
Enemy Attack Options (aggregated max):
  Land: Caucasus Inf: 0 Art: 0 Tank: 0 Ftr: 1 Bmb: 0 Str: 3
  Land: Karelia_SSR Inf: 97 Art: 2 Tank: 0 Ftr: 1 Bmb: 0 Str: 104
  Land: Midway Inf: 0 Art: 0 Tank: 0 Ftr: 0 Bmb: 1 Str: 4
  Land: Szechwan Inf: 8 Art: 4 Tank: 12 Ftr: 0 Bmb: 1 Str: 56
      [SAFE] Sequential Battle Results: TUV=-1.63, Invaded%=0.0%, Battles=1
    Possible My Target Territory: Baltic_States_Air
      Battle Results (TUV, Invaded %):  -9.441 ,  0
    Possible My Target Territory: Belorussia_Air
      Battle Results (TUV, Invaded %):  7.527 ,  0.98899999999999999
      Attack Value:  7.527
    Possible My Target Territory: French_Indo_China_Thailand_Air
      Battle Results (TUV, Invaded %):  -8.481999999999999 ,  0
    Possible My Target Territory: Solomon_Islands_Air
      Battle Results (TUV, Invaded %):  -2.9009999999999998 ,  0
    Possible My Target Territory: Wake_Island_Air
      Battle Results (TUV, Invaded %):  -2.891 ,  0
    Possible My Target Territory: Yunnan_Air
      Battle Results (TUV, Invaded %):  -8.506 ,  0
Trying  Belorussia
Simulated battle results:  Battle_Results{avg_TUV_swing = 0, invaded_percent = 0, avg_survivor_def_power = 0}

======================================================================
PRO AI TURN COMPLETE
======================================================================
Next Player: Rus
Final Money: 41 IPCs
Units Added: 5
Game Score: 0.1
======================================================================

round_num:  49
[1;31m --------------------
Current Player:  Rus
Money:  29 [1;0m 

[1;95mAnglo_Egyptian_Sudan (Owner:  Eng )
[1;31m[1;34m[1;95m (Units:  Eng )
FIGHTER : 1
[1;33m[1;32m (Units:  USA )
INF : 1
TANK : 2

[1;31mArchangel (Owner:  Rus )
[1;31m (Units:  Rus )
INF_1_MOVES : 26
[1;34m[1;95m[1;33m[1;32m
[1;34mBaltic_States (Owner:  Ger )
[1;31m[1;34m (Units:  Ger )
INF : 97
ARTY : 2
[1;95m[1;33m[1;32m
[1;95mBelgian_Congo (Owner:  Eng )
[1;31m[1;34m[1;95m[1;33m[1;32m (Units:  USA )
ARTY : 2
TANK : 2

[1;34mBelorussia (Owner:  Ger )
[1;31m[1;34m (Units:  Ger )
FIGHTER : 1
[1;95m[1;33m[1;32m
[1;33mBorneo (Owner:  Jap )
[1;31m[1;34m[1;95m[1;33m (Units:  Jap )
INF : 1
[1;32m
[1;33mCaroline_Islands (Owner:  Jap )
[1;31m[1;34m[1;95m[1;33m (Units:  Jap )
INF : 1
[1;32m
[1;31mCaucasus (Owner:  Rus ) builds: 4 factory-prod: 4
[1;31m (Units:  Rus )
INF_1_MOVES : 1
ARTY_1_MOVES : 1
[1;34m[1;95m (Units:  Eng )
INF : 7
ARTY : 1
[1;33m[1;32m (Units:  USA )
INF : 2
ARTY : 1

[1;33mEast_Indies (Owner:  Jap )
[1;31m[1;34m[1;95m[1;33m (Units:  Jap )
INF : 2
[1;32m
[1;95mEastern_Australia (Owner:  Eng )
[1;31m[1;34m[1;95m (Units:  Eng )
INF : 2
[1;33m[1;32m
[1;95mEastern_Canada (Owner:  Eng )
[1;31m[1;34m[1;95m (Units:  Eng )
INF : 1
[1;33m[1;32m
[1;32mEastern_United_States (Owner:  USA ) builds: 6 factory-prod: 12
[1;31m[1;34m[1;95m[1;33m[1;32m (Units:  USA )
INF : 1
ARTY : 1
TANK : 3
FIGHTER : 1
BOMBER : 1

[1;95mEgypt (Owner:  Eng )
[1;31m[1;34m[1;95m[1;33m[1;32m (Units:  USA )
INF : 1
TANK : 2

[1;31mFinland (Owner:  Rus )
[1;31m[1;34m[1;95m[1;33m[1;32m (Units:  USA )
INF : 2
TANK : 1

[1;33mFrench_Indo_China_Thailand (Owner:  Jap )
[1;31m[1;34m[1;95m[1;33m (Units:  Jap )
INF : 14
ARTY : 5
TANK : 9
[1;32m
[1;95mFrench_West_Africa (Owner:  Eng )
[1;31m[1;34m[1;95m[1;33m[1;32m (Units:  USA )
INF : 2
TANK : 2

[1;34mGermany (Owner:  Ger ) factory-prod: 10
[1;31m[1;34m (Units:  Ger )
INF : 12
TANK : 1
[1;95m[1;33m[1;32m
[1;32mHawaiian_Islands (Owner:  USA )
[1;31m[1;34m[1;95m[1;33m[1;32m (Units:  USA )
INF : 1
FIGHTER : 1

[1;95mIndia (Owner:  Eng ) factory-prod: 3
[1;31m[1;34m[1;95m (Units:  Eng )
INF : 3
AAGUN : 1
[1;33m[1;32m
[1;33mIwo_Jima (Owner:  Jap )
[1;31m[1;34m[1;95m[1;33m (Units:  Jap )
INF : 1
[1;32m
[1;33mJapan (Owner:  Jap ) builds: 2 factory-prod: 8
[1;31m[1;34m[1;95m[1;33m (Units:  Jap )
INF : 1
ARTY : 1
TANK : 3
FIGHTER : 1
BOMBER : 1
[1;32m
[1;31mKarelia_SSR (Owner:  Rus ) builds: 2 factory-prod: 2
[1;31m (Units:  Rus )
INF_1_MOVES : 1
[1;34m[1;95m (Units:  Eng )
INF : 9
ARTY : 1
TANK : 1
[1;33m[1;32m
[1;32mMidway (Owner:  USA )
[1;31m[1;34m[1;95m[1;33m[1;32m (Units:  USA )
INF : 1

[1;33mNew_Guinea (Owner:  Jap )
[1;31m[1;34m[1;95m[1;33m (Units:  Jap )
INF : 1
[1;32m
[1;95mNew_Zealand (Owner:  Eng )
[1;31m[1;34m[1;95m (Units:  Eng )
INF : 1
[1;33m[1;32m
[1;33mOkinawa (Owner:  Jap )
[1;31m[1;34m[1;95m[1;33m (Units:  Jap )
INF : 1
[1;32m
[1;95mPersia (Owner:  Eng )
[1;31m[1;34m[1;95m (Units:  Eng )
INF : 9
ARTY : 1
[1;33m[1;32m
[1;33mPhilippine_Islands (Owner:  Jap )
[1;31m[1;34m[1;95m[1;33m (Units:  Jap )
INF : 1
ARTY : 1
[1;32m
[1;31mRussia (Owner:  Rus ) builds: 8 factory-prod: 8
[1;31m (Units:  Rus )
INF_1_MOVES : 6
[1;34m[1;95m[1;33m[1;32m
[1;33mSolomon_Islands (Owner:  Jap )
[1;31m[1;34m[1;95m[1;33m (Units:  Jap )
INF : 1
[1;32m
[1;32mSzechwan (Owner:  USA )
[1;31m[1;34m[1;95m[1;33m[1;32m (Units:  USA )
FIGHTER : 1

[1;95mTrans_Jordan (Owner:  Eng )
[1;31m[1;34m[1;95m[1;33m[1;32m (Units:  USA )
INF : 1
ARTY : 2

[1;95mUnited_Kingdom (Owner:  Eng ) builds: 5 factory-prod: 8
[1;31m[1;34m[1;95m (Units:  Eng )
FIGHTER : 2
BOMBER : 1
[1;33m[1;32m
[1;33mWake_Island (Owner:  Jap )
[1;31m[1;34m[1;95m[1;33m (Units:  Jap )
INF : 1
[1;32m
[1;32mWestern_United_States (Owner:  USA ) builds: 9 factory-prod: 10
[1;31m[1;34m[1;95m[1;33m[1;32m (Units:  USA )
INF : 3
ARTY : 1
FIGHTER : 1

[1;33mYunnan (Owner:  Jap )
[1;31m[1;34m[1;95m[1;33m (Units:  Jap )
INF : 8
ARTY : 4
TANK : 12
[1;32m
[1;0mSea_4
[1;31m (Units:  Rus )
SUB_2_MOVES : 1
DESTROYER_2_MOVES : 1
[1;34m (Units:  Ger )
DESTROYER : 1
[1;95m[1;33m[1;32m
[1;0mSea_5
[1;31m[1;34m (Units:  Ger )
TRANS_EMPTY : 1
SUB : 2
DESTROYER : 9
CRUISER : 1
[1;95m[1;33m[1;32m
[1;0mSea_6
[1;31m[1;34m[1;95m (Units:  Eng )
TRANS_EMPTY : 8
SUB : 2
DESTROYER : 1
[1;33m[1;32m
[1;0mSea_8
[1;31m[1;34m[1;95m (Units:  Eng )
TRANS_EMPTY : 1
DESTROYER : 21
CRUISER : 1
BATTLESHIP : 1
[1;33m[1;32m
[1;0mSea_9
[1;31m[1;34m (Units:  Ger )
SUB : 2
[1;95m[1;33m[1;32m
[1;0mSea_11
[1;31m[1;34m[1;95m[1;33m[1;32m (Units:  USA )
TRANS_EMPTY : 4
SUB : 2
DESTROYER : 2

[1;0mSea_12
[1;31m[1;34m[1;95m[1;33m[1;32m (Units:  USA )
TRANS_EMPTY : 2
DESTROYER : 3
BATTLESHIP : 1

[1;0mSea_15
[1;31m[1;34m (Units:  Ger )
SUB : 2
DESTROYER : 1
[1;95m[1;33m[1;32m
[1;0mSea_16
[1;31m (Units:  Rus )
SUB_2_MOVES : 3
DESTROYER_2_MOVES : 6
BATTLESHIP_2_MOVES : 3
[1;34m[1;95m[1;33m[1;32m
[1;0mSea_23
[1;31m[1;34m[1;95m[1;33m[1;32m (Units:  USA )
TRANS_EMPTY : 1

[1;0mSea_24
[1;31m[1;34m[1;95m[1;33m[1;32m (Units:  USA )
TRANS_EMPTY : 4

[1;0mSea_34
[1;31m[1;34m[1;95m (Units:  Eng )
TRANS_EMPTY : 1
[1;33m[1;32m
[1;0mSea_39
[1;31m[1;34m[1;95m (Units:  Eng )
TRANS_EMPTY : 1
SUB : 1
DESTROYER : 1
CARRIER : 1
CRUISER : 2
FIGHTER : 1
[1;33m[1;32m
[1;0mSea_44
[1;31m[1;34m[1;95m[1;33m (Units:  Jap )
SUB : 1
[1;32m
[1;0mSea_48
[1;31m[1;34m (Units:  Ger )
TRANS_EMPTY : 1
BATTLESHIP : 1
[1;95m[1;33m[1;32m
[1;0mSea_53
[1;31m[1;34m[1;95m[1;33m[1;32m (Units:  USA )
SUB : 1

[1;0mSea_56
[1;31m[1;34m[1;95m[1;33m[1;32m (Units:  USA )
TRANS_EMPTY : 8
DESTROYER : 2
CARRIER : 1
CRUISER : 1
BATTLESHIP : 7
FIGHTER : 1

[1;0mSea_60
[1;31m[1;34m[1;95m[1;33m (Units:  Jap )
TRANS_EMPTY : 9
DESTROYER : 2
[1;32m
[1;0mSea_61
[1;31m[1;34m[1;95m[1;33m (Units:  Jap )
TRANS_EMPTY : 4
DESTROYER : 3
CARRIER : 2
CRUISER : 1
BATTLESHIP : 3
FIGHTER : 3
[1;32m
[1;0m

======================================================================
PRO AI SINGLE TURN TEST (TripleA Purchase & Place)
======================================================================
Starting Player: Rus
Starting Money: 29 IPCs
Total units on board: 35
======================================================================
Enemy Attack Options (per-enemy):
Enemy: Ger
  Land: Archangel Fighters: 1
  Land: Caucasus Fighters: 1
  Land: Finland Fighters: 1
  Land: Karelia_SSR Fighters: 1
  Land: Karelia_SSR Infantry: 97
  Land: Karelia_SSR Artillery: 2
  Land: Russia Fighters: 1
  Sea: Sea_5 Fighters: 1 Subs: 0 Destroyers: 0
  Sea: Sea_16 Fighters: 1 Subs: 2 Destroyers: 1
Enemy: Jap
Enemy Attack Options (aggregated max):
  Land: Archangel Inf: 0 Art: 0 Tank: 0 Ftr: 1 Bmb: 0 Str: 3
  Land: Caucasus Inf: 0 Art: 0 Tank: 0 Ftr: 1 Bmb: 0 Str: 3
  Land: Finland Inf: 0 Art: 0 Tank: 0 Ftr: 1 Bmb: 0 Str: 3
  Land: Karelia_SSR Inf: 97 Art: 2 Tank: 0 Ftr: 1 Bmb: 0 Str: 104
  Land: Russia Inf: 0 Art: 0 Tank: 0 Ftr: 1 Bmb: 0 Str: 3
      [SAFE] Sequential Battle Results: TUV=-8.50, Invaded%=0.0%, Battles=1
      [SAFE] Sequential Battle Results: TUV=-8.48, Invaded%=0.0%, Battles=1
      [SAFE] Sequential Battle Results: TUV=-8.49, Invaded%=0.0%, Battles=1
      [SAFE] Sequential Battle Results: TUV=-8.50, Invaded%=0.0%, Battles=1
    Possible My Target Territory: Baltic_States_Air
      Battle Results (TUV, Invaded %):  -2.5019999999999998 ,  0
    Possible My Target Territory: Belorussia_Air
      Battle Results (TUV, Invaded %):  -0.29599999999999999 ,  0.098
      Attack Value:  -0.29599999999999999

======================================================================
PRO AI TURN COMPLETE
======================================================================
Next Player: Ger
Final Money: 27 IPCs
Units Added: 1
Game Score: -0.1
======================================================================

round_num:  50
[1;34m --------------------
Current Player:  Ger
Money:  38 [1;0m 

[1;95mAnglo_Egyptian_Sudan (Owner:  Eng )
[1;34m[1;31m[1;95m (Units:  Eng )
FIGHTER : 1
[1;33m[1;32m (Units:  USA )
INF : 1
TANK : 2

[1;31mArchangel (Owner:  Rus )
[1;34m[1;31m (Units:  Rus )
INF : 1
[1;95m[1;33m[1;32m
[1;34mBaltic_States (Owner:  Ger )
[1;34m (Units:  Ger )
INF_1_MOVES : 97
ARTY_1_MOVES : 2
[1;31m[1;95m[1;33m[1;32m
[1;95mBelgian_Congo (Owner:  Eng )
[1;34m[1;31m[1;95m[1;33m[1;32m (Units:  USA )
ARTY : 2
TANK : 2

[1;34mBelorussia (Owner:  Ger )
[1;34m (Units:  Ger )
FIGHTER_UNMOVED : 1
[1;31m[1;95m[1;33m[1;32m
[1;33mBorneo (Owner:  Jap )
[1;34m[1;31m[1;95m[1;33m (Units:  Jap )
INF : 1
[1;32m
[1;33mCaroline_Islands (Owner:  Jap )
[1;34m[1;31m[1;95m[1;33m (Units:  Jap )
INF : 1
[1;32m
[1;31mCaucasus (Owner:  Rus ) builds: 2 factory-prod: 4
[1;34m[1;31m (Units:  Rus )
INF : 6
[1;95m (Units:  Eng )
INF : 7
ARTY : 1
[1;33m[1;32m (Units:  USA )
INF : 2
ARTY : 1

[1;33mEast_Indies (Owner:  Jap )
[1;34m[1;31m[1;95m[1;33m (Units:  Jap )
INF : 2
[1;32m
[1;95mEastern_Australia (Owner:  Eng )
[1;34m[1;31m[1;95m (Units:  Eng )
INF : 2
[1;33m[1;32m
[1;95mEastern_Canada (Owner:  Eng )
[1;34m[1;31m[1;95m (Units:  Eng )
INF : 1
[1;33m[1;32m
[1;32mEastern_United_States (Owner:  USA ) builds: 6 factory-prod: 12
[1;34m[1;31m[1;95m[1;33m[1;32m (Units:  USA )
INF : 1
ARTY : 1
TANK : 3
FIGHTER : 1
BOMBER : 1

[1;95mEgypt (Owner:  Eng )
[1;34m[1;31m[1;95m[1;33m[1;32m (Units:  USA )
INF : 1
TANK : 2

[1;31mFinland (Owner:  Rus )
[1;34m[1;31m[1;95m[1;33m[1;32m (Units:  USA )
INF : 2
TANK : 1

[1;33mFrench_Indo_China_Thailand (Owner:  Jap )
[1;34m[1;31m[1;95m[1;33m (Units:  Jap )
INF : 14
ARTY : 5
TANK : 9
[1;32m
[1;95mFrench_West_Africa (Owner:  Eng )
[1;34m[1;31m[1;95m[1;33m[1;32m (Units:  USA )
INF : 2
TANK : 2

[1;34mGermany (Owner:  Ger ) builds: 10 factory-prod: 10
[1;34m (Units:  Ger )
INF_1_MOVES : 12
TANK_2_MOVES : 1
[1;31m[1;95m[1;33m[1;32m
[1;32mHawaiian_Islands (Owner:  USA )
[1;34m[1;31m[1;95m[1;33m[1;32m (Units:  USA )
INF : 1
FIGHTER : 1

[1;95mIndia (Owner:  Eng ) factory-prod: 3
[1;34m[1;31m[1;95m (Units:  Eng )
INF : 3
AAGUN : 1
[1;33m[1;32m
[1;33mIwo_Jima (Owner:  Jap )
[1;34m[1;31m[1;95m[1;33m (Units:  Jap )
INF : 1
[1;32m
[1;33mJapan (Owner:  Jap ) builds: 2 factory-prod: 8
[1;34m[1;31m[1;95m[1;33m (Units:  Jap )
INF : 1
ARTY : 1
TANK : 3
FIGHTER : 1
BOMBER : 1
[1;32m
[1;31mKarelia_SSR (Owner:  Rus ) builds: 1 factory-prod: 2
[1;34m[1;31m (Units:  Rus )
INF : 2
[1;95m (Units:  Eng )
INF : 9
ARTY : 1
TANK : 1
[1;33m[1;32m
[1;32mMidway (Owner:  USA )
[1;34m[1;31m[1;95m[1;33m[1;32m (Units:  USA )
INF : 1

[1;33mNew_Guinea (Owner:  Jap )
[1;34m[1;31m[1;95m[1;33m (Units:  Jap )
INF : 1
[1;32m
[1;95mNew_Zealand (Owner:  Eng )
[1;34m[1;31m[1;95m (Units:  Eng )
INF : 1
[1;33m[1;32m
[1;33mOkinawa (Owner:  Jap )
[1;34m[1;31m[1;95m[1;33m (Units:  Jap )
INF : 1
[1;32m
[1;95mPersia (Owner:  Eng )
[1;34m[1;31m[1;95m (Units:  Eng )
INF : 9
ARTY : 1
[1;33m[1;32m
[1;33mPhilippine_Islands (Owner:  Jap )
[1;34m[1;31m[1;95m[1;33m (Units:  Jap )
INF : 1
ARTY : 1
[1;32m
[1;31mRussia (Owner:  Rus ) builds: 8 factory-prod: 8
[1;34m[1;31m (Units:  Rus )
INF : 26
ARTY : 1
[1;95m[1;33m[1;32m
[1;33mSolomon_Islands (Owner:  Jap )
[1;34m[1;31m[1;95m[1;33m (Units:  Jap )
INF : 1
[1;32m
[1;32mSzechwan (Owner:  USA )
[1;34m[1;31m[1;95m[1;33m[1;32m (Units:  USA )
FIGHTER : 1

[1;95mTrans_Jordan (Owner:  Eng )
[1;34m[1;31m[1;95m[1;33m[1;32m (Units:  USA )
INF : 1
ARTY : 2

[1;95mUnited_Kingdom (Owner:  Eng ) builds: 5 factory-prod: 8
[1;34m[1;31m[1;95m (Units:  Eng )
FIGHTER : 2
BOMBER : 1
[1;33m[1;32m
[1;33mWake_Island (Owner:  Jap )
[1;34m[1;31m[1;95m[1;33m (Units:  Jap )
INF : 1
[1;32m
[1;32mWestern_United_States (Owner:  USA ) builds: 9 factory-prod: 10
[1;34m[1;31m[1;95m[1;33m[1;32m (Units:  USA )
INF : 3
ARTY : 1
FIGHTER : 1

[1;33mYunnan (Owner:  Jap )
[1;34m[1;31m[1;95m[1;33m (Units:  Jap )
INF : 8
ARTY : 4
TANK : 12
[1;32m
[1;0mSea_4
[1;34m (Units:  Ger )
DESTROYER_2_MOVES : 1
[1;31m (Units:  Rus )
SUB : 1
DESTROYER : 1
[1;95m[1;33m[1;32m
[1;0mSea_5
[1;34m (Units:  Ger )
TRANS_EMPTY_UNMOVED : 1
SUB_2_MOVES : 2
DESTROYER_2_MOVES : 9
CRUISER_2_MOVES : 1
[1;31m[1;95m[1;33m[1;32m
[1;0mSea_6
[1;34m[1;31m[1;95m (Units:  Eng )
TRANS_EMPTY : 8
SUB : 2
DESTROYER : 1
[1;33m[1;32m
[1;0mSea_8
[1;34m[1;31m[1;95m (Units:  Eng )
TRANS_EMPTY : 1
DESTROYER : 21
CRUISER : 1
BATTLESHIP : 1
[1;33m[1;32m
[1;0mSea_9
[1;34m (Units:  Ger )
SUB_2_MOVES : 2
[1;31m[1;95m[1;33m[1;32m
[1;0mSea_11
[1;34m[1;31m[1;95m[1;33m[1;32m (Units:  USA )
TRANS_EMPTY : 4
SUB : 2
DESTROYER : 2

[1;0mSea_12
[1;34m[1;31m[1;95m[1;33m[1;32m (Units:  USA )
TRANS_EMPTY : 2
DESTROYER : 3
BATTLESHIP : 1

[1;0mSea_15
[1;34m (Units:  Ger )
SUB_2_MOVES : 2
DESTROYER_2_MOVES : 1
[1;31m[1;95m[1;33m[1;32m
[1;0mSea_16
[1;34m[1;31m (Units:  Rus )
SUB : 4
DESTROYER : 6
BATTLESHIP : 4
[1;95m[1;33m[1;32m
[1;0mSea_23
[1;34m[1;31m[1;95m[1;33m[1;32m (Units:  USA )
TRANS_EMPTY : 1

[1;0mSea_24
[1;34m[1;31m[1;95m[1;33m[1;32m (Units:  USA )
TRANS_EMPTY : 4

[1;0mSea_34
[1;34m[1;31m[1;95m (Units:  Eng )
TRANS_EMPTY : 1
[1;33m[1;32m
[1;0mSea_39
[1;34m[1;31m[1;95m (Units:  Eng )
TRANS_EMPTY : 1
SUB : 1
DESTROYER : 1
CARRIER : 1
CRUISER : 2
FIGHTER : 1
[1;33m[1;32m
[1;0mSea_44
[1;34m[1;31m[1;95m[1;33m (Units:  Jap )
SUB : 1
[1;32m
[1;0mSea_48
[1;34m (Units:  Ger )
TRANS_EMPTY_UNMOVED : 1
BATTLESHIP_2_MOVES : 1
[1;31m[1;95m[1;33m[1;32m
[1;0mSea_53
[1;34m[1;31m[1;95m[1;33m[1;32m (Units:  USA )
SUB : 1

[1;0mSea_56
[1;34m[1;31m[1;95m[1;33m[1;32m (Units:  USA )
TRANS_EMPTY : 8
DESTROYER : 2
CARRIER : 1
CRUISER : 1
BATTLESHIP : 7
FIGHTER : 1

[1;0mSea_60
[1;34m[1;31m[1;95m[1;33m (Units:  Jap )
TRANS_EMPTY : 9
DESTROYER : 2
[1;32m
[1;0mSea_61
[1;34m[1;31m[1;95m[1;33m (Units:  Jap )
TRANS_EMPTY : 4
DESTROYER : 3
CARRIER : 2
CRUISER : 1
BATTLESHIP : 3
FIGHTER : 3
[1;32m
[1;0m

======================================================================
PRO AI SINGLE TURN TEST (TripleA Purchase & Place)
======================================================================
Starting Player: Ger
Starting Money: 38 IPCs
Total units on board: 112
======================================================================
Enemy Attack Options (per-enemy):
Enemy: Rus
  Land: Baltic_States Infantry: 2
  Land: Belorussia Infantry: 2
  Land: Ukraine_SSR Infantry: 6
  Sea: Sea_15 Fighters: 0 Subs: 4 Destroyers: 6
Enemy: Eng
  Land: Baltic_States Bombers: 1
  Land: Baltic_States Infantry: 9
  Land: Baltic_States Artillery: 1
  Land: Baltic_States Tanks: 1
  Land: Belorussia Bombers: 1
  Land: Belorussia Infantry: 9
  Land: Belorussia Artillery: 1
  Land: Belorussia Tanks: 1
  Land: Germany Bombers: 1
  Land: Italy Bombers: 1
  Land: Ukraine_SSR Infantry: 7
  Land: Ukraine_SSR Artillery: 1
  Land: Ukraine_SSR Tanks: 1
  Sea: Sea_4 Fighters: 0 Subs: 2 Destroyers: 1
  Sea: Sea_5 Fighters: 2 Subs: 2 Destroyers: 22
  Sea: Sea_9 Fighters: 0 Subs: 2 Destroyers: 22
Enemy: USA
  Land: Algeria Tanks: 2
  Land: Libya Infantry: 1
  Land: Libya Tanks: 2
  Land: Norway Infantry: 2
  Land: Norway Tanks: 1
  Land: Ukraine_SSR Infantry: 2
  Land: Ukraine_SSR Artillery: 1
  Sea: Sea_9 Fighters: 0 Subs: 2 Destroyers: 5
Enemy Attack Options (aggregated max):
  Land: Algeria Inf: 0 Art: 0 Tank: 2 Ftr: 0 Bmb: 0 Str: 6
  Land: Baltic_States Inf: 9 Art: 1 Tank: 1 Ftr: 0 Bmb: 1 Str: 18
  Land: Belorussia Inf: 9 Art: 1 Tank: 1 Ftr: 0 Bmb: 1 Str: 18
  Land: Germany Inf: 0 Art: 0 Tank: 0 Ftr: 0 Bmb: 1 Str: 4
  Land: Italy Inf: 0 Art: 0 Tank: 0 Ftr: 0 Bmb: 1 Str: 4
  Land: Libya Inf: 1 Art: 0 Tank: 2 Ftr: 0 Bmb: 0 Str: 7
  Land: Norway Inf: 2 Art: 0 Tank: 1 Ftr: 0 Bmb: 0 Str: 5
  Land: Ukraine_SSR Inf: 7 Art: 1 Tank: 1 Ftr: 0 Bmb: 0 Str: 12
      [SAFE] Sequential Battle Results: TUV=-44.51, Invaded%=0.0%, Battles=2
      [SAFE] Sequential Battle Results: TUV=-9.95, Invaded%=0.0%, Battles=1
      [SAFE] Sequential Battle Results: TUV=0.00, Invaded%=0.0%, Battles=1
    Possible My Target Territory: Archangel_Air
      Battle Results (TUV, Invaded %):  -2.9169999999999998 ,  0
    Possible My Target Territory: Caucasus_Air
      Battle Results (TUV, Invaded %):  -8.529999999999999 ,  0
    Possible My Target Territory: Finland_Air
      Battle Results (TUV, Invaded %):  -8.529999999999999 ,  0
    Possible My Target Territory: Karelia_SSR_Air
      Battle Results (TUV, Invaded %):  29.491 ,  1
      Attack Value:  45.491
    Possible My Target Territory: Russia_Air
      Battle Results (TUV, Invaded %):  -8.536 ,  0
Trying  Karelia_SSR
Starting combat round  0  for land  Karelia_SSR

======================================================================
PRO AI TURN COMPLETE
======================================================================
Next Player: Eng
Final Money: 38 IPCs
Units Added: 7
Game Score: 0.1
======================================================================

round_num:  51
[1;95m --------------------
Current Player:  Eng
Money:  31 [1;0m 

[1;95mAnglo_Egyptian_Sudan (Owner:  Eng )
[1;95m (Units:  Eng )
FIGHTER_UNMOVED : 1
[1;31m[1;34m[1;33m[1;32m (Units:  USA )
INF : 1
TANK : 2

[1;31mArchangel (Owner:  Rus )
[1;95m[1;31m (Units:  Rus )
INF : 1
[1;34m[1;33m[1;32m
[1;34mBaltic_States (Owner:  Ger )
[1;95m[1;31m[1;34m (Units:  Ger )
INF : 2
[1;33m[1;32m
[1;95mBelgian_Congo (Owner:  Eng )
[1;95m[1;31m[1;34m[1;33m[1;32m (Units:  USA )
ARTY : 2
TANK : 2

[1;33mBorneo (Owner:  Jap )
[1;95m[1;31m[1;34m[1;33m (Units:  Jap )
INF : 1
[1;32m
[1;34mBulgaria_Romania (Owner:  Ger )
[1;95m[1;31m[1;34m (Units:  Ger )
INF : 1
[1;33m[1;32m
[1;33mCaroline_Islands (Owner:  Jap )
[1;95m[1;31m[1;34m[1;33m (Units:  Jap )
INF : 1
[1;32m
[1;31mCaucasus (Owner:  Rus ) builds: 2 factory-prod: 4
[1;95m (Units:  Eng )
INF_1_MOVES : 7
ARTY_1_MOVES : 1
[1;31m (Units:  Rus )
INF : 6
[1;34m[1;33m[1;32m (Units:  USA )
INF : 2
ARTY : 1

[1;33mEast_Indies (Owner:  Jap )
[1;95m[1;31m[1;34m[1;33m (Units:  Jap )
INF : 2
[1;32m
[1;95mEastern_Australia (Owner:  Eng )
[1;95m (Units:  Eng )
INF_1_MOVES : 2
[1;31m[1;34m[1;33m[1;32m
[1;95mEastern_Canada (Owner:  Eng )
[1;95m (Units:  Eng )
INF_1_MOVES : 1
[1;31m[1;34m[1;33m[1;32m
[1;32mEastern_United_States (Owner:  USA ) builds: 6 factory-prod: 12
[1;95m[1;31m[1;34m[1;33m[1;32m (Units:  USA )
INF : 1
ARTY : 1
TANK : 3
FIGHTER : 1
BOMBER : 1

[1;95mEgypt (Owner:  Eng )
[1;95m[1;31m[1;34m[1;33m[1;32m (Units:  USA )
INF : 1
TANK : 2

[1;31mFinland (Owner:  Rus )
[1;95m[1;31m[1;34m[1;33m[1;32m (Units:  USA )
INF : 2
TANK : 1

[1;33mFrench_Indo_China_Thailand (Owner:  Jap )
[1;95m[1;31m[1;34m[1;33m (Units:  Jap )
INF : 14
ARTY : 5
TANK : 9
[1;32m
[1;95mFrench_West_Africa (Owner:  Eng )
[1;95m[1;31m[1;34m[1;33m[1;32m (Units:  USA )
INF : 2
TANK : 2

[1;34mGermany (Owner:  Ger ) factory-prod: 10
[1;95m[1;31m[1;34m (Units:  Ger )
INF : 115
[1;33m[1;32m
[1;32mHawaiian_Islands (Owner:  USA )
[1;95m[1;31m[1;34m[1;33m[1;32m (Units:  USA )
INF : 1
FIGHTER : 1

[1;95mIndia (Owner:  Eng ) builds: 3 factory-prod: 3
[1;95m (Units:  Eng )
INF_1_MOVES : 3
AAGUN_1_MOVES : 1
[1;31m[1;34m[1;33m[1;32m
[1;34mItaly (Owner:  Ger ) builds: 2 factory-prod: 3
[1;95m[1;31m[1;34m (Units:  Ger )
INF : 1
[1;33m[1;32m
[1;33mIwo_Jima (Owner:  Jap )
[1;95m[1;31m[1;34m[1;33m (Units:  Jap )
INF : 1
[1;32m
[1;33mJapan (Owner:  Jap ) builds: 2 factory-prod: 8
[1;95m[1;31m[1;34m[1;33m (Units:  Jap )
INF : 1
ARTY : 1
TANK : 3
FIGHTER : 1
BOMBER : 1
[1;32m
[1;31mKarelia_SSR (Owner:  Rus ) builds: 1 factory-prod: 2
[1;95m (Units:  Eng )
INF_1_MOVES : 9
ARTY_1_MOVES : 1
TANK_2_MOVES : 1
[1;31m[1;34m[1;33m[1;32m
[1;32mMidway (Owner:  USA )
[1;95m[1;31m[1;34m[1;33m[1;32m (Units:  USA )
INF : 1

[1;33mNew_Guinea (Owner:  Jap )
[1;95m[1;31m[1;34m[1;33m (Units:  Jap )
INF : 1
[1;32m
[1;95mNew_Zealand (Owner:  Eng )
[1;95m (Units:  Eng )
INF_1_MOVES : 1
[1;31m[1;34m[1;33m[1;32m
[1;33mOkinawa (Owner:  Jap )
[1;95m[1;31m[1;34m[1;33m (Units:  Jap )
INF : 1
[1;32m
[1;95mPersia (Owner:  Eng )
[1;95m (Units:  Eng )
INF_1_MOVES : 9
ARTY_1_MOVES : 1
[1;31m[1;34m[1;33m[1;32m
[1;33mPhilippine_Islands (Owner:  Jap )
[1;95m[1;31m[1;34m[1;33m (Units:  Jap )
INF : 1
ARTY : 1
[1;32m
[1;31mRussia (Owner:  Rus ) builds: 8 factory-prod: 8
[1;95m[1;31m (Units:  Rus )
INF : 26
ARTY : 1
[1;34m[1;33m[1;32m
[1;33mSolomon_Islands (Owner:  Jap )
[1;95m[1;31m[1;34m[1;33m (Units:  Jap )
INF : 1
[1;32m
[1;32mSzechwan (Owner:  USA )
[1;95m[1;31m[1;34m[1;33m[1;32m (Units:  USA )
FIGHTER : 1

[1;95mTrans_Jordan (Owner:  Eng )
[1;95m[1;31m[1;34m[1;33m[1;32m (Units:  USA )
INF : 1
ARTY : 2

[1;95mUnited_Kingdom (Owner:  Eng ) builds: 8 factory-prod: 8
[1;95m (Units:  Eng )
FIGHTER_UNMOVED : 2
BOMBER_UNMOVED : 1
[1;31m[1;34m[1;33m[1;32m
[1;33mWake_Island (Owner:  Jap )
[1;95m[1;31m[1;34m[1;33m (Units:  Jap )
INF : 1
[1;32m
[1;32mWestern_United_States (Owner:  USA ) builds: 9 factory-prod: 10
[1;95m[1;31m[1;34m[1;33m[1;32m (Units:  USA )
INF : 3
ARTY : 1
FIGHTER : 1

[1;33mYunnan (Owner:  Jap )
[1;95m[1;31m[1;34m[1;33m (Units:  Jap )
INF : 8
ARTY : 4
TANK : 12
[1;32m
[1;0mSea_4
[1;95m[1;31m (Units:  Rus )
SUB : 1
DESTROYER : 1
[1;34m (Units:  Ger )
DESTROYER : 1
[1;33m[1;32m
[1;0mSea_5
[1;95m[1;31m[1;34m (Units:  Ger )
TRANS_EMPTY : 1
SUB : 2
DESTROYER : 10
CRUISER : 1
[1;33m[1;32m
[1;0mSea_6
[1;95m (Units:  Eng )
TRANS_EMPTY_UNMOVED : 8
SUB_2_MOVES : 2
DESTROYER_2_MOVES : 1
[1;31m[1;34m[1;33m[1;32m
[1;0mSea_8
[1;95m (Units:  Eng )
TRANS_EMPTY_UNMOVED : 1
DESTROYER_2_MOVES : 21
CRUISER_2_MOVES : 1
BATTLESHIP_2_MOVES : 1
[1;31m[1;34m[1;33m[1;32m
[1;0mSea_9
[1;95m[1;31m[1;34m (Units:  Ger )
SUB : 2
[1;33m[1;32m
[1;0mSea_11
[1;95m[1;31m[1;34m[1;33m[1;32m (Units:  USA )
TRANS_EMPTY : 4
SUB : 2
DESTROYER : 2

[1;0mSea_12
[1;95m[1;31m[1;34m[1;33m[1;32m (Units:  USA )
TRANS_EMPTY : 2
DESTROYER : 3
BATTLESHIP : 1

[1;0mSea_15
[1;95m[1;31m[1;34m (Units:  Ger )
SUB : 2
DESTROYER : 1
[1;33m[1;32m
[1;0mSea_16
[1;95m[1;31m (Units:  Rus )
SUB : 4
DESTROYER : 6
BATTLESHIP : 4
[1;34m[1;33m[1;32m
[1;0mSea_23
[1;95m[1;31m[1;34m[1;33m[1;32m (Units:  USA )
TRANS_EMPTY : 1

[1;0mSea_24
[1;95m[1;31m[1;34m[1;33m[1;32m (Units:  USA )
TRANS_EMPTY : 4

[1;0mSea_34
[1;95m (Units:  Eng )
TRANS_EMPTY_UNMOVED : 1
[1;31m[1;34m[1;33m[1;32m
[1;0mSea_39
[1;95m (Units:  Eng )
TRANS_EMPTY_UNMOVED : 1
SUB_2_MOVES : 1
DESTROYER_2_MOVES : 1
CARRIER_2_MOVES : 1
CRUISER_2_MOVES : 2
FIGHTER_UNMOVED : 1
[1;31m[1;34m[1;33m[1;32m
[1;0mSea_44
[1;95m[1;31m[1;34m[1;33m (Units:  Jap )
SUB : 1
[1;32m
[1;0mSea_53
[1;95m[1;31m[1;34m[1;33m[1;32m (Units:  USA )
SUB : 1

[1;0mSea_56
[1;95m[1;31m[1;34m[1;33m[1;32m (Units:  USA )
TRANS_EMPTY : 8
DESTROYER : 2
CARRIER : 1
CRUISER : 1
BATTLESHIP : 7
FIGHTER : 1

[1;0mSea_60
[1;95m[1;31m[1;34m (Units:  Ger )
TRANS_EMPTY : 1
BATTLESHIP : 1
[1;33m (Units:  Jap )
TRANS_EMPTY : 9
DESTROYER : 2
[1;32m
[1;0mSea_61
[1;95m[1;31m[1;34m[1;33m (Units:  Jap )
TRANS_EMPTY : 4
DESTROYER : 3
CARRIER : 2
CRUISER : 1
BATTLESHIP : 3
FIGHTER : 3
[1;32m
[1;0m

======================================================================
PRO AI SINGLE TURN TEST (TripleA Purchase & Place)
======================================================================
Starting Player: Eng
Starting Money: 31 IPCs
Total units on board: 37
======================================================================
Enemy Attack Options (per-enemy):
Enemy: Ger
  Land: Karelia_SSR Infantry: 2
  Sea: Sea_6 Fighters: 0 Subs: 4 Destroyers: 11
  Sea: Sea_7 Fighters: 0 Subs: 4 Destroyers: 11
  Sea: Sea_8 Fighters: 0 Subs: 4 Destroyers: 10
  Sea: Sea_34 Fighters: 0 Subs: 2 Destroyers: 1
Enemy: Jap
  Land: Burma Infantry: 22
  Land: Burma Artillery: 9
  Land: Burma Tanks: 21
  Land: India Tanks: 21
  Sea: Sea_35 Fighters: 1 Subs: 0 Destroyers: 3
  Sea: Sea_39 Fighters: 0 Subs: 1 Destroyers: 0
Enemy Attack Options (aggregated max):
  Land: Burma Inf: 22 Art: 9 Tank: 21 Ftr: 0 Bmb: 0 Str: 103
  Land: India Inf: 0 Art: 0 Tank: 21 Ftr: 0 Bmb: 0 Str: 63
  Land: Karelia_SSR Inf: 2 Art: 0 Tank: 0 Ftr: 0 Bmb: 0 Str: 2
    Possible My Target Territory: Baltic_States_Air
      Battle Results (TUV, Invaded %):  3.984 ,  1
      Attack Value:  3.984
    Possible My Target Territory: Bulgaria_Romania_Air
      Battle Results (TUV, Invaded %):  -1.5029999999999999 ,  0
    Possible My Target Territory: Germany_Air
      Battle Results (TUV, Invaded %):  -9.984 ,  0
    Possible My Target Territory: Italy_Air
      Battle Results (TUV, Invaded %):  -0.20999999999999999 ,  0
Trying  Baltic_States
Simulated battle results:  Battle_Results{avg_TUV_swing = 0, invaded_percent = 0, avg_survivor_def_power = 0}

======================================================================
PRO AI TURN COMPLETE
======================================================================
Next Player: Jap
Final Money: 31 IPCs
Units Added: 3
Game Score: -0.1
======================================================================

round_num:  52
[1;33m --------------------
Current Player:  Jap
Money:  33 [1;0m 

[1;95mAnglo_Egyptian_Sudan (Owner:  Eng )
[1;33m[1;31m[1;34m[1;95m (Units:  Eng )
FIGHTER : 1
[1;32m (Units:  USA )
INF : 1
TANK : 2

[1;31mArchangel (Owner:  Rus )
[1;33m[1;31m (Units:  Rus )
INF : 1
[1;34m[1;95m[1;32m
[1;34mBaltic_States (Owner:  Ger )
[1;33m[1;31m[1;34m (Units:  Ger )
INF : 2
[1;95m[1;32m
[1;95mBelgian_Congo (Owner:  Eng )
[1;33m[1;31m[1;34m[1;95m[1;32m (Units:  USA )
ARTY : 2
TANK : 2

[1;33mBorneo (Owner:  Jap )
[1;33m (Units:  Jap )
INF_1_MOVES : 1
[1;31m[1;34m[1;95m[1;32m
[1;34mBulgaria_Romania (Owner:  Ger )
[1;33m[1;31m[1;34m (Units:  Ger )
INF : 1
[1;95m[1;32m
[1;33mCaroline_Islands (Owner:  Jap )
[1;33m (Units:  Jap )
INF_1_MOVES : 1
[1;31m[1;34m[1;95m[1;32m
[1;31mCaucasus (Owner:  Rus ) builds: 2 factory-prod: 4
[1;33m[1;31m (Units:  Rus )
INF : 6
[1;34m[1;95m (Units:  Eng )
INF : 9
ARTY : 1
[1;32m (Units:  USA )
INF : 2
ARTY : 1

[1;33mEast_Indies (Owner:  Jap )
[1;33m (Units:  Jap )
INF_1_MOVES : 2
[1;31m[1;34m[1;95m[1;32m
[1;95mEastern_Australia (Owner:  Eng )
[1;33m[1;31m[1;34m[1;95m (Units:  Eng )
INF : 2
[1;32m
[1;32mEastern_United_States (Owner:  USA ) builds: 6 factory-prod: 12
[1;33m[1;31m[1;34m[1;95m (Units:  Eng )
INF : 1
[1;32m (Units:  USA )
INF : 1
ARTY : 1
TANK : 3
FIGHTER : 1
BOMBER : 1

[1;95mEgypt (Owner:  Eng )
[1;33m[1;31m[1;34m[1;95m[1;32m (Units:  USA )
INF : 1
TANK : 2

[1;31mFinland (Owner:  Rus )
[1;33m[1;31m[1;34m[1;95m[1;32m (Units:  USA )
INF : 2
TANK : 1

[1;33mFrench_Indo_China_Thailand (Owner:  Jap )
[1;33m (Units:  Jap )
INF_1_MOVES : 14
ARTY_1_MOVES : 5
TANK_2_MOVES : 9
[1;31m[1;34m[1;95m[1;32m
[1;95mFrench_West_Africa (Owner:  Eng )
[1;33m[1;31m[1;34m[1;95m[1;32m (Units:  USA )
INF : 2
TANK : 2

[1;34mGermany (Owner:  Ger ) factory-prod: 10
[1;33m[1;31m[1;34m (Units:  Ger )
INF : 115
[1;95m[1;32m
[1;32mHawaiian_Islands (Owner:  USA )
[1;33m[1;31m[1;34m[1;95m[1;32m (Units:  USA )
INF : 1
FIGHTER : 1

[1;95mIndia (Owner:  Eng ) factory-prod: 3
[1;33m[1;31m[1;34m[1;95m (Units:  Eng )
INF : 3
AAGUN : 1
[1;32m
[1;34mItaly (Owner:  Ger ) builds: 2 factory-prod: 3
[1;33m[1;31m[1;34m (Units:  Ger )
INF : 1
[1;95m[1;32m
[1;33mIwo_Jima (Owner:  Jap )
[1;33m (Units:  Jap )
INF_1_MOVES : 1
[1;31m[1;34m[1;95m[1;32m
[1;33mJapan (Owner:  Jap ) builds: 8 factory-prod: 8
[1;33m (Units:  Jap )
INF_1_MOVES : 1
ARTY_1_MOVES : 1
TANK_2_MOVES : 3
FIGHTER_UNMOVED : 1
BOMBER_UNMOVED : 1
[1;31m[1;34m[1;95m[1;32m
[1;31mKarelia_SSR (Owner:  Rus ) builds: 1 factory-prod: 2
[1;33m[1;31m[1;34m[1;95m (Units:  Eng )
INF : 9
ARTY : 1
TANK : 1
[1;32m
[1;32mMidway (Owner:  USA )
[1;33m[1;31m[1;34m[1;95m[1;32m (Units:  USA )
INF : 1

[1;33mNew_Guinea (Owner:  Jap )
[1;33m (Units:  Jap )
INF_1_MOVES : 1
[1;31m[1;34m[1;95m[1;32m
[1;95mNew_Zealand (Owner:  Eng )
[1;33m[1;31m[1;34m[1;95m (Units:  Eng )
INF : 1
[1;32m
[1;33mOkinawa (Owner:  Jap )
[1;33m (Units:  Jap )
INF_1_MOVES : 1
[1;31m[1;34m[1;95m[1;32m
[1;95mPersia (Owner:  Eng )
[1;33m[1;31m[1;34m[1;95m (Units:  Eng )
INF : 10
ARTY : 1
[1;32m
[1;33mPhilippine_Islands (Owner:  Jap )
[1;33m (Units:  Jap )
INF_1_MOVES : 1
ARTY_1_MOVES : 1
[1;31m[1;34m[1;95m[1;32m
[1;31mRussia (Owner:  Rus ) builds: 8 factory-prod: 8
[1;33m[1;31m (Units:  Rus )
INF : 26
ARTY : 1
[1;34m[1;95m[1;32m
[1;33mSolomon_Islands (Owner:  Jap )
[1;33m (Units:  Jap )
INF_1_MOVES : 1
[1;31m[1;34m[1;95m[1;32m
[1;32mSzechwan (Owner:  USA )
[1;33m[1;31m[1;34m[1;95m[1;32m (Units:  USA )
FIGHTER : 1

[1;95mTrans_Jordan (Owner:  Eng )
[1;33m[1;31m[1;34m[1;95m[1;32m (Units:  USA )
INF : 1
ARTY : 2

[1;95mUnited_Kingdom (Owner:  Eng ) builds: 5 factory-prod: 8
[1;33m[1;31m[1;34m[1;95m (Units:  Eng )
FIGHTER : 2
BOMBER : 1
[1;32m
[1;33mWake_Island (Owner:  Jap )
[1;33m (Units:  Jap )
INF_1_MOVES : 1
[1;31m[1;34m[1;95m[1;32m
[1;32mWestern_United_States (Owner:  USA ) builds: 9 factory-prod: 10
[1;33m[1;31m[1;34m[1;95m[1;32m (Units:  USA )
INF : 3
ARTY : 1
FIGHTER : 1

[1;33mYunnan (Owner:  Jap )
[1;33m (Units:  Jap )
INF_1_MOVES : 8
ARTY_1_MOVES : 4
TANK_2_MOVES : 12
[1;31m[1;34m[1;95m[1;32m
[1;0mSea_4
[1;33m[1;31m (Units:  Rus )
SUB : 1
DESTROYER : 1
[1;34m (Units:  Ger )
DESTROYER : 1
[1;95m[1;32m
[1;0mSea_5
[1;33m[1;31m[1;34m (Units:  Ger )
TRANS_EMPTY : 1
SUB : 2
DESTROYER : 10
CRUISER : 1
[1;95m[1;32m
[1;0mSea_6
[1;33m[1;31m[1;34m[1;95m (Units:  Eng )
TRANS_EMPTY : 10
SUB : 2
DESTROYER : 1
[1;32m
[1;0mSea_8
[1;33m[1;31m[1;34m[1;95m (Units:  Eng )
TRANS_EMPTY : 1
DESTROYER : 22
CRUISER : 1
BATTLESHIP : 1
[1;32m
[1;0mSea_9
[1;33m[1;31m[1;34m (Units:  Ger )
SUB : 2
[1;95m[1;32m
[1;0mSea_11
[1;33m[1;31m[1;34m[1;95m[1;32m (Units:  USA )
TRANS_EMPTY : 4
SUB : 2
DESTROYER : 2

[1;0mSea_12
[1;33m[1;31m[1;34m[1;95m[1;32m (Units:  USA )
TRANS_EMPTY : 2
DESTROYER : 3
BATTLESHIP : 1

[1;0mSea_15
[1;33m[1;31m[1;34m (Units:  Ger )
SUB : 2
DESTROYER : 1
[1;95m[1;32m
[1;0mSea_16
[1;33m[1;31m (Units:  Rus )
SUB : 4
DESTROYER : 6
BATTLESHIP : 4
[1;34m[1;95m[1;32m
[1;0mSea_17
[1;33m[1;31m[1;34m[1;95m (Units:  Eng )
TRANS_EMPTY : 1
[1;32m
[1;0mSea_23
[1;33m[1;31m[1;34m[1;95m[1;32m (Units:  USA )
TRANS_EMPTY : 1

[1;0mSea_24
[1;33m[1;31m[1;34m[1;95m[1;32m (Units:  USA )
TRANS_EMPTY : 4

[1;0mSea_39
[1;33m[1;31m[1;34m[1;95m (Units:  Eng )
SUB : 1
[1;32m
[1;0mSea_44
[1;33m (Units:  Jap )
SUB_2_MOVES : 1
[1;31m[1;34m[1;95m[1;32m
[1;0mSea_45
[1;33m[1;31m[1;34m[1;95m (Units:  Eng )
TRANS_EMPTY : 1
DESTROYER : 1
CARRIER : 1
CRUISER : 2
FIGHTER : 1
[1;32m
[1;0mSea_53
[1;33m[1;31m[1;34m[1;95m[1;32m (Units:  USA )
SUB : 1

[1;0mSea_56
[1;33m[1;31m[1;34m[1;95m[1;32m (Units:  USA )
TRANS_EMPTY : 8
DESTROYER : 2
CARRIER : 1
CRUISER : 1
BATTLESHIP : 7
FIGHTER : 1

[1;0mSea_60
[1;33m (Units:  Jap )
TRANS_EMPTY_UNMOVED : 9
DESTROYER_2_MOVES : 2
[1;31m[1;34m (Units:  Ger )
TRANS_EMPTY : 1
BATTLESHIP : 1
[1;95m[1;32m
[1;0mSea_61
[1;33m (Units:  Jap )
TRANS_EMPTY_UNMOVED : 4
DESTROYER_2_MOVES : 3
CARRIER_2_MOVES : 2
CRUISER_2_MOVES : 1
BATTLESHIP_2_MOVES : 3
FIGHTER_UNMOVED : 3
[1;31m[1;34m[1;95m[1;32m
[1;0m

======================================================================
PRO AI SINGLE TURN TEST (TripleA Purchase & Place)
======================================================================
Starting Player: Jap
Starting Money: 33 IPCs
Total units on board: 68
======================================================================
Enemy Attack Options (per-enemy):
Enemy: Rus
Enemy: Eng
  Sea: Sea_44 Fighters: 0 Subs: 1 Destroyers: 1
Enemy: USA
  Land: French_Indo_China_Thailand Fighters: 1
  Land: Solomon_Islands Fighters: 1
  Land: Wake_Island Fighters: 1
  Land: Yunnan Fighters: 1
  Sea: Sea_44 Fighters: 2 Subs: 1 Destroyers: 2
  Sea: Sea_60 Fighters: 1 Subs: 0 Destroyers: 0
  Sea: Sea_61 Fighters: 1 Subs: 0 Destroyers: 0
Enemy Attack Options (aggregated max):
  Land: French_Indo_China_Thailand Inf: 0 Art: 0 Tank: 0 Ftr: 1 Bmb: 0 Str: 3
  Land: Solomon_Islands Inf: 0 Art: 0 Tank: 0 Ftr: 1 Bmb: 0 Str: 3
  Land: Wake_Island Inf: 0 Art: 0 Tank: 0 Ftr: 1 Bmb: 0 Str: 3
  Land: Yunnan Inf: 0 Art: 0 Tank: 0 Ftr: 1 Bmb: 0 Str: 3
      [SAFE] Sequential Battle Results: TUV=-8.51, Invaded%=0.0%, Battles=1
      [SAFE] Sequential Battle Results: TUV=-2.88, Invaded%=0.0%, Battles=1
      [SAFE] Sequential Battle Results: TUV=-2.90, Invaded%=0.0%, Battles=1
      [SAFE] Sequential Battle Results: TUV=-8.52, Invaded%=0.0%, Battles=1
    Possible My Target Territory: India_Air
      Battle Results (TUV, Invaded %):  8 ,  1
      Attack Value:  32
    Possible My Target Territory: Midway_Air
      Battle Results (TUV, Invaded %):  -1.575 ,  0
    Possible My Target Territory: Szechwan_Air
      Battle Results (TUV, Invaded %):  7.9779999999999998 ,  1
      Attack Value:  7.9779999999999998
Trying  Szechwan

======================================================================
PRO AI TURN COMPLETE
======================================================================
Next Player: USA
Final Money: 33 IPCs
Units Added: 5
Game Score: 0.1
======================================================================

round_num:  53
[1;32m --------------------
Current Player:  USA
Money:  41 [1;0m 

[1;95mAnglo_Egyptian_Sudan (Owner:  Eng )
[1;32m (Units:  USA )
INF_1_MOVES : 1
TANK_2_MOVES : 2
[1;31m[1;34m[1;95m (Units:  Eng )
FIGHTER : 1
[1;33m
[1;31mArchangel (Owner:  Rus )
[1;32m[1;31m (Units:  Rus )
INF : 1
[1;34m[1;95m[1;33m
[1;34mBaltic_States (Owner:  Ger )
[1;32m[1;31m[1;34m (Units:  Ger )
INF : 2
[1;95m[1;33m
[1;95mBelgian_Congo (Owner:  Eng )
[1;32m (Units:  USA )
ARTY_1_MOVES : 2
TANK_2_MOVES : 2
[1;31m[1;34m[1;95m[1;33m
[1;33mBorneo (Owner:  Jap )
[1;32m[1;31m[1;34m[1;95m[1;33m (Units:  Jap )
INF : 1

[1;34mBulgaria_Romania (Owner:  Ger )
[1;32m[1;31m[1;34m (Units:  Ger )
INF : 1
[1;95m[1;33m
[1;33mCaroline_Islands (Owner:  Jap )
[1;32m[1;31m[1;34m[1;95m[1;33m (Units:  Jap )
INF : 1

[1;31mCaucasus (Owner:  Rus ) builds: 2 factory-prod: 4
[1;32m (Units:  USA )
INF_1_MOVES : 2
ARTY_1_MOVES : 1
[1;31m (Units:  Rus )
INF : 6
[1;34m[1;95m (Units:  Eng )
INF : 9
ARTY : 1
[1;33m
[1;33mEast_Indies (Owner:  Jap )
[1;32m[1;31m[1;34m[1;95m[1;33m (Units:  Jap )
INF : 2

[1;95mEastern_Australia (Owner:  Eng )
[1;32m[1;31m[1;34m[1;95m (Units:  Eng )
INF : 2
[1;33m
[1;32mEastern_United_States (Owner:  USA ) builds: 12 factory-prod: 12
[1;32m (Units:  USA )
INF_1_MOVES : 1
ARTY_1_MOVES : 1
TANK_2_MOVES : 3
FIGHTER_UNMOVED : 1
BOMBER_UNMOVED : 1
[1;31m[1;34m[1;95m (Units:  Eng )
INF : 1
[1;33m
[1;95mEgypt (Owner:  Eng )
[1;32m (Units:  USA )
INF_1_MOVES : 1
TANK_2_MOVES : 2
[1;31m[1;34m[1;95m[1;33m
[1;31mFinland (Owner:  Rus )
[1;32m (Units:  USA )
INF_1_MOVES : 2
TANK_2_MOVES : 1
[1;31m[1;34m[1;95m[1;33m
[1;33mFrench_Indo_China_Thailand (Owner:  Jap )
[1;32m[1;31m[1;34m[1;95m[1;33m (Units:  Jap )
INF : 8
ARTY : 4
TANK : 12

[1;95mFrench_West_Africa (Owner:  Eng )
[1;32m (Units:  USA )
INF_1_MOVES : 2
TANK_2_MOVES : 2
[1;31m[1;34m[1;95m[1;33m
[1;34mGermany (Owner:  Ger ) factory-prod: 10
[1;32m[1;31m[1;34m (Units:  Ger )
INF : 115
[1;95m[1;33m
[1;32mHawaiian_Islands (Owner:  USA )
[1;32m (Units:  USA )
INF_1_MOVES : 1
FIGHTER_UNMOVED : 1
[1;31m[1;34m[1;95m[1;33m
[1;95mIndia (Owner:  Eng ) factory-prod: 3
[1;32m[1;31m[1;34m[1;95m (Units:  Eng )
INF : 3
AAGUN : 1
[1;33m
[1;34mItaly (Owner:  Ger ) builds: 2 factory-prod: 3
[1;32m[1;31m[1;34m (Units:  Ger )
INF : 1
[1;95m[1;33m
[1;33mIwo_Jima (Owner:  Jap )
[1;32m[1;31m[1;34m[1;95m[1;33m (Units:  Jap )
INF : 1

[1;33mJapan (Owner:  Jap ) builds: 2 factory-prod: 8
[1;32m[1;31m[1;34m[1;95m[1;33m (Units:  Jap )
INF : 1
ARTY : 1
TANK : 3
FIGHTER : 1
BOMBER : 1

[1;31mKarelia_SSR (Owner:  Rus ) builds: 1 factory-prod: 2
[1;32m[1;31m[1;34m[1;95m (Units:  Eng )
INF : 9
ARTY : 1
TANK : 1
[1;33m
[1;32mMidway (Owner:  USA )
[1;32m (Units:  USA )
INF_1_MOVES : 1
[1;31m[1;34m[1;95m[1;33m
[1;33mNew_Guinea (Owner:  Jap )
[1;32m[1;31m[1;34m[1;95m[1;33m (Units:  Jap )
INF : 1

[1;95mNew_Zealand (Owner:  Eng )
[1;32m[1;31m[1;34m[1;95m (Units:  Eng )
INF : 1
[1;33m
[1;33mOkinawa (Owner:  Jap )
[1;32m[1;31m[1;34m[1;95m[1;33m (Units:  Jap )
INF : 1

[1;95mPersia (Owner:  Eng )
[1;32m[1;31m[1;34m[1;95m (Units:  Eng )
INF : 10
ARTY : 1
[1;33m
[1;33mPhilippine_Islands (Owner:  Jap )
[1;32m[1;31m[1;34m[1;95m[1;33m (Units:  Jap )
INF : 1
ARTY : 1

[1;31mRussia (Owner:  Rus ) builds: 8 factory-prod: 8
[1;32m[1;31m (Units:  Rus )
INF : 26
ARTY : 1
[1;34m[1;95m[1;33m
[1;33mSolomon_Islands (Owner:  Jap )
[1;32m[1;31m[1;34m[1;95m[1;33m (Units:  Jap )
INF : 1

[1;32mSzechwan (Owner:  USA )
[1;32m (Units:  USA )
FIGHTER_UNMOVED : 1
[1;31m[1;34m[1;95m[1;33m
[1;95mTrans_Jordan (Owner:  Eng )
[1;32m (Units:  USA )
INF_1_MOVES : 1
ARTY_1_MOVES : 2
[1;31m[1;34m[1;95m[1;33m
[1;95mUnited_Kingdom (Owner:  Eng ) builds: 5 factory-prod: 8
[1;32m[1;31m[1;34m[1;95m (Units:  Eng )
FIGHTER : 2
BOMBER : 1
[1;33m
[1;33mWake_Island (Owner:  Jap )
[1;32m[1;31m[1;34m[1;95m[1;33m (Units:  Jap )
INF : 1

[1;32mWestern_United_States (Owner:  USA ) builds: 10 factory-prod: 10
[1;32m (Units:  USA )
INF_1_MOVES : 3
ARTY_1_MOVES : 1
FIGHTER_UNMOVED : 1
[1;31m[1;34m[1;95m[1;33m
[1;33mYunnan (Owner:  Jap )
[1;32m[1;31m[1;34m[1;95m[1;33m (Units:  Jap )
INF : 15
ARTY : 6
TANK : 12

[1;0mSea_4
[1;32m[1;31m (Units:  Rus )
SUB : 1
DESTROYER : 1
[1;34m (Units:  Ger )
DESTROYER : 1
[1;95m[1;33m
[1;0mSea_5
[1;32m[1;31m[1;34m (Units:  Ger )
TRANS_EMPTY : 1
SUB : 2
DESTROYER : 10
CRUISER : 1
[1;95m[1;33m
[1;0mSea_6
[1;32m[1;31m[1;34m[1;95m (Units:  Eng )
TRANS_EMPTY : 10
SUB : 2
DESTROYER : 1
[1;33m
[1;0mSea_8
[1;32m[1;31m[1;34m[1;95m (Units:  Eng )
TRANS_EMPTY : 1
DESTROYER : 22
CRUISER : 1
BATTLESHIP : 1
[1;33m
[1;0mSea_9
[1;32m[1;31m[1;34m (Units:  Ger )
SUB : 2
[1;95m[1;33m
[1;0mSea_11
[1;32m (Units:  USA )
TRANS_EMPTY_UNMOVED : 4
SUB_2_MOVES : 2
DESTROYER_2_MOVES : 2
[1;31m[1;34m[1;95m[1;33m
[1;0mSea_12
[1;32m (Units:  USA )
TRANS_EMPTY_UNMOVED : 2
DESTROYER_2_MOVES : 3
BATTLESHIP_2_MOVES : 1
[1;31m[1;34m[1;95m[1;33m
[1;0mSea_15
[1;32m[1;31m[1;34m (Units:  Ger )
SUB : 2
DESTROYER : 1
[1;95m[1;33m
[1;0mSea_16
[1;32m[1;31m (Units:  Rus )
SUB : 4
DESTROYER : 6
BATTLESHIP : 4
[1;34m[1;95m[1;33m
[1;0mSea_17
[1;32m[1;31m[1;34m[1;95m (Units:  Eng )
TRANS_EMPTY : 1
[1;33m
[1;0mSea_23
[1;32m (Units:  USA )
TRANS_EMPTY_UNMOVED : 1
[1;31m[1;34m[1;95m[1;33m
[1;0mSea_24
[1;32m (Units:  USA )
TRANS_EMPTY_UNMOVED : 4
[1;31m[1;34m[1;95m[1;33m
[1;0mSea_39
[1;32m[1;31m[1;34m[1;95m (Units:  Eng )
SUB : 1
[1;33m
[1;0mSea_44
[1;32m[1;31m[1;34m[1;95m[1;33m (Units:  Jap )
SUB : 1

[1;0mSea_45
[1;32m[1;31m[1;34m[1;95m (Units:  Eng )
TRANS_EMPTY : 1
DESTROYER : 1
CARRIER : 1
CRUISER : 2
FIGHTER : 1
[1;33m
[1;0mSea_53
[1;32m (Units:  USA )
SUB_2_MOVES : 1
[1;31m[1;34m[1;95m[1;33m
[1;0mSea_56
[1;32m (Units:  USA )
TRANS_EMPTY_UNMOVED : 8
DESTROYER_2_MOVES : 2
CARRIER_2_MOVES : 1
CRUISER_2_MOVES : 1
BATTLESHIP_2_MOVES : 7
FIGHTER_UNMOVED : 1
[1;31m[1;34m[1;95m[1;33m
[1;0mSea_60
[1;32m[1;31m[1;34m (Units:  Ger )
TRANS_EMPTY : 1
BATTLESHIP : 1
[1;95m[1;33m (Units:  Jap )
TRANS_EMPTY : 10
DESTROYER : 2

[1;0mSea_61
[1;32m[1;31m[1;34m[1;95m[1;33m (Units:  Jap )
TRANS_EMPTY : 4
DESTROYER : 3
CARRIER : 2
CRUISER : 1
BATTLESHIP : 3
FIGHTER : 3

[1;0m

======================================================================
PRO AI SINGLE TURN TEST (TripleA Purchase & Place)
======================================================================
Starting Player: USA
Starting Money: 41 IPCs
Total units on board: 34
======================================================================
Enemy Attack Options (per-enemy):
Enemy: Ger
  Sea: Sea_11 Fighters: 0 Subs: 2 Destroyers: 0
  Sea: Sea_12 Fighters: 0 Subs: 2 Destroyers: 0
  Sea: Sea_23 Fighters: 0 Subs: 2 Destroyers: 0
Enemy: Jap
  Land: Midway Bombers: 1
  Land: Szechwan Bombers: 1
  Land: Szechwan Infantry: 15
  Land: Szechwan Artillery: 6
  Land: Szechwan Tanks: 12
  Sea: Sea_53 Fighters: 0 Subs: 1 Destroyers: 0
  Sea: Sea_56 Fighters: 0 Subs: 1 Destroyers: 0
Enemy Attack Options (aggregated max):
  Land: Midway Inf: 0 Art: 0 Tank: 0 Ftr: 0 Bmb: 1 Str: 4
  Land: Szechwan Inf: 15 Art: 6 Tank: 12 Ftr: 0 Bmb: 1 Str: 67
      [SAFE] Sequential Battle Results: TUV=-1.64, Invaded%=0.0%, Battles=1
    Possible My Target Territory: Baltic_States_Air
      Battle Results (TUV, Invaded %):  -3.0449999999999999 ,  0.1
      Attack Value:  -3.0449999999999999
    Possible My Target Territory: French_Indo_China_Thailand_Air
      Battle Results (TUV, Invaded %):  -8.526999999999999 ,  0
    Possible My Target Territory: Solomon_Islands_Air
      Battle Results (TUV, Invaded %):  -2.9239999999999999 ,  0
    Possible My Target Territory: Wake_Island_Air
      Battle Results (TUV, Invaded %):  -2.9009999999999998 ,  0
    Possible My Target Territory: Yunnan_Air
      Battle Results (TUV, Invaded %):  -8.506 ,  0

======================================================================
PRO AI TURN COMPLETE
======================================================================
Next Player: Rus
Final Money: 42 IPCs
Units Added: 5
Game Score: 0.1
======================================================================

round_num:  54
[1;31m --------------------
Current Player:  Rus
Money:  27 [1;0m 

[1;95mAnglo_Egyptian_Sudan (Owner:  Eng )
[1;31m[1;34m[1;95m (Units:  Eng )
FIGHTER : 1
[1;33m[1;32m (Units:  USA )
ARTY : 2
TANK : 2

[1;31mArchangel (Owner:  Rus )
[1;31m (Units:  Rus )
INF_1_MOVES : 1
[1;34m[1;95m[1;33m[1;32m
[1;34mBaltic_States (Owner:  Ger )
[1;31m[1;34m (Units:  Ger )
INF : 2
[1;95m[1;33m[1;32m
[1;95mBelgian_Congo (Owner:  Eng )
[1;31m[1;34m[1;95m[1;33m[1;32m (Units:  USA )
INF : 1
TANK : 1

[1;33mBorneo (Owner:  Jap )
[1;31m[1;34m[1;95m[1;33m (Units:  Jap )
INF : 1
[1;32m
[1;34mBulgaria_Romania (Owner:  Ger )
[1;31m[1;34m (Units:  Ger )
INF : 1
[1;95m[1;33m[1;32m
[1;33mCaroline_Islands (Owner:  Jap )
[1;31m[1;34m[1;95m[1;33m (Units:  Jap )
INF : 1
[1;32m
[1;31mCaucasus (Owner:  Rus ) builds: 4 factory-prod: 4
[1;31m (Units:  Rus )
INF_1_MOVES : 6
[1;34m[1;95m (Units:  Eng )
INF : 9
ARTY : 1
[1;33m[1;32m (Units:  USA )
INF : 2
ARTY : 1

[1;33mEast_Indies (Owner:  Jap )
[1;31m[1;34m[1;95m[1;33m (Units:  Jap )
INF : 2
[1;32m
[1;95mEastern_Australia (Owner:  Eng )
[1;31m[1;34m[1;95m (Units:  Eng )
INF : 2
[1;33m[1;32m
[1;32mEastern_United_States (Owner:  USA ) builds: 6 factory-prod: 12
[1;31m[1;34m[1;95m (Units:  Eng )
INF : 1
[1;33m[1;32m (Units:  USA )
INF : 1
ARTY : 1
TANK : 3
FIGHTER : 1
BOMBER : 1

[1;95mEgypt (Owner:  Eng )
[1;31m[1;34m[1;95m[1;33m[1;32m (Units:  USA )
INF : 1
TANK : 2

[1;95mFrench_Equatorial_Africa (Owner:  Eng )
[1;31m[1;34m[1;95m[1;33m[1;32m (Units:  USA )
INF : 1
TANK : 1

[1;33mFrench_Indo_China_Thailand (Owner:  Jap )
[1;31m[1;34m[1;95m[1;33m (Units:  Jap )
INF : 8
ARTY : 4
TANK : 12
[1;32m
[1;95mFrench_West_Africa (Owner:  Eng )
[1;31m[1;34m[1;95m[1;33m[1;32m (Units:  USA )
INF : 1
ARTY : 1
TANK : 3

[1;34mGermany (Owner:  Ger ) factory-prod: 10
[1;31m[1;34m (Units:  Ger )
INF : 115
[1;95m[1;33m[1;32m
[1;32mHawaiian_Islands (Owner:  USA )
[1;31m[1;34m[1;95m[1;33m[1;32m (Units:  USA )
INF : 1
FIGHTER : 1

[1;95mIndia (Owner:  Eng ) factory-prod: 3
[1;31m[1;34m[1;95m (Units:  Eng )
INF : 3
AAGUN : 1
[1;33m[1;32m
[1;34mItaly (Owner:  Ger ) builds: 2 factory-prod: 3
[1;31m[1;34m (Units:  Ger )
INF : 1
[1;95m[1;33m[1;32m
[1;33mIwo_Jima (Owner:  Jap )
[1;31m[1;34m[1;95m[1;33m (Units:  Jap )
INF : 1
[1;32m
[1;33mJapan (Owner:  Jap ) builds: 2 factory-prod: 8
[1;31m[1;34m[1;95m[1;33m (Units:  Jap )
INF : 1
ARTY : 1
TANK : 3
FIGHTER : 1
BOMBER : 1
[1;32m
[1;31mKarelia_SSR (Owner:  Rus ) builds: 2 factory-prod: 2
[1;31m[1;34m[1;95m (Units:  Eng )
INF : 9
ARTY : 1
TANK : 1
[1;33m[1;32m (Units:  USA )
INF : 2
TANK : 1

[1;32mMidway (Owner:  USA )
[1;31m[1;34m[1;95m[1;33m[1;32m (Units:  USA )
INF : 1

[1;33mNew_Guinea (Owner:  Jap )
[1;31m[1;34m[1;95m[1;33m (Units:  Jap )
INF : 1
[1;32m
[1;95mNew_Zealand (Owner:  Eng )
[1;31m[1;34m[1;95m (Units:  Eng )
INF : 1
[1;33m[1;32m
[1;33mOkinawa (Owner:  Jap )
[1;31m[1;34m[1;95m[1;33m (Units:  Jap )
INF : 1
[1;32m
[1;95mPersia (Owner:  Eng )
[1;31m[1;34m[1;95m (Units:  Eng )
INF : 10
ARTY : 1
[1;33m[1;32m (Units:  USA )
INF : 1
ARTY : 2

[1;33mPhilippine_Islands (Owner:  Jap )
[1;31m[1;34m[1;95m[1;33m (Units:  Jap )
INF : 1
ARTY : 1
[1;32m
[1;31mRussia (Owner:  Rus ) builds: 8 factory-prod: 8
[1;31m (Units:  Rus )
INF_1_MOVES : 26
ARTY_1_MOVES : 1
[1;34m[1;95m[1;33m[1;32m
[1;33mSolomon_Islands (Owner:  Jap )
[1;31m[1;34m[1;95m[1;33m (Units:  Jap )
INF : 1
[1;32m
[1;32mSzechwan (Owner:  USA )
[1;31m[1;34m[1;95m[1;33m[1;32m (Units:  USA )
FIGHTER : 1

[1;95mTrans_Jordan (Owner:  Eng )
[1;31m[1;34m[1;95m[1;33m[1;32m (Units:  USA )
INF : 1
TANK : 2

[1;95mUnited_Kingdom (Owner:  Eng ) builds: 5 factory-prod: 8
[1;31m[1;34m[1;95m (Units:  Eng )
FIGHTER : 2
BOMBER : 1
[1;33m[1;32m
[1;33mWake_Island (Owner:  Jap )
[1;31m[1;34m[1;95m[1;33m (Units:  Jap )
INF : 1
[1;32m
[1;32mWestern_United_States (Owner:  USA ) builds: 9 factory-prod: 10
[1;31m[1;34m[1;95m[1;33m[1;32m (Units:  USA )
INF : 3
ARTY : 1
FIGHTER : 1

[1;33mYunnan (Owner:  Jap )
[1;31m[1;34m[1;95m[1;33m (Units:  Jap )
INF : 15
ARTY : 6
TANK : 12
[1;32m
[1;0mSea_4
[1;31m (Units:  Rus )
SUB_2_MOVES : 1
DESTROYER_2_MOVES : 1
[1;34m (Units:  Ger )
DESTROYER : 1
[1;95m[1;33m[1;32m
[1;0mSea_5
[1;31m[1;34m (Units:  Ger )
TRANS_EMPTY : 1
SUB : 2
DESTROYER : 10
CRUISER : 1
[1;95m[1;33m[1;32m
[1;0mSea_6
[1;31m[1;34m[1;95m (Units:  Eng )
TRANS_EMPTY : 10
SUB : 2
DESTROYER : 1
[1;33m[1;32m
[1;0mSea_8
[1;31m[1;34m[1;95m (Units:  Eng )
TRANS_EMPTY : 1
DESTROYER : 22
CRUISER : 1
BATTLESHIP : 1
[1;33m[1;32m
[1;0mSea_9
[1;31m[1;34m (Units:  Ger )
SUB : 2
[1;95m[1;33m[1;32m
[1;0mSea_11
[1;31m[1;34m[1;95m[1;33m[1;32m (Units:  USA )
TRANS_EMPTY : 3
SUB : 2
DESTROYER : 2

[1;0mSea_12
[1;31m[1;34m[1;95m[1;33m[1;32m (Units:  USA )
TRANS_EMPTY : 1
DESTROYER : 3
BATTLESHIP : 1

[1;0mSea_15
[1;31m[1;34m (Units:  Ger )
SUB : 2
DESTROYER : 1
[1;95m[1;33m[1;32m
[1;0mSea_16
[1;31m (Units:  Rus )
SUB_2_MOVES : 4
DESTROYER_2_MOVES : 6
BATTLESHIP_2_MOVES : 4
[1;34m[1;95m[1;33m[1;32m
[1;0mSea_17
[1;31m[1;34m[1;95m (Units:  Eng )
TRANS_EMPTY : 1
[1;33m[1;32m
[1;0mSea_23
[1;31m[1;34m[1;95m[1;33m[1;32m (Units:  USA )
TRANS_EMPTY : 7

[1;0mSea_24
[1;31m[1;34m[1;95m[1;33m[1;32m (Units:  USA )
TRANS_EMPTY : 1

[1;0mSea_39
[1;31m[1;34m[1;95m (Units:  Eng )
SUB : 1
[1;33m[1;32m
[1;0mSea_44
[1;31m[1;34m[1;95m[1;33m (Units:  Jap )
SUB : 1
[1;32m
[1;0mSea_45
[1;31m[1;34m[1;95m (Units:  Eng )
TRANS_EMPTY : 1
DESTROYER : 1
CARRIER : 1
CRUISER : 2
FIGHTER : 1
[1;33m[1;32m
[1;0mSea_53
[1;31m[1;34m[1;95m[1;33m[1;32m (Units:  USA )
SUB : 1

[1;0mSea_56
[1;31m[1;34m[1;95m[1;33m[1;32m (Units:  USA )
TRANS_EMPTY : 9
DESTROYER : 2
CARRIER : 1
CRUISER : 1
BATTLESHIP : 7
FIGHTER : 1

[1;0mSea_60
[1;31m[1;34m (Units:  Ger )
TRANS_EMPTY : 1
BATTLESHIP : 1
[1;95m[1;33m (Units:  Jap )
TRANS_EMPTY : 10
DESTROYER : 2
[1;32m
[1;0mSea_61
[1;31m[1;34m[1;95m[1;33m (Units:  Jap )
TRANS_EMPTY : 4
DESTROYER : 3
CARRIER : 2
CRUISER : 1
BATTLESHIP : 3
FIGHTER : 3
[1;32m
[1;0m

======================================================================
PRO AI SINGLE TURN TEST (TripleA Purchase & Place)
======================================================================
Starting Player: Rus
Starting Money: 27 IPCs
Total units on board: 34
======================================================================
Enemy Attack Options (per-enemy):
Enemy: Ger
  Land: Karelia_SSR Infantry: 2
  Sea: Sea_16 Fighters: 0 Subs: 2 Destroyers: 1
Enemy: Jap
Enemy Attack Options (aggregated max):
  Land: Karelia_SSR Inf: 2 Art: 0 Tank: 0 Ftr: 0 Bmb: 0 Str: 2
      [SAFE] Sequential Battle Results: TUV=-5.02, Invaded%=0.0%, Battles=1

======================================================================
PRO AI TURN COMPLETE
======================================================================
Next Player: Ger
Final Money: 27 IPCs
Units Added: 0
Game Score: -0.1
======================================================================

round_num:  55
[1;34m --------------------
Current Player:  Ger
Money:  38 [1;0m 

[1;95mAnglo_Egyptian_Sudan (Owner:  Eng )
[1;34m[1;31m[1;95m (Units:  Eng )
FIGHTER : 1
[1;33m[1;32m (Units:  USA )
ARTY : 2
TANK : 2

[1;34mBaltic_States (Owner:  Ger )
[1;34m (Units:  Ger )
INF_1_MOVES : 2
[1;31m[1;95m[1;33m[1;32m
[1;95mBelgian_Congo (Owner:  Eng )
[1;34m[1;31m[1;95m[1;33m[1;32m (Units:  USA )
INF : 1
TANK : 1

[1;33mBorneo (Owner:  Jap )
[1;34m[1;31m[1;95m[1;33m (Units:  Jap )
INF : 1
[1;32m
[1;34mBulgaria_Romania (Owner:  Ger )
[1;34m (Units:  Ger )
INF_1_MOVES : 1
[1;31m[1;95m[1;33m[1;32m
[1;33mCaroline_Islands (Owner:  Jap )
[1;34m[1;31m[1;95m[1;33m (Units:  Jap )
INF : 1
[1;32m
[1;31mCaucasus (Owner:  Rus ) builds: 3 factory-prod: 4
[1;34m[1;31m (Units:  Rus )
INF : 26
ARTY : 1
[1;95m (Units:  Eng )
INF : 9
ARTY : 1
[1;33m[1;32m (Units:  USA )
INF : 2
ARTY : 1

[1;33mEast_Indies (Owner:  Jap )
[1;34m[1;31m[1;95m[1;33m (Units:  Jap )
INF : 2
[1;32m
[1;95mEastern_Australia (Owner:  Eng )
[1;34m[1;31m[1;95m (Units:  Eng )
INF : 2
[1;33m[1;32m
[1;32mEastern_United_States (Owner:  USA ) builds: 6 factory-prod: 12
[1;34m[1;31m[1;95m (Units:  Eng )
INF : 1
[1;33m[1;32m (Units:  USA )
INF : 1
ARTY : 1
TANK : 3
FIGHTER : 1
BOMBER : 1

[1;95mEgypt (Owner:  Eng )
[1;34m[1;31m[1;95m[1;33m[1;32m (Units:  USA )
INF : 1
TANK : 2

[1;95mFrench_Equatorial_Africa (Owner:  Eng )
[1;34m[1;31m[1;95m[1;33m[1;32m (Units:  USA )
INF : 1
TANK : 1

[1;33mFrench_Indo_China_Thailand (Owner:  Jap )
[1;34m[1;31m[1;95m[1;33m (Units:  Jap )
INF : 8
ARTY : 4
TANK : 12
[1;32m
[1;95mFrench_West_Africa (Owner:  Eng )
[1;34m[1;31m[1;95m[1;33m[1;32m (Units:  USA )
INF : 1
ARTY : 1
TANK : 3

[1;34mGermany (Owner:  Ger ) builds: 10 factory-prod: 10
[1;34m (Units:  Ger )
INF_1_MOVES : 115
[1;31m[1;95m[1;33m[1;32m
[1;32mHawaiian_Islands (Owner:  USA )
[1;34m[1;31m[1;95m[1;33m[1;32m (Units:  USA )
INF : 1
FIGHTER : 1

[1;95mIndia (Owner:  Eng ) factory-prod: 3
[1;34m[1;31m[1;95m (Units:  Eng )
INF : 3
AAGUN : 1
[1;33m[1;32m
[1;34mItaly (Owner:  Ger ) builds: 3 factory-prod: 3
[1;34m (Units:  Ger )
INF_1_MOVES : 1
[1;31m[1;95m[1;33m[1;32m
[1;33mIwo_Jima (Owner:  Jap )
[1;34m[1;31m[1;95m[1;33m (Units:  Jap )
INF : 1
[1;32m
[1;33mJapan (Owner:  Jap ) builds: 2 factory-prod: 8
[1;34m[1;31m[1;95m[1;33m (Units:  Jap )
INF : 1
ARTY : 1
TANK : 3
FIGHTER : 1
BOMBER : 1
[1;32m
[1;31mKarelia_SSR (Owner:  Rus ) builds: 1 factory-prod: 2
[1;34m[1;31m (Units:  Rus )
INF : 1
[1;95m (Units:  Eng )
INF : 9
ARTY : 1
TANK : 1
[1;33m[1;32m (Units:  USA )
INF : 2
TANK : 1

[1;32mMidway (Owner:  USA )
[1;34m[1;31m[1;95m[1;33m[1;32m (Units:  USA )
INF : 1

[1;33mNew_Guinea (Owner:  Jap )
[1;34m[1;31m[1;95m[1;33m (Units:  Jap )
INF : 1
[1;32m
[1;95mNew_Zealand (Owner:  Eng )
[1;34m[1;31m[1;95m (Units:  Eng )
INF : 1
[1;33m[1;32m
[1;33mOkinawa (Owner:  Jap )
[1;34m[1;31m[1;95m[1;33m (Units:  Jap )
INF : 1
[1;32m
[1;95mPersia (Owner:  Eng )
[1;34m[1;31m[1;95m (Units:  Eng )
INF : 10
ARTY : 1
[1;33m[1;32m (Units:  USA )
INF : 1
ARTY : 2

[1;33mPhilippine_Islands (Owner:  Jap )
[1;34m[1;31m[1;95m[1;33m (Units:  Jap )
INF : 1
ARTY : 1
[1;32m
[1;31mRussia (Owner:  Rus ) builds: 8 factory-prod: 8
[1;34m[1;31m (Units:  Rus )
INF : 6
[1;95m[1;33m[1;32m
[1;33mSolomon_Islands (Owner:  Jap )
[1;34m[1;31m[1;95m[1;33m (Units:  Jap )
INF : 1
[1;32m
[1;32mSzechwan (Owner:  USA )
[1;34m[1;31m[1;95m[1;33m[1;32m (Units:  USA )
FIGHTER : 1

[1;95mTrans_Jordan (Owner:  Eng )
[1;34m[1;31m[1;95m[1;33m[1;32m (Units:  USA )
INF : 1
TANK : 2

[1;95mUnited_Kingdom (Owner:  Eng ) builds: 5 factory-prod: 8
[1;34m[1;31m[1;95m (Units:  Eng )
FIGHTER : 2
BOMBER : 1
[1;33m[1;32m
[1;33mWake_Island (Owner:  Jap )
[1;34m[1;31m[1;95m[1;33m (Units:  Jap )
INF : 1
[1;32m
[1;32mWestern_United_States (Owner:  USA ) builds: 9 factory-prod: 10
[1;34m[1;31m[1;95m[1;33m[1;32m (Units:  USA )
INF : 3
ARTY : 1
FIGHTER : 1

[1;33mYunnan (Owner:  Jap )
[1;34m[1;31m[1;95m[1;33m (Units:  Jap )
INF : 15
ARTY : 6
TANK : 12
[1;32m
[1;0mSea_4
[1;34m (Units:  Ger )
DESTROYER_2_MOVES : 1
[1;31m (Units:  Rus )
SUB : 1
DESTROYER : 1
BATTLESHIP : 1
[1;95m[1;33m[1;32m
[1;0mSea_5
[1;34m (Units:  Ger )
TRANS_EMPTY_UNMOVED : 1
SUB_2_MOVES : 2
DESTROYER_2_MOVES : 10
CRUISER_2_MOVES : 1
[1;31m[1;95m[1;33m[1;32m
[1;0mSea_6
[1;34m[1;31m[1;95m (Units:  Eng )
TRANS_EMPTY : 10
SUB : 2
DESTROYER : 1
[1;33m[1;32m
[1;0mSea_8
[1;34m[1;31m[1;95m (Units:  Eng )
TRANS_EMPTY : 1
DESTROYER : 22
CRUISER : 1
BATTLESHIP : 1
[1;33m[1;32m
[1;0mSea_9
[1;34m (Units:  Ger )
SUB_2_MOVES : 2
[1;31m[1;95m[1;33m[1;32m
[1;0mSea_11
[1;34m[1;31m[1;95m[1;33m[1;32m (Units:  USA )
TRANS_EMPTY : 3
SUB : 2
DESTROYER : 2

[1;0mSea_12
[1;34m[1;31m[1;95m[1;33m[1;32m (Units:  USA )
TRANS_EMPTY : 1
DESTROYER : 3
BATTLESHIP : 1

[1;0mSea_15
[1;34m (Units:  Ger )
SUB_2_MOVES : 2
DESTROYER_2_MOVES : 1
[1;31m[1;95m[1;33m[1;32m
[1;0mSea_16
[1;34m[1;31m (Units:  Rus )
TRANS_EMPTY : 1
SUB : 4
DESTROYER : 6
BATTLESHIP : 4
[1;95m[1;33m[1;32m
[1;0mSea_17
[1;34m[1;31m[1;95m (Units:  Eng )
TRANS_EMPTY : 1
[1;33m[1;32m
[1;0mSea_23
[1;34m[1;31m[1;95m[1;33m[1;32m (Units:  USA )
TRANS_EMPTY : 7

[1;0mSea_24
[1;34m[1;31m[1;95m[1;33m[1;32m (Units:  USA )
TRANS_EMPTY : 1

[1;0mSea_39
[1;34m[1;31m[1;95m (Units:  Eng )
SUB : 1
[1;33m[1;32m
[1;0mSea_44
[1;34m[1;31m[1;95m[1;33m (Units:  Jap )
SUB : 1
[1;32m
[1;0mSea_45
[1;34m[1;31m[1;95m (Units:  Eng )
TRANS_EMPTY : 1
DESTROYER : 1
CARRIER : 1
CRUISER : 2
FIGHTER : 1
[1;33m[1;32m
[1;0mSea_53
[1;34m[1;31m[1;95m[1;33m[1;32m (Units:  USA )
SUB : 1

[1;0mSea_56
[1;34m[1;31m[1;95m[1;33m[1;32m (Units:  USA )
TRANS_EMPTY : 9
DESTROYER : 2
CARRIER : 1
CRUISER : 1
BATTLESHIP : 7
FIGHTER : 1

[1;0mSea_60
[1;34m (Units:  Ger )
TRANS_EMPTY_UNMOVED : 1
BATTLESHIP_2_MOVES : 1
[1;31m[1;95m[1;33m (Units:  Jap )
TRANS_EMPTY : 10
DESTROYER : 2
[1;32m
[1;0mSea_61
[1;34m[1;31m[1;95m[1;33m (Units:  Jap )
TRANS_EMPTY : 4
DESTROYER : 3
CARRIER : 2
CRUISER : 1
BATTLESHIP : 3
FIGHTER : 3
[1;32m
[1;0m

======================================================================
PRO AI SINGLE TURN TEST (TripleA Purchase & Place)
======================================================================
Starting Player: Ger
Starting Money: 38 IPCs
Total units on board: 119
======================================================================
Enemy Attack Options (per-enemy):
Enemy: Rus
  Land: Baltic_States Infantry: 1
  Land: Belorussia Infantry: 1
  Land: Ukraine_SSR Infantry: 26
  Land: Ukraine_SSR Artillery: 1
  Sea: Sea_15 Fighters: 0 Subs: 4 Destroyers: 6
Enemy: Eng
  Land: Baltic_States Bombers: 1
  Land: Baltic_States Infantry: 9
  Land: Baltic_States Artillery: 1
  Land: Baltic_States Tanks: 1
  Land: Belorussia Infantry: 9
  Land: Belorussia Artillery: 1
  Land: Belorussia Tanks: 1
  Land: Bulgaria_Romania Bombers: 1
  Land: Germany Bombers: 1
  Land: Italy Fighters: 2
  Land: Italy Bombers: 1
  Land: Norway Tanks: 1
  Land: Poland Tanks: 1
  Land: Ukraine_SSR Infantry: 9
  Land: Ukraine_SSR Artillery: 1
  Land: Ukraine_SSR Tanks: 1
  Sea: Sea_4 Fighters: 0 Subs: 2 Destroyers: 1
  Sea: Sea_5 Fighters: 2 Subs: 2 Destroyers: 23
  Sea: Sea_9 Fighters: 0 Subs: 2 Destroyers: 23
Enemy: USA
  Land: Algeria Tanks: 2
  Land: Baltic_States Infantry: 2
  Land: Baltic_States Tanks: 1
  Land: Belorussia Infantry: 2
  Land: Belorussia Tanks: 1
  Land: Libya Infantry: 1
  Land: Libya Tanks: 2
  Land: Norway Tanks: 1
  Land: Poland Tanks: 1
  Land: Ukraine_SSR Infantry: 2
  Land: Ukraine_SSR Artillery: 1
  Land: Ukraine_SSR Tanks: 1
  Sea: Sea_9 Fighters: 0 Subs: 2 Destroyers: 5
  Sea: Sea_60 Fighters: 1 Subs: 0 Destroyers: 0
Enemy Attack Options (aggregated max):
  Land: Algeria Inf: 0 Art: 0 Tank: 2 Ftr: 0 Bmb: 0 Str: 6
  Land: Baltic_States Inf: 9 Art: 1 Tank: 1 Ftr: 0 Bmb: 1 Str: 18
  Land: Belorussia Inf: 9 Art: 1 Tank: 1 Ftr: 0 Bmb: 0 Str: 14
  Land: Bulgaria_Romania Inf: 0 Art: 0 Tank: 0 Ftr: 0 Bmb: 1 Str: 4
  Land: Germany Inf: 0 Art: 0 Tank: 0 Ftr: 0 Bmb: 1 Str: 4
  Land: Italy Inf: 0 Art: 0 Tank: 0 Ftr: 2 Bmb: 1 Str: 10
  Land: Libya Inf: 1 Art: 0 Tank: 2 Ftr: 0 Bmb: 0 Str: 7
  Land: Norway Inf: 0 Art: 0 Tank: 1 Ftr: 0 Bmb: 0 Str: 3
  Land: Poland Inf: 0 Art: 0 Tank: 1 Ftr: 0 Bmb: 0 Str: 3
  Land: Ukraine_SSR Inf: 26 Art: 1 Tank: 0 Ftr: 0 Bmb: 0 Str: 28
      [SAFE] Sequential Battle Results: TUV=-1.65, Invaded%=0.0%, Battles=1
      [SAFE] Sequential Battle Results: TUV=-9.95, Invaded%=0.0%, Battles=1
      [SAFE] Sequential Battle Results: TUV=-0.21, Invaded%=0.0%, Battles=1
    Possible My Target Territory: Karelia_SSR_Air
      Battle Results (TUV, Invaded %):  -5.0309999999999997 ,  0

======================================================================
PRO AI TURN COMPLETE
======================================================================
Next Player: Eng
Final Money: 38 IPCs
Units Added: 10
Game Score: 0.1
======================================================================

round_num:  56
[1;95m --------------------
Current Player:  Eng
Money:  31 [1;0m 

[1;95mAnglo_Egyptian_Sudan (Owner:  Eng )
[1;95m (Units:  Eng )
FIGHTER_UNMOVED : 1
[1;31m[1;34m[1;33m[1;32m (Units:  USA )
ARTY : 2
TANK : 2

[1;34mBaltic_States (Owner:  Ger )
[1;95m[1;31m[1;34m (Units:  Ger )
INF : 2
[1;33m[1;32m
[1;95mBelgian_Congo (Owner:  Eng )
[1;95m[1;31m[1;34m[1;33m[1;32m (Units:  USA )
INF : 1
TANK : 1

[1;33mBorneo (Owner:  Jap )
[1;95m[1;31m[1;34m[1;33m (Units:  Jap )
INF : 1
[1;32m
[1;33mCaroline_Islands (Owner:  Jap )
[1;95m[1;31m[1;34m[1;33m (Units:  Jap )
INF : 1
[1;32m
[1;31mCaucasus (Owner:  Rus ) builds: 3 factory-prod: 4
[1;95m (Units:  Eng )
INF_1_MOVES : 9
ARTY_1_MOVES : 1
[1;31m (Units:  Rus )
INF : 26
ARTY : 1
[1;34m[1;33m[1;32m (Units:  USA )
INF : 2
ARTY : 1

[1;33mEast_Indies (Owner:  Jap )
[1;95m[1;31m[1;34m[1;33m (Units:  Jap )
INF : 2
[1;32m
[1;95mEastern_Australia (Owner:  Eng )
[1;95m (Units:  Eng )
INF_1_MOVES : 2
[1;31m[1;34m[1;33m[1;32m
[1;32mEastern_United_States (Owner:  USA ) builds: 6 factory-prod: 12
[1;95m (Units:  Eng )
INF_1_MOVES : 1
[1;31m[1;34m[1;33m[1;32m (Units:  USA )
INF : 1
ARTY : 1
TANK : 3
FIGHTER : 1
BOMBER : 1

[1;95mEgypt (Owner:  Eng )
[1;95m[1;31m[1;34m[1;33m[1;32m (Units:  USA )
INF : 1
TANK : 2

[1;95mFrench_Equatorial_Africa (Owner:  Eng )
[1;95m[1;31m[1;34m[1;33m[1;32m (Units:  USA )
INF : 1
TANK : 1

[1;33mFrench_Indo_China_Thailand (Owner:  Jap )
[1;95m[1;31m[1;34m[1;33m (Units:  Jap )
INF : 8
ARTY : 4
TANK : 12
[1;32m
[1;95mFrench_West_Africa (Owner:  Eng )
[1;95m[1;31m[1;34m[1;33m[1;32m (Units:  USA )
INF : 1
ARTY : 1
TANK : 3

[1;34mGermany (Owner:  Ger ) factory-prod: 10
[1;95m[1;31m[1;34m (Units:  Ger )
INF : 126
[1;33m[1;32m
[1;32mHawaiian_Islands (Owner:  USA )
[1;95m[1;31m[1;34m[1;33m[1;32m (Units:  USA )
INF : 1
FIGHTER : 1

[1;95mIndia (Owner:  Eng ) builds: 3 factory-prod: 3
[1;95m (Units:  Eng )
INF_1_MOVES : 3
AAGUN_1_MOVES : 1
[1;31m[1;34m[1;33m[1;32m
[1;34mItaly (Owner:  Ger ) builds: 2 factory-prod: 3
[1;95m[1;31m[1;34m (Units:  Ger )
INF : 1
[1;33m[1;32m
[1;33mIwo_Jima (Owner:  Jap )
[1;95m[1;31m[1;34m[1;33m (Units:  Jap )
INF : 1
[1;32m
[1;33mJapan (Owner:  Jap ) builds: 2 factory-prod: 8
[1;95m[1;31m[1;34m[1;33m (Units:  Jap )
INF : 1
ARTY : 1
TANK : 3
FIGHTER : 1
BOMBER : 1
[1;32m
[1;31mKarelia_SSR (Owner:  Rus ) builds: 1 factory-prod: 2
[1;95m (Units:  Eng )
INF_1_MOVES : 9
ARTY_1_MOVES : 1
TANK_2_MOVES : 1
[1;31m (Units:  Rus )
INF : 1
[1;34m[1;33m[1;32m (Units:  USA )
INF : 2
TANK : 1

[1;32mMidway (Owner:  USA )
[1;95m[1;31m[1;34m[1;33m[1;32m (Units:  USA )
INF : 1

[1;33mNew_Guinea (Owner:  Jap )
[1;95m[1;31m[1;34m[1;33m (Units:  Jap )
INF : 1
[1;32m
[1;95mNew_Zealand (Owner:  Eng )
[1;95m (Units:  Eng )
INF_1_MOVES : 1
[1;31m[1;34m[1;33m[1;32m
[1;33mOkinawa (Owner:  Jap )
[1;95m[1;31m[1;34m[1;33m (Units:  Jap )
INF : 1
[1;32m
[1;95mPersia (Owner:  Eng )
[1;95m (Units:  Eng )
INF_1_MOVES : 10
ARTY_1_MOVES : 1
[1;31m[1;34m[1;33m[1;32m (Units:  USA )
INF : 1
ARTY : 2

[1;33mPhilippine_Islands (Owner:  Jap )
[1;95m[1;31m[1;34m[1;33m (Units:  Jap )
INF : 1
ARTY : 1
[1;32m
[1;31mRussia (Owner:  Rus ) builds: 8 factory-prod: 8
[1;95m[1;31m (Units:  Rus )
INF : 6
[1;34m[1;33m[1;32m
[1;33mSolomon_Islands (Owner:  Jap )
[1;95m[1;31m[1;34m[1;33m (Units:  Jap )
INF : 1
[1;32m
[1;32mSzechwan (Owner:  USA )
[1;95m[1;31m[1;34m[1;33m[1;32m (Units:  USA )
FIGHTER : 1

[1;95mTrans_Jordan (Owner:  Eng )
[1;95m[1;31m[1;34m[1;33m[1;32m (Units:  USA )
INF : 1
TANK : 2

[1;95mUnited_Kingdom (Owner:  Eng ) builds: 8 factory-prod: 8
[1;95m (Units:  Eng )
FIGHTER_UNMOVED : 2
BOMBER_UNMOVED : 1
[1;31m[1;34m[1;33m[1;32m
[1;33mWake_Island (Owner:  Jap )
[1;95m[1;31m[1;34m[1;33m (Units:  Jap )
INF : 1
[1;32m
[1;32mWestern_United_States (Owner:  USA ) builds: 9 factory-prod: 10
[1;95m[1;31m[1;34m[1;33m[1;32m (Units:  USA )
INF : 3
ARTY : 1
FIGHTER : 1

[1;33mYunnan (Owner:  Jap )
[1;95m[1;31m[1;34m[1;33m (Units:  Jap )
INF : 15
ARTY : 6
TANK : 12
[1;32m
[1;0mSea_4
[1;95m[1;31m (Units:  Rus )
SUB : 1
DESTROYER : 1
BATTLESHIP : 1
[1;34m (Units:  Ger )
DESTROYER : 1
[1;33m[1;32m
[1;0mSea_5
[1;95m[1;31m[1;34m (Units:  Ger )
TRANS_EMPTY : 1
SUB : 2
DESTROYER : 11
CRUISER : 1
[1;33m[1;32m
[1;0mSea_6
[1;95m (Units:  Eng )
TRANS_EMPTY_UNMOVED : 10
SUB_2_MOVES : 2
DESTROYER_2_MOVES : 1
[1;31m[1;34m[1;33m[1;32m
[1;0mSea_8
[1;95m (Units:  Eng )
TRANS_EMPTY_UNMOVED : 1
DESTROYER_2_MOVES : 22
CRUISER_2_MOVES : 1
BATTLESHIP_2_MOVES : 1
[1;31m[1;34m[1;33m[1;32m
[1;0mSea_9
[1;95m[1;31m[1;34m (Units:  Ger )
SUB : 2
[1;33m[1;32m
[1;0mSea_11
[1;95m[1;31m[1;34m[1;33m[1;32m (Units:  USA )
TRANS_EMPTY : 3
SUB : 2
DESTROYER : 2

[1;0mSea_12
[1;95m[1;31m[1;34m[1;33m[1;32m (Units:  USA )
TRANS_EMPTY : 1
DESTROYER : 3
BATTLESHIP : 1

[1;0mSea_15
[1;95m[1;31m[1;34m (Units:  Ger )
SUB : 2
DESTROYER : 1
[1;33m[1;32m
[1;0mSea_16
[1;95m[1;31m (Units:  Rus )
TRANS_EMPTY : 1
SUB : 4
DESTROYER : 6
BATTLESHIP : 4
[1;34m[1;33m[1;32m
[1;0mSea_17
[1;95m (Units:  Eng )
TRANS_EMPTY_UNMOVED : 1
[1;31m[1;34m[1;33m[1;32m
[1;0mSea_23
[1;95m[1;31m[1;34m[1;33m[1;32m (Units:  USA )
TRANS_EMPTY : 7

[1;0mSea_24
[1;95m[1;31m[1;34m[1;33m[1;32m (Units:  USA )
TRANS_EMPTY : 1

[1;0mSea_39
[1;95m (Units:  Eng )
SUB_2_MOVES : 1
[1;31m[1;34m[1;33m[1;32m
[1;0mSea_44
[1;95m[1;31m[1;34m[1;33m (Units:  Jap )
SUB : 1
[1;32m
[1;0mSea_45
[1;95m (Units:  Eng )
TRANS_EMPTY_UNMOVED : 1
DESTROYER_2_MOVES : 1
CARRIER_2_MOVES : 1
CRUISER_2_MOVES : 2
FIGHTER_UNMOVED : 1
[1;31m[1;34m[1;33m[1;32m
[1;0mSea_53
[1;95m[1;31m[1;34m[1;33m[1;32m (Units:  USA )
SUB : 1

[1;0mSea_56
[1;95m[1;31m[1;34m[1;33m[1;32m (Units:  USA )
TRANS_EMPTY : 9
DESTROYER : 2
CARRIER : 1
CRUISER : 1
BATTLESHIP : 7
FIGHTER : 1

[1;0mSea_60
[1;95m[1;31m[1;34m (Units:  Ger )
TRANS_EMPTY : 1
BATTLESHIP : 1
[1;33m (Units:  Jap )
TRANS_EMPTY : 10
DESTROYER : 2
[1;32m
[1;0mSea_61
[1;95m[1;31m[1;34m[1;33m (Units:  Jap )
TRANS_EMPTY : 4
DESTROYER : 3
CARRIER : 2
CRUISER : 1
BATTLESHIP : 3
FIGHTER : 3
[1;32m
[1;0m

======================================================================
PRO AI SINGLE TURN TEST (TripleA Purchase & Place)
======================================================================
Starting Player: Eng
Starting Money: 31 IPCs
Total units on board: 40
======================================================================
Enemy Attack Options (per-enemy):
Enemy: Ger
  Land: Karelia_SSR Infantry: 2
  Sea: Sea_6 Fighters: 0 Subs: 4 Destroyers: 12
  Sea: Sea_7 Fighters: 0 Subs: 4 Destroyers: 12
  Sea: Sea_8 Fighters: 0 Subs: 4 Destroyers: 11
  Sea: Sea_17 Fighters: 0 Subs: 2 Destroyers: 1
Enemy: Jap
  Land: Burma Infantry: 23
  Land: Burma Artillery: 10
  Land: Burma Tanks: 24
  Land: India Tanks: 24
  Sea: Sea_35 Fighters: 1 Subs: 0 Destroyers: 3
  Sea: Sea_39 Fighters: 0 Subs: 1 Destroyers: 0
  Sea: Sea_45 Fighters: 0 Subs: 1 Destroyers: 0
Enemy Attack Options (aggregated max):
  Land: Burma Inf: 23 Art: 10 Tank: 24 Ftr: 0 Bmb: 0 Str: 115
  Land: India Inf: 0 Art: 0 Tank: 24 Ftr: 0 Bmb: 0 Str: 72
  Land: Karelia_SSR Inf: 2 Art: 0 Tank: 0 Ftr: 0 Bmb: 0 Str: 2
    Possible My Target Territory: Baltic_States_Air
      Battle Results (TUV, Invaded %):  3.939 ,  1
      Attack Value:  3.939
    Possible My Target Territory: Germany_Air
      Battle Results (TUV, Invaded %):  -9.978 ,  0
    Possible My Target Territory: Italy_Air
      Battle Results (TUV, Invaded %):  -0.23 ,  0
Trying  Baltic_States
Simulated battle results:  Battle_Results{avg_TUV_swing = 0, invaded_percent = 0, avg_survivor_def_power = 0}

======================================================================
PRO AI TURN COMPLETE
======================================================================
Next Player: Jap
Final Money: 31 IPCs
Units Added: 3
Game Score: -0.1
======================================================================

round_num:  57
[1;33m --------------------
Current Player:  Jap
Money:  33 [1;0m 

[1;95mAnglo_Egyptian_Sudan (Owner:  Eng )
[1;33m[1;31m[1;34m[1;95m (Units:  Eng )
FIGHTER : 1
[1;32m (Units:  USA )
ARTY : 2
TANK : 2

[1;34mBaltic_States (Owner:  Ger )
[1;33m[1;31m[1;34m (Units:  Ger )
INF : 2
[1;95m[1;32m
[1;95mBelgian_Congo (Owner:  Eng )
[1;33m[1;31m[1;34m[1;95m[1;32m (Units:  USA )
INF : 1
TANK : 1

[1;33mBorneo (Owner:  Jap )
[1;33m (Units:  Jap )
INF_1_MOVES : 1
[1;31m[1;34m[1;95m[1;32m
[1;33mCaroline_Islands (Owner:  Jap )
[1;33m (Units:  Jap )
INF_1_MOVES : 1
[1;31m[1;34m[1;95m[1;32m
[1;31mCaucasus (Owner:  Rus ) builds: 3 factory-prod: 4
[1;33m[1;31m (Units:  Rus )
INF : 26
ARTY : 1
[1;34m[1;95m (Units:  Eng )
INF : 10
ARTY : 1
[1;32m (Units:  USA )
INF : 2
ARTY : 1

[1;33mEast_Indies (Owner:  Jap )
[1;33m (Units:  Jap )
INF_1_MOVES : 2
[1;31m[1;34m[1;95m[1;32m
[1;95mEastern_Australia (Owner:  Eng )
[1;33m[1;31m[1;34m[1;95m (Units:  Eng )
INF : 2
[1;32m
[1;95mEastern_Canada (Owner:  Eng )
[1;33m[1;31m[1;34m[1;95m (Units:  Eng )
INF : 1
[1;32m
[1;32mEastern_United_States (Owner:  USA ) builds: 6 factory-prod: 12
[1;33m[1;31m[1;34m[1;95m[1;32m (Units:  USA )
INF : 1
ARTY : 1
TANK : 3
FIGHTER : 1
BOMBER : 1

[1;95mEgypt (Owner:  Eng )
[1;33m[1;31m[1;34m[1;95m[1;32m (Units:  USA )
INF : 1
TANK : 2

[1;95mFrench_Equatorial_Africa (Owner:  Eng )
[1;33m[1;31m[1;34m[1;95m[1;32m (Units:  USA )
INF : 1
TANK : 1

[1;33mFrench_Indo_China_Thailand (Owner:  Jap )
[1;33m (Units:  Jap )
INF_1_MOVES : 8
ARTY_1_MOVES : 4
TANK_2_MOVES : 12
[1;31m[1;34m[1;95m[1;32m
[1;95mFrench_West_Africa (Owner:  Eng )
[1;33m[1;31m[1;34m[1;95m[1;32m (Units:  USA )
INF : 1
ARTY : 1
TANK : 3

[1;34mGermany (Owner:  Ger ) factory-prod: 10
[1;33m[1;31m[1;34m (Units:  Ger )
INF : 126
[1;95m[1;32m
[1;32mHawaiian_Islands (Owner:  USA )
[1;33m[1;31m[1;34m[1;95m[1;32m (Units:  USA )
INF : 1
FIGHTER : 1

[1;95mIndia (Owner:  Eng ) factory-prod: 3
[1;33m[1;31m[1;34m[1;95m (Units:  Eng )
INF : 3
AAGUN : 1
[1;32m
[1;34mItaly (Owner:  Ger ) builds: 2 factory-prod: 3
[1;33m[1;31m[1;34m (Units:  Ger )
INF : 1
[1;95m[1;32m
[1;33mIwo_Jima (Owner:  Jap )
[1;33m (Units:  Jap )
INF_1_MOVES : 1
[1;31m[1;34m[1;95m[1;32m
[1;33mJapan (Owner:  Jap ) builds: 8 factory-prod: 8
[1;33m (Units:  Jap )
INF_1_MOVES : 1
ARTY_1_MOVES : 1
TANK_2_MOVES : 3
FIGHTER_UNMOVED : 1
BOMBER_UNMOVED : 1
[1;31m[1;34m[1;95m[1;32m
[1;31mKarelia_SSR (Owner:  Rus ) builds: 1 factory-prod: 2
[1;33m[1;31m (Units:  Rus )
INF : 1
[1;34m[1;95m (Units:  Eng )
INF : 9
ARTY : 1
TANK : 1
[1;32m (Units:  USA )
INF : 2
TANK : 1

[1;32mMidway (Owner:  USA )
[1;33m[1;31m[1;34m[1;95m[1;32m (Units:  USA )
INF : 1

[1;33mNew_Guinea (Owner:  Jap )
[1;33m (Units:  Jap )
INF_1_MOVES : 1
[1;31m[1;34m[1;95m[1;32m
[1;95mNew_Zealand (Owner:  Eng )
[1;33m[1;31m[1;34m[1;95m (Units:  Eng )
INF : 1
[1;32m
[1;33mOkinawa (Owner:  Jap )
[1;33m (Units:  Jap )
INF_1_MOVES : 1
[1;31m[1;34m[1;95m[1;32m
[1;95mPersia (Owner:  Eng )
[1;33m[1;31m[1;34m[1;95m (Units:  Eng )
INF : 12
ARTY : 1
[1;32m (Units:  USA )
INF : 1
ARTY : 2

[1;33mPhilippine_Islands (Owner:  Jap )
[1;33m (Units:  Jap )
INF_1_MOVES : 1
ARTY_1_MOVES : 1
[1;31m[1;34m[1;95m[1;32m
[1;31mRussia (Owner:  Rus ) builds: 8 factory-prod: 8
[1;33m[1;31m (Units:  Rus )
INF : 6
[1;34m[1;95m[1;32m
[1;33mSolomon_Islands (Owner:  Jap )
[1;33m (Units:  Jap )
INF_1_MOVES : 1
[1;31m[1;34m[1;95m[1;32m
[1;32mSzechwan (Owner:  USA )
[1;33m[1;31m[1;34m[1;95m[1;32m (Units:  USA )
FIGHTER : 1

[1;95mTrans_Jordan (Owner:  Eng )
[1;33m[1;31m[1;34m[1;95m[1;32m (Units:  USA )
INF : 1
TANK : 2

[1;95mUnited_Kingdom (Owner:  Eng ) builds: 5 factory-prod: 8
[1;33m[1;31m[1;34m[1;95m (Units:  Eng )
FIGHTER : 2
BOMBER : 1
[1;32m
[1;33mWake_Island (Owner:  Jap )
[1;33m (Units:  Jap )
INF_1_MOVES : 1
[1;31m[1;34m[1;95m[1;32m
[1;32mWestern_United_States (Owner:  USA ) builds: 9 factory-prod: 10
[1;33m[1;31m[1;34m[1;95m[1;32m (Units:  USA )
INF : 3
ARTY : 1
FIGHTER : 1

[1;33mYunnan (Owner:  Jap )
[1;33m (Units:  Jap )
INF_1_MOVES : 15
ARTY_1_MOVES : 6
TANK_2_MOVES : 12
[1;31m[1;34m[1;95m[1;32m
[1;0mSea_4
[1;33m[1;31m (Units:  Rus )
SUB : 1
DESTROYER : 1
BATTLESHIP : 1
[1;34m (Units:  Ger )
DESTROYER : 1
[1;95m[1;32m
[1;0mSea_5
[1;33m[1;31m[1;34m (Units:  Ger )
TRANS_EMPTY : 1
SUB : 2
DESTROYER : 11
CRUISER : 1
[1;95m[1;32m
[1;0mSea_6
[1;33m[1;31m[1;34m[1;95m (Units:  Eng )
TRANS_EMPTY : 12
SUB : 2
DESTROYER : 1
[1;32m
[1;0mSea_8
[1;33m[1;31m[1;34m[1;95m (Units:  Eng )
TRANS_EMPTY : 1
DESTROYER : 23
CRUISER : 1
BATTLESHIP : 1
[1;32m
[1;0mSea_9
[1;33m[1;31m[1;34m (Units:  Ger )
SUB : 2
[1;95m[1;32m
[1;0mSea_11
[1;33m[1;31m[1;34m[1;95m[1;32m (Units:  USA )
TRANS_EMPTY : 3
SUB : 2
DESTROYER : 2

[1;0mSea_12
[1;33m[1;31m[1;34m[1;95m[1;32m (Units:  USA )
TRANS_EMPTY : 1
DESTROYER : 3
BATTLESHIP : 1

[1;0mSea_15
[1;33m[1;31m[1;34m (Units:  Ger )
SUB : 2
DESTROYER : 1
[1;95m[1;32m
[1;0mSea_16
[1;33m[1;31m (Units:  Rus )
TRANS_EMPTY : 1
SUB : 4
DESTROYER : 6
BATTLESHIP : 4
[1;34m[1;95m[1;32m
[1;0mSea_23
[1;33m[1;31m[1;34m[1;95m[1;32m (Units:  USA )
TRANS_EMPTY : 7

[1;0mSea_24
[1;33m[1;31m[1;34m[1;95m[1;32m (Units:  USA )
TRANS_EMPTY : 1

[1;0mSea_34
[1;33m[1;31m[1;34m[1;95m (Units:  Eng )
TRANS_EMPTY : 1
[1;32m
[1;0mSea_39
[1;33m[1;31m[1;34m[1;95m (Units:  Eng )
TRANS_EMPTY : 1
SUB : 1
DESTROYER : 1
CARRIER : 1
CRUISER : 2
FIGHTER : 1
[1;32m
[1;0mSea_44
[1;33m (Units:  Jap )
SUB_2_MOVES : 1
[1;31m[1;34m[1;95m[1;32m
[1;0mSea_53
[1;33m[1;31m[1;34m[1;95m[1;32m (Units:  USA )
SUB : 1

[1;0mSea_56
[1;33m[1;31m[1;34m[1;95m[1;32m (Units:  USA )
TRANS_EMPTY : 9
DESTROYER : 2
CARRIER : 1
CRUISER : 1
BATTLESHIP : 7
FIGHTER : 1

[1;0mSea_60
[1;33m (Units:  Jap )
TRANS_EMPTY_UNMOVED : 10
DESTROYER_2_MOVES : 2
[1;31m[1;34m (Units:  Ger )
TRANS_EMPTY : 1
BATTLESHIP : 1
[1;95m[1;32m
[1;0mSea_61
[1;33m (Units:  Jap )
TRANS_EMPTY_UNMOVED : 4
DESTROYER_2_MOVES : 3
CARRIER_2_MOVES : 2
CRUISER_2_MOVES : 1
BATTLESHIP_2_MOVES : 3
FIGHTER_UNMOVED : 3
[1;31m[1;34m[1;95m[1;32m
[1;0m

======================================================================
PRO AI SINGLE TURN TEST (TripleA Purchase & Place)
======================================================================
Starting Player: Jap
Starting Money: 33 IPCs
Total units on board: 73
======================================================================
Enemy Attack Options (per-enemy):
Enemy: Rus
Enemy: Eng
  Sea: Sea_44 Fighters: 0 Subs: 1 Destroyers: 1
Enemy: USA
  Land: French_Indo_China_Thailand Fighters: 1
  Land: Solomon_Islands Fighters: 1
  Land: Wake_Island Fighters: 1
  Land: Yunnan Fighters: 1
  Sea: Sea_44 Fighters: 2 Subs: 1 Destroyers: 2
  Sea: Sea_60 Fighters: 1 Subs: 0 Destroyers: 0
  Sea: Sea_61 Fighters: 1 Subs: 0 Destroyers: 0
Enemy Attack Options (aggregated max):
  Land: French_Indo_China_Thailand Inf: 0 Art: 0 Tank: 0 Ftr: 1 Bmb: 0 Str: 3
  Land: Solomon_Islands Inf: 0 Art: 0 Tank: 0 Ftr: 1 Bmb: 0 Str: 3
  Land: Wake_Island Inf: 0 Art: 0 Tank: 0 Ftr: 1 Bmb: 0 Str: 3
  Land: Yunnan Inf: 0 Art: 0 Tank: 0 Ftr: 1 Bmb: 0 Str: 3
      [SAFE] Sequential Battle Results: TUV=-8.51, Invaded%=0.0%, Battles=1
      [SAFE] Sequential Battle Results: TUV=-2.93, Invaded%=0.0%, Battles=1
      [SAFE] Sequential Battle Results: TUV=-2.89, Invaded%=0.0%, Battles=1
      [SAFE] Sequential Battle Results: TUV=-8.53, Invaded%=0.0%, Battles=1
    Possible My Target Territory: India_Air
      Battle Results (TUV, Invaded %):  8 ,  1
      Attack Value:  32
    Possible My Target Territory: Midway_Air
      Battle Results (TUV, Invaded %):  -1.611 ,  0
    Possible My Target Territory: Szechwan_Air
      Battle Results (TUV, Invaded %):  7.969 ,  1
      Attack Value:  7.969
Trying  Szechwan

======================================================================
PRO AI TURN COMPLETE
======================================================================
Next Player: USA
Final Money: 33 IPCs
Units Added: 5
Game Score: 0.1
======================================================================

round_num:  58
[1;32m --------------------
Current Player:  USA
Money:  42 [1;0m 

[1;95mAnglo_Egyptian_Sudan (Owner:  Eng )
[1;32m (Units:  USA )
ARTY_1_MOVES : 2
TANK_2_MOVES : 2
[1;31m[1;34m[1;95m (Units:  Eng )
FIGHTER : 1
[1;33m
[1;34mBaltic_States (Owner:  Ger )
[1;32m[1;31m[1;34m (Units:  Ger )
INF : 2
[1;95m[1;33m
[1;95mBelgian_Congo (Owner:  Eng )
[1;32m (Units:  USA )
INF_1_MOVES : 1
TANK_2_MOVES : 1
[1;31m[1;34m[1;95m[1;33m
[1;33mBorneo (Owner:  Jap )
[1;32m[1;31m[1;34m[1;95m[1;33m (Units:  Jap )
INF : 1

[1;33mCaroline_Islands (Owner:  Jap )
[1;32m[1;31m[1;34m[1;95m[1;33m (Units:  Jap )
INF : 1

[1;31mCaucasus (Owner:  Rus ) builds: 3 factory-prod: 4
[1;32m (Units:  USA )
INF_1_MOVES : 2
ARTY_1_MOVES : 1
[1;31m (Units:  Rus )
INF : 26
ARTY : 1
[1;34m[1;95m (Units:  Eng )
INF : 10
ARTY : 1
[1;33m
[1;33mEast_Indies (Owner:  Jap )
[1;32m[1;31m[1;34m[1;95m[1;33m (Units:  Jap )
INF : 2

[1;95mEastern_Australia (Owner:  Eng )
[1;32m[1;31m[1;34m[1;95m (Units:  Eng )
INF : 2
[1;33m
[1;95mEastern_Canada (Owner:  Eng )
[1;32m[1;31m[1;34m[1;95m (Units:  Eng )
INF : 1
[1;33m
[1;32mEastern_United_States (Owner:  USA ) builds: 12 factory-prod: 12
[1;32m (Units:  USA )
INF_1_MOVES : 1
ARTY_1_MOVES : 1
TANK_2_MOVES : 3
FIGHTER_UNMOVED : 1
BOMBER_UNMOVED : 1
[1;31m[1;34m[1;95m[1;33m
[1;95mEgypt (Owner:  Eng )
[1;32m (Units:  USA )
INF_1_MOVES : 1
TANK_2_MOVES : 2
[1;31m[1;34m[1;95m[1;33m
[1;95mFrench_Equatorial_Africa (Owner:  Eng )
[1;32m (Units:  USA )
INF_1_MOVES : 1
TANK_2_MOVES : 1
[1;31m[1;34m[1;95m[1;33m
[1;33mFrench_Indo_China_Thailand (Owner:  Jap )
[1;32m[1;31m[1;34m[1;95m[1;33m (Units:  Jap )
INF : 15
ARTY : 6
TANK : 12

[1;95mFrench_West_Africa (Owner:  Eng )
[1;32m (Units:  USA )
INF_1_MOVES : 1
ARTY_1_MOVES : 1
TANK_2_MOVES : 3
[1;31m[1;34m[1;95m[1;33m
[1;34mGermany (Owner:  Ger ) factory-prod: 10
[1;32m[1;31m[1;34m (Units:  Ger )
INF : 126
[1;95m[1;33m
[1;32mHawaiian_Islands (Owner:  USA )
[1;32m (Units:  USA )
INF_1_MOVES : 1
FIGHTER_UNMOVED : 1
[1;31m[1;34m[1;95m[1;33m
[1;95mIndia (Owner:  Eng ) factory-prod: 3
[1;32m[1;31m[1;34m[1;95m (Units:  Eng )
INF : 3
AAGUN : 1
[1;33m
[1;34mItaly (Owner:  Ger ) builds: 2 factory-prod: 3
[1;32m[1;31m[1;34m (Units:  Ger )
INF : 1
[1;95m[1;33m
[1;33mIwo_Jima (Owner:  Jap )
[1;32m[1;31m[1;34m[1;95m[1;33m (Units:  Jap )
INF : 1

[1;33mJapan (Owner:  Jap ) builds: 2 factory-prod: 8
[1;32m[1;31m[1;34m[1;95m[1;33m (Units:  Jap )
INF : 1
ARTY : 1
TANK : 3
FIGHTER : 1
BOMBER : 1

[1;31mKarelia_SSR (Owner:  Rus ) builds: 1 factory-prod: 2
[1;32m (Units:  USA )
INF_1_MOVES : 2
TANK_2_MOVES : 1
[1;31m (Units:  Rus )
INF : 1
[1;34m[1;95m (Units:  Eng )
INF : 9
ARTY : 1
TANK : 1
[1;33m
[1;32mMidway (Owner:  USA )
[1;32m (Units:  USA )
INF_1_MOVES : 1
[1;31m[1;34m[1;95m[1;33m
[1;33mNew_Guinea (Owner:  Jap )
[1;32m[1;31m[1;34m[1;95m[1;33m (Units:  Jap )
INF : 1

[1;95mNew_Zealand (Owner:  Eng )
[1;32m[1;31m[1;34m[1;95m (Units:  Eng )
INF : 1
[1;33m
[1;33mOkinawa (Owner:  Jap )
[1;32m[1;31m[1;34m[1;95m[1;33m (Units:  Jap )
INF : 1

[1;95mPersia (Owner:  Eng )
[1;32m (Units:  USA )
INF_1_MOVES : 1
ARTY_1_MOVES : 2
[1;31m[1;34m[1;95m (Units:  Eng )
INF : 12
ARTY : 1
[1;33m
[1;33mPhilippine_Islands (Owner:  Jap )
[1;32m[1;31m[1;34m[1;95m[1;33m (Units:  Jap )
INF : 1
ARTY : 1

[1;31mRussia (Owner:  Rus ) builds: 8 factory-prod: 8
[1;32m[1;31m (Units:  Rus )
INF : 6
[1;34m[1;95m[1;33m
[1;33mSolomon_Islands (Owner:  Jap )
[1;32m[1;31m[1;34m[1;95m[1;33m (Units:  Jap )
INF : 1

[1;32mSzechwan (Owner:  USA )
[1;32m (Units:  USA )
FIGHTER_UNMOVED : 1
[1;31m[1;34m[1;95m[1;33m
[1;95mTrans_Jordan (Owner:  Eng )
[1;32m (Units:  USA )
INF_1_MOVES : 1
TANK_2_MOVES : 2
[1;31m[1;34m[1;95m[1;33m
[1;95mUnited_Kingdom (Owner:  Eng ) builds: 5 factory-prod: 8
[1;32m[1;31m[1;34m[1;95m (Units:  Eng )
FIGHTER : 2
BOMBER : 1
[1;33m
[1;33mWake_Island (Owner:  Jap )
[1;32m[1;31m[1;34m[1;95m[1;33m (Units:  Jap )
INF : 1

[1;32mWestern_United_States (Owner:  USA ) builds: 10 factory-prod: 10
[1;32m (Units:  USA )
INF_1_MOVES : 3
ARTY_1_MOVES : 1
FIGHTER_UNMOVED : 1
[1;31m[1;34m[1;95m[1;33m
[1;33mYunnan (Owner:  Jap )
[1;32m[1;31m[1;34m[1;95m[1;33m (Units:  Jap )
INF : 9
ARTY : 5
TANK : 15

[1;0mSea_4
[1;32m[1;31m (Units:  Rus )
SUB : 1
DESTROYER : 1
BATTLESHIP : 1
[1;34m (Units:  Ger )
DESTROYER : 1
[1;95m[1;33m
[1;0mSea_5
[1;32m[1;31m[1;34m (Units:  Ger )
TRANS_EMPTY : 1
SUB : 2
DESTROYER : 11
CRUISER : 1
[1;95m[1;33m
[1;0mSea_6
[1;32m[1;31m[1;34m[1;95m (Units:  Eng )
TRANS_EMPTY : 12
SUB : 2
DESTROYER : 1
[1;33m
[1;0mSea_8
[1;32m[1;31m[1;34m[1;95m (Units:  Eng )
TRANS_EMPTY : 1
DESTROYER : 23
CRUISER : 1
BATTLESHIP : 1
[1;33m
[1;0mSea_9
[1;32m[1;31m[1;34m (Units:  Ger )
SUB : 2
[1;95m[1;33m
[1;0mSea_11
[1;32m (Units:  USA )
TRANS_EMPTY_UNMOVED : 3
SUB_2_MOVES : 2
DESTROYER_2_MOVES : 2
[1;31m[1;34m[1;95m[1;33m
[1;0mSea_12
[1;32m (Units:  USA )
TRANS_EMPTY_UNMOVED : 1
DESTROYER_2_MOVES : 3
BATTLESHIP_2_MOVES : 1
[1;31m[1;34m[1;95m[1;33m
[1;0mSea_15
[1;32m[1;31m[1;34m (Units:  Ger )
SUB : 2
DESTROYER : 1
[1;95m[1;33m
[1;0mSea_16
[1;32m[1;31m (Units:  Rus )
TRANS_EMPTY : 1
SUB : 4
DESTROYER : 6
BATTLESHIP : 4
[1;34m[1;95m[1;33m
[1;0mSea_23
[1;32m (Units:  USA )
TRANS_EMPTY_UNMOVED : 7
[1;31m[1;34m[1;95m[1;33m
[1;0mSea_24
[1;32m (Units:  USA )
TRANS_EMPTY_UNMOVED : 1
[1;31m[1;34m[1;95m[1;33m
[1;0mSea_34
[1;32m[1;31m[1;34m[1;95m (Units:  Eng )
TRANS_EMPTY : 1
[1;33m
[1;0mSea_39
[1;32m[1;31m[1;34m[1;95m (Units:  Eng )
TRANS_EMPTY : 1
SUB : 1
DESTROYER : 1
CARRIER : 1
CRUISER : 2
FIGHTER : 1
[1;33m
[1;0mSea_44
[1;32m[1;31m[1;34m[1;95m[1;33m (Units:  Jap )
SUB : 1

[1;0mSea_53
[1;32m (Units:  USA )
SUB_2_MOVES : 1
[1;31m[1;34m[1;95m[1;33m
[1;0mSea_56
[1;32m (Units:  USA )
TRANS_EMPTY_UNMOVED : 9
DESTROYER_2_MOVES : 2
CARRIER_2_MOVES : 1
CRUISER_2_MOVES : 1
BATTLESHIP_2_MOVES : 7
FIGHTER_UNMOVED : 1
[1;31m[1;34m[1;95m[1;33m
[1;0mSea_60
[1;32m[1;31m[1;34m (Units:  Ger )
TRANS_EMPTY : 1
BATTLESHIP : 1
[1;95m[1;33m (Units:  Jap )
TRANS_EMPTY : 11
DESTROYER : 2

[1;0mSea_61
[1;32m[1;31m[1;34m[1;95m[1;33m (Units:  Jap )
TRANS_EMPTY : 4
DESTROYER : 3
CARRIER : 2
CRUISER : 1
BATTLESHIP : 3
FIGHTER : 3

[1;0m

======================================================================
PRO AI SINGLE TURN TEST (TripleA Purchase & Place)
======================================================================
Starting Player: USA
Starting Money: 42 IPCs
Total units on board: 39
======================================================================
Enemy Attack Options (per-enemy):
Enemy: Ger
  Land: Karelia_SSR Infantry: 2
  Sea: Sea_11 Fighters: 0 Subs: 2 Destroyers: 0
  Sea: Sea_12 Fighters: 0 Subs: 2 Destroyers: 0
  Sea: Sea_23 Fighters: 0 Subs: 2 Destroyers: 0
Enemy: Jap
  Land: Midway Bombers: 1
  Land: Szechwan Bombers: 1
  Land: Szechwan Infantry: 9
  Land: Szechwan Artillery: 5
  Land: Szechwan Tanks: 15
  Sea: Sea_53 Fighters: 0 Subs: 1 Destroyers: 0
  Sea: Sea_56 Fighters: 0 Subs: 1 Destroyers: 0
Enemy Attack Options (aggregated max):
  Land: Karelia_SSR Inf: 2 Art: 0 Tank: 0 Ftr: 0 Bmb: 0 Str: 2
  Land: Midway Inf: 0 Art: 0 Tank: 0 Ftr: 0 Bmb: 1 Str: 4
  Land: Szechwan Inf: 9 Art: 5 Tank: 15 Ftr: 0 Bmb: 1 Str: 68
      [SAFE] Sequential Battle Results: TUV=-1.53, Invaded%=0.0%, Battles=1
    Possible My Target Territory: Baltic_States_Air
      Battle Results (TUV, Invaded %):  2.1179999999999999 ,  0.94999999999999996
      Attack Value:  2.1179999999999999
    Possible My Target Territory: French_Indo_China_Thailand_Air
      Battle Results (TUV, Invaded %):  -8.484999999999999 ,  0
    Possible My Target Territory: Solomon_Islands_Air
      Battle Results (TUV, Invaded %):  -2.9009999999999998 ,  0
    Possible My Target Territory: Wake_Island_Air
      Battle Results (TUV, Invaded %):  -2.9009999999999998 ,  0
    Possible My Target Territory: Yunnan_Air
      Battle Results (TUV, Invaded %):  -8.532999999999999 ,  0
Trying  Baltic_States
Simulated battle results:  Battle_Results{avg_TUV_swing = 0, invaded_percent = 0, avg_survivor_def_power = 0}

======================================================================
PRO AI TURN COMPLETE
======================================================================
Next Player: Rus
Final Money: 40 IPCs
Units Added: 6
Game Score: 0.1
======================================================================

round_num:  59
[1;31m --------------------
Current Player:  Rus
Money:  27 [1;0m 

[1;95mAnglo_Egyptian_Sudan (Owner:  Eng )
[1;31m[1;34m[1;95m (Units:  Eng )
FIGHTER : 1
[1;33m[1;32m (Units:  USA )
INF : 1
TANK : 1

[1;34mBaltic_States (Owner:  Ger )
[1;31m[1;34m (Units:  Ger )
INF : 2
[1;95m[1;33m[1;32m
[1;95mBelgian_Congo (Owner:  Eng )
[1;31m[1;34m[1;95m[1;33m[1;32m (Units:  USA )
INF : 2
ARTY : 1
TANK : 4

[1;33mBorneo (Owner:  Jap )
[1;31m[1;34m[1;95m[1;33m (Units:  Jap )
INF : 1
[1;32m
[1;33mCaroline_Islands (Owner:  Jap )
[1;31m[1;34m[1;95m[1;33m (Units:  Jap )
INF : 1
[1;32m
[1;31mCaucasus (Owner:  Rus ) builds: 4 factory-prod: 4
[1;31m (Units:  Rus )
INF_1_MOVES : 26
ARTY_1_MOVES : 1
[1;34m[1;95m (Units:  Eng )
INF : 10
ARTY : 1
[1;33m[1;32m (Units:  USA )
INF : 3
ARTY : 3

[1;33mEast_Indies (Owner:  Jap )
[1;31m[1;34m[1;95m[1;33m (Units:  Jap )
INF : 2
[1;32m
[1;95mEastern_Australia (Owner:  Eng )
[1;31m[1;34m[1;95m (Units:  Eng )
INF : 2
[1;33m[1;32m
[1;95mEastern_Canada (Owner:  Eng )
[1;31m[1;34m[1;95m (Units:  Eng )
INF : 1
[1;33m[1;32m
[1;32mEastern_United_States (Owner:  USA ) builds: 5 factory-prod: 12
[1;31m[1;34m[1;95m[1;33m[1;32m (Units:  USA )
INF : 2
ARTY : 2
TANK : 3
FIGHTER : 1
BOMBER : 1

[1;95mEgypt (Owner:  Eng )
[1;31m[1;34m[1;95m[1;33m[1;32m (Units:  USA )
ARTY : 2
TANK : 2

[1;31mFinland (Owner:  Rus )
[1;31m[1;34m[1;95m[1;33m[1;32m (Units:  USA )
INF : 2
TANK : 1

[1;33mFrench_Indo_China_Thailand (Owner:  Jap )
[1;31m[1;34m[1;95m[1;33m (Units:  Jap )
INF : 15
ARTY : 6
TANK : 12
[1;32m
[1;95mFrench_West_Africa (Owner:  Eng )
[1;31m[1;34m[1;95m[1;33m[1;32m (Units:  USA )
INF : 1
TANK : 3

[1;34mGermany (Owner:  Ger ) factory-prod: 10
[1;31m[1;34m (Units:  Ger )
INF : 126
[1;95m[1;33m[1;32m
[1;32mHawaiian_Islands (Owner:  USA )
[1;31m[1;34m[1;95m[1;33m[1;32m (Units:  USA )
INF : 1
FIGHTER : 1

[1;95mIndia (Owner:  Eng ) factory-prod: 3
[1;31m[1;34m[1;95m (Units:  Eng )
INF : 3
AAGUN : 1
[1;33m[1;32m
[1;34mItaly (Owner:  Ger ) builds: 2 factory-prod: 3
[1;31m[1;34m (Units:  Ger )
INF : 1
[1;95m[1;33m[1;32m
[1;33mIwo_Jima (Owner:  Jap )
[1;31m[1;34m[1;95m[1;33m (Units:  Jap )
INF : 1
[1;32m
[1;33mJapan (Owner:  Jap ) builds: 2 factory-prod: 8
[1;31m[1;34m[1;95m[1;33m (Units:  Jap )
INF : 1
ARTY : 1
TANK : 3
FIGHTER : 1
BOMBER : 1
[1;32m
[1;31mKarelia_SSR (Owner:  Rus ) builds: 2 factory-prod: 2
[1;31m (Units:  Rus )
INF_1_MOVES : 1
[1;34m[1;95m (Units:  Eng )
INF : 9
ARTY : 1
TANK : 1
[1;33m[1;32m
[1;32mMidway (Owner:  USA )
[1;31m[1;34m[1;95m[1;33m[1;32m (Units:  USA )
INF : 1

[1;33mNew_Guinea (Owner:  Jap )
[1;31m[1;34m[1;95m[1;33m (Units:  Jap )
INF : 1
[1;32m
[1;95mNew_Zealand (Owner:  Eng )
[1;31m[1;34m[1;95m (Units:  Eng )
INF : 1
[1;33m[1;32m
[1;33mOkinawa (Owner:  Jap )
[1;31m[1;34m[1;95m[1;33m (Units:  Jap )
INF : 1
[1;32m
[1;95mPersia (Owner:  Eng )
[1;31m[1;34m[1;95m (Units:  Eng )
INF : 12
ARTY : 1
[1;33m[1;32m (Units:  USA )
INF : 1
TANK : 2

[1;33mPhilippine_Islands (Owner:  Jap )
[1;31m[1;34m[1;95m[1;33m (Units:  Jap )
INF : 1
ARTY : 1
[1;32m
[1;31mRussia (Owner:  Rus ) builds: 8 factory-prod: 8
[1;31m (Units:  Rus )
INF_1_MOVES : 6
[1;34m[1;95m[1;33m[1;32m
[1;33mSolomon_Islands (Owner:  Jap )
[1;31m[1;34m[1;95m[1;33m (Units:  Jap )
INF : 1
[1;32m
[1;32mSzechwan (Owner:  USA )
[1;31m[1;34m[1;95m[1;33m[1;32m (Units:  USA )
FIGHTER : 1

[1;95mTrans_Jordan (Owner:  Eng )
[1;31m[1;34m[1;95m[1;33m[1;32m (Units:  USA )
INF : 1
TANK : 2

[1;95mUnited_Kingdom (Owner:  Eng ) builds: 5 factory-prod: 8
[1;31m[1;34m[1;95m (Units:  Eng )
FIGHTER : 2
BOMBER : 1
[1;33m[1;32m
[1;33mWake_Island (Owner:  Jap )
[1;31m[1;34m[1;95m[1;33m (Units:  Jap )
INF : 1
[1;32m
[1;32mWestern_United_States (Owner:  USA ) builds: 9 factory-prod: 10
[1;31m[1;34m[1;95m[1;33m[1;32m (Units:  USA )
INF : 3
ARTY : 1
FIGHTER : 1

[1;33mYunnan (Owner:  Jap )
[1;31m[1;34m[1;95m[1;33m (Units:  Jap )
INF : 9
ARTY : 5
TANK : 15
[1;32m
[1;0mSea_4
[1;31m (Units:  Rus )
SUB_2_MOVES : 1
DESTROYER_2_MOVES : 1
BATTLESHIP_2_MOVES : 1
[1;34m (Units:  Ger )
DESTROYER : 1
[1;95m[1;33m[1;32m
[1;0mSea_5
[1;31m[1;34m (Units:  Ger )
TRANS_EMPTY : 1
SUB : 2
DESTROYER : 11
CRUISER : 1
[1;95m[1;33m[1;32m
[1;0mSea_6
[1;31m[1;34m[1;95m (Units:  Eng )
TRANS_EMPTY : 12
SUB : 2
DESTROYER : 1
[1;33m[1;32m
[1;0mSea_8
[1;31m[1;34m[1;95m (Units:  Eng )
TRANS_EMPTY : 1
DESTROYER : 23
CRUISER : 1
BATTLESHIP : 1
[1;33m[1;32m
[1;0mSea_9
[1;31m[1;34m (Units:  Ger )
SUB : 2
[1;95m[1;33m[1;32m
[1;0mSea_11
[1;31m[1;34m[1;95m[1;33m[1;32m (Units:  USA )
TRANS_EMPTY : 2
SUB : 2
DESTROYER : 2

[1;0mSea_12
[1;31m[1;34m[1;95m[1;33m[1;32m (Units:  USA )
TRANS_EMPTY : 6
DESTROYER : 3
BATTLESHIP : 1

[1;0mSea_15
[1;31m[1;34m (Units:  Ger )
SUB : 2
DESTROYER : 1
[1;95m[1;33m[1;32m
[1;0mSea_16
[1;31m (Units:  Rus )
TRANS_EMPTY_UNMOVED : 1
SUB_2_MOVES : 4
DESTROYER_2_MOVES : 6
BATTLESHIP_2_MOVES : 4
[1;34m[1;95m[1;33m[1;32m
[1;0mSea_23
[1;31m[1;34m[1;95m[1;33m[1;32m (Units:  USA )
TRANS_EMPTY : 1

[1;0mSea_24
[1;31m[1;34m[1;95m[1;33m[1;32m (Units:  USA )
TRANS_EMPTY : 4

[1;0mSea_34
[1;31m[1;34m[1;95m (Units:  Eng )
TRANS_EMPTY : 1
[1;33m[1;32m
[1;0mSea_39
[1;31m[1;34m[1;95m (Units:  Eng )
TRANS_EMPTY : 1
SUB : 1
DESTROYER : 1
CARRIER : 1
CRUISER : 2
FIGHTER : 1
[1;33m[1;32m
[1;0mSea_44
[1;31m[1;34m[1;95m[1;33m (Units:  Jap )
SUB : 1
[1;32m
[1;0mSea_53
[1;31m[1;34m[1;95m[1;33m[1;32m (Units:  USA )
SUB : 1

[1;0mSea_56
[1;31m[1;34m[1;95m[1;33m[1;32m (Units:  USA )
TRANS_EMPTY : 10
DESTROYER : 2
CARRIER : 1
CRUISER : 1
BATTLESHIP : 7
FIGHTER : 1

[1;0mSea_60
[1;31m[1;34m (Units:  Ger )
TRANS_EMPTY : 1
BATTLESHIP : 1
[1;95m[1;33m (Units:  Jap )
TRANS_EMPTY : 11
DESTROYER : 2
[1;32m
[1;0mSea_61
[1;31m[1;34m[1;95m[1;33m (Units:  Jap )
TRANS_EMPTY : 4
DESTROYER : 3
CARRIER : 2
CRUISER : 1
BATTLESHIP : 3
FIGHTER : 3
[1;32m
[1;0m

======================================================================
PRO AI SINGLE TURN TEST (TripleA Purchase & Place)
======================================================================
Starting Player: Rus
Starting Money: 27 IPCs
Total units on board: 34
======================================================================
Enemy Attack Options (per-enemy):
Enemy: Ger
  Land: Karelia_SSR Infantry: 2
  Sea: Sea_16 Fighters: 0 Subs: 2 Destroyers: 1
Enemy: Jap
Enemy Attack Options (aggregated max):
  Land: Karelia_SSR Inf: 2 Art: 0 Tank: 0 Ftr: 0 Bmb: 0 Str: 2
      [SAFE] Sequential Battle Results: TUV=-5.01, Invaded%=0.0%, Battles=1
    Possible My Target Territory: Baltic_States_Air
      Battle Results (TUV, Invaded %):  -2.31 ,  0.012999999999999999

======================================================================
PRO AI TURN COMPLETE
======================================================================
Next Player: Ger
Final Money: 27 IPCs
Units Added: 0
Game Score: -0.1
======================================================================

round_num:  60
[1;34m --------------------
Current Player:  Ger
Money:  38 [1;0m 

[1;95mAnglo_Egyptian_Sudan (Owner:  Eng )
[1;34m[1;31m[1;95m (Units:  Eng )
FIGHTER : 1
[1;33m[1;32m (Units:  USA )
INF : 1
TANK : 1

[1;31mArchangel (Owner:  Rus )
[1;34m[1;31m (Units:  Rus )
INF : 1
[1;95m[1;33m[1;32m
[1;34mBaltic_States (Owner:  Ger )
[1;34m (Units:  Ger )
INF_1_MOVES : 2
[1;31m[1;95m[1;33m[1;32m
[1;95mBelgian_Congo (Owner:  Eng )
[1;34m[1;31m[1;95m[1;33m[1;32m (Units:  USA )
INF : 2
ARTY : 1
TANK : 4

[1;33mBorneo (Owner:  Jap )
[1;34m[1;31m[1;95m[1;33m (Units:  Jap )
INF : 1
[1;32m
[1;33mCaroline_Islands (Owner:  Jap )
[1;34m[1;31m[1;95m[1;33m (Units:  Jap )
INF : 1
[1;32m
[1;31mCaucasus (Owner:  Rus ) builds: 3 factory-prod: 4
[1;34m[1;31m (Units:  Rus )
INF : 6
[1;95m (Units:  Eng )
INF : 10
ARTY : 1
[1;33m[1;32m (Units:  USA )
INF : 3
ARTY : 3

[1;33mEast_Indies (Owner:  Jap )
[1;34m[1;31m[1;95m[1;33m (Units:  Jap )
INF : 2
[1;32m
[1;95mEastern_Australia (Owner:  Eng )
[1;34m[1;31m[1;95m (Units:  Eng )
INF : 2
[1;33m[1;32m
[1;95mEastern_Canada (Owner:  Eng )
[1;34m[1;31m[1;95m (Units:  Eng )
INF : 1
[1;33m[1;32m
[1;32mEastern_United_States (Owner:  USA ) builds: 5 factory-prod: 12
[1;34m[1;31m[1;95m[1;33m[1;32m (Units:  USA )
INF : 2
ARTY : 2
TANK : 3
FIGHTER : 1
BOMBER : 1

[1;95mEgypt (Owner:  Eng )
[1;34m[1;31m[1;95m[1;33m[1;32m (Units:  USA )
ARTY : 2
TANK : 2

[1;31mFinland (Owner:  Rus )
[1;34m[1;31m[1;95m[1;33m[1;32m (Units:  USA )
INF : 2
TANK : 1

[1;33mFrench_Indo_China_Thailand (Owner:  Jap )
[1;34m[1;31m[1;95m[1;33m (Units:  Jap )
INF : 15
ARTY : 6
TANK : 12
[1;32m
[1;95mFrench_West_Africa (Owner:  Eng )
[1;34m[1;31m[1;95m[1;33m[1;32m (Units:  USA )
INF : 1
TANK : 3

[1;34mGermany (Owner:  Ger ) builds: 10 factory-prod: 10
[1;34m (Units:  Ger )
INF_1_MOVES : 126
[1;31m[1;95m[1;33m[1;32m
[1;32mHawaiian_Islands (Owner:  USA )
[1;34m[1;31m[1;95m[1;33m[1;32m (Units:  USA )
INF : 1
FIGHTER : 1

[1;95mIndia (Owner:  Eng ) factory-prod: 3
[1;34m[1;31m[1;95m (Units:  Eng )
INF : 3
AAGUN : 1
[1;33m[1;32m
[1;34mItaly (Owner:  Ger ) builds: 3 factory-prod: 3
[1;34m (Units:  Ger )
INF_1_MOVES : 1
[1;31m[1;95m[1;33m[1;32m
[1;33mIwo_Jima (Owner:  Jap )
[1;34m[1;31m[1;95m[1;33m (Units:  Jap )
INF : 1
[1;32m
[1;33mJapan (Owner:  Jap ) builds: 2 factory-prod: 8
[1;34m[1;31m[1;95m[1;33m (Units:  Jap )
INF : 1
ARTY : 1
TANK : 3
FIGHTER : 1
BOMBER : 1
[1;32m
[1;31mKarelia_SSR (Owner:  Rus ) builds: 1 factory-prod: 2
[1;34m[1;31m[1;95m (Units:  Eng )
INF : 9
ARTY : 1
TANK : 1
[1;33m[1;32m
[1;32mMidway (Owner:  USA )
[1;34m[1;31m[1;95m[1;33m[1;32m (Units:  USA )
INF : 1

[1;33mNew_Guinea (Owner:  Jap )
[1;34m[1;31m[1;95m[1;33m (Units:  Jap )
INF : 1
[1;32m
[1;95mNew_Zealand (Owner:  Eng )
[1;34m[1;31m[1;95m (Units:  Eng )
INF : 1
[1;33m[1;32m
[1;33mOkinawa (Owner:  Jap )
[1;34m[1;31m[1;95m[1;33m (Units:  Jap )
INF : 1
[1;32m
[1;95mPersia (Owner:  Eng )
[1;34m[1;31m[1;95m (Units:  Eng )
INF : 12
ARTY : 1
[1;33m[1;32m (Units:  USA )
INF : 1
TANK : 2

[1;33mPhilippine_Islands (Owner:  Jap )
[1;34m[1;31m[1;95m[1;33m (Units:  Jap )
INF : 1
ARTY : 1
[1;32m
[1;31mRussia (Owner:  Rus ) builds: 8 factory-prod: 8
[1;34m[1;31m (Units:  Rus )
INF : 26
ARTY : 1
[1;95m[1;33m[1;32m
[1;33mSolomon_Islands (Owner:  Jap )
[1;34m[1;31m[1;95m[1;33m (Units:  Jap )
INF : 1
[1;32m
[1;32mSzechwan (Owner:  USA )
[1;34m[1;31m[1;95m[1;33m[1;32m (Units:  USA )
FIGHTER : 1

[1;95mTrans_Jordan (Owner:  Eng )
[1;34m[1;31m[1;95m[1;33m[1;32m (Units:  USA )
INF : 1
TANK : 2

[1;95mUnited_Kingdom (Owner:  Eng ) builds: 5 factory-prod: 8
[1;34m[1;31m[1;95m (Units:  Eng )
FIGHTER : 2
BOMBER : 1
[1;33m[1;32m
[1;33mWake_Island (Owner:  Jap )
[1;34m[1;31m[1;95m[1;33m (Units:  Jap )
INF : 1
[1;32m
[1;32mWestern_United_States (Owner:  USA ) builds: 9 factory-prod: 10
[1;34m[1;31m[1;95m[1;33m[1;32m (Units:  USA )
INF : 3
ARTY : 1
FIGHTER : 1

[1;33mYunnan (Owner:  Jap )
[1;34m[1;31m[1;95m[1;33m (Units:  Jap )
INF : 9
ARTY : 5
TANK : 15
[1;32m
[1;0mSea_4
[1;34m (Units:  Ger )
DESTROYER_2_MOVES : 1
[1;31m (Units:  Rus )
SUB : 1
DESTROYER : 1
BATTLESHIP : 2
[1;95m[1;33m[1;32m
[1;0mSea_5
[1;34m (Units:  Ger )
TRANS_EMPTY_UNMOVED : 1
SUB_2_MOVES : 2
DESTROYER_2_MOVES : 11
CRUISER_2_MOVES : 1
[1;31m[1;95m[1;33m[1;32m
[1;0mSea_6
[1;34m[1;31m[1;95m (Units:  Eng )
TRANS_EMPTY : 12
SUB : 2
DESTROYER : 1
[1;33m[1;32m
[1;0mSea_8
[1;34m[1;31m[1;95m (Units:  Eng )
TRANS_EMPTY : 1
DESTROYER : 23
CRUISER : 1
BATTLESHIP : 1
[1;33m[1;32m
[1;0mSea_9
[1;34m (Units:  Ger )
SUB_2_MOVES : 2
[1;31m[1;95m[1;33m[1;32m
[1;0mSea_11
[1;34m[1;31m[1;95m[1;33m[1;32m (Units:  USA )
TRANS_EMPTY : 2
SUB : 2
DESTROYER : 2

[1;0mSea_12
[1;34m[1;31m[1;95m[1;33m[1;32m (Units:  USA )
TRANS_EMPTY : 6
DESTROYER : 3
BATTLESHIP : 1

[1;0mSea_15
[1;34m (Units:  Ger )
SUB_2_MOVES : 2
DESTROYER_2_MOVES : 1
[1;31m[1;95m[1;33m[1;32m
[1;0mSea_16
[1;34m[1;31m (Units:  Rus )
TRANS_EMPTY : 2
SUB : 4
DESTROYER : 6
BATTLESHIP : 4
[1;95m[1;33m[1;32m
[1;0mSea_23
[1;34m[1;31m[1;95m[1;33m[1;32m (Units:  USA )
TRANS_EMPTY : 1

[1;0mSea_24
[1;34m[1;31m[1;95m[1;33m[1;32m (Units:  USA )
TRANS_EMPTY : 4

[1;0mSea_34
[1;34m[1;31m[1;95m (Units:  Eng )
TRANS_EMPTY : 1
[1;33m[1;32m
[1;0mSea_39
[1;34m[1;31m[1;95m (Units:  Eng )
TRANS_EMPTY : 1
SUB : 1
DESTROYER : 1
CARRIER : 1
CRUISER : 2
FIGHTER : 1
[1;33m[1;32m
[1;0mSea_44
[1;34m[1;31m[1;95m[1;33m (Units:  Jap )
SUB : 1
[1;32m
[1;0mSea_53
[1;34m[1;31m[1;95m[1;33m[1;32m (Units:  USA )
SUB : 1

[1;0mSea_56
[1;34m[1;31m[1;95m[1;33m[1;32m (Units:  USA )
TRANS_EMPTY : 10
DESTROYER : 2
CARRIER : 1
CRUISER : 1
BATTLESHIP : 7
FIGHTER : 1

[1;0mSea_60
[1;34m (Units:  Ger )
TRANS_EMPTY_UNMOVED : 1
BATTLESHIP_2_MOVES : 1
[1;31m[1;95m[1;33m (Units:  Jap )
TRANS_EMPTY : 11
DESTROYER : 2
[1;32m
[1;0mSea_61
[1;34m[1;31m[1;95m[1;33m (Units:  Jap )
TRANS_EMPTY : 4
DESTROYER : 3
CARRIER : 2
CRUISER : 1
BATTLESHIP : 3
FIGHTER : 3
[1;32m
[1;0m

======================================================================
PRO AI SINGLE TURN TEST (TripleA Purchase & Place)
======================================================================
Starting Player: Ger
Starting Money: 38 IPCs
Total units on board: 129
======================================================================
Enemy Attack Options (per-enemy):
Enemy: Rus
  Land: Ukraine_SSR Infantry: 6
  Sea: Sea_15 Fighters: 0 Subs: 4 Destroyers: 6
Enemy: Eng
  Land: Baltic_States Bombers: 1
  Land: Baltic_States Infantry: 9
  Land: Baltic_States Artillery: 1
  Land: Baltic_States Tanks: 1
  Land: Belorussia Infantry: 9
  Land: Belorussia Artillery: 1
  Land: Belorussia Tanks: 1
  Land: Germany Bombers: 1
  Land: Italy Fighters: 2
  Land: Italy Bombers: 1
  Land: Poland Tanks: 1
  Land: Ukraine_SSR Infantry: 10
  Land: Ukraine_SSR Artillery: 1
  Land: Ukraine_SSR Tanks: 1
  Sea: Sea_4 Fighters: 0 Subs: 2 Destroyers: 1
  Sea: Sea_5 Fighters: 2 Subs: 2 Destroyers: 24
  Sea: Sea_9 Fighters: 0 Subs: 2 Destroyers: 24
Enemy: USA
  Land: Algeria Tanks: 2
  Land: Libya Artillery: 2
  Land: Libya Tanks: 2
  Land: Norway Infantry: 2
  Land: Norway Tanks: 1
  Land: Ukraine_SSR Infantry: 3
  Land: Ukraine_SSR Artillery: 3
  Sea: Sea_9 Fighters: 0 Subs: 2 Destroyers: 5
  Sea: Sea_60 Fighters: 1 Subs: 0 Destroyers: 0
Enemy Attack Options (aggregated max):
  Land: Algeria Inf: 0 Art: 0 Tank: 2 Ftr: 0 Bmb: 0 Str: 6
  Land: Baltic_States Inf: 9 Art: 1 Tank: 1 Ftr: 0 Bmb: 1 Str: 18
  Land: Belorussia Inf: 9 Art: 1 Tank: 1 Ftr: 0 Bmb: 0 Str: 14
  Land: Germany Inf: 0 Art: 0 Tank: 0 Ftr: 0 Bmb: 1 Str: 4
  Land: Italy Inf: 0 Art: 0 Tank: 0 Ftr: 2 Bmb: 1 Str: 10
  Land: Libya Inf: 0 Art: 2 Tank: 2 Ftr: 0 Bmb: 0 Str: 10
  Land: Norway Inf: 2 Art: 0 Tank: 1 Ftr: 0 Bmb: 0 Str: 5
  Land: Poland Inf: 0 Art: 0 Tank: 1 Ftr: 0 Bmb: 0 Str: 3
  Land: Ukraine_SSR Inf: 10 Art: 1 Tank: 1 Ftr: 0 Bmb: 0 Str: 15
      [SAFE] Sequential Battle Results: TUV=-9.95, Invaded%=0.0%, Battles=1
      [SAFE] Sequential Battle Results: TUV=-0.29, Invaded%=0.0%, Battles=1
    Possible My Target Territory: Karelia_SSR_Air
      Battle Results (TUV, Invaded %):  -5.0339999999999998 ,  0

======================================================================
PRO AI TURN COMPLETE
======================================================================
Next Player: Eng
Final Money: 38 IPCs
Units Added: 10
Game Score: 0.1
======================================================================

round_num:  61
[1;95m --------------------
Current Player:  Eng
Money:  31 [1;0m 

[1;95mAnglo_Egyptian_Sudan (Owner:  Eng )
[1;95m (Units:  Eng )
FIGHTER_UNMOVED : 1
[1;31m[1;34m[1;33m[1;32m (Units:  USA )
INF : 1
TANK : 1

[1;31mArchangel (Owner:  Rus )
[1;95m[1;31m (Units:  Rus )
INF : 1
[1;34m[1;33m[1;32m
[1;34mBaltic_States (Owner:  Ger )
[1;95m[1;31m[1;34m (Units:  Ger )
INF : 2
[1;33m[1;32m
[1;95mBelgian_Congo (Owner:  Eng )
[1;95m[1;31m[1;34m[1;33m[1;32m (Units:  USA )
INF : 2
ARTY : 1
TANK : 4

[1;33mBorneo (Owner:  Jap )
[1;95m[1;31m[1;34m[1;33m (Units:  Jap )
INF : 1
[1;32m
[1;33mCaroline_Islands (Owner:  Jap )
[1;95m[1;31m[1;34m[1;33m (Units:  Jap )
INF : 1
[1;32m
[1;31mCaucasus (Owner:  Rus ) builds: 3 factory-prod: 4
[1;95m (Units:  Eng )
INF_1_MOVES : 10
ARTY_1_MOVES : 1
[1;31m (Units:  Rus )
INF : 6
[1;34m[1;33m[1;32m (Units:  USA )
INF : 3
ARTY : 3

[1;33mEast_Indies (Owner:  Jap )
[1;95m[1;31m[1;34m[1;33m (Units:  Jap )
INF : 2
[1;32m
[1;95mEastern_Australia (Owner:  Eng )
[1;95m (Units:  Eng )
INF_1_MOVES : 2
[1;31m[1;34m[1;33m[1;32m
[1;95mEastern_Canada (Owner:  Eng )
[1;95m (Units:  Eng )
INF_1_MOVES : 1
[1;31m[1;34m[1;33m[1;32m
[1;32mEastern_United_States (Owner:  USA ) builds: 5 factory-prod: 12
[1;95m[1;31m[1;34m[1;33m[1;32m (Units:  USA )
INF : 2
ARTY : 2
TANK : 3
FIGHTER : 1
BOMBER : 1

[1;95mEgypt (Owner:  Eng )
[1;95m[1;31m[1;34m[1;33m[1;32m (Units:  USA )
ARTY : 2
TANK : 2

[1;31mFinland (Owner:  Rus )
[1;95m[1;31m[1;34m[1;33m[1;32m (Units:  USA )
INF : 2
TANK : 1

[1;33mFrench_Indo_China_Thailand (Owner:  Jap )
[1;95m[1;31m[1;34m[1;33m (Units:  Jap )
INF : 15
ARTY : 6
TANK : 12
[1;32m
[1;95mFrench_West_Africa (Owner:  Eng )
[1;95m[1;31m[1;34m[1;33m[1;32m (Units:  USA )
INF : 1
TANK : 3

[1;34mGermany (Owner:  Ger ) factory-prod: 10
[1;95m[1;31m[1;34m (Units:  Ger )
INF : 136
[1;33m[1;32m
[1;32mHawaiian_Islands (Owner:  USA )
[1;95m[1;31m[1;34m[1;33m[1;32m (Units:  USA )
INF : 1
FIGHTER : 1

[1;95mIndia (Owner:  Eng ) builds: 3 factory-prod: 3
[1;95m (Units:  Eng )
INF_1_MOVES : 3
AAGUN_1_MOVES : 1
[1;31m[1;34m[1;33m[1;32m
[1;34mItaly (Owner:  Ger ) builds: 2 factory-prod: 3
[1;95m[1;31m[1;34m (Units:  Ger )
INF : 1
[1;33m[1;32m
[1;33mIwo_Jima (Owner:  Jap )
[1;95m[1;31m[1;34m[1;33m (Units:  Jap )
INF : 1
[1;32m
[1;33mJapan (Owner:  Jap ) builds: 2 factory-prod: 8
[1;95m[1;31m[1;34m[1;33m (Units:  Jap )
INF : 1
ARTY : 1
TANK : 3
FIGHTER : 1
BOMBER : 1
[1;32m
[1;31mKarelia_SSR (Owner:  Rus ) builds: 1 factory-prod: 2
[1;95m (Units:  Eng )
INF_1_MOVES : 9
ARTY_1_MOVES : 1
TANK_2_MOVES : 1
[1;31m[1;34m[1;33m[1;32m
[1;32mMidway (Owner:  USA )
[1;95m[1;31m[1;34m[1;33m[1;32m (Units:  USA )
INF : 1

[1;33mNew_Guinea (Owner:  Jap )
[1;95m[1;31m[1;34m[1;33m (Units:  Jap )
INF : 1
[1;32m
[1;95mNew_Zealand (Owner:  Eng )
[1;95m (Units:  Eng )
INF_1_MOVES : 1
[1;31m[1;34m[1;33m[1;32m
[1;33mOkinawa (Owner:  Jap )
[1;95m[1;31m[1;34m[1;33m (Units:  Jap )
INF : 1
[1;32m
[1;95mPersia (Owner:  Eng )
[1;95m (Units:  Eng )
INF_1_MOVES : 12
ARTY_1_MOVES : 1
[1;31m[1;34m[1;33m[1;32m (Units:  USA )
INF : 1
TANK : 2

[1;33mPhilippine_Islands (Owner:  Jap )
[1;95m[1;31m[1;34m[1;33m (Units:  Jap )
INF : 1
ARTY : 1
[1;32m
[1;31mRussia (Owner:  Rus ) builds: 8 factory-prod: 8
[1;95m[1;31m (Units:  Rus )
INF : 26
ARTY : 1
[1;34m[1;33m[1;32m
[1;33mSolomon_Islands (Owner:  Jap )
[1;95m[1;31m[1;34m[1;33m (Units:  Jap )
INF : 1
[1;32m
[1;32mSzechwan (Owner:  USA )
[1;95m[1;31m[1;34m[1;33m[1;32m (Units:  USA )
FIGHTER : 1

[1;95mTrans_Jordan (Owner:  Eng )
[1;95m[1;31m[1;34m[1;33m[1;32m (Units:  USA )
INF : 1
TANK : 2

[1;95mUnited_Kingdom (Owner:  Eng ) builds: 8 factory-prod: 8
[1;95m (Units:  Eng )
FIGHTER_UNMOVED : 2
BOMBER_UNMOVED : 1
[1;31m[1;34m[1;33m[1;32m
[1;33mWake_Island (Owner:  Jap )
[1;95m[1;31m[1;34m[1;33m (Units:  Jap )
INF : 1
[1;32m
[1;32mWestern_United_States (Owner:  USA ) builds: 9 factory-prod: 10
[1;95m[1;31m[1;34m[1;33m[1;32m (Units:  USA )
INF : 3
ARTY : 1
FIGHTER : 1

[1;33mYunnan (Owner:  Jap )
[1;95m[1;31m[1;34m[1;33m (Units:  Jap )
INF : 9
ARTY : 5
TANK : 15
[1;32m
[1;0mSea_4
[1;95m[1;31m (Units:  Rus )
SUB : 1
DESTROYER : 1
BATTLESHIP : 2
[1;34m (Units:  Ger )
DESTROYER : 1
[1;33m[1;32m
[1;0mSea_5
[1;95m[1;31m[1;34m (Units:  Ger )
TRANS_EMPTY : 1
SUB : 2
DESTROYER : 12
CRUISER : 1
[1;33m[1;32m
[1;0mSea_6
[1;95m (Units:  Eng )
TRANS_EMPTY_UNMOVED : 12
SUB_2_MOVES : 2
DESTROYER_2_MOVES : 1
[1;31m[1;34m[1;33m[1;32m
[1;0mSea_8
[1;95m (Units:  Eng )
TRANS_EMPTY_UNMOVED : 1
DESTROYER_2_MOVES : 23
CRUISER_2_MOVES : 1
BATTLESHIP_2_MOVES : 1
[1;31m[1;34m[1;33m[1;32m
[1;0mSea_9
[1;95m[1;31m[1;34m (Units:  Ger )
SUB : 2
[1;33m[1;32m
[1;0mSea_11
[1;95m[1;31m[1;34m[1;33m[1;32m (Units:  USA )
TRANS_EMPTY : 2
SUB : 2
DESTROYER : 2

[1;0mSea_12
[1;95m[1;31m[1;34m[1;33m[1;32m (Units:  USA )
TRANS_EMPTY : 6
DESTROYER : 3
BATTLESHIP : 1

[1;0mSea_15
[1;95m[1;31m[1;34m (Units:  Ger )
SUB : 2
DESTROYER : 1
[1;33m[1;32m
[1;0mSea_16
[1;95m[1;31m (Units:  Rus )
TRANS_EMPTY : 2
SUB : 4
DESTROYER : 6
BATTLESHIP : 4
[1;34m[1;33m[1;32m
[1;0mSea_23
[1;95m[1;31m[1;34m[1;33m[1;32m (Units:  USA )
TRANS_EMPTY : 1

[1;0mSea_24
[1;95m[1;31m[1;34m[1;33m[1;32m (Units:  USA )
TRANS_EMPTY : 4

[1;0mSea_34
[1;95m (Units:  Eng )
TRANS_EMPTY_UNMOVED : 1
[1;31m[1;34m[1;33m[1;32m
[1;0mSea_39
[1;95m (Units:  Eng )
TRANS_EMPTY_UNMOVED : 1
SUB_2_MOVES : 1
DESTROYER_2_MOVES : 1
CARRIER_2_MOVES : 1
CRUISER_2_MOVES : 2
FIGHTER_UNMOVED : 1
[1;31m[1;34m[1;33m[1;32m
[1;0mSea_44
[1;95m[1;31m[1;34m[1;33m (Units:  Jap )
SUB : 1
[1;32m
[1;0mSea_53
[1;95m[1;31m[1;34m[1;33m[1;32m (Units:  USA )
SUB : 1

[1;0mSea_56
[1;95m[1;31m[1;34m[1;33m[1;32m (Units:  USA )
TRANS_EMPTY : 10
DESTROYER : 2
CARRIER : 1
CRUISER : 1
BATTLESHIP : 7
FIGHTER : 1

[1;0mSea_60
[1;95m[1;31m[1;34m (Units:  Ger )
TRANS_EMPTY : 1
BATTLESHIP : 1
[1;33m (Units:  Jap )
TRANS_EMPTY : 11
DESTROYER : 2
[1;32m
[1;0mSea_61
[1;95m[1;31m[1;34m[1;33m (Units:  Jap )
TRANS_EMPTY : 4
DESTROYER : 3
CARRIER : 2
CRUISER : 1
BATTLESHIP : 3
FIGHTER : 3
[1;32m
[1;0m

======================================================================
PRO AI SINGLE TURN TEST (TripleA Purchase & Place)
======================================================================
Starting Player: Eng
Starting Money: 31 IPCs
Total units on board: 43
======================================================================
Enemy Attack Options (per-enemy):
Enemy: Ger
  Land: Karelia_SSR Infantry: 2
  Sea: Sea_6 Fighters: 0 Subs: 4 Destroyers: 13
  Sea: Sea_7 Fighters: 0 Subs: 4 Destroyers: 13
  Sea: Sea_8 Fighters: 0 Subs: 4 Destroyers: 12
  Sea: Sea_34 Fighters: 0 Subs: 2 Destroyers: 1
Enemy: Jap
  Land: Burma Infantry: 24
  Land: Burma Artillery: 11
  Land: Burma Tanks: 27
  Land: India Tanks: 27
  Sea: Sea_35 Fighters: 1 Subs: 0 Destroyers: 3
  Sea: Sea_39 Fighters: 0 Subs: 1 Destroyers: 0
Enemy Attack Options (aggregated max):
  Land: Burma Inf: 24 Art: 11 Tank: 27 Ftr: 0 Bmb: 0 Str: 127
  Land: India Inf: 0 Art: 0 Tank: 27 Ftr: 0 Bmb: 0 Str: 81
  Land: Karelia_SSR Inf: 2 Art: 0 Tank: 0 Ftr: 0 Bmb: 0 Str: 2
    Possible My Target Territory: Baltic_States_Air
      Battle Results (TUV, Invaded %):  3.9689999999999999 ,  1
      Attack Value:  3.9689999999999999
    Possible My Target Territory: Germany_Air
      Battle Results (TUV, Invaded %):  -9.939 ,  0
    Possible My Target Territory: Italy_Air
      Battle Results (TUV, Invaded %):  -0.29999999999999999 ,  0
Trying  Baltic_States
Simulated battle results:  Battle_Results{avg_TUV_swing = 0, invaded_percent = 0, avg_survivor_def_power = 0}

======================================================================
PRO AI TURN COMPLETE
======================================================================
Next Player: Jap
Final Money: 31 IPCs
Units Added: 3
Game Score: -0.1
======================================================================

round_num:  62
[1;33m --------------------
Current Player:  Jap
Money:  33 [1;0m 

[1;95mAnglo_Egyptian_Sudan (Owner:  Eng )
[1;33m[1;31m[1;34m[1;95m (Units:  Eng )
FIGHTER : 1
[1;32m (Units:  USA )
INF : 1
TANK : 1

[1;31mArchangel (Owner:  Rus )
[1;33m[1;31m (Units:  Rus )
INF : 1
[1;34m[1;95m[1;32m
[1;34mBaltic_States (Owner:  Ger )
[1;33m[1;31m[1;34m (Units:  Ger )
INF : 2
[1;95m[1;32m
[1;95mBelgian_Congo (Owner:  Eng )
[1;33m[1;31m[1;34m[1;95m[1;32m (Units:  USA )
INF : 2
ARTY : 1
TANK : 4

[1;33mBorneo (Owner:  Jap )
[1;33m (Units:  Jap )
INF_1_MOVES : 1
[1;31m[1;34m[1;95m[1;32m
[1;33mCaroline_Islands (Owner:  Jap )
[1;33m (Units:  Jap )
INF_1_MOVES : 1
[1;31m[1;34m[1;95m[1;32m
[1;31mCaucasus (Owner:  Rus ) builds: 3 factory-prod: 4
[1;33m[1;31m (Units:  Rus )
INF : 6
[1;34m[1;95m (Units:  Eng )
INF : 12
ARTY : 1
[1;32m (Units:  USA )
INF : 3
ARTY : 3

[1;33mEast_Indies (Owner:  Jap )
[1;33m (Units:  Jap )
INF_1_MOVES : 2
[1;31m[1;34m[1;95m[1;32m
[1;95mEastern_Australia (Owner:  Eng )
[1;33m[1;31m[1;34m[1;95m (Units:  Eng )
INF : 2
[1;32m
[1;32mEastern_United_States (Owner:  USA ) builds: 5 factory-prod: 12
[1;33m[1;31m[1;34m[1;95m (Units:  Eng )
INF : 1
[1;32m (Units:  USA )
INF : 2
ARTY : 2
TANK : 3
FIGHTER : 1
BOMBER : 1

[1;95mEgypt (Owner:  Eng )
[1;33m[1;31m[1;34m[1;95m[1;32m (Units:  USA )
ARTY : 2
TANK : 2

[1;31mFinland (Owner:  Rus )
[1;33m[1;31m[1;34m[1;95m[1;32m (Units:  USA )
INF : 2
TANK : 1

[1;33mFrench_Indo_China_Thailand (Owner:  Jap )
[1;33m (Units:  Jap )
INF_1_MOVES : 15
ARTY_1_MOVES : 6
TANK_2_MOVES : 12
[1;31m[1;34m[1;95m[1;32m
[1;95mFrench_West_Africa (Owner:  Eng )
[1;33m[1;31m[1;34m[1;95m[1;32m (Units:  USA )
INF : 1
TANK : 3

[1;34mGermany (Owner:  Ger ) factory-prod: 10
[1;33m[1;31m[1;34m (Units:  Ger )
INF : 136
[1;95m[1;32m
[1;32mHawaiian_Islands (Owner:  USA )
[1;33m[1;31m[1;34m[1;95m[1;32m (Units:  USA )
INF : 1
FIGHTER : 1

[1;95mIndia (Owner:  Eng ) factory-prod: 3
[1;33m[1;31m[1;34m[1;95m (Units:  Eng )
INF : 3
AAGUN : 1
[1;32m
[1;34mItaly (Owner:  Ger ) builds: 2 factory-prod: 3
[1;33m[1;31m[1;34m (Units:  Ger )
INF : 1
[1;95m[1;32m
[1;33mIwo_Jima (Owner:  Jap )
[1;33m (Units:  Jap )
INF_1_MOVES : 1
[1;31m[1;34m[1;95m[1;32m
[1;33mJapan (Owner:  Jap ) builds: 8 factory-prod: 8
[1;33m (Units:  Jap )
INF_1_MOVES : 1
ARTY_1_MOVES : 1
TANK_2_MOVES : 3
FIGHTER_UNMOVED : 1
BOMBER_UNMOVED : 1
[1;31m[1;34m[1;95m[1;32m
[1;31mKarelia_SSR (Owner:  Rus ) builds: 1 factory-prod: 2
[1;33m[1;31m[1;34m[1;95m (Units:  Eng )
INF : 9
ARTY : 1
TANK : 1
[1;32m
[1;32mMidway (Owner:  USA )
[1;33m[1;31m[1;34m[1;95m[1;32m (Units:  USA )
INF : 1

[1;33mNew_Guinea (Owner:  Jap )
[1;33m (Units:  Jap )
INF_1_MOVES : 1
[1;31m[1;34m[1;95m[1;32m
[1;95mNew_Zealand (Owner:  Eng )
[1;33m[1;31m[1;34m[1;95m (Units:  Eng )
INF : 1
[1;32m
[1;33mOkinawa (Owner:  Jap )
[1;33m (Units:  Jap )
INF_1_MOVES : 1
[1;31m[1;34m[1;95m[1;32m
[1;95mPersia (Owner:  Eng )
[1;33m[1;31m[1;34m[1;95m (Units:  Eng )
INF : 13
ARTY : 1
[1;32m (Units:  USA )
INF : 1
TANK : 2

[1;33mPhilippine_Islands (Owner:  Jap )
[1;33m (Units:  Jap )
INF_1_MOVES : 1
ARTY_1_MOVES : 1
[1;31m[1;34m[1;95m[1;32m
[1;31mRussia (Owner:  Rus ) builds: 8 factory-prod: 8
[1;33m[1;31m (Units:  Rus )
INF : 26
ARTY : 1
[1;34m[1;95m[1;32m
[1;33mSolomon_Islands (Owner:  Jap )
[1;33m (Units:  Jap )
INF_1_MOVES : 1
[1;31m[1;34m[1;95m[1;32m
[1;32mSzechwan (Owner:  USA )
[1;33m[1;31m[1;34m[1;95m[1;32m (Units:  USA )
FIGHTER : 1

[1;95mTrans_Jordan (Owner:  Eng )
[1;33m[1;31m[1;34m[1;95m[1;32m (Units:  USA )
INF : 1
TANK : 2

[1;95mUnited_Kingdom (Owner:  Eng ) builds: 5 factory-prod: 8
[1;33m[1;31m[1;34m[1;95m (Units:  Eng )
FIGHTER : 2
BOMBER : 1
[1;32m
[1;33mWake_Island (Owner:  Jap )
[1;33m (Units:  Jap )
INF_1_MOVES : 1
[1;31m[1;34m[1;95m[1;32m
[1;32mWestern_United_States (Owner:  USA ) builds: 9 factory-prod: 10
[1;33m[1;31m[1;34m[1;95m[1;32m (Units:  USA )
INF : 3
ARTY : 1
FIGHTER : 1

[1;33mYunnan (Owner:  Jap )
[1;33m (Units:  Jap )
INF_1_MOVES : 9
ARTY_1_MOVES : 5
TANK_2_MOVES : 15
[1;31m[1;34m[1;95m[1;32m
[1;0mSea_4
[1;33m[1;31m (Units:  Rus )
SUB : 1
DESTROYER : 1
BATTLESHIP : 2
[1;34m (Units:  Ger )
DESTROYER : 1
[1;95m[1;32m
[1;0mSea_5
[1;33m[1;31m[1;34m (Units:  Ger )
TRANS_EMPTY : 1
SUB : 2
DESTROYER : 12
CRUISER : 1
[1;95m[1;32m
[1;0mSea_6
[1;33m[1;31m[1;34m[1;95m (Units:  Eng )
TRANS_EMPTY : 14
SUB : 2
DESTROYER : 1
[1;32m
[1;0mSea_8
[1;33m[1;31m[1;34m[1;95m (Units:  Eng )
TRANS_EMPTY : 1
DESTROYER : 24
CRUISER : 1
BATTLESHIP : 1
[1;32m
[1;0mSea_9
[1;33m[1;31m[1;34m (Units:  Ger )
SUB : 2
[1;95m[1;32m
[1;0mSea_11
[1;33m[1;31m[1;34m[1;95m[1;32m (Units:  USA )
TRANS_EMPTY : 2
SUB : 2
DESTROYER : 2

[1;0mSea_12
[1;33m[1;31m[1;34m[1;95m[1;32m (Units:  USA )
TRANS_EMPTY : 6
DESTROYER : 3
BATTLESHIP : 1

[1;0mSea_15
[1;33m[1;31m[1;34m (Units:  Ger )
SUB : 2
DESTROYER : 1
[1;95m[1;32m
[1;0mSea_16
[1;33m[1;31m (Units:  Rus )
TRANS_EMPTY : 2
SUB : 4
DESTROYER : 6
BATTLESHIP : 4
[1;34m[1;95m[1;32m
[1;0mSea_17
[1;33m[1;31m[1;34m[1;95m (Units:  Eng )
TRANS_EMPTY : 1
[1;32m
[1;0mSea_23
[1;33m[1;31m[1;34m[1;95m[1;32m (Units:  USA )
TRANS_EMPTY : 1

[1;0mSea_24
[1;33m[1;31m[1;34m[1;95m[1;32m (Units:  USA )
TRANS_EMPTY : 4

[1;0mSea_39
[1;33m[1;31m[1;34m[1;95m (Units:  Eng )
SUB : 1
[1;32m
[1;0mSea_44
[1;33m (Units:  Jap )
SUB_2_MOVES : 1
[1;31m[1;34m[1;95m[1;32m
[1;0mSea_45
[1;33m[1;31m[1;34m[1;95m (Units:  Eng )
TRANS_EMPTY : 1
DESTROYER : 1
CARRIER : 1
CRUISER : 2
FIGHTER : 1
[1;32m
[1;0mSea_53
[1;33m[1;31m[1;34m[1;95m[1;32m (Units:  USA )
SUB : 1

[1;0mSea_56
[1;33m[1;31m[1;34m[1;95m[1;32m (Units:  USA )
TRANS_EMPTY : 10
DESTROYER : 2
CARRIER : 1
CRUISER : 1
BATTLESHIP : 7
FIGHTER : 1

[1;0mSea_60
[1;33m (Units:  Jap )
TRANS_EMPTY_UNMOVED : 11
DESTROYER_2_MOVES : 2
[1;31m[1;34m (Units:  Ger )
TRANS_EMPTY : 1
BATTLESHIP : 1
[1;95m[1;32m
[1;0mSea_61
[1;33m (Units:  Jap )
TRANS_EMPTY_UNMOVED : 4
DESTROYER_2_MOVES : 3
CARRIER_2_MOVES : 2
CRUISER_2_MOVES : 1
BATTLESHIP_2_MOVES : 3
FIGHTER_UNMOVED : 3
[1;31m[1;34m[1;95m[1;32m
[1;0m

======================================================================
PRO AI SINGLE TURN TEST (TripleA Purchase & Place)
======================================================================
Starting Player: Jap
Starting Money: 33 IPCs
Total units on board: 78
======================================================================
Enemy Attack Options (per-enemy):
Enemy: Rus
Enemy: Eng
  Sea: Sea_44 Fighters: 0 Subs: 1 Destroyers: 1
Enemy: USA
  Land: French_Indo_China_Thailand Fighters: 1
  Land: Solomon_Islands Fighters: 1
  Land: Wake_Island Fighters: 1
  Land: Yunnan Fighters: 1
  Sea: Sea_44 Fighters: 2 Subs: 1 Destroyers: 2
  Sea: Sea_60 Fighters: 1 Subs: 0 Destroyers: 0
  Sea: Sea_61 Fighters: 1 Subs: 0 Destroyers: 0
Enemy Attack Options (aggregated max):
  Land: French_Indo_China_Thailand Inf: 0 Art: 0 Tank: 0 Ftr: 1 Bmb: 0 Str: 3
  Land: Solomon_Islands Inf: 0 Art: 0 Tank: 0 Ftr: 1 Bmb: 0 Str: 3
  Land: Wake_Island Inf: 0 Art: 0 Tank: 0 Ftr: 1 Bmb: 0 Str: 3
  Land: Yunnan Inf: 0 Art: 0 Tank: 0 Ftr: 1 Bmb: 0 Str: 3
      [SAFE] Sequential Battle Results: TUV=-8.52, Invaded%=0.0%, Battles=1
      [SAFE] Sequential Battle Results: TUV=-2.90, Invaded%=0.0%, Battles=1
      [SAFE] Sequential Battle Results: TUV=-2.90, Invaded%=0.0%, Battles=1
      [SAFE] Sequential Battle Results: TUV=-8.51, Invaded%=0.0%, Battles=1
    Possible My Target Territory: India_Air
      Battle Results (TUV, Invaded %):  8 ,  1
      Attack Value:  32
    Possible My Target Territory: Midway_Air
      Battle Results (TUV, Invaded %):  -1.587 ,  0
    Possible My Target Territory: Szechwan_Air
      Battle Results (TUV, Invaded %):  7.948 ,  1
      Attack Value:  7.948
Trying  Szechwan

======================================================================
PRO AI TURN COMPLETE
======================================================================
Next Player: USA
Final Money: 33 IPCs
Units Added: 5
Game Score: 0.1
======================================================================

round_num:  63
[1;32m --------------------
Current Player:  USA
Money:  40 [1;0m 

[1;95mAnglo_Egyptian_Sudan (Owner:  Eng )
[1;32m (Units:  USA )
INF_1_MOVES : 1
TANK_2_MOVES : 1
[1;31m[1;34m[1;95m (Units:  Eng )
FIGHTER : 1
[1;33m
[1;31mArchangel (Owner:  Rus )
[1;32m[1;31m (Units:  Rus )
INF : 1
[1;34m[1;95m[1;33m
[1;34mBaltic_States (Owner:  Ger )
[1;32m[1;31m[1;34m (Units:  Ger )
INF : 2
[1;95m[1;33m
[1;95mBelgian_Congo (Owner:  Eng )
[1;32m (Units:  USA )
INF_1_MOVES : 2
ARTY_1_MOVES : 1
TANK_2_MOVES : 4
[1;31m[1;34m[1;95m[1;33m
[1;33mBorneo (Owner:  Jap )
[1;32m[1;31m[1;34m[1;95m[1;33m (Units:  Jap )
INF : 1

[1;33mCaroline_Islands (Owner:  Jap )
[1;32m[1;31m[1;34m[1;95m[1;33m (Units:  Jap )
INF : 1

[1;31mCaucasus (Owner:  Rus ) builds: 3 factory-prod: 4
[1;32m (Units:  USA )
INF_1_MOVES : 3
ARTY_1_MOVES : 3
[1;31m (Units:  Rus )
INF : 6
[1;34m[1;95m (Units:  Eng )
INF : 12
ARTY : 1
[1;33m
[1;33mEast_Indies (Owner:  Jap )
[1;32m[1;31m[1;34m[1;95m[1;33m (Units:  Jap )
INF : 2

[1;95mEastern_Australia (Owner:  Eng )
[1;32m[1;31m[1;34m[1;95m (Units:  Eng )
INF : 2
[1;33m
[1;32mEastern_United_States (Owner:  USA ) builds: 12 factory-prod: 12
[1;32m (Units:  USA )
INF_1_MOVES : 2
ARTY_1_MOVES : 2
TANK_2_MOVES : 3
FIGHTER_UNMOVED : 1
BOMBER_UNMOVED : 1
[1;31m[1;34m[1;95m (Units:  Eng )
INF : 1
[1;33m
[1;95mEgypt (Owner:  Eng )
[1;32m (Units:  USA )
ARTY_1_MOVES : 2
TANK_2_MOVES : 2
[1;31m[1;34m[1;95m[1;33m
[1;31mFinland (Owner:  Rus )
[1;32m (Units:  USA )
INF_1_MOVES : 2
TANK_2_MOVES : 1
[1;31m[1;34m[1;95m[1;33m
[1;33mFrench_Indo_China_Thailand (Owner:  Jap )
[1;32m[1;31m[1;34m[1;95m[1;33m (Units:  Jap )
INF : 9
ARTY : 5
TANK : 15

[1;95mFrench_West_Africa (Owner:  Eng )
[1;32m (Units:  USA )
INF_1_MOVES : 1
TANK_2_MOVES : 3
[1;31m[1;34m[1;95m[1;33m
[1;34mGermany (Owner:  Ger ) factory-prod: 10
[1;32m[1;31m[1;34m (Units:  Ger )
INF : 136
[1;95m[1;33m
[1;32mHawaiian_Islands (Owner:  USA )
[1;32m (Units:  USA )
INF_1_MOVES : 1
FIGHTER_UNMOVED : 1
[1;31m[1;34m[1;95m[1;33m
[1;95mIndia (Owner:  Eng ) factory-prod: 3
[1;32m[1;31m[1;34m[1;95m (Units:  Eng )
INF : 3
AAGUN : 1
[1;33m
[1;34mItaly (Owner:  Ger ) builds: 2 factory-prod: 3
[1;32m[1;31m[1;34m (Units:  Ger )
INF : 1
[1;95m[1;33m
[1;33mIwo_Jima (Owner:  Jap )
[1;32m[1;31m[1;34m[1;95m[1;33m (Units:  Jap )
INF : 1

[1;33mJapan (Owner:  Jap ) builds: 2 factory-prod: 8
[1;32m[1;31m[1;34m[1;95m[1;33m (Units:  Jap )
INF : 1
ARTY : 1
TANK : 3
FIGHTER : 1
BOMBER : 1

[1;31mKarelia_SSR (Owner:  Rus ) builds: 1 factory-prod: 2
[1;32m[1;31m[1;34m[1;95m (Units:  Eng )
INF : 9
ARTY : 1
TANK : 1
[1;33m
[1;32mMidway (Owner:  USA )
[1;32m (Units:  USA )
INF_1_MOVES : 1
[1;31m[1;34m[1;95m[1;33m
[1;33mNew_Guinea (Owner:  Jap )
[1;32m[1;31m[1;34m[1;95m[1;33m (Units:  Jap )
INF : 1

[1;95mNew_Zealand (Owner:  Eng )
[1;32m[1;31m[1;34m[1;95m (Units:  Eng )
INF : 1
[1;33m
[1;33mOkinawa (Owner:  Jap )
[1;32m[1;31m[1;34m[1;95m[1;33m (Units:  Jap )
INF : 1

[1;95mPersia (Owner:  Eng )
[1;32m (Units:  USA )
INF_1_MOVES : 1
TANK_2_MOVES : 2
[1;31m[1;34m[1;95m (Units:  Eng )
INF : 13
ARTY : 1
[1;33m
[1;33mPhilippine_Islands (Owner:  Jap )
[1;32m[1;31m[1;34m[1;95m[1;33m (Units:  Jap )
INF : 1
ARTY : 1

[1;31mRussia (Owner:  Rus ) builds: 8 factory-prod: 8
[1;32m[1;31m (Units:  Rus )
INF : 26
ARTY : 1
[1;34m[1;95m[1;33m
[1;33mSolomon_Islands (Owner:  Jap )
[1;32m[1;31m[1;34m[1;95m[1;33m (Units:  Jap )
INF : 1

[1;32mSzechwan (Owner:  USA )
[1;32m (Units:  USA )
FIGHTER_UNMOVED : 1
[1;31m[1;34m[1;95m[1;33m
[1;95mTrans_Jordan (Owner:  Eng )
[1;32m (Units:  USA )
INF_1_MOVES : 1
TANK_2_MOVES : 2
[1;31m[1;34m[1;95m[1;33m
[1;95mUnited_Kingdom (Owner:  Eng ) builds: 5 factory-prod: 8
[1;32m[1;31m[1;34m[1;95m (Units:  Eng )
FIGHTER : 2
BOMBER : 1
[1;33m
[1;33mWake_Island (Owner:  Jap )
[1;32m[1;31m[1;34m[1;95m[1;33m (Units:  Jap )
INF : 1

[1;32mWestern_United_States (Owner:  USA ) builds: 10 factory-prod: 10
[1;32m (Units:  USA )
INF_1_MOVES : 3
ARTY_1_MOVES : 1
FIGHTER_UNMOVED : 1
[1;31m[1;34m[1;95m[1;33m
[1;33mYunnan (Owner:  Jap )
[1;32m[1;31m[1;34m[1;95m[1;33m (Units:  Jap )
INF : 16
ARTY : 7
TANK : 15

[1;0mSea_4
[1;32m[1;31m (Units:  Rus )
SUB : 1
DESTROYER : 1
BATTLESHIP : 2
[1;34m (Units:  Ger )
DESTROYER : 1
[1;95m[1;33m
[1;0mSea_5
[1;32m[1;31m[1;34m (Units:  Ger )
TRANS_EMPTY : 1
SUB : 2
DESTROYER : 12
CRUISER : 1
[1;95m[1;33m
[1;0mSea_6
[1;32m[1;31m[1;34m[1;95m (Units:  Eng )
TRANS_EMPTY : 14
SUB : 2
DESTROYER : 1
[1;33m
[1;0mSea_8
[1;32m[1;31m[1;34m[1;95m (Units:  Eng )
TRANS_EMPTY : 1
DESTROYER : 24
CRUISER : 1
BATTLESHIP : 1
[1;33m
[1;0mSea_9
[1;32m[1;31m[1;34m (Units:  Ger )
SUB : 2
[1;95m[1;33m
[1;0mSea_11
[1;32m (Units:  USA )
TRANS_EMPTY_UNMOVED : 2
SUB_2_MOVES : 2
DESTROYER_2_MOVES : 2
[1;31m[1;34m[1;95m[1;33m
[1;0mSea_12
[1;32m (Units:  USA )
TRANS_EMPTY_UNMOVED : 6
DESTROYER_2_MOVES : 3
BATTLESHIP_2_MOVES : 1
[1;31m[1;34m[1;95m[1;33m
[1;0mSea_15
[1;32m[1;31m[1;34m (Units:  Ger )
SUB : 2
DESTROYER : 1
[1;95m[1;33m
[1;0mSea_16
[1;32m[1;31m (Units:  Rus )
TRANS_EMPTY : 2
SUB : 4
DESTROYER : 6
BATTLESHIP : 4
[1;34m[1;95m[1;33m
[1;0mSea_17
[1;32m[1;31m[1;34m[1;95m (Units:  Eng )
TRANS_EMPTY : 1
[1;33m
[1;0mSea_23
[1;32m (Units:  USA )
TRANS_EMPTY_UNMOVED : 1
[1;31m[1;34m[1;95m[1;33m
[1;0mSea_24
[1;32m (Units:  USA )
TRANS_EMPTY_UNMOVED : 4
[1;31m[1;34m[1;95m[1;33m
[1;0mSea_39
[1;32m[1;31m[1;34m[1;95m (Units:  Eng )
SUB : 1
[1;33m
[1;0mSea_44
[1;32m[1;31m[1;34m[1;95m[1;33m (Units:  Jap )
SUB : 1

[1;0mSea_45
[1;32m[1;31m[1;34m[1;95m (Units:  Eng )
TRANS_EMPTY : 1
DESTROYER : 1
CARRIER : 1
CRUISER : 2
FIGHTER : 1
[1;33m
[1;0mSea_53
[1;32m (Units:  USA )
SUB_2_MOVES : 1
[1;31m[1;34m[1;95m[1;33m
[1;0mSea_56
[1;32m (Units:  USA )
TRANS_EMPTY_UNMOVED : 10
DESTROYER_2_MOVES : 2
CARRIER_2_MOVES : 1
CRUISER_2_MOVES : 1
BATTLESHIP_2_MOVES : 7
FIGHTER_UNMOVED : 1
[1;31m[1;34m[1;95m[1;33m
[1;0mSea_60
[1;32m[1;31m[1;34m (Units:  Ger )
TRANS_EMPTY : 1
BATTLESHIP : 1
[1;95m[1;33m (Units:  Jap )
TRANS_EMPTY : 12
DESTROYER : 2

[1;0mSea_61
[1;32m[1;31m[1;34m[1;95m[1;33m (Units:  Jap )
TRANS_EMPTY : 4
DESTROYER : 3
CARRIER : 2
CRUISER : 1
BATTLESHIP : 3
FIGHTER : 3

[1;0m

======================================================================
PRO AI SINGLE TURN TEST (TripleA Purchase & Place)
======================================================================
Starting Player: USA
Starting Money: 40 IPCs
Total units on board: 45
======================================================================
Enemy Attack Options (per-enemy):
Enemy: Ger
  Sea: Sea_11 Fighters: 0 Subs: 2 Destroyers: 0
  Sea: Sea_12 Fighters: 0 Subs: 2 Destroyers: 0
  Sea: Sea_23 Fighters: 0 Subs: 2 Destroyers: 0
Enemy: Jap
  Land: Midway Bombers: 1
  Land: Szechwan Bombers: 1
  Land: Szechwan Infantry: 16
  Land: Szechwan Artillery: 7
  Land: Szechwan Tanks: 15
  Sea: Sea_53 Fighters: 0 Subs: 1 Destroyers: 0
  Sea: Sea_56 Fighters: 0 Subs: 1 Destroyers: 0
Enemy Attack Options (aggregated max):
  Land: Midway Inf: 0 Art: 0 Tank: 0 Ftr: 0 Bmb: 1 Str: 4
  Land: Szechwan Inf: 16 Art: 7 Tank: 15 Ftr: 0 Bmb: 1 Str: 79
      [SAFE] Sequential Battle Results: TUV=-1.54, Invaded%=0.0%, Battles=1
    Possible My Target Territory: Baltic_States_Air
      Battle Results (TUV, Invaded %):  -3.0449999999999999 ,  0.101
      Attack Value:  -3.0449999999999999
    Possible My Target Territory: French_Indo_China_Thailand_Air
      Battle Results (TUV, Invaded %):  -8.518 ,  0
    Possible My Target Territory: Solomon_Islands_Air
      Battle Results (TUV, Invaded %):  -2.8719999999999999 ,  0
    Possible My Target Territory: Wake_Island_Air
      Battle Results (TUV, Invaded %):  -2.9009999999999998 ,  0
    Possible My Target Territory: Yunnan_Air
      Battle Results (TUV, Invaded %):  -8.536 ,  0

======================================================================
PRO AI TURN COMPLETE
======================================================================
Next Player: Rus
Final Money: 42 IPCs
Units Added: 2
Game Score: 0.1
======================================================================

round_num:  64
[1;31m --------------------
Current Player:  Rus
Money:  27 [1;0m 

[1;95mAnglo_Egyptian_Sudan (Owner:  Eng )
[1;31m[1;34m[1;95m (Units:  Eng )
FIGHTER : 1
[1;33m[1;32m (Units:  USA )
INF : 2
ARTY : 1
TANK : 4

[1;31mArchangel (Owner:  Rus )
[1;31m (Units:  Rus )
INF_1_MOVES : 1
[1;34m[1;95m[1;33m[1;32m
[1;34mBaltic_States (Owner:  Ger )
[1;31m[1;34m (Units:  Ger )
INF : 2
[1;95m[1;33m[1;32m
[1;95mBelgian_Congo (Owner:  Eng )
[1;31m[1;34m[1;95m[1;33m[1;32m (Units:  USA )
INF : 1
TANK : 1

[1;33mBorneo (Owner:  Jap )
[1;31m[1;34m[1;95m[1;33m (Units:  Jap )
INF : 1
[1;32m
[1;33mCaroline_Islands (Owner:  Jap )
[1;31m[1;34m[1;95m[1;33m (Units:  Jap )
INF : 1
[1;32m
[1;31mCaucasus (Owner:  Rus ) builds: 4 factory-prod: 4
[1;31m (Units:  Rus )
INF_1_MOVES : 6
[1;34m[1;95m (Units:  Eng )
INF : 12
ARTY : 1
[1;33m[1;32m (Units:  USA )
INF : 4
ARTY : 3
TANK : 2

[1;33mEast_Indies (Owner:  Jap )
[1;31m[1;34m[1;95m[1;33m (Units:  Jap )
INF : 2
[1;32m
[1;95mEastern_Australia (Owner:  Eng )
[1;31m[1;34m[1;95m (Units:  Eng )
INF : 2
[1;33m[1;32m
[1;32mEastern_United_States (Owner:  USA ) builds: 7 factory-prod: 12
[1;31m[1;34m[1;95m (Units:  Eng )
INF : 1
[1;33m[1;32m (Units:  USA )
ARTY : 3
TANK : 2
FIGHTER : 1
BOMBER : 1

[1;95mEgypt (Owner:  Eng )
[1;31m[1;34m[1;95m[1;33m[1;32m (Units:  USA )
INF : 1
TANK : 1

[1;95mFrench_Equatorial_Africa (Owner:  Eng )
[1;31m[1;34m[1;95m[1;33m[1;32m (Units:  USA )
TANK : 2

[1;33mFrench_Indo_China_Thailand (Owner:  Jap )
[1;31m[1;34m[1;95m[1;33m (Units:  Jap )
INF : 9
ARTY : 5
TANK : 15
[1;32m
[1;95mFrench_West_Africa (Owner:  Eng )
[1;31m[1;34m[1;95m[1;33m[1;32m (Units:  USA )
INF : 2
TANK : 2

[1;34mGermany (Owner:  Ger ) factory-prod: 10
[1;31m[1;34m (Units:  Ger )
INF : 136
[1;95m[1;33m[1;32m
[1;32mHawaiian_Islands (Owner:  USA )
[1;31m[1;34m[1;95m[1;33m[1;32m (Units:  USA )
INF : 1
FIGHTER : 1

[1;95mIndia (Owner:  Eng ) factory-prod: 3
[1;31m[1;34m[1;95m (Units:  Eng )
INF : 3
AAGUN : 1
[1;33m[1;32m
[1;34mItaly (Owner:  Ger ) builds: 2 factory-prod: 3
[1;31m[1;34m (Units:  Ger )
INF : 1
[1;95m[1;33m[1;32m
[1;33mIwo_Jima (Owner:  Jap )
[1;31m[1;34m[1;95m[1;33m (Units:  Jap )
INF : 1
[1;32m
[1;33mJapan (Owner:  Jap ) builds: 2 factory-prod: 8
[1;31m[1;34m[1;95m[1;33m (Units:  Jap )
INF : 1
ARTY : 1
TANK : 3
FIGHTER : 1
BOMBER : 1
[1;32m
[1;31mKarelia_SSR (Owner:  Rus ) builds: 2 factory-prod: 2
[1;31m[1;34m[1;95m (Units:  Eng )
INF : 9
ARTY : 1
TANK : 1
[1;33m[1;32m (Units:  USA )
INF : 2
TANK : 1

[1;32mMidway (Owner:  USA )
[1;31m[1;34m[1;95m[1;33m[1;32m (Units:  USA )
INF : 1

[1;33mNew_Guinea (Owner:  Jap )
[1;31m[1;34m[1;95m[1;33m (Units:  Jap )
INF : 1
[1;32m
[1;95mNew_Zealand (Owner:  Eng )
[1;31m[1;34m[1;95m (Units:  Eng )
INF : 1
[1;33m[1;32m
[1;33mOkinawa (Owner:  Jap )
[1;31m[1;34m[1;95m[1;33m (Units:  Jap )
INF : 1
[1;32m
[1;95mPersia (Owner:  Eng )
[1;31m[1;34m[1;95m (Units:  Eng )
INF : 13
ARTY : 1
[1;33m[1;32m (Units:  USA )
INF : 1
TANK : 2

[1;33mPhilippine_Islands (Owner:  Jap )
[1;31m[1;34m[1;95m[1;33m (Units:  Jap )
INF : 1
ARTY : 1
[1;32m
[1;31mRussia (Owner:  Rus ) builds: 8 factory-prod: 8
[1;31m (Units:  Rus )
INF_1_MOVES : 26
ARTY_1_MOVES : 1
[1;34m[1;95m[1;33m[1;32m
[1;33mSolomon_Islands (Owner:  Jap )
[1;31m[1;34m[1;95m[1;33m (Units:  Jap )
INF : 1
[1;32m
[1;32mSzechwan (Owner:  USA )
[1;31m[1;34m[1;95m[1;33m[1;32m (Units:  USA )
FIGHTER : 1

[1;95mTrans_Jordan (Owner:  Eng )
[1;31m[1;34m[1;95m[1;33m[1;32m (Units:  USA )
ARTY : 2
TANK : 2

[1;95mUnited_Kingdom (Owner:  Eng ) builds: 5 factory-prod: 8
[1;31m[1;34m[1;95m (Units:  Eng )
FIGHTER : 2
BOMBER : 1
[1;33m[1;32m
[1;33mWake_Island (Owner:  Jap )
[1;31m[1;34m[1;95m[1;33m (Units:  Jap )
INF : 1
[1;32m
[1;32mWestern_United_States (Owner:  USA ) builds: 9 factory-prod: 10
[1;31m[1;34m[1;95m[1;33m[1;32m (Units:  USA )
INF : 3
ARTY : 1
FIGHTER : 1

[1;33mYunnan (Owner:  Jap )
[1;31m[1;34m[1;95m[1;33m (Units:  Jap )
INF : 16
ARTY : 7
TANK : 15
[1;32m
[1;0mSea_4
[1;31m (Units:  Rus )
SUB_2_MOVES : 1
DESTROYER_2_MOVES : 1
BATTLESHIP_2_MOVES : 2
[1;34m (Units:  Ger )
DESTROYER : 1
[1;95m[1;33m[1;32m
[1;0mSea_5
[1;31m[1;34m (Units:  Ger )
TRANS_EMPTY : 1
SUB : 2
DESTROYER : 12
CRUISER : 1
[1;95m[1;33m[1;32m
[1;0mSea_6
[1;31m[1;34m[1;95m (Units:  Eng )
TRANS_EMPTY : 14
SUB : 2
DESTROYER : 1
[1;33m[1;32m
[1;0mSea_8
[1;31m[1;34m[1;95m (Units:  Eng )
TRANS_EMPTY : 1
DESTROYER : 24
CRUISER : 1
BATTLESHIP : 1
[1;33m[1;32m
[1;0mSea_9
[1;31m[1;34m (Units:  Ger )
SUB : 2
[1;95m[1;33m[1;32m
[1;0mSea_11
[1;31m[1;34m[1;95m[1;33m[1;32m (Units:  USA )
TRANS_EMPTY : 9
SUB : 2
DESTROYER : 2

[1;0mSea_12
[1;31m[1;34m[1;95m[1;33m[1;32m (Units:  USA )
TRANS_EMPTY : 1
DESTROYER : 3
BATTLESHIP : 1

[1;0mSea_15
[1;31m[1;34m (Units:  Ger )
SUB : 2
DESTROYER : 1
[1;95m[1;33m[1;32m
[1;0mSea_16
[1;31m (Units:  Rus )
TRANS_EMPTY_UNMOVED : 2
SUB_2_MOVES : 4
DESTROYER_2_MOVES : 6
BATTLESHIP_2_MOVES : 4
[1;34m[1;95m[1;33m[1;32m
[1;0mSea_17
[1;31m[1;34m[1;95m (Units:  Eng )
TRANS_EMPTY : 1
[1;33m[1;32m
[1;0mSea_23
[1;31m[1;34m[1;95m[1;33m[1;32m (Units:  USA )
TRANS_EMPTY : 5

[1;0mSea_24
[1;31m[1;34m[1;95m[1;33m[1;32m (Units:  USA )
TRANS_EMPTY : 1

[1;0mSea_39
[1;31m[1;34m[1;95m (Units:  Eng )
SUB : 1
[1;33m[1;32m
[1;0mSea_44
[1;31m[1;34m[1;95m[1;33m (Units:  Jap )
SUB : 1
[1;32m
[1;0mSea_45
[1;31m[1;34m[1;95m (Units:  Eng )
TRANS_EMPTY : 1
DESTROYER : 1
CARRIER : 1
CRUISER : 2
FIGHTER : 1
[1;33m[1;32m
[1;0mSea_53
[1;31m[1;34m[1;95m[1;33m[1;32m (Units:  USA )
SUB : 1

[1;0mSea_56
[1;31m[1;34m[1;95m[1;33m[1;32m (Units:  USA )
TRANS_EMPTY : 11
DESTROYER : 2
CARRIER : 1
CRUISER : 1
BATTLESHIP : 7
FIGHTER : 1

[1;0mSea_60
[1;31m[1;34m (Units:  Ger )
TRANS_EMPTY : 1
BATTLESHIP : 1
[1;95m[1;33m (Units:  Jap )
TRANS_EMPTY : 12
DESTROYER : 2
[1;32m
[1;0mSea_61
[1;31m[1;34m[1;95m[1;33m (Units:  Jap )
TRANS_EMPTY : 4
DESTROYER : 3
CARRIER : 2
CRUISER : 1
BATTLESHIP : 3
FIGHTER : 3
[1;32m
[1;0m

======================================================================
PRO AI SINGLE TURN TEST (TripleA Purchase & Place)
======================================================================
Starting Player: Rus
Starting Money: 27 IPCs
Total units on board: 34
======================================================================
Enemy Attack Options (per-enemy):
Enemy: Ger
  Land: Karelia_SSR Infantry: 2
  Sea: Sea_16 Fighters: 0 Subs: 2 Destroyers: 1
Enemy: Jap
Enemy Attack Options (aggregated max):
  Land: Karelia_SSR Inf: 2 Art: 0 Tank: 0 Ftr: 0 Bmb: 0 Str: 2
      [SAFE] Sequential Battle Results: TUV=-5.03, Invaded%=0.0%, Battles=1

======================================================================
PRO AI TURN COMPLETE
======================================================================
Next Player: Ger
Final Money: 28 IPCs
Units Added: 1
Game Score: -0.1
======================================================================

round_num:  65
[1;34m --------------------
Current Player:  Ger
Money:  38 [1;0m 

[1;95mAnglo_Egyptian_Sudan (Owner:  Eng )
[1;34m[1;31m[1;95m (Units:  Eng )
FIGHTER : 1
[1;33m[1;32m (Units:  USA )
INF : 2
ARTY : 1
TANK : 4

[1;34mBaltic_States (Owner:  Ger )
[1;34m (Units:  Ger )
INF_1_MOVES : 2
[1;31m[1;95m[1;33m[1;32m
[1;95mBelgian_Congo (Owner:  Eng )
[1;34m[1;31m[1;95m[1;33m[1;32m (Units:  USA )
INF : 1
TANK : 1

[1;33mBorneo (Owner:  Jap )
[1;34m[1;31m[1;95m[1;33m (Units:  Jap )
INF : 1
[1;32m
[1;33mCaroline_Islands (Owner:  Jap )
[1;34m[1;31m[1;95m[1;33m (Units:  Jap )
INF : 1
[1;32m
[1;31mCaucasus (Owner:  Rus ) builds: 3 factory-prod: 4
[1;34m[1;31m (Units:  Rus )
INF : 26
ARTY : 1
[1;95m (Units:  Eng )
INF : 12
ARTY : 1
[1;33m[1;32m (Units:  USA )
INF : 4
ARTY : 3
TANK : 2

[1;33mEast_Indies (Owner:  Jap )
[1;34m[1;31m[1;95m[1;33m (Units:  Jap )
INF : 2
[1;32m
[1;95mEastern_Australia (Owner:  Eng )
[1;34m[1;31m[1;95m (Units:  Eng )
INF : 2
[1;33m[1;32m
[1;32mEastern_United_States (Owner:  USA ) builds: 7 factory-prod: 12
[1;34m[1;31m[1;95m (Units:  Eng )
INF : 1
[1;33m[1;32m (Units:  USA )
ARTY : 3
TANK : 2
FIGHTER : 1
BOMBER : 1

[1;95mEgypt (Owner:  Eng )
[1;34m[1;31m[1;95m[1;33m[1;32m (Units:  USA )
INF : 1
TANK : 1

[1;95mFrench_Equatorial_Africa (Owner:  Eng )
[1;34m[1;31m[1;95m[1;33m[1;32m (Units:  USA )
TANK : 2

[1;33mFrench_Indo_China_Thailand (Owner:  Jap )
[1;34m[1;31m[1;95m[1;33m (Units:  Jap )
INF : 9
ARTY : 5
TANK : 15
[1;32m
[1;95mFrench_West_Africa (Owner:  Eng )
[1;34m[1;31m[1;95m[1;33m[1;32m (Units:  USA )
INF : 2
TANK : 2

[1;34mGermany (Owner:  Ger ) builds: 10 factory-prod: 10
[1;34m (Units:  Ger )
INF_1_MOVES : 136
[1;31m[1;95m[1;33m[1;32m
[1;32mHawaiian_Islands (Owner:  USA )
[1;34m[1;31m[1;95m[1;33m[1;32m (Units:  USA )
INF : 1
FIGHTER : 1

[1;95mIndia (Owner:  Eng ) factory-prod: 3
[1;34m[1;31m[1;95m (Units:  Eng )
INF : 3
AAGUN : 1
[1;33m[1;32m
[1;34mItaly (Owner:  Ger ) builds: 3 factory-prod: 3
[1;34m (Units:  Ger )
INF_1_MOVES : 1
[1;31m[1;95m[1;33m[1;32m
[1;33mIwo_Jima (Owner:  Jap )
[1;34m[1;31m[1;95m[1;33m (Units:  Jap )
INF : 1
[1;32m
[1;33mJapan (Owner:  Jap ) builds: 2 factory-prod: 8
[1;34m[1;31m[1;95m[1;33m (Units:  Jap )
INF : 1
ARTY : 1
TANK : 3
FIGHTER : 1
BOMBER : 1
[1;32m
[1;31mKarelia_SSR (Owner:  Rus ) factory-prod: 2
[1;34m[1;31m (Units:  Rus )
INF : 1
[1;95m (Units:  Eng )
INF : 9
ARTY : 1
TANK : 1
[1;33m[1;32m (Units:  USA )
INF : 2
TANK : 1

[1;32mMidway (Owner:  USA )
[1;34m[1;31m[1;95m[1;33m[1;32m (Units:  USA )
INF : 1

[1;33mNew_Guinea (Owner:  Jap )
[1;34m[1;31m[1;95m[1;33m (Units:  Jap )
INF : 1
[1;32m
[1;95mNew_Zealand (Owner:  Eng )
[1;34m[1;31m[1;95m (Units:  Eng )
INF : 1
[1;33m[1;32m
[1;33mOkinawa (Owner:  Jap )
[1;34m[1;31m[1;95m[1;33m (Units:  Jap )
INF : 1
[1;32m
[1;95mPersia (Owner:  Eng )
[1;34m[1;31m[1;95m (Units:  Eng )
INF : 13
ARTY : 1
[1;33m[1;32m (Units:  USA )
INF : 1
TANK : 2

[1;33mPhilippine_Islands (Owner:  Jap )
[1;34m[1;31m[1;95m[1;33m (Units:  Jap )
INF : 1
ARTY : 1
[1;32m
[1;31mRussia (Owner:  Rus ) builds: 7 factory-prod: 8
[1;34m[1;31m (Units:  Rus )
INF : 6
ARTY : 1
[1;95m[1;33m[1;32m
[1;33mSolomon_Islands (Owner:  Jap )
[1;34m[1;31m[1;95m[1;33m (Units:  Jap )
INF : 1
[1;32m
[1;32mSzechwan (Owner:  USA )
[1;34m[1;31m[1;95m[1;33m[1;32m (Units:  USA )
FIGHTER : 1

[1;95mTrans_Jordan (Owner:  Eng )
[1;34m[1;31m[1;95m[1;33m[1;32m (Units:  USA )
ARTY : 2
TANK : 2

[1;95mUnited_Kingdom (Owner:  Eng ) builds: 5 factory-prod: 8
[1;34m[1;31m[1;95m (Units:  Eng )
FIGHTER : 2
BOMBER : 1
[1;33m[1;32m
[1;33mWake_Island (Owner:  Jap )
[1;34m[1;31m[1;95m[1;33m (Units:  Jap )
INF : 1
[1;32m
[1;32mWestern_United_States (Owner:  USA ) builds: 9 factory-prod: 10
[1;34m[1;31m[1;95m[1;33m[1;32m (Units:  USA )
INF : 3
ARTY : 1
FIGHTER : 1

[1;33mYunnan (Owner:  Jap )
[1;34m[1;31m[1;95m[1;33m (Units:  Jap )
INF : 16
ARTY : 7
TANK : 15
[1;32m
[1;0mSea_4
[1;34m (Units:  Ger )
DESTROYER_2_MOVES : 1
[1;31m (Units:  Rus )
TRANS_EMPTY : 1
SUB : 1
DESTROYER : 2
BATTLESHIP : 2
[1;95m[1;33m[1;32m
[1;0mSea_5
[1;34m (Units:  Ger )
TRANS_EMPTY_UNMOVED : 1
SUB_2_MOVES : 2
DESTROYER_2_MOVES : 12
CRUISER_2_MOVES : 1
[1;31m[1;95m[1;33m[1;32m
[1;0mSea_6
[1;34m[1;31m[1;95m (Units:  Eng )
TRANS_EMPTY : 14
SUB : 2
DESTROYER : 1
[1;33m[1;32m
[1;0mSea_8
[1;34m[1;31m[1;95m (Units:  Eng )
TRANS_EMPTY : 1
DESTROYER : 24
CRUISER : 1
BATTLESHIP : 1
[1;33m[1;32m
[1;0mSea_9
[1;34m (Units:  Ger )
SUB_2_MOVES : 2
[1;31m[1;95m[1;33m[1;32m
[1;0mSea_11
[1;34m[1;31m[1;95m[1;33m[1;32m (Units:  USA )
TRANS_EMPTY : 9
SUB : 2
DESTROYER : 2

[1;0mSea_12
[1;34m[1;31m[1;95m[1;33m[1;32m (Units:  USA )
TRANS_EMPTY : 1
DESTROYER : 3
BATTLESHIP : 1

[1;0mSea_15
[1;34m (Units:  Ger )
SUB_2_MOVES : 2
DESTROYER_2_MOVES : 1
[1;31m[1;95m[1;33m[1;32m
[1;0mSea_16
[1;34m[1;31m (Units:  Rus )
TRANS_EMPTY : 3
SUB : 4
DESTROYER : 6
BATTLESHIP : 4
[1;95m[1;33m[1;32m
[1;0mSea_17
[1;34m[1;31m[1;95m (Units:  Eng )
TRANS_EMPTY : 1
[1;33m[1;32m
[1;0mSea_23
[1;34m[1;31m[1;95m[1;33m[1;32m (Units:  USA )
TRANS_EMPTY : 5

[1;0mSea_24
[1;34m[1;31m[1;95m[1;33m[1;32m (Units:  USA )
TRANS_EMPTY : 1

[1;0mSea_39
[1;34m[1;31m[1;95m (Units:  Eng )
SUB : 1
[1;33m[1;32m
[1;0mSea_44
[1;34m[1;31m[1;95m[1;33m (Units:  Jap )
SUB : 1
[1;32m
[1;0mSea_45
[1;34m[1;31m[1;95m (Units:  Eng )
TRANS_EMPTY : 1
DESTROYER : 1
CARRIER : 1
CRUISER : 2
FIGHTER : 1
[1;33m[1;32m
[1;0mSea_53
[1;34m[1;31m[1;95m[1;33m[1;32m (Units:  USA )
SUB : 1

[1;0mSea_56
[1;34m[1;31m[1;95m[1;33m[1;32m (Units:  USA )
TRANS_EMPTY : 11
DESTROYER : 2
CARRIER : 1
CRUISER : 1
BATTLESHIP : 7
FIGHTER : 1

[1;0mSea_60
[1;34m (Units:  Ger )
TRANS_EMPTY_UNMOVED : 1
BATTLESHIP_2_MOVES : 1
[1;31m[1;95m[1;33m (Units:  Jap )
TRANS_EMPTY : 12
DESTROYER : 2
[1;32m
[1;0mSea_61
[1;34m[1;31m[1;95m[1;33m (Units:  Jap )
TRANS_EMPTY : 4
DESTROYER : 3
CARRIER : 2
CRUISER : 1
BATTLESHIP : 3
FIGHTER : 3
[1;32m
[1;0m

======================================================================
PRO AI SINGLE TURN TEST (TripleA Purchase & Place)
======================================================================
Starting Player: Ger
Starting Money: 38 IPCs
Total units on board: 139
======================================================================
Enemy Attack Options (per-enemy):
Enemy: Rus
  Land: Baltic_States Infantry: 1
  Land: Belorussia Infantry: 1
  Land: Ukraine_SSR Infantry: 26
  Land: Ukraine_SSR Artillery: 1
  Sea: Sea_15 Fighters: 0 Subs: 4 Destroyers: 6
Enemy: Eng
  Land: Baltic_States Bombers: 1
  Land: Baltic_States Infantry: 9
  Land: Baltic_States Artillery: 1
  Land: Baltic_States Tanks: 1
  Land: Belorussia Infantry: 9
  Land: Belorussia Artillery: 1
  Land: Belorussia Tanks: 1
  Land: Germany Bombers: 1
  Land: Italy Fighters: 2
  Land: Italy Bombers: 1
  Land: Norway Tanks: 1
  Land: Poland Tanks: 1
  Land: Ukraine_SSR Infantry: 12
  Land: Ukraine_SSR Artillery: 1
  Land: Ukraine_SSR Tanks: 1
  Sea: Sea_4 Fighters: 0 Subs: 2 Destroyers: 1
  Sea: Sea_5 Fighters: 2 Subs: 2 Destroyers: 25
  Sea: Sea_9 Fighters: 0 Subs: 2 Destroyers: 25
Enemy: USA
  Land: Algeria Tanks: 1
  Land: Baltic_States Infantry: 2
  Land: Baltic_States Tanks: 1
  Land: Belorussia Infantry: 2
  Land: Belorussia Tanks: 3
  Land: Bulgaria_Romania Tanks: 2
  Land: Libya Infantry: 1
  Land: Libya Tanks: 1
  Land: Norway Tanks: 1
  Land: Poland Tanks: 3
  Land: Ukraine_SSR Infantry: 4
  Land: Ukraine_SSR Artillery: 3
  Land: Ukraine_SSR Tanks: 3
  Sea: Sea_9 Fighters: 0 Subs: 2 Destroyers: 5
  Sea: Sea_60 Fighters: 1 Subs: 0 Destroyers: 0
Enemy Attack Options (aggregated max):
  Land: Algeria Inf: 0 Art: 0 Tank: 1 Ftr: 0 Bmb: 0 Str: 3
  Land: Baltic_States Inf: 9 Art: 1 Tank: 1 Ftr: 0 Bmb: 1 Str: 18
  Land: Belorussia Inf: 9 Art: 1 Tank: 1 Ftr: 0 Bmb: 0 Str: 14
  Land: Bulgaria_Romania Inf: 0 Art: 0 Tank: 2 Ftr: 0 Bmb: 0 Str: 6
  Land: Germany Inf: 0 Art: 0 Tank: 0 Ftr: 0 Bmb: 1 Str: 4
  Land: Italy Inf: 0 Art: 0 Tank: 0 Ftr: 2 Bmb: 1 Str: 10
  Land: Libya Inf: 1 Art: 0 Tank: 1 Ftr: 0 Bmb: 0 Str: 4
  Land: Norway Inf: 0 Art: 0 Tank: 1 Ftr: 0 Bmb: 0 Str: 3
  Land: Poland Inf: 0 Art: 0 Tank: 3 Ftr: 0 Bmb: 0 Str: 9
  Land: Ukraine_SSR Inf: 26 Art: 1 Tank: 0 Ftr: 0 Bmb: 0 Str: 28
      [SAFE] Sequential Battle Results: TUV=-9.97, Invaded%=0.0%, Battles=1
      [SAFE] Sequential Battle Results: TUV=-0.23, Invaded%=0.0%, Battles=1
    Possible My Target Territory: Karelia_SSR_Air
      Battle Results (TUV, Invaded %):  -4.998 ,  0

======================================================================
PRO AI TURN COMPLETE
======================================================================
Next Player: Eng
Final Money: 38 IPCs
Units Added: 10
Game Score: 0.1
======================================================================

round_num:  66
[1;95m --------------------
Current Player:  Eng
Money:  31 [1;0m 

[1;95mAnglo_Egyptian_Sudan (Owner:  Eng )
[1;95m (Units:  Eng )
FIGHTER_UNMOVED : 1
[1;31m[1;34m[1;33m[1;32m (Units:  USA )
INF : 2
ARTY : 1
TANK : 4

[1;34mBaltic_States (Owner:  Ger )
[1;95m[1;31m[1;34m (Units:  Ger )
INF : 2
[1;33m[1;32m
[1;95mBelgian_Congo (Owner:  Eng )
[1;95m[1;31m[1;34m[1;33m[1;32m (Units:  USA )
INF : 1
TANK : 1

[1;33mBorneo (Owner:  Jap )
[1;95m[1;31m[1;34m[1;33m (Units:  Jap )
INF : 1
[1;32m
[1;33mCaroline_Islands (Owner:  Jap )
[1;95m[1;31m[1;34m[1;33m (Units:  Jap )
INF : 1
[1;32m
[1;31mCaucasus (Owner:  Rus ) builds: 3 factory-prod: 4
[1;95m (Units:  Eng )
INF_1_MOVES : 12
ARTY_1_MOVES : 1
[1;31m (Units:  Rus )
INF : 26
ARTY : 1
[1;34m[1;33m[1;32m (Units:  USA )
INF : 4
ARTY : 3
TANK : 2

[1;33mEast_Indies (Owner:  Jap )
[1;95m[1;31m[1;34m[1;33m (Units:  Jap )
INF : 2
[1;32m
[1;95mEastern_Australia (Owner:  Eng )
[1;95m (Units:  Eng )
INF_1_MOVES : 2
[1;31m[1;34m[1;33m[1;32m
[1;32mEastern_United_States (Owner:  USA ) builds: 7 factory-prod: 12
[1;95m (Units:  Eng )
INF_1_MOVES : 1
[1;31m[1;34m[1;33m[1;32m (Units:  USA )
ARTY : 3
TANK : 2
FIGHTER : 1
BOMBER : 1

[1;95mEgypt (Owner:  Eng )
[1;95m[1;31m[1;34m[1;33m[1;32m (Units:  USA )
INF : 1
TANK : 1

[1;95mFrench_Equatorial_Africa (Owner:  Eng )
[1;95m[1;31m[1;34m[1;33m[1;32m (Units:  USA )
TANK : 2

[1;33mFrench_Indo_China_Thailand (Owner:  Jap )
[1;95m[1;31m[1;34m[1;33m (Units:  Jap )
INF : 9
ARTY : 5
TANK : 15
[1;32m
[1;95mFrench_West_Africa (Owner:  Eng )
[1;95m[1;31m[1;34m[1;33m[1;32m (Units:  USA )
INF : 2
TANK : 2

[1;34mGermany (Owner:  Ger ) factory-prod: 10
[1;95m[1;31m[1;34m (Units:  Ger )
INF : 146
[1;33m[1;32m
[1;32mHawaiian_Islands (Owner:  USA )
[1;95m[1;31m[1;34m[1;33m[1;32m (Units:  USA )
INF : 1
FIGHTER : 1

[1;95mIndia (Owner:  Eng ) builds: 3 factory-prod: 3
[1;95m (Units:  Eng )
INF_1_MOVES : 3
AAGUN_1_MOVES : 1
[1;31m[1;34m[1;33m[1;32m
[1;34mItaly (Owner:  Ger ) builds: 2 factory-prod: 3
[1;95m[1;31m[1;34m (Units:  Ger )
INF : 1
[1;33m[1;32m
[1;33mIwo_Jima (Owner:  Jap )
[1;95m[1;31m[1;34m[1;33m (Units:  Jap )
INF : 1
[1;32m
[1;33mJapan (Owner:  Jap ) builds: 2 factory-prod: 8
[1;95m[1;31m[1;34m[1;33m (Units:  Jap )
INF : 1
ARTY : 1
TANK : 3
FIGHTER : 1
BOMBER : 1
[1;32m
[1;31mKarelia_SSR (Owner:  Rus ) factory-prod: 2
[1;95m (Units:  Eng )
INF_1_MOVES : 9
ARTY_1_MOVES : 1
TANK_2_MOVES : 1
[1;31m (Units:  Rus )
INF : 1
[1;34m[1;33m[1;32m (Units:  USA )
INF : 2
TANK : 1

[1;32mMidway (Owner:  USA )
[1;95m[1;31m[1;34m[1;33m[1;32m (Units:  USA )
INF : 1

[1;33mNew_Guinea (Owner:  Jap )
[1;95m[1;31m[1;34m[1;33m (Units:  Jap )
INF : 1
[1;32m
[1;95mNew_Zealand (Owner:  Eng )
[1;95m (Units:  Eng )
INF_1_MOVES : 1
[1;31m[1;34m[1;33m[1;32m
[1;33mOkinawa (Owner:  Jap )
[1;95m[1;31m[1;34m[1;33m (Units:  Jap )
INF : 1
[1;32m
[1;95mPersia (Owner:  Eng )
[1;95m (Units:  Eng )
INF_1_MOVES : 13
ARTY_1_MOVES : 1
[1;31m[1;34m[1;33m[1;32m (Units:  USA )
INF : 1
TANK : 2

[1;33mPhilippine_Islands (Owner:  Jap )
[1;95m[1;31m[1;34m[1;33m (Units:  Jap )
INF : 1
ARTY : 1
[1;32m
[1;31mRussia (Owner:  Rus ) builds: 7 factory-prod: 8
[1;95m[1;31m (Units:  Rus )
INF : 6
ARTY : 1
[1;34m[1;33m[1;32m
[1;33mSolomon_Islands (Owner:  Jap )
[1;95m[1;31m[1;34m[1;33m (Units:  Jap )
INF : 1
[1;32m
[1;32mSzechwan (Owner:  USA )
[1;95m[1;31m[1;34m[1;33m[1;32m (Units:  USA )
FIGHTER : 1

[1;95mTrans_Jordan (Owner:  Eng )
[1;95m[1;31m[1;34m[1;33m[1;32m (Units:  USA )
ARTY : 2
TANK : 2

[1;95mUnited_Kingdom (Owner:  Eng ) builds: 8 factory-prod: 8
[1;95m (Units:  Eng )
FIGHTER_UNMOVED : 2
BOMBER_UNMOVED : 1
[1;31m[1;34m[1;33m[1;32m
[1;33mWake_Island (Owner:  Jap )
[1;95m[1;31m[1;34m[1;33m (Units:  Jap )
INF : 1
[1;32m
[1;32mWestern_United_States (Owner:  USA ) builds: 9 factory-prod: 10
[1;95m[1;31m[1;34m[1;33m[1;32m (Units:  USA )
INF : 3
ARTY : 1
FIGHTER : 1

[1;33mYunnan (Owner:  Jap )
[1;95m[1;31m[1;34m[1;33m (Units:  Jap )
INF : 16
ARTY : 7
TANK : 15
[1;32m
[1;0mSea_4
[1;95m[1;31m (Units:  Rus )
TRANS_EMPTY : 1
SUB : 1
DESTROYER : 2
BATTLESHIP : 2
[1;34m (Units:  Ger )
DESTROYER : 1
[1;33m[1;32m
[1;0mSea_5
[1;95m[1;31m[1;34m (Units:  Ger )
TRANS_EMPTY : 1
SUB : 2
DESTROYER : 13
CRUISER : 1
[1;33m[1;32m
[1;0mSea_6
[1;95m (Units:  Eng )
TRANS_EMPTY_UNMOVED : 14
SUB_2_MOVES : 2
DESTROYER_2_MOVES : 1
[1;31m[1;34m[1;33m[1;32m
[1;0mSea_8
[1;95m (Units:  Eng )
TRANS_EMPTY_UNMOVED : 1
DESTROYER_2_MOVES : 24
CRUISER_2_MOVES : 1
BATTLESHIP_2_MOVES : 1
[1;31m[1;34m[1;33m[1;32m
[1;0mSea_9
[1;95m[1;31m[1;34m (Units:  Ger )
SUB : 2
[1;33m[1;32m
[1;0mSea_11
[1;95m[1;31m[1;34m[1;33m[1;32m (Units:  USA )
TRANS_EMPTY : 9
SUB : 2
DESTROYER : 2

[1;0mSea_12
[1;95m[1;31m[1;34m[1;33m[1;32m (Units:  USA )
TRANS_EMPTY : 1
DESTROYER : 3
BATTLESHIP : 1

[1;0mSea_15
[1;95m[1;31m[1;34m (Units:  Ger )
SUB : 2
DESTROYER : 1
[1;33m[1;32m
[1;0mSea_16
[1;95m[1;31m (Units:  Rus )
TRANS_EMPTY : 3
SUB : 4
DESTROYER : 6
BATTLESHIP : 4
[1;34m[1;33m[1;32m
[1;0mSea_17
[1;95m (Units:  Eng )
TRANS_EMPTY_UNMOVED : 1
[1;31m[1;34m[1;33m[1;32m
[1;0mSea_23
[1;95m[1;31m[1;34m[1;33m[1;32m (Units:  USA )
TRANS_EMPTY : 5

[1;0mSea_24
[1;95m[1;31m[1;34m[1;33m[1;32m (Units:  USA )
TRANS_EMPTY : 1

[1;0mSea_39
[1;95m (Units:  Eng )
SUB_2_MOVES : 1
[1;31m[1;34m[1;33m[1;32m
[1;0mSea_44
[1;95m[1;31m[1;34m[1;33m (Units:  Jap )
SUB : 1
[1;32m
[1;0mSea_45
[1;95m (Units:  Eng )
TRANS_EMPTY_UNMOVED : 1
DESTROYER_2_MOVES : 1
CARRIER_2_MOVES : 1
CRUISER_2_MOVES : 2
FIGHTER_UNMOVED : 1
[1;31m[1;34m[1;33m[1;32m
[1;0mSea_53
[1;95m[1;31m[1;34m[1;33m[1;32m (Units:  USA )
SUB : 1

[1;0mSea_56
[1;95m[1;31m[1;34m[1;33m[1;32m (Units:  USA )
TRANS_EMPTY : 11
DESTROYER : 2
CARRIER : 1
CRUISER : 1
BATTLESHIP : 7
FIGHTER : 1

[1;0mSea_60
[1;95m[1;31m[1;34m (Units:  Ger )
TRANS_EMPTY : 1
BATTLESHIP : 1
[1;33m (Units:  Jap )
TRANS_EMPTY : 12
DESTROYER : 2
[1;32m
[1;0mSea_61
[1;95m[1;31m[1;34m[1;33m (Units:  Jap )
TRANS_EMPTY : 4
DESTROYER : 3
CARRIER : 2
CRUISER : 1
BATTLESHIP : 3
FIGHTER : 3
[1;32m
[1;0m

======================================================================
PRO AI SINGLE TURN TEST (TripleA Purchase & Place)
======================================================================
Starting Player: Eng
Starting Money: 31 IPCs
Total units on board: 46
======================================================================
Enemy Attack Options (per-enemy):
Enemy: Ger
  Land: Karelia_SSR Infantry: 2
  Sea: Sea_6 Fighters: 0 Subs: 4 Destroyers: 14
  Sea: Sea_7 Fighters: 0 Subs: 4 Destroyers: 14
  Sea: Sea_8 Fighters: 0 Subs: 4 Destroyers: 13
  Sea: Sea_17 Fighters: 0 Subs: 2 Destroyers: 1
Enemy: Jap
  Land: Burma Infantry: 25
  Land: Burma Artillery: 12
  Land: Burma Tanks: 30
  Land: India Tanks: 30
  Sea: Sea_35 Fighters: 1 Subs: 0 Destroyers: 3
  Sea: Sea_39 Fighters: 0 Subs: 1 Destroyers: 0
  Sea: Sea_45 Fighters: 0 Subs: 1 Destroyers: 0
Enemy Attack Options (aggregated max):
  Land: Burma Inf: 25 Art: 12 Tank: 30 Ftr: 0 Bmb: 0 Str: 139
  Land: India Inf: 0 Art: 0 Tank: 30 Ftr: 0 Bmb: 0 Str: 90
  Land: Karelia_SSR Inf: 2 Art: 0 Tank: 0 Ftr: 0 Bmb: 0 Str: 2
    Possible My Target Territory: Baltic_States_Air
      Battle Results (TUV, Invaded %):  3.996 ,  1
      Attack Value:  3.996
    Possible My Target Territory: Germany_Air
      Battle Results (TUV, Invaded %):  -9.978 ,  0
    Possible My Target Territory: Italy_Air
      Battle Results (TUV, Invaded %):  -0.34 ,  0
Trying  Baltic_States
Simulated battle results:  Battle_Results{avg_TUV_swing = 0, invaded_percent = 0, avg_survivor_def_power = 0}

======================================================================
PRO AI TURN COMPLETE
======================================================================
Next Player: Jap
Final Money: 31 IPCs
Units Added: 3
Game Score: -0.1
======================================================================

round_num:  67
[1;33m --------------------
Current Player:  Jap
Money:  33 [1;0m 

[1;95mAnglo_Egyptian_Sudan (Owner:  Eng )
[1;33m[1;31m[1;34m[1;95m (Units:  Eng )
FIGHTER : 1
[1;32m (Units:  USA )
INF : 2
ARTY : 1
TANK : 4

[1;34mBaltic_States (Owner:  Ger )
[1;33m[1;31m[1;34m (Units:  Ger )
INF : 2
[1;95m[1;32m
[1;95mBelgian_Congo (Owner:  Eng )
[1;33m[1;31m[1;34m[1;95m[1;32m (Units:  USA )
INF : 1
TANK : 1

[1;33mBorneo (Owner:  Jap )
[1;33m (Units:  Jap )
INF_1_MOVES : 1
[1;31m[1;34m[1;95m[1;32m
[1;33mCaroline_Islands (Owner:  Jap )
[1;33m (Units:  Jap )
INF_1_MOVES : 1
[1;31m[1;34m[1;95m[1;32m
[1;31mCaucasus (Owner:  Rus ) builds: 3 factory-prod: 4
[1;33m[1;31m (Units:  Rus )
INF : 26
ARTY : 1
[1;34m[1;95m (Units:  Eng )
INF : 13
ARTY : 1
[1;32m (Units:  USA )
INF : 4
ARTY : 3
TANK : 2

[1;33mEast_Indies (Owner:  Jap )
[1;33m (Units:  Jap )
INF_1_MOVES : 2
[1;31m[1;34m[1;95m[1;32m
[1;95mEastern_Australia (Owner:  Eng )
[1;33m[1;31m[1;34m[1;95m (Units:  Eng )
INF : 2
[1;32m
[1;95mEastern_Canada (Owner:  Eng )
[1;33m[1;31m[1;34m[1;95m (Units:  Eng )
INF : 1
[1;32m
[1;32mEastern_United_States (Owner:  USA ) builds: 7 factory-prod: 12
[1;33m[1;31m[1;34m[1;95m[1;32m (Units:  USA )
ARTY : 3
TANK : 2
FIGHTER : 1
BOMBER : 1

[1;95mEgypt (Owner:  Eng )
[1;33m[1;31m[1;34m[1;95m[1;32m (Units:  USA )
INF : 1
TANK : 1

[1;95mFrench_Equatorial_Africa (Owner:  Eng )
[1;33m[1;31m[1;34m[1;95m[1;32m (Units:  USA )
TANK : 2

[1;33mFrench_Indo_China_Thailand (Owner:  Jap )
[1;33m (Units:  Jap )
INF_1_MOVES : 9
ARTY_1_MOVES : 5
TANK_2_MOVES : 15
[1;31m[1;34m[1;95m[1;32m
[1;95mFrench_West_Africa (Owner:  Eng )
[1;33m[1;31m[1;34m[1;95m[1;32m (Units:  USA )
INF : 2
TANK : 2

[1;34mGermany (Owner:  Ger ) factory-prod: 10
[1;33m[1;31m[1;34m (Units:  Ger )
INF : 146
[1;95m[1;32m
[1;32mHawaiian_Islands (Owner:  USA )
[1;33m[1;31m[1;34m[1;95m[1;32m (Units:  USA )
INF : 1
FIGHTER : 1

[1;95mIndia (Owner:  Eng ) factory-prod: 3
[1;33m[1;31m[1;34m[1;95m (Units:  Eng )
INF : 3
AAGUN : 1
[1;32m
[1;34mItaly (Owner:  Ger ) builds: 2 factory-prod: 3
[1;33m[1;31m[1;34m (Units:  Ger )
INF : 1
[1;95m[1;32m
[1;33mIwo_Jima (Owner:  Jap )
[1;33m (Units:  Jap )
INF_1_MOVES : 1
[1;31m[1;34m[1;95m[1;32m
[1;33mJapan (Owner:  Jap ) builds: 8 factory-prod: 8
[1;33m (Units:  Jap )
INF_1_MOVES : 1
ARTY_1_MOVES : 1
TANK_2_MOVES : 3
FIGHTER_UNMOVED : 1
BOMBER_UNMOVED : 1
[1;31m[1;34m[1;95m[1;32m
[1;31mKarelia_SSR (Owner:  Rus ) factory-prod: 2
[1;33m[1;31m (Units:  Rus )
INF : 1
[1;34m[1;95m (Units:  Eng )
INF : 9
ARTY : 1
TANK : 1
[1;32m (Units:  USA )
INF : 2
TANK : 1

[1;32mMidway (Owner:  USA )
[1;33m[1;31m[1;34m[1;95m[1;32m (Units:  USA )
INF : 1

[1;33mNew_Guinea (Owner:  Jap )
[1;33m (Units:  Jap )
INF_1_MOVES : 1
[1;31m[1;34m[1;95m[1;32m
[1;95mNew_Zealand (Owner:  Eng )
[1;33m[1;31m[1;34m[1;95m (Units:  Eng )
INF : 1
[1;32m
[1;33mOkinawa (Owner:  Jap )
[1;33m (Units:  Jap )
INF_1_MOVES : 1
[1;31m[1;34m[1;95m[1;32m
[1;95mPersia (Owner:  Eng )
[1;33m[1;31m[1;34m[1;95m (Units:  Eng )
INF : 15
ARTY : 1
[1;32m (Units:  USA )
INF : 1
TANK : 2

[1;33mPhilippine_Islands (Owner:  Jap )
[1;33m (Units:  Jap )
INF_1_MOVES : 1
ARTY_1_MOVES : 1
[1;31m[1;34m[1;95m[1;32m
[1;31mRussia (Owner:  Rus ) builds: 7 factory-prod: 8
[1;33m[1;31m (Units:  Rus )
INF : 6
ARTY : 1
[1;34m[1;95m[1;32m
[1;33mSolomon_Islands (Owner:  Jap )
[1;33m (Units:  Jap )
INF_1_MOVES : 1
[1;31m[1;34m[1;95m[1;32m
[1;32mSzechwan (Owner:  USA )
[1;33m[1;31m[1;34m[1;95m[1;32m (Units:  USA )
FIGHTER : 1

[1;95mTrans_Jordan (Owner:  Eng )
[1;33m[1;31m[1;34m[1;95m[1;32m (Units:  USA )
ARTY : 2
TANK : 2

[1;95mUnited_Kingdom (Owner:  Eng ) builds: 5 factory-prod: 8
[1;33m[1;31m[1;34m[1;95m (Units:  Eng )
FIGHTER : 2
BOMBER : 1
[1;32m
[1;33mWake_Island (Owner:  Jap )
[1;33m (Units:  Jap )
INF_1_MOVES : 1
[1;31m[1;34m[1;95m[1;32m
[1;32mWestern_United_States (Owner:  USA ) builds: 9 factory-prod: 10
[1;33m[1;31m[1;34m[1;95m[1;32m (Units:  USA )
INF : 3
ARTY : 1
FIGHTER : 1

[1;33mYunnan (Owner:  Jap )
[1;33m (Units:  Jap )
INF_1_MOVES : 16
ARTY_1_MOVES : 7
TANK_2_MOVES : 15
[1;31m[1;34m[1;95m[1;32m
[1;0mSea_4
[1;33m[1;31m (Units:  Rus )
TRANS_EMPTY : 1
SUB : 1
DESTROYER : 2
BATTLESHIP : 2
[1;34m (Units:  Ger )
DESTROYER : 1
[1;95m[1;32m
[1;0mSea_5
[1;33m[1;31m[1;34m (Units:  Ger )
TRANS_EMPTY : 1
SUB : 2
DESTROYER : 13
CRUISER : 1
[1;95m[1;32m
[1;0mSea_6
[1;33m[1;31m[1;34m[1;95m (Units:  Eng )
TRANS_EMPTY : 16
SUB : 2
DESTROYER : 1
[1;32m
[1;0mSea_8
[1;33m[1;31m[1;34m[1;95m (Units:  Eng )
TRANS_EMPTY : 1
DESTROYER : 25
CRUISER : 1
BATTLESHIP : 1
[1;32m
[1;0mSea_9
[1;33m[1;31m[1;34m (Units:  Ger )
SUB : 2
[1;95m[1;32m
[1;0mSea_11
[1;33m[1;31m[1;34m[1;95m[1;32m (Units:  USA )
TRANS_EMPTY : 9
SUB : 2
DESTROYER : 2

[1;0mSea_12
[1;33m[1;31m[1;34m[1;95m[1;32m (Units:  USA )
TRANS_EMPTY : 1
DESTROYER : 3
BATTLESHIP : 1

[1;0mSea_15
[1;33m[1;31m[1;34m (Units:  Ger )
SUB : 2
DESTROYER : 1
[1;95m[1;32m
[1;0mSea_16
[1;33m[1;31m (Units:  Rus )
TRANS_EMPTY : 3
SUB : 4
DESTROYER : 6
BATTLESHIP : 4
[1;34m[1;95m[1;32m
[1;0mSea_23
[1;33m[1;31m[1;34m[1;95m[1;32m (Units:  USA )
TRANS_EMPTY : 5

[1;0mSea_24
[1;33m[1;31m[1;34m[1;95m[1;32m (Units:  USA )
TRANS_EMPTY : 1

[1;0mSea_34
[1;33m[1;31m[1;34m[1;95m (Units:  Eng )
TRANS_EMPTY : 1
[1;32m
[1;0mSea_39
[1;33m[1;31m[1;34m[1;95m (Units:  Eng )
TRANS_EMPTY : 1
SUB : 1
DESTROYER : 1
CARRIER : 1
CRUISER : 2
FIGHTER : 1
[1;32m
[1;0mSea_44
[1;33m (Units:  Jap )
SUB_2_MOVES : 1
[1;31m[1;34m[1;95m[1;32m
[1;0mSea_53
[1;33m[1;31m[1;34m[1;95m[1;32m (Units:  USA )
SUB : 1

[1;0mSea_56
[1;33m[1;31m[1;34m[1;95m[1;32m (Units:  USA )
TRANS_EMPTY : 11
DESTROYER : 2
CARRIER : 1
CRUISER : 1
BATTLESHIP : 7
FIGHTER : 1

[1;0mSea_60
[1;33m (Units:  Jap )
TRANS_EMPTY_UNMOVED : 12
DESTROYER_2_MOVES : 2
[1;31m[1;34m (Units:  Ger )
TRANS_EMPTY : 1
BATTLESHIP : 1
[1;95m[1;32m
[1;0mSea_61
[1;33m (Units:  Jap )
TRANS_EMPTY_UNMOVED : 4
DESTROYER_2_MOVES : 3
CARRIER_2_MOVES : 2
CRUISER_2_MOVES : 1
BATTLESHIP_2_MOVES : 3
FIGHTER_UNMOVED : 3
[1;31m[1;34m[1;95m[1;32m
[1;0m

======================================================================
PRO AI SINGLE TURN TEST (TripleA Purchase & Place)
======================================================================
Starting Player: Jap
Starting Money: 33 IPCs
Total units on board: 83
======================================================================
Enemy Attack Options (per-enemy):
Enemy: Rus
Enemy: Eng
  Sea: Sea_44 Fighters: 0 Subs: 1 Destroyers: 1
Enemy: USA
  Land: French_Indo_China_Thailand Fighters: 1
  Land: Solomon_Islands Fighters: 1
  Land: Wake_Island Fighters: 1
  Land: Yunnan Fighters: 1
  Sea: Sea_44 Fighters: 2 Subs: 1 Destroyers: 2
  Sea: Sea_60 Fighters: 1 Subs: 0 Destroyers: 0
  Sea: Sea_61 Fighters: 1 Subs: 0 Destroyers: 0
Enemy Attack Options (aggregated max):
  Land: French_Indo_China_Thailand Inf: 0 Art: 0 Tank: 0 Ftr: 1 Bmb: 0 Str: 3
  Land: Solomon_Islands Inf: 0 Art: 0 Tank: 0 Ftr: 1 Bmb: 0 Str: 3
  Land: Wake_Island Inf: 0 Art: 0 Tank: 0 Ftr: 1 Bmb: 0 Str: 3
  Land: Yunnan Inf: 0 Art: 0 Tank: 0 Ftr: 1 Bmb: 0 Str: 3
      [SAFE] Sequential Battle Results: TUV=-8.48, Invaded%=0.0%, Battles=1
      [SAFE] Sequential Battle Results: TUV=-2.90, Invaded%=0.0%, Battles=1
      [SAFE] Sequential Battle Results: TUV=-2.89, Invaded%=0.0%, Battles=1
      [SAFE] Sequential Battle Results: TUV=-8.49, Invaded%=0.0%, Battles=1
    Possible My Target Territory: India_Air
      Battle Results (TUV, Invaded %):  8 ,  1
      Attack Value:  32
    Possible My Target Territory: Midway_Air
      Battle Results (TUV, Invaded %):  -1.566 ,  0
    Possible My Target Territory: Szechwan_Air
      Battle Results (TUV, Invaded %):  7.9809999999999999 ,  1
      Attack Value:  7.9809999999999999
Trying  Szechwan

======================================================================
PRO AI TURN COMPLETE
======================================================================
Next Player: USA
Final Money: 33 IPCs
Units Added: 5
Game Score: 0.1
======================================================================

round_num:  68
[1;32m --------------------
Current Player:  USA
Money:  42 [1;0m 

[1;95mAnglo_Egyptian_Sudan (Owner:  Eng )
[1;32m (Units:  USA )
INF_1_MOVES : 2
ARTY_1_MOVES : 1
TANK_2_MOVES : 4
[1;31m[1;34m[1;95m (Units:  Eng )
FIGHTER : 1
[1;33m
[1;34mBaltic_States (Owner:  Ger )
[1;32m[1;31m[1;34m (Units:  Ger )
INF : 2
[1;95m[1;33m
[1;95mBelgian_Congo (Owner:  Eng )
[1;32m (Units:  USA )
INF_1_MOVES : 1
TANK_2_MOVES : 1
[1;31m[1;34m[1;95m[1;33m
[1;33mBorneo (Owner:  Jap )
[1;32m[1;31m[1;34m[1;95m[1;33m (Units:  Jap )
INF : 1

[1;33mCaroline_Islands (Owner:  Jap )
[1;32m[1;31m[1;34m[1;95m[1;33m (Units:  Jap )
INF : 1

[1;31mCaucasus (Owner:  Rus ) builds: 3 factory-prod: 4
[1;32m (Units:  USA )
INF_1_MOVES : 4
ARTY_1_MOVES : 3
TANK_2_MOVES : 2
[1;31m (Units:  Rus )
INF : 26
ARTY : 1
[1;34m[1;95m (Units:  Eng )
INF : 13
ARTY : 1
[1;33m
[1;33mEast_Indies (Owner:  Jap )
[1;32m[1;31m[1;34m[1;95m[1;33m (Units:  Jap )
INF : 2

[1;95mEastern_Australia (Owner:  Eng )
[1;32m[1;31m[1;34m[1;95m (Units:  Eng )
INF : 2
[1;33m
[1;95mEastern_Canada (Owner:  Eng )
[1;32m[1;31m[1;34m[1;95m (Units:  Eng )
INF : 1
[1;33m
[1;32mEastern_United_States (Owner:  USA ) builds: 12 factory-prod: 12
[1;32m (Units:  USA )
ARTY_1_MOVES : 3
TANK_2_MOVES : 2
FIGHTER_UNMOVED : 1
BOMBER_UNMOVED : 1
[1;31m[1;34m[1;95m[1;33m
[1;95mEgypt (Owner:  Eng )
[1;32m (Units:  USA )
INF_1_MOVES : 1
TANK_2_MOVES : 1
[1;31m[1;34m[1;95m[1;33m
[1;95mFrench_Equatorial_Africa (Owner:  Eng )
[1;32m (Units:  USA )
TANK_2_MOVES : 2
[1;31m[1;34m[1;95m[1;33m
[1;33mFrench_Indo_China_Thailand (Owner:  Jap )
[1;32m[1;31m[1;34m[1;95m[1;33m (Units:  Jap )
INF : 16
ARTY : 7
TANK : 15

[1;95mFrench_West_Africa (Owner:  Eng )
[1;32m (Units:  USA )
INF_1_MOVES : 2
TANK_2_MOVES : 2
[1;31m[1;34m[1;95m[1;33m
[1;34mGermany (Owner:  Ger ) factory-prod: 10
[1;32m[1;31m[1;34m (Units:  Ger )
INF : 146
[1;95m[1;33m
[1;32mHawaiian_Islands (Owner:  USA )
[1;32m (Units:  USA )
INF_1_MOVES : 1
FIGHTER_UNMOVED : 1
[1;31m[1;34m[1;95m[1;33m
[1;95mIndia (Owner:  Eng ) factory-prod: 3
[1;32m[1;31m[1;34m[1;95m (Units:  Eng )
INF : 3
AAGUN : 1
[1;33m
[1;34mItaly (Owner:  Ger ) builds: 2 factory-prod: 3
[1;32m[1;31m[1;34m (Units:  Ger )
INF : 1
[1;95m[1;33m
[1;33mIwo_Jima (Owner:  Jap )
[1;32m[1;31m[1;34m[1;95m[1;33m (Units:  Jap )
INF : 1

[1;33mJapan (Owner:  Jap ) builds: 2 factory-prod: 8
[1;32m[1;31m[1;34m[1;95m[1;33m (Units:  Jap )
INF : 1
ARTY : 1
TANK : 3
FIGHTER : 1
BOMBER : 1

[1;31mKarelia_SSR (Owner:  Rus ) factory-prod: 2
[1;32m (Units:  USA )
INF_1_MOVES : 2
TANK_2_MOVES : 1
[1;31m (Units:  Rus )
INF : 1
[1;34m[1;95m (Units:  Eng )
INF : 9
ARTY : 1
TANK : 1
[1;33m
[1;32mMidway (Owner:  USA )
[1;32m (Units:  USA )
INF_1_MOVES : 1
[1;31m[1;34m[1;95m[1;33m
[1;33mNew_Guinea (Owner:  Jap )
[1;32m[1;31m[1;34m[1;95m[1;33m (Units:  Jap )
INF : 1

[1;95mNew_Zealand (Owner:  Eng )
[1;32m[1;31m[1;34m[1;95m (Units:  Eng )
INF : 1
[1;33m
[1;33mOkinawa (Owner:  Jap )
[1;32m[1;31m[1;34m[1;95m[1;33m (Units:  Jap )
INF : 1

[1;95mPersia (Owner:  Eng )
[1;32m (Units:  USA )
INF_1_MOVES : 1
TANK_2_MOVES : 2
[1;31m[1;34m[1;95m (Units:  Eng )
INF : 15
ARTY : 1
[1;33m
[1;33mPhilippine_Islands (Owner:  Jap )
[1;32m[1;31m[1;34m[1;95m[1;33m (Units:  Jap )
INF : 1
ARTY : 1

[1;31mRussia (Owner:  Rus ) builds: 7 factory-prod: 8
[1;32m[1;31m (Units:  Rus )
INF : 6
ARTY : 1
[1;34m[1;95m[1;33m
[1;33mSolomon_Islands (Owner:  Jap )
[1;32m[1;31m[1;34m[1;95m[1;33m (Units:  Jap )
INF : 1

[1;32mSzechwan (Owner:  USA )
[1;32m (Units:  USA )
FIGHTER_UNMOVED : 1
[1;31m[1;34m[1;95m[1;33m
[1;95mTrans_Jordan (Owner:  Eng )
[1;32m (Units:  USA )
ARTY_1_MOVES : 2
TANK_2_MOVES : 2
[1;31m[1;34m[1;95m[1;33m
[1;95mUnited_Kingdom (Owner:  Eng ) builds: 5 factory-prod: 8
[1;32m[1;31m[1;34m[1;95m (Units:  Eng )
FIGHTER : 2
BOMBER : 1
[1;33m
[1;33mWake_Island (Owner:  Jap )
[1;32m[1;31m[1;34m[1;95m[1;33m (Units:  Jap )
INF : 1

[1;32mWestern_United_States (Owner:  USA ) builds: 10 factory-prod: 10
[1;32m (Units:  USA )
INF_1_MOVES : 3
ARTY_1_MOVES : 1
FIGHTER_UNMOVED : 1
[1;31m[1;34m[1;95m[1;33m
[1;33mYunnan (Owner:  Jap )
[1;32m[1;31m[1;34m[1;95m[1;33m (Units:  Jap )
INF : 10
ARTY : 6
TANK : 18

[1;0mSea_4
[1;32m[1;31m (Units:  Rus )
TRANS_EMPTY : 1
SUB : 1
DESTROYER : 2
BATTLESHIP : 2
[1;34m (Units:  Ger )
DESTROYER : 1
[1;95m[1;33m
[1;0mSea_5
[1;32m[1;31m[1;34m (Units:  Ger )
TRANS_EMPTY : 1
SUB : 2
DESTROYER : 13
CRUISER : 1
[1;95m[1;33m
[1;0mSea_6
[1;32m[1;31m[1;34m[1;95m (Units:  Eng )
TRANS_EMPTY : 16
SUB : 2
DESTROYER : 1
[1;33m
[1;0mSea_8
[1;32m[1;31m[1;34m[1;95m (Units:  Eng )
TRANS_EMPTY : 1
DESTROYER : 25
CRUISER : 1
BATTLESHIP : 1
[1;33m
[1;0mSea_9
[1;32m[1;31m[1;34m (Units:  Ger )
SUB : 2
[1;95m[1;33m
[1;0mSea_11
[1;32m (Units:  USA )
TRANS_EMPTY_UNMOVED : 9
SUB_2_MOVES : 2
DESTROYER_2_MOVES : 2
[1;31m[1;34m[1;95m[1;33m
[1;0mSea_12
[1;32m (Units:  USA )
TRANS_EMPTY_UNMOVED : 1
DESTROYER_2_MOVES : 3
BATTLESHIP_2_MOVES : 1
[1;31m[1;34m[1;95m[1;33m
[1;0mSea_15
[1;32m[1;31m[1;34m (Units:  Ger )
SUB : 2
DESTROYER : 1
[1;95m[1;33m
[1;0mSea_16
[1;32m[1;31m (Units:  Rus )
TRANS_EMPTY : 3
SUB : 4
DESTROYER : 6
BATTLESHIP : 4
[1;34m[1;95m[1;33m
[1;0mSea_23
[1;32m (Units:  USA )
TRANS_EMPTY_UNMOVED : 5
[1;31m[1;34m[1;95m[1;33m
[1;0mSea_24
[1;32m (Units:  USA )
TRANS_EMPTY_UNMOVED : 1
[1;31m[1;34m[1;95m[1;33m
[1;0mSea_34
[1;32m[1;31m[1;34m[1;95m (Units:  Eng )
TRANS_EMPTY : 1
[1;33m
[1;0mSea_39
[1;32m[1;31m[1;34m[1;95m (Units:  Eng )
TRANS_EMPTY : 1
SUB : 1
DESTROYER : 1
CARRIER : 1
CRUISER : 2
FIGHTER : 1
[1;33m
[1;0mSea_44
[1;32m[1;31m[1;34m[1;95m[1;33m (Units:  Jap )
SUB : 1

[1;0mSea_53
[1;32m (Units:  USA )
SUB_2_MOVES : 1
[1;31m[1;34m[1;95m[1;33m
[1;0mSea_56
[1;32m (Units:  USA )
TRANS_EMPTY_UNMOVED : 11
DESTROYER_2_MOVES : 2
CARRIER_2_MOVES : 1
CRUISER_2_MOVES : 1
BATTLESHIP_2_MOVES : 7
FIGHTER_UNMOVED : 1
[1;31m[1;34m[1;95m[1;33m
[1;0mSea_60
[1;32m[1;31m[1;34m (Units:  Ger )
TRANS_EMPTY : 1
BATTLESHIP : 1
[1;95m[1;33m (Units:  Jap )
TRANS_EMPTY : 13
DESTROYER : 2

[1;0mSea_61
[1;32m[1;31m[1;34m[1;95m[1;33m (Units:  Jap )
TRANS_EMPTY : 4
DESTROYER : 3
CARRIER : 2
CRUISER : 1
BATTLESHIP : 3
FIGHTER : 3

[1;0m

======================================================================
PRO AI SINGLE TURN TEST (TripleA Purchase & Place)
======================================================================
Starting Player: USA
Starting Money: 42 IPCs
Total units on board: 47
======================================================================
Enemy Attack Options (per-enemy):
Enemy: Ger
  Land: Karelia_SSR Infantry: 2
  Sea: Sea_11 Fighters: 0 Subs: 2 Destroyers: 0
  Sea: Sea_12 Fighters: 0 Subs: 2 Destroyers: 0
  Sea: Sea_23 Fighters: 0 Subs: 2 Destroyers: 0
Enemy: Jap
  Land: Midway Bombers: 1
  Land: Szechwan Bombers: 1
  Land: Szechwan Infantry: 10
  Land: Szechwan Artillery: 6
  Land: Szechwan Tanks: 18
  Sea: Sea_53 Fighters: 0 Subs: 1 Destroyers: 0
  Sea: Sea_56 Fighters: 0 Subs: 1 Destroyers: 0
Enemy Attack Options (aggregated max):
  Land: Karelia_SSR Inf: 2 Art: 0 Tank: 0 Ftr: 0 Bmb: 0 Str: 2
  Land: Midway Inf: 0 Art: 0 Tank: 0 Ftr: 0 Bmb: 1 Str: 4
  Land: Szechwan Inf: 10 Art: 6 Tank: 18 Ftr: 0 Bmb: 1 Str: 80
      [SAFE] Sequential Battle Results: TUV=-1.49, Invaded%=0.0%, Battles=1
    Possible My Target Territory: Baltic_States_Air
      Battle Results (TUV, Invaded %):  2.124 ,  0.949
      Attack Value:  2.124
    Possible My Target Territory: French_Indo_China_Thailand_Air
      Battle Results (TUV, Invaded %):  -8.515 ,  0
    Possible My Target Territory: Solomon_Islands_Air
      Battle Results (TUV, Invaded %):  -2.891 ,  0
    Possible My Target Territory: Wake_Island_Air
      Battle Results (TUV, Invaded %):  -2.9009999999999998 ,  0
    Possible My Target Territory: Yunnan_Air
      Battle Results (TUV, Invaded %):  -8.515 ,  0
Trying  Baltic_States
Simulated battle results:  Battle_Results{avg_TUV_swing = 0, invaded_percent = 0, avg_survivor_def_power = 0}

======================================================================
PRO AI TURN COMPLETE
======================================================================
Next Player: Rus
Final Money: 40 IPCs
Units Added: 6
Game Score: 0.1
======================================================================

round_num:  69
[1;31m --------------------
Current Player:  Rus
Money:  28 [1;0m 

[1;95mAnglo_Egyptian_Sudan (Owner:  Eng )
[1;31m[1;34m[1;95m (Units:  Eng )
FIGHTER : 1
[1;33m[1;32m (Units:  USA )
INF : 1
TANK : 2

[1;34mBaltic_States (Owner:  Ger )
[1;31m[1;34m (Units:  Ger )
INF : 2
[1;95m[1;33m[1;32m
[1;95mBelgian_Congo (Owner:  Eng )
[1;31m[1;34m[1;95m[1;33m[1;32m (Units:  USA )
INF : 2
TANK : 3

[1;33mBorneo (Owner:  Jap )
[1;31m[1;34m[1;95m[1;33m (Units:  Jap )
INF : 1
[1;32m
[1;33mCaroline_Islands (Owner:  Jap )
[1;31m[1;34m[1;95m[1;33m (Units:  Jap )
INF : 1
[1;32m
[1;31mCaucasus (Owner:  Rus ) builds: 4 factory-prod: 4
[1;31m (Units:  Rus )
INF_1_MOVES : 26
ARTY_1_MOVES : 1
[1;34m[1;95m (Units:  Eng )
INF : 13
ARTY : 1
[1;33m[1;32m (Units:  USA )
INF : 5
ARTY : 3
TANK : 4

[1;33mEast_Indies (Owner:  Jap )
[1;31m[1;34m[1;95m[1;33m (Units:  Jap )
INF : 2
[1;32m
[1;95mEastern_Australia (Owner:  Eng )
[1;31m[1;34m[1;95m (Units:  Eng )
INF : 2
[1;33m[1;32m
[1;95mEastern_Canada (Owner:  Eng )
[1;31m[1;34m[1;95m (Units:  Eng )
INF : 1
[1;33m[1;32m
[1;32mEastern_United_States (Owner:  USA ) builds: 5 factory-prod: 12
[1;31m[1;34m[1;95m[1;33m[1;32m (Units:  USA )
INF : 2
ARTY : 1
TANK : 3
FIGHTER : 1
BOMBER : 1

[1;95mEgypt (Owner:  Eng )
[1;31m[1;34m[1;95m[1;33m[1;32m (Units:  USA )
INF : 2
ARTY : 1
TANK : 4

[1;31mFinland (Owner:  Rus )
[1;31m[1;34m[1;95m[1;33m[1;32m (Units:  USA )
INF : 2
TANK : 1

[1;33mFrench_Indo_China_Thailand (Owner:  Jap )
[1;31m[1;34m[1;95m[1;33m (Units:  Jap )
INF : 16
ARTY : 7
TANK : 15
[1;32m
[1;95mFrench_West_Africa (Owner:  Eng )
[1;31m[1;34m[1;95m[1;33m[1;32m (Units:  USA )
ARTY : 3
TANK : 2

[1;34mGermany (Owner:  Ger ) factory-prod: 10
[1;31m[1;34m (Units:  Ger )
INF : 146
[1;95m[1;33m[1;32m
[1;32mHawaiian_Islands (Owner:  USA )
[1;31m[1;34m[1;95m[1;33m[1;32m (Units:  USA )
INF : 1
FIGHTER : 1

[1;95mIndia (Owner:  Eng ) factory-prod: 3
[1;31m[1;34m[1;95m (Units:  Eng )
INF : 3
AAGUN : 1
[1;33m[1;32m
[1;34mItaly (Owner:  Ger ) builds: 2 factory-prod: 3
[1;31m[1;34m (Units:  Ger )
INF : 1
[1;95m[1;33m[1;32m
[1;33mIwo_Jima (Owner:  Jap )
[1;31m[1;34m[1;95m[1;33m (Units:  Jap )
INF : 1
[1;32m
[1;33mJapan (Owner:  Jap ) builds: 2 factory-prod: 8
[1;31m[1;34m[1;95m[1;33m (Units:  Jap )
INF : 1
ARTY : 1
TANK : 3
FIGHTER : 1
BOMBER : 1
[1;32m
[1;31mKarelia_SSR (Owner:  Rus ) builds: 2 factory-prod: 2
[1;31m (Units:  Rus )
INF_1_MOVES : 1
[1;34m[1;95m (Units:  Eng )
INF : 9
ARTY : 1
TANK : 1
[1;33m[1;32m
[1;32mMidway (Owner:  USA )
[1;31m[1;34m[1;95m[1;33m[1;32m (Units:  USA )
INF : 1

[1;33mNew_Guinea (Owner:  Jap )
[1;31m[1;34m[1;95m[1;33m (Units:  Jap )
INF : 1
[1;32m
[1;95mNew_Zealand (Owner:  Eng )
[1;31m[1;34m[1;95m (Units:  Eng )
INF : 1
[1;33m[1;32m
[1;33mOkinawa (Owner:  Jap )
[1;31m[1;34m[1;95m[1;33m (Units:  Jap )
INF : 1
[1;32m
[1;95mPersia (Owner:  Eng )
[1;31m[1;34m[1;95m (Units:  Eng )
INF : 15
ARTY : 1
[1;33m[1;32m (Units:  USA )
ARTY : 2
TANK : 2

[1;33mPhilippine_Islands (Owner:  Jap )
[1;31m[1;34m[1;95m[1;33m (Units:  Jap )
INF : 1
ARTY : 1
[1;32m
[1;31mRussia (Owner:  Rus ) builds: 8 factory-prod: 8
[1;31m (Units:  Rus )
INF_1_MOVES : 6
ARTY_1_MOVES : 1
[1;34m[1;95m[1;33m[1;32m
[1;33mSolomon_Islands (Owner:  Jap )
[1;31m[1;34m[1;95m[1;33m (Units:  Jap )
INF : 1
[1;32m
[1;32mSzechwan (Owner:  USA )
[1;31m[1;34m[1;95m[1;33m[1;32m (Units:  USA )
FIGHTER : 1

[1;95mTrans_Jordan (Owner:  Eng )
[1;31m[1;34m[1;95m[1;33m[1;32m (Units:  USA )
INF : 1
TANK : 1

[1;95mUnited_Kingdom (Owner:  Eng ) builds: 5 factory-prod: 8
[1;31m[1;34m[1;95m (Units:  Eng )
FIGHTER : 2
BOMBER : 1
[1;33m[1;32m
[1;33mWake_Island (Owner:  Jap )
[1;31m[1;34m[1;95m[1;33m (Units:  Jap )
INF : 1
[1;32m
[1;32mWestern_United_States (Owner:  USA ) builds: 9 factory-prod: 10
[1;31m[1;34m[1;95m[1;33m[1;32m (Units:  USA )
INF : 3
ARTY : 1
FIGHTER : 1

[1;33mYunnan (Owner:  Jap )
[1;31m[1;34m[1;95m[1;33m (Units:  Jap )
INF : 10
ARTY : 6
TANK : 18
[1;32m
[1;0mSea_4
[1;31m (Units:  Rus )
TRANS_EMPTY_UNMOVED : 1
SUB_2_MOVES : 1
DESTROYER_2_MOVES : 2
BATTLESHIP_2_MOVES : 2
[1;34m (Units:  Ger )
DESTROYER : 1
[1;95m[1;33m[1;32m
[1;0mSea_5
[1;31m[1;34m (Units:  Ger )
TRANS_EMPTY : 1
SUB : 2
DESTROYER : 13
CRUISER : 1
[1;95m[1;33m[1;32m
[1;0mSea_6
[1;31m[1;34m[1;95m (Units:  Eng )
TRANS_EMPTY : 16
SUB : 2
DESTROYER : 1
[1;33m[1;32m
[1;0mSea_8
[1;31m[1;34m[1;95m (Units:  Eng )
TRANS_EMPTY : 1
DESTROYER : 25
CRUISER : 1
BATTLESHIP : 1
[1;33m[1;32m
[1;0mSea_9
[1;31m[1;34m (Units:  Ger )
SUB : 2
[1;95m[1;33m[1;32m
[1;0mSea_11
[1;31m[1;34m[1;95m[1;33m[1;32m (Units:  USA )
TRANS_EMPTY : 6
SUB : 2
DESTROYER : 2

[1;0mSea_12
[1;31m[1;34m[1;95m[1;33m[1;32m (Units:  USA )
TRANS_EMPTY : 5
DESTROYER : 3
BATTLESHIP : 1

[1;0mSea_15
[1;31m[1;34m (Units:  Ger )
SUB : 2
DESTROYER : 1
[1;95m[1;33m[1;32m
[1;0mSea_16
[1;31m (Units:  Rus )
TRANS_EMPTY_UNMOVED : 3
SUB_2_MOVES : 4
DESTROYER_2_MOVES : 6
BATTLESHIP_2_MOVES : 4
[1;34m[1;95m[1;33m[1;32m
[1;0mSea_23
[1;31m[1;34m[1;95m[1;33m[1;32m (Units:  USA )
TRANS_EMPTY : 4

[1;0mSea_24
[1;31m[1;34m[1;95m[1;33m[1;32m (Units:  USA )
TRANS_EMPTY : 2

[1;0mSea_34
[1;31m[1;34m[1;95m (Units:  Eng )
TRANS_EMPTY : 1
[1;33m[1;32m
[1;0mSea_39
[1;31m[1;34m[1;95m (Units:  Eng )
TRANS_EMPTY : 1
SUB : 1
DESTROYER : 1
CARRIER : 1
CRUISER : 2
FIGHTER : 1
[1;33m[1;32m
[1;0mSea_44
[1;31m[1;34m[1;95m[1;33m (Units:  Jap )
SUB : 1
[1;32m
[1;0mSea_53
[1;31m[1;34m[1;95m[1;33m[1;32m (Units:  USA )
SUB : 1

[1;0mSea_56
[1;31m[1;34m[1;95m[1;33m[1;32m (Units:  USA )
TRANS_EMPTY : 12
DESTROYER : 2
CARRIER : 1
CRUISER : 1
BATTLESHIP : 7
FIGHTER : 1

[1;0mSea_60
[1;31m[1;34m (Units:  Ger )
TRANS_EMPTY : 1
BATTLESHIP : 1
[1;95m[1;33m (Units:  Jap )
TRANS_EMPTY : 13
DESTROYER : 2
[1;32m
[1;0mSea_61
[1;31m[1;34m[1;95m[1;33m (Units:  Jap )
TRANS_EMPTY : 4
DESTROYER : 3
CARRIER : 2
CRUISER : 1
BATTLESHIP : 3
FIGHTER : 3
[1;32m
[1;0m

======================================================================
PRO AI SINGLE TURN TEST (TripleA Purchase & Place)
======================================================================
Starting Player: Rus
Starting Money: 28 IPCs
Total units on board: 35
======================================================================
Enemy Attack Options (per-enemy):
Enemy: Ger
  Land: Karelia_SSR Infantry: 2
  Sea: Sea_16 Fighters: 0 Subs: 2 Destroyers: 1
Enemy: Jap
Enemy Attack Options (aggregated max):
  Land: Karelia_SSR Inf: 2 Art: 0 Tank: 0 Ftr: 0 Bmb: 0 Str: 2
      [SAFE] Sequential Battle Results: TUV=-4.99, Invaded%=0.0%, Battles=1
    Possible My Target Territory: Baltic_States_Air
      Battle Results (TUV, Invaded %):  -2.3069999999999999 ,  0.014

======================================================================
PRO AI TURN COMPLETE
======================================================================
Next Player: Ger
Final Money: 29 IPCs
Units Added: 1
Game Score: -0.1
======================================================================

round_num:  70
[1;34m --------------------
Current Player:  Ger
Money:  38 [1;0m 

[1;95mAnglo_Egyptian_Sudan (Owner:  Eng )
[1;34m[1;31m[1;95m (Units:  Eng )
FIGHTER : 1
[1;33m[1;32m (Units:  USA )
INF : 1
TANK : 2

[1;31mArchangel (Owner:  Rus )
[1;34m[1;31m (Units:  Rus )
INF : 1
[1;95m[1;33m[1;32m
[1;34mBaltic_States (Owner:  Ger )
[1;34m (Units:  Ger )
INF_1_MOVES : 2
[1;31m[1;95m[1;33m[1;32m
[1;95mBelgian_Congo (Owner:  Eng )
[1;34m[1;31m[1;95m[1;33m[1;32m (Units:  USA )
INF : 2
TANK : 3

[1;33mBorneo (Owner:  Jap )
[1;34m[1;31m[1;95m[1;33m (Units:  Jap )
INF : 1
[1;32m
[1;33mCaroline_Islands (Owner:  Jap )
[1;34m[1;31m[1;95m[1;33m (Units:  Jap )
INF : 1
[1;32m
[1;31mCaucasus (Owner:  Rus ) builds: 3 factory-prod: 4
[1;34m[1;31m (Units:  Rus )
INF : 6
ARTY : 1
[1;95m (Units:  Eng )
INF : 13
ARTY : 1
[1;33m[1;32m (Units:  USA )
INF : 5
ARTY : 3
TANK : 4

[1;33mEast_Indies (Owner:  Jap )
[1;34m[1;31m[1;95m[1;33m (Units:  Jap )
INF : 2
[1;32m
[1;95mEastern_Australia (Owner:  Eng )
[1;34m[1;31m[1;95m (Units:  Eng )
INF : 2
[1;33m[1;32m
[1;95mEastern_Canada (Owner:  Eng )
[1;34m[1;31m[1;95m (Units:  Eng )
INF : 1
[1;33m[1;32m
[1;32mEastern_United_States (Owner:  USA ) builds: 5 factory-prod: 12
[1;34m[1;31m[1;95m[1;33m[1;32m (Units:  USA )
INF : 2
ARTY : 1
TANK : 3
FIGHTER : 1
BOMBER : 1

[1;95mEgypt (Owner:  Eng )
[1;34m[1;31m[1;95m[1;33m[1;32m (Units:  USA )
INF : 2
ARTY : 1
TANK : 4

[1;31mFinland (Owner:  Rus )
[1;34m[1;31m[1;95m[1;33m[1;32m (Units:  USA )
INF : 2
TANK : 1

[1;33mFrench_Indo_China_Thailand (Owner:  Jap )
[1;34m[1;31m[1;95m[1;33m (Units:  Jap )
INF : 16
ARTY : 7
TANK : 15
[1;32m
[1;95mFrench_West_Africa (Owner:  Eng )
[1;34m[1;31m[1;95m[1;33m[1;32m (Units:  USA )
ARTY : 3
TANK : 2

[1;34mGermany (Owner:  Ger ) builds: 10 factory-prod: 10
[1;34m (Units:  Ger )
INF_1_MOVES : 146
[1;31m[1;95m[1;33m[1;32m
[1;32mHawaiian_Islands (Owner:  USA )
[1;34m[1;31m[1;95m[1;33m[1;32m (Units:  USA )
INF : 1
FIGHTER : 1

[1;95mIndia (Owner:  Eng ) factory-prod: 3
[1;34m[1;31m[1;95m (Units:  Eng )
INF : 3
AAGUN : 1
[1;33m[1;32m
[1;34mItaly (Owner:  Ger ) builds: 3 factory-prod: 3
[1;34m (Units:  Ger )
INF_1_MOVES : 1
[1;31m[1;95m[1;33m[1;32m
[1;33mIwo_Jima (Owner:  Jap )
[1;34m[1;31m[1;95m[1;33m (Units:  Jap )
INF : 1
[1;32m
[1;33mJapan (Owner:  Jap ) builds: 2 factory-prod: 8
[1;34m[1;31m[1;95m[1;33m (Units:  Jap )
INF : 1
ARTY : 1
TANK : 3
FIGHTER : 1
BOMBER : 1
[1;32m
[1;31mKarelia_SSR (Owner:  Rus ) factory-prod: 2
[1;34m[1;31m[1;95m (Units:  Eng )
INF : 9
ARTY : 1
TANK : 1
[1;33m[1;32m
[1;32mMidway (Owner:  USA )
[1;34m[1;31m[1;95m[1;33m[1;32m (Units:  USA )
INF : 1

[1;33mNew_Guinea (Owner:  Jap )
[1;34m[1;31m[1;95m[1;33m (Units:  Jap )
INF : 1
[1;32m
[1;95mNew_Zealand (Owner:  Eng )
[1;34m[1;31m[1;95m (Units:  Eng )
INF : 1
[1;33m[1;32m
[1;33mOkinawa (Owner:  Jap )
[1;34m[1;31m[1;95m[1;33m (Units:  Jap )
INF : 1
[1;32m
[1;95mPersia (Owner:  Eng )
[1;34m[1;31m[1;95m (Units:  Eng )
INF : 15
ARTY : 1
[1;33m[1;32m (Units:  USA )
ARTY : 2
TANK : 2

[1;33mPhilippine_Islands (Owner:  Jap )
[1;34m[1;31m[1;95m[1;33m (Units:  Jap )
INF : 1
ARTY : 1
[1;32m
[1;31mRussia (Owner:  Rus ) builds: 7 factory-prod: 8
[1;34m[1;31m (Units:  Rus )
INF : 26
ARTY : 2
[1;95m[1;33m[1;32m
[1;33mSolomon_Islands (Owner:  Jap )
[1;34m[1;31m[1;95m[1;33m (Units:  Jap )
INF : 1
[1;32m
[1;32mSzechwan (Owner:  USA )
[1;34m[1;31m[1;95m[1;33m[1;32m (Units:  USA )
FIGHTER : 1

[1;95mTrans_Jordan (Owner:  Eng )
[1;34m[1;31m[1;95m[1;33m[1;32m (Units:  USA )
INF : 1
TANK : 1

[1;95mUnited_Kingdom (Owner:  Eng ) builds: 5 factory-prod: 8
[1;34m[1;31m[1;95m (Units:  Eng )
FIGHTER : 2
BOMBER : 1
[1;33m[1;32m
[1;33mWake_Island (Owner:  Jap )
[1;34m[1;31m[1;95m[1;33m (Units:  Jap )
INF : 1
[1;32m
[1;32mWestern_United_States (Owner:  USA ) builds: 9 factory-prod: 10
[1;34m[1;31m[1;95m[1;33m[1;32m (Units:  USA )
INF : 3
ARTY : 1
FIGHTER : 1

[1;33mYunnan (Owner:  Jap )
[1;34m[1;31m[1;95m[1;33m (Units:  Jap )
INF : 10
ARTY : 6
TANK : 18
[1;32m
[1;0mSea_3
[1;34m[1;31m (Units:  Rus )
TRANS_EMPTY : 1
DESTROYER : 2
BATTLESHIP : 2
[1;95m[1;33m[1;32m
[1;0mSea_4
[1;34m (Units:  Ger )
DESTROYER_2_MOVES : 1
[1;31m (Units:  Rus )
TRANS_EMPTY : 1
SUB : 1
DESTROYER : 1
[1;95m[1;33m[1;32m
[1;0mSea_5
[1;34m (Units:  Ger )
TRANS_EMPTY_UNMOVED : 1
SUB_2_MOVES : 2
DESTROYER_2_MOVES : 13
CRUISER_2_MOVES : 1
[1;31m[1;95m[1;33m[1;32m
[1;0mSea_6
[1;34m[1;31m[1;95m (Units:  Eng )
TRANS_EMPTY : 16
SUB : 2
DESTROYER : 1
[1;33m[1;32m
[1;0mSea_8
[1;34m[1;31m[1;95m (Units:  Eng )
TRANS_EMPTY : 1
DESTROYER : 25
CRUISER : 1
BATTLESHIP : 1
[1;33m[1;32m
[1;0mSea_9
[1;34m (Units:  Ger )
SUB_2_MOVES : 2
[1;31m[1;95m[1;33m[1;32m
[1;0mSea_11
[1;34m[1;31m[1;95m[1;33m[1;32m (Units:  USA )
TRANS_EMPTY : 6
SUB : 2
DESTROYER : 2

[1;0mSea_12
[1;34m[1;31m[1;95m[1;33m[1;32m (Units:  USA )
TRANS_EMPTY : 5
DESTROYER : 3
BATTLESHIP : 1

[1;0mSea_15
[1;34m (Units:  Ger )
SUB_2_MOVES : 2
DESTROYER_2_MOVES : 1
[1;31m[1;95m[1;33m[1;32m
[1;0mSea_16
[1;34m[1;31m (Units:  Rus )
TRANS_EMPTY : 4
SUB : 4
DESTROYER : 6
BATTLESHIP : 4
[1;95m[1;33m[1;32m
[1;0mSea_23
[1;34m[1;31m[1;95m[1;33m[1;32m (Units:  USA )
TRANS_EMPTY : 4

[1;0mSea_24
[1;34m[1;31m[1;95m[1;33m[1;32m (Units:  USA )
TRANS_EMPTY : 2

[1;0mSea_34
[1;34m[1;31m[1;95m (Units:  Eng )
TRANS_EMPTY : 1
[1;33m[1;32m
[1;0mSea_39
[1;34m[1;31m[1;95m (Units:  Eng )
TRANS_EMPTY : 1
SUB : 1
DESTROYER : 1
CARRIER : 1
CRUISER : 2
FIGHTER : 1
[1;33m[1;32m
[1;0mSea_44
[1;34m[1;31m[1;95m[1;33m (Units:  Jap )
SUB : 1
[1;32m
[1;0mSea_53
[1;34m[1;31m[1;95m[1;33m[1;32m (Units:  USA )
SUB : 1

[1;0mSea_56
[1;34m[1;31m[1;95m[1;33m[1;32m (Units:  USA )
TRANS_EMPTY : 12
DESTROYER : 2
CARRIER : 1
CRUISER : 1
BATTLESHIP : 7
FIGHTER : 1

[1;0mSea_60
[1;34m (Units:  Ger )
TRANS_EMPTY_UNMOVED : 1
BATTLESHIP_2_MOVES : 1
[1;31m[1;95m[1;33m (Units:  Jap )
TRANS_EMPTY : 13
DESTROYER : 2
[1;32m
[1;0mSea_61
[1;34m[1;31m[1;95m[1;33m (Units:  Jap )
TRANS_EMPTY : 4
DESTROYER : 3
CARRIER : 2
CRUISER : 1
BATTLESHIP : 3
FIGHTER : 3
[1;32m
[1;0m

======================================================================
PRO AI SINGLE TURN TEST (TripleA Purchase & Place)
======================================================================
Starting Player: Ger
Starting Money: 38 IPCs
Total units on board: 149
======================================================================
Enemy Attack Options (per-enemy):
Enemy: Rus
  Land: Ukraine_SSR Infantry: 6
  Land: Ukraine_SSR Artillery: 1
  Sea: Sea_4 Fighters: 0 Subs: 0 Destroyers: 2
  Sea: Sea_5 Fighters: 0 Subs: 0 Destroyers: 2
  Sea: Sea_9 Fighters: 0 Subs: 0 Destroyers: 2
  Sea: Sea_15 Fighters: 0 Subs: 4 Destroyers: 6
Enemy: Eng
  Land: Baltic_States Bombers: 1
  Land: Baltic_States Infantry: 9
  Land: Baltic_States Artillery: 1
  Land: Baltic_States Tanks: 1
  Land: Belorussia Infantry: 9
  Land: Belorussia Artillery: 1
  Land: Belorussia Tanks: 1
  Land: Germany Bombers: 1
  Land: Italy Fighters: 2
  Land: Italy Bombers: 1
  Land: Poland Tanks: 1
  Land: Ukraine_SSR Infantry: 13
  Land: Ukraine_SSR Artillery: 1
  Land: Ukraine_SSR Tanks: 1
  Sea: Sea_4 Fighters: 0 Subs: 2 Destroyers: 1
  Sea: Sea_5 Fighters: 2 Subs: 2 Destroyers: 26
  Sea: Sea_9 Fighters: 0 Subs: 2 Destroyers: 26
Enemy: USA
  Land: Algeria Tanks: 4
  Land: Belorussia Tanks: 4
  Land: Bulgaria_Romania Tanks: 4
  Land: Libya Infantry: 2
  Land: Libya Artillery: 1
  Land: Libya Tanks: 4
  Land: Norway Infantry: 2
  Land: Norway Tanks: 1
  Land: Poland Tanks: 4
  Land: Ukraine_SSR Infantry: 5
  Land: Ukraine_SSR Artillery: 3
  Land: Ukraine_SSR Tanks: 4
  Sea: Sea_9 Fighters: 0 Subs: 2 Destroyers: 5
  Sea: Sea_60 Fighters: 1 Subs: 0 Destroyers: 0
Enemy Attack Options (aggregated max):
  Land: Algeria Inf: 0 Art: 0 Tank: 4 Ftr: 0 Bmb: 0 Str: 12
  Land: Baltic_States Inf: 9 Art: 1 Tank: 1 Ftr: 0 Bmb: 1 Str: 18
  Land: Belorussia Inf: 9 Art: 1 Tank: 1 Ftr: 0 Bmb: 0 Str: 14
  Land: Bulgaria_Romania Inf: 0 Art: 0 Tank: 4 Ftr: 0 Bmb: 0 Str: 12
  Land: Germany Inf: 0 Art: 0 Tank: 0 Ftr: 0 Bmb: 1 Str: 4
  Land: Italy Inf: 0 Art: 0 Tank: 0 Ftr: 2 Bmb: 1 Str: 10
  Land: Libya Inf: 2 Art: 1 Tank: 4 Ftr: 0 Bmb: 0 Str: 16
  Land: Norway Inf: 2 Art: 0 Tank: 1 Ftr: 0 Bmb: 0 Str: 5
  Land: Poland Inf: 0 Art: 0 Tank: 4 Ftr: 0 Bmb: 0 Str: 12
  Land: Ukraine_SSR Inf: 5 Art: 3 Tank: 4 Ftr: 0 Bmb: 0 Str: 23
      [SAFE] Sequential Battle Results: TUV=-9.94, Invaded%=0.0%, Battles=1
      [SAFE] Sequential Battle Results: TUV=-0.30, Invaded%=0.0%, Battles=1
    Possible My Target Territory: Karelia_SSR_Air
      Battle Results (TUV, Invaded %):  -5.019 ,  0

======================================================================
PRO AI TURN COMPLETE
======================================================================
Next Player: Eng
Final Money: 38 IPCs
Units Added: 10
Game Score: 0.1
======================================================================

round_num:  71
[1;95m --------------------
Current Player:  Eng
Money:  31 [1;0m 

[1;95mAnglo_Egyptian_Sudan (Owner:  Eng )
[1;95m (Units:  Eng )
FIGHTER_UNMOVED : 1
[1;31m[1;34m[1;33m[1;32m (Units:  USA )
INF : 1
TANK : 2

[1;31mArchangel (Owner:  Rus )
[1;95m[1;31m (Units:  Rus )
INF : 1
[1;34m[1;33m[1;32m
[1;34mBaltic_States (Owner:  Ger )
[1;95m[1;31m[1;34m (Units:  Ger )
INF : 2
[1;33m[1;32m
[1;95mBelgian_Congo (Owner:  Eng )
[1;95m[1;31m[1;34m[1;33m[1;32m (Units:  USA )
INF : 2
TANK : 3

[1;33mBorneo (Owner:  Jap )
[1;95m[1;31m[1;34m[1;33m (Units:  Jap )
INF : 1
[1;32m
[1;33mCaroline_Islands (Owner:  Jap )
[1;95m[1;31m[1;34m[1;33m (Units:  Jap )
INF : 1
[1;32m
[1;31mCaucasus (Owner:  Rus ) builds: 3 factory-prod: 4
[1;95m (Units:  Eng )
INF_1_MOVES : 13
ARTY_1_MOVES : 1
[1;31m (Units:  Rus )
INF : 6
ARTY : 1
[1;34m[1;33m[1;32m (Units:  USA )
INF : 5
ARTY : 3
TANK : 4

[1;33mEast_Indies (Owner:  Jap )
[1;95m[1;31m[1;34m[1;33m (Units:  Jap )
INF : 2
[1;32m
[1;95mEastern_Australia (Owner:  Eng )
[1;95m (Units:  Eng )
INF_1_MOVES : 2
[1;31m[1;34m[1;33m[1;32m
[1;95mEastern_Canada (Owner:  Eng )
[1;95m (Units:  Eng )
INF_1_MOVES : 1
[1;31m[1;34m[1;33m[1;32m
[1;32mEastern_United_States (Owner:  USA ) builds: 5 factory-prod: 12
[1;95m[1;31m[1;34m[1;33m[1;32m (Units:  USA )
INF : 2
ARTY : 1
TANK : 3
FIGHTER : 1
BOMBER : 1

[1;95mEgypt (Owner:  Eng )
[1;95m[1;31m[1;34m[1;33m[1;32m (Units:  USA )
INF : 2
ARTY : 1
TANK : 4

[1;31mFinland (Owner:  Rus )
[1;95m[1;31m[1;34m[1;33m[1;32m (Units:  USA )
INF : 2
TANK : 1

[1;33mFrench_Indo_China_Thailand (Owner:  Jap )
[1;95m[1;31m[1;34m[1;33m (Units:  Jap )
INF : 16
ARTY : 7
TANK : 15
[1;32m
[1;95mFrench_West_Africa (Owner:  Eng )
[1;95m[1;31m[1;34m[1;33m[1;32m (Units:  USA )
ARTY : 3
TANK : 2

[1;34mGermany (Owner:  Ger ) factory-prod: 10
[1;95m[1;31m[1;34m (Units:  Ger )
INF : 156
[1;33m[1;32m
[1;32mHawaiian_Islands (Owner:  USA )
[1;95m[1;31m[1;34m[1;33m[1;32m (Units:  USA )
INF : 1
FIGHTER : 1

[1;95mIndia (Owner:  Eng ) builds: 3 factory-prod: 3
[1;95m (Units:  Eng )
INF_1_MOVES : 3
AAGUN_1_MOVES : 1
[1;31m[1;34m[1;33m[1;32m
[1;34mItaly (Owner:  Ger ) builds: 2 factory-prod: 3
[1;95m[1;31m[1;34m (Units:  Ger )
INF : 1
[1;33m[1;32m
[1;33mIwo_Jima (Owner:  Jap )
[1;95m[1;31m[1;34m[1;33m (Units:  Jap )
INF : 1
[1;32m
[1;33mJapan (Owner:  Jap ) builds: 2 factory-prod: 8
[1;95m[1;31m[1;34m[1;33m (Units:  Jap )
INF : 1
ARTY : 1
TANK : 3
FIGHTER : 1
BOMBER : 1
[1;32m
[1;31mKarelia_SSR (Owner:  Rus ) factory-prod: 2
[1;95m (Units:  Eng )
INF_1_MOVES : 9
ARTY_1_MOVES : 1
TANK_2_MOVES : 1
[1;31m[1;34m[1;33m[1;32m
[1;32mMidway (Owner:  USA )
[1;95m[1;31m[1;34m[1;33m[1;32m (Units:  USA )
INF : 1

[1;33mNew_Guinea (Owner:  Jap )
[1;95m[1;31m[1;34m[1;33m (Units:  Jap )
INF : 1
[1;32m
[1;95mNew_Zealand (Owner:  Eng )
[1;95m (Units:  Eng )
INF_1_MOVES : 1
[1;31m[1;34m[1;33m[1;32m
[1;33mOkinawa (Owner:  Jap )
[1;95m[1;31m[1;34m[1;33m (Units:  Jap )
INF : 1
[1;32m
[1;95mPersia (Owner:  Eng )
[1;95m (Units:  Eng )
INF_1_MOVES : 15
ARTY_1_MOVES : 1
[1;31m[1;34m[1;33m[1;32m (Units:  USA )
ARTY : 2
TANK : 2

[1;33mPhilippine_Islands (Owner:  Jap )
[1;95m[1;31m[1;34m[1;33m (Units:  Jap )
INF : 1
ARTY : 1
[1;32m
[1;31mRussia (Owner:  Rus ) builds: 7 factory-prod: 8
[1;95m[1;31m (Units:  Rus )
INF : 26
ARTY : 2
[1;34m[1;33m[1;32m
[1;33mSolomon_Islands (Owner:  Jap )
[1;95m[1;31m[1;34m[1;33m (Units:  Jap )
INF : 1
[1;32m
[1;32mSzechwan (Owner:  USA )
[1;95m[1;31m[1;34m[1;33m[1;32m (Units:  USA )
FIGHTER : 1

[1;95mTrans_Jordan (Owner:  Eng )
[1;95m[1;31m[1;34m[1;33m[1;32m (Units:  USA )
INF : 1
TANK : 1

[1;95mUnited_Kingdom (Owner:  Eng ) builds: 8 factory-prod: 8
[1;95m (Units:  Eng )
FIGHTER_UNMOVED : 2
BOMBER_UNMOVED : 1
[1;31m[1;34m[1;33m[1;32m
[1;33mWake_Island (Owner:  Jap )
[1;95m[1;31m[1;34m[1;33m (Units:  Jap )
INF : 1
[1;32m
[1;32mWestern_United_States (Owner:  USA ) builds: 9 factory-prod: 10
[1;95m[1;31m[1;34m[1;33m[1;32m (Units:  USA )
INF : 3
ARTY : 1
FIGHTER : 1

[1;33mYunnan (Owner:  Jap )
[1;95m[1;31m[1;34m[1;33m (Units:  Jap )
INF : 10
ARTY : 6
TANK : 18
[1;32m
[1;0mSea_3
[1;95m[1;31m (Units:  Rus )
TRANS_EMPTY : 1
DESTROYER : 2
BATTLESHIP : 2
[1;34m[1;33m[1;32m
[1;0mSea_4
[1;95m[1;31m (Units:  Rus )
TRANS_EMPTY : 1
SUB : 1
DESTROYER : 1
[1;34m (Units:  Ger )
DESTROYER : 1
[1;33m[1;32m
[1;0mSea_5
[1;95m[1;31m[1;34m (Units:  Ger )
TRANS_EMPTY : 1
SUB : 2
DESTROYER : 14
CRUISER : 1
[1;33m[1;32m
[1;0mSea_6
[1;95m (Units:  Eng )
TRANS_EMPTY_UNMOVED : 16
SUB_2_MOVES : 2
DESTROYER_2_MOVES : 1
[1;31m[1;34m[1;33m[1;32m
[1;0mSea_8
[1;95m (Units:  Eng )
TRANS_EMPTY_UNMOVED : 1
DESTROYER_2_MOVES : 25
CRUISER_2_MOVES : 1
BATTLESHIP_2_MOVES : 1
[1;31m[1;34m[1;33m[1;32m
[1;0mSea_9
[1;95m[1;31m[1;34m (Units:  Ger )
SUB : 2
[1;33m[1;32m
[1;0mSea_11
[1;95m[1;31m[1;34m[1;33m[1;32m (Units:  USA )
TRANS_EMPTY : 6
SUB : 2
DESTROYER : 2

[1;0mSea_12
[1;95m[1;31m[1;34m[1;33m[1;32m (Units:  USA )
TRANS_EMPTY : 5
DESTROYER : 3
BATTLESHIP : 1

[1;0mSea_15
[1;95m[1;31m[1;34m (Units:  Ger )
SUB : 2
DESTROYER : 1
[1;33m[1;32m
[1;0mSea_16
[1;95m[1;31m (Units:  Rus )
TRANS_EMPTY : 4
SUB : 4
DESTROYER : 6
BATTLESHIP : 4
[1;34m[1;33m[1;32m
[1;0mSea_23
[1;95m[1;31m[1;34m[1;33m[1;32m (Units:  USA )
TRANS_EMPTY : 4

[1;0mSea_24
[1;95m[1;31m[1;34m[1;33m[1;32m (Units:  USA )
TRANS_EMPTY : 2

[1;0mSea_34
[1;95m (Units:  Eng )
TRANS_EMPTY_UNMOVED : 1
[1;31m[1;34m[1;33m[1;32m
[1;0mSea_39
[1;95m (Units:  Eng )
TRANS_EMPTY_UNMOVED : 1
SUB_2_MOVES : 1
DESTROYER_2_MOVES : 1
CARRIER_2_MOVES : 1
CRUISER_2_MOVES : 2
FIGHTER_UNMOVED : 1
[1;31m[1;34m[1;33m[1;32m
[1;0mSea_44
[1;95m[1;31m[1;34m[1;33m (Units:  Jap )
SUB : 1
[1;32m
[1;0mSea_53
[1;95m[1;31m[1;34m[1;33m[1;32m (Units:  USA )
SUB : 1

[1;0mSea_56
[1;95m[1;31m[1;34m[1;33m[1;32m (Units:  USA )
TRANS_EMPTY : 12
DESTROYER : 2
CARRIER : 1
CRUISER : 1
BATTLESHIP : 7
FIGHTER : 1

[1;0mSea_60
[1;95m[1;31m[1;34m (Units:  Ger )
TRANS_EMPTY : 1
BATTLESHIP : 1
[1;33m (Units:  Jap )
TRANS_EMPTY : 13
DESTROYER : 2
[1;32m
[1;0mSea_61
[1;95m[1;31m[1;34m[1;33m (Units:  Jap )
TRANS_EMPTY : 4
DESTROYER : 3
CARRIER : 2
CRUISER : 1
BATTLESHIP : 3
FIGHTER : 3
[1;32m
[1;0m

======================================================================
PRO AI SINGLE TURN TEST (TripleA Purchase & Place)
======================================================================
Starting Player: Eng
Starting Money: 31 IPCs
Total units on board: 49
======================================================================
Enemy Attack Options (per-enemy):
Enemy: Ger
  Land: Karelia_SSR Infantry: 2
  Sea: Sea_6 Fighters: 0 Subs: 4 Destroyers: 15
  Sea: Sea_7 Fighters: 0 Subs: 4 Destroyers: 15
  Sea: Sea_8 Fighters: 0 Subs: 4 Destroyers: 14
  Sea: Sea_34 Fighters: 0 Subs: 2 Destroyers: 1
Enemy: Jap
  Land: Burma Infantry: 26
  Land: Burma Artillery: 13
  Land: Burma Tanks: 33
  Land: India Tanks: 33
  Sea: Sea_35 Fighters: 1 Subs: 0 Destroyers: 3
  Sea: Sea_39 Fighters: 0 Subs: 1 Destroyers: 0
Enemy Attack Options (aggregated max):
  Land: Burma Inf: 26 Art: 13 Tank: 33 Ftr: 0 Bmb: 0 Str: 151
  Land: India Inf: 0 Art: 0 Tank: 33 Ftr: 0 Bmb: 0 Str: 99
  Land: Karelia_SSR Inf: 2 Art: 0 Tank: 0 Ftr: 0 Bmb: 0 Str: 2
    Possible My Target Territory: Baltic_States_Air
      Battle Results (TUV, Invaded %):  3.963 ,  1
      Attack Value:  3.963
    Possible My Target Territory: Germany_Air
      Battle Results (TUV, Invaded %):  -9.972 ,  0
    Possible My Target Territory: Italy_Air
      Battle Results (TUV, Invaded %):  -0.31 ,  0
Trying  Baltic_States
Simulated battle results:  Battle_Results{avg_TUV_swing = 0, invaded_percent = 0, avg_survivor_def_power = 0}

======================================================================
PRO AI TURN COMPLETE
======================================================================
Next Player: Jap
Final Money: 31 IPCs
Units Added: 3
Game Score: -0.1
======================================================================

round_num:  72
[1;33m --------------------
Current Player:  Jap
Money:  33 [1;0m 

[1;95mAnglo_Egyptian_Sudan (Owner:  Eng )
[1;33m[1;31m[1;34m[1;95m (Units:  Eng )
FIGHTER : 1
[1;32m (Units:  USA )
INF : 1
TANK : 2

[1;31mArchangel (Owner:  Rus )
[1;33m[1;31m (Units:  Rus )
INF : 1
[1;34m[1;95m[1;32m
[1;34mBaltic_States (Owner:  Ger )
[1;33m[1;31m[1;34m (Units:  Ger )
INF : 2
[1;95m[1;32m
[1;95mBelgian_Congo (Owner:  Eng )
[1;33m[1;31m[1;34m[1;95m[1;32m (Units:  USA )
INF : 2
TANK : 3

[1;33mBorneo (Owner:  Jap )
[1;33m (Units:  Jap )
INF_1_MOVES : 1
[1;31m[1;34m[1;95m[1;32m
[1;33mCaroline_Islands (Owner:  Jap )
[1;33m (Units:  Jap )
INF_1_MOVES : 1
[1;31m[1;34m[1;95m[1;32m
[1;31mCaucasus (Owner:  Rus ) builds: 3 factory-prod: 4
[1;33m[1;31m (Units:  Rus )
INF : 6
ARTY : 1
[1;34m[1;95m (Units:  Eng )
INF : 15
ARTY : 1
[1;32m (Units:  USA )
INF : 5
ARTY : 3
TANK : 4

[1;33mEast_Indies (Owner:  Jap )
[1;33m (Units:  Jap )
INF_1_MOVES : 2
[1;31m[1;34m[1;95m[1;32m
[1;95mEastern_Australia (Owner:  Eng )
[1;33m[1;31m[1;34m[1;95m (Units:  Eng )
INF : 2
[1;32m
[1;32mEastern_United_States (Owner:  USA ) builds: 5 factory-prod: 12
[1;33m[1;31m[1;34m[1;95m (Units:  Eng )
INF : 1
[1;32m (Units:  USA )
INF : 2
ARTY : 1
TANK : 3
FIGHTER : 1
BOMBER : 1

[1;95mEgypt (Owner:  Eng )
[1;33m[1;31m[1;34m[1;95m[1;32m (Units:  USA )
INF : 2
ARTY : 1
TANK : 4

[1;31mFinland (Owner:  Rus )
[1;33m[1;31m[1;34m[1;95m[1;32m (Units:  USA )
INF : 2
TANK : 1

[1;33mFrench_Indo_China_Thailand (Owner:  Jap )
[1;33m (Units:  Jap )
INF_1_MOVES : 16
ARTY_1_MOVES : 7
TANK_2_MOVES : 15
[1;31m[1;34m[1;95m[1;32m
[1;95mFrench_West_Africa (Owner:  Eng )
[1;33m[1;31m[1;34m[1;95m[1;32m (Units:  USA )
ARTY : 3
TANK : 2

[1;34mGermany (Owner:  Ger ) factory-prod: 10
[1;33m[1;31m[1;34m (Units:  Ger )
INF : 156
[1;95m[1;32m
[1;32mHawaiian_Islands (Owner:  USA )
[1;33m[1;31m[1;34m[1;95m[1;32m (Units:  USA )
INF : 1
FIGHTER : 1

[1;95mIndia (Owner:  Eng ) factory-prod: 3
[1;33m[1;31m[1;34m[1;95m (Units:  Eng )
INF : 3
AAGUN : 1
[1;32m
[1;34mItaly (Owner:  Ger ) builds: 2 factory-prod: 3
[1;33m[1;31m[1;34m (Units:  Ger )
INF : 1
[1;95m[1;32m
[1;33mIwo_Jima (Owner:  Jap )
[1;33m (Units:  Jap )
INF_1_MOVES : 1
[1;31m[1;34m[1;95m[1;32m
[1;33mJapan (Owner:  Jap ) builds: 8 factory-prod: 8
[1;33m (Units:  Jap )
INF_1_MOVES : 1
ARTY_1_MOVES : 1
TANK_2_MOVES : 3
FIGHTER_UNMOVED : 1
BOMBER_UNMOVED : 1
[1;31m[1;34m[1;95m[1;32m
[1;31mKarelia_SSR (Owner:  Rus ) factory-prod: 2
[1;33m[1;31m[1;34m[1;95m (Units:  Eng )
INF : 9
ARTY : 1
TANK : 1
[1;32m
[1;32mMidway (Owner:  USA )
[1;33m[1;31m[1;34m[1;95m[1;32m (Units:  USA )
INF : 1

[1;33mNew_Guinea (Owner:  Jap )
[1;33m (Units:  Jap )
INF_1_MOVES : 1
[1;31m[1;34m[1;95m[1;32m
[1;95mNew_Zealand (Owner:  Eng )
[1;33m[1;31m[1;34m[1;95m (Units:  Eng )
INF : 1
[1;32m
[1;33mOkinawa (Owner:  Jap )
[1;33m (Units:  Jap )
INF_1_MOVES : 1
[1;31m[1;34m[1;95m[1;32m
[1;95mPersia (Owner:  Eng )
[1;33m[1;31m[1;34m[1;95m (Units:  Eng )
INF : 16
ARTY : 1
[1;32m (Units:  USA )
ARTY : 2
TANK : 2

[1;33mPhilippine_Islands (Owner:  Jap )
[1;33m (Units:  Jap )
INF_1_MOVES : 1
ARTY_1_MOVES : 1
[1;31m[1;34m[1;95m[1;32m
[1;31mRussia (Owner:  Rus ) builds: 7 factory-prod: 8
[1;33m[1;31m (Units:  Rus )
INF : 26
ARTY : 2
[1;34m[1;95m[1;32m
[1;33mSolomon_Islands (Owner:  Jap )
[1;33m (Units:  Jap )
INF_1_MOVES : 1
[1;31m[1;34m[1;95m[1;32m
[1;32mSzechwan (Owner:  USA )
[1;33m[1;31m[1;34m[1;95m[1;32m (Units:  USA )
FIGHTER : 1

[1;95mTrans_Jordan (Owner:  Eng )
[1;33m[1;31m[1;34m[1;95m[1;32m (Units:  USA )
INF : 1
TANK : 1

[1;95mUnited_Kingdom (Owner:  Eng ) builds: 5 factory-prod: 8
[1;33m[1;31m[1;34m[1;95m (Units:  Eng )
FIGHTER : 2
BOMBER : 1
[1;32m
[1;33mWake_Island (Owner:  Jap )
[1;33m (Units:  Jap )
INF_1_MOVES : 1
[1;31m[1;34m[1;95m[1;32m
[1;32mWestern_United_States (Owner:  USA ) builds: 9 factory-prod: 10
[1;33m[1;31m[1;34m[1;95m[1;32m (Units:  USA )
INF : 3
ARTY : 1
FIGHTER : 1

[1;33mYunnan (Owner:  Jap )
[1;33m (Units:  Jap )
INF_1_MOVES : 10
ARTY_1_MOVES : 6
TANK_2_MOVES : 18
[1;31m[1;34m[1;95m[1;32m
[1;0mSea_3
[1;33m[1;31m (Units:  Rus )
TRANS_EMPTY : 1
DESTROYER : 2
BATTLESHIP : 2
[1;34m[1;95m[1;32m
[1;0mSea_4
[1;33m[1;31m (Units:  Rus )
TRANS_EMPTY : 1
SUB : 1
DESTROYER : 1
[1;34m (Units:  Ger )
DESTROYER : 1
[1;95m[1;32m
[1;0mSea_5
[1;33m[1;31m[1;34m (Units:  Ger )
TRANS_EMPTY : 1
SUB : 2
DESTROYER : 14
CRUISER : 1
[1;95m[1;32m
[1;0mSea_6
[1;33m[1;31m[1;34m[1;95m (Units:  Eng )
TRANS_EMPTY : 18
SUB : 2
DESTROYER : 1
[1;32m
[1;0mSea_8
[1;33m[1;31m[1;34m[1;95m (Units:  Eng )
TRANS_EMPTY : 1
DESTROYER : 26
CRUISER : 1
BATTLESHIP : 1
[1;32m
[1;0mSea_9
[1;33m[1;31m[1;34m (Units:  Ger )
SUB : 2
[1;95m[1;32m
[1;0mSea_11
[1;33m[1;31m[1;34m[1;95m[1;32m (Units:  USA )
TRANS_EMPTY : 6
SUB : 2
DESTROYER : 2

[1;0mSea_12
[1;33m[1;31m[1;34m[1;95m[1;32m (Units:  USA )
TRANS_EMPTY : 5
DESTROYER : 3
BATTLESHIP : 1

[1;0mSea_15
[1;33m[1;31m[1;34m (Units:  Ger )
SUB : 2
DESTROYER : 1
[1;95m[1;32m
[1;0mSea_16
[1;33m[1;31m (Units:  Rus )
TRANS_EMPTY : 4
SUB : 4
DESTROYER : 6
BATTLESHIP : 4
[1;34m[1;95m[1;32m
[1;0mSea_17
[1;33m[1;31m[1;34m[1;95m (Units:  Eng )
TRANS_EMPTY : 1
[1;32m
[1;0mSea_23
[1;33m[1;31m[1;34m[1;95m[1;32m (Units:  USA )
TRANS_EMPTY : 4

[1;0mSea_24
[1;33m[1;31m[1;34m[1;95m[1;32m (Units:  USA )
TRANS_EMPTY : 2

[1;0mSea_39
[1;33m[1;31m[1;34m[1;95m (Units:  Eng )
SUB : 1
[1;32m
[1;0mSea_44
[1;33m (Units:  Jap )
SUB_2_MOVES : 1
[1;31m[1;34m[1;95m[1;32m
[1;0mSea_45
[1;33m[1;31m[1;34m[1;95m (Units:  Eng )
TRANS_EMPTY : 1
DESTROYER : 1
CARRIER : 1
CRUISER : 2
FIGHTER : 1
[1;32m
[1;0mSea_53
[1;33m[1;31m[1;34m[1;95m[1;32m (Units:  USA )
SUB : 1

[1;0mSea_56
[1;33m[1;31m[1;34m[1;95m[1;32m (Units:  USA )
TRANS_EMPTY : 12
DESTROYER : 2
CARRIER : 1
CRUISER : 1
BATTLESHIP : 7
FIGHTER : 1

[1;0mSea_60
[1;33m (Units:  Jap )
TRANS_EMPTY_UNMOVED : 13
DESTROYER_2_MOVES : 2
[1;31m[1;34m (Units:  Ger )
TRANS_EMPTY : 1
BATTLESHIP : 1
[1;95m[1;32m
[1;0mSea_61
[1;33m (Units:  Jap )
TRANS_EMPTY_UNMOVED : 4
DESTROYER_2_MOVES : 3
CARRIER_2_MOVES : 2
CRUISER_2_MOVES : 1
BATTLESHIP_2_MOVES : 3
FIGHTER_UNMOVED : 3
[1;31m[1;34m[1;95m[1;32m
[1;0m

======================================================================
PRO AI SINGLE TURN TEST (TripleA Purchase & Place)
======================================================================
Starting Player: Jap
Starting Money: 33 IPCs
Total units on board: 88
======================================================================
Enemy Attack Options (per-enemy):
Enemy: Rus
Enemy: Eng
  Sea: Sea_44 Fighters: 0 Subs: 1 Destroyers: 1
Enemy: USA
  Land: French_Indo_China_Thailand Fighters: 1
  Land: Solomon_Islands Fighters: 1
  Land: Wake_Island Fighters: 1
  Land: Yunnan Fighters: 1
  Sea: Sea_44 Fighters: 2 Subs: 1 Destroyers: 2
  Sea: Sea_60 Fighters: 1 Subs: 0 Destroyers: 0
  Sea: Sea_61 Fighters: 1 Subs: 0 Destroyers: 0
Enemy Attack Options (aggregated max):
  Land: French_Indo_China_Thailand Inf: 0 Art: 0 Tank: 0 Ftr: 1 Bmb: 0 Str: 3
  Land: Solomon_Islands Inf: 0 Art: 0 Tank: 0 Ftr: 1 Bmb: 0 Str: 3
  Land: Wake_Island Inf: 0 Art: 0 Tank: 0 Ftr: 1 Bmb: 0 Str: 3
  Land: Yunnan Inf: 0 Art: 0 Tank: 0 Ftr: 1 Bmb: 0 Str: 3
      [SAFE] Sequential Battle Results: TUV=-8.49, Invaded%=0.0%, Battles=1
      [SAFE] Sequential Battle Results: TUV=-2.90, Invaded%=0.0%, Battles=1
      [SAFE] Sequential Battle Results: TUV=-2.90, Invaded%=0.0%, Battles=1
      [SAFE] Sequential Battle Results: TUV=-8.52, Invaded%=0.0%, Battles=1
    Possible My Target Territory: India_Air
      Battle Results (TUV, Invaded %):  8 ,  1
      Attack Value:  32
    Possible My Target Territory: Midway_Air
      Battle Results (TUV, Invaded %):  -1.575 ,  0
    Possible My Target Territory: Szechwan_Air
      Battle Results (TUV, Invaded %):  7.9779999999999998 ,  1
      Attack Value:  7.9779999999999998
Trying  Szechwan

======================================================================
PRO AI TURN COMPLETE
======================================================================
Next Player: USA
Final Money: 33 IPCs
Units Added: 5
Game Score: 0.1
======================================================================

round_num:  73
[1;32m --------------------
Current Player:  USA
Money:  40 [1;0m 

[1;95mAnglo_Egyptian_Sudan (Owner:  Eng )
[1;32m (Units:  USA )
INF_1_MOVES : 1
TANK_2_MOVES : 2
[1;31m[1;34m[1;95m (Units:  Eng )
FIGHTER : 1
[1;33m
[1;31mArchangel (Owner:  Rus )
[1;32m[1;31m (Units:  Rus )
INF : 1
[1;34m[1;95m[1;33m
[1;34mBaltic_States (Owner:  Ger )
[1;32m[1;31m[1;34m (Units:  Ger )
INF : 2
[1;95m[1;33m
[1;95mBelgian_Congo (Owner:  Eng )
[1;32m (Units:  USA )
INF_1_MOVES : 2
TANK_2_MOVES : 3
[1;31m[1;34m[1;95m[1;33m
[1;33mBorneo (Owner:  Jap )
[1;32m[1;31m[1;34m[1;95m[1;33m (Units:  Jap )
INF : 1

[1;33mCaroline_Islands (Owner:  Jap )
[1;32m[1;31m[1;34m[1;95m[1;33m (Units:  Jap )
INF : 1

[1;31mCaucasus (Owner:  Rus ) builds: 3 factory-prod: 4
[1;32m (Units:  USA )
INF_1_MOVES : 5
ARTY_1_MOVES : 3
TANK_2_MOVES : 4
[1;31m (Units:  Rus )
INF : 6
ARTY : 1
[1;34m[1;95m (Units:  Eng )
INF : 15
ARTY : 1
[1;33m
[1;33mEast_Indies (Owner:  Jap )
[1;32m[1;31m[1;34m[1;95m[1;33m (Units:  Jap )
INF : 2

[1;95mEastern_Australia (Owner:  Eng )
[1;32m[1;31m[1;34m[1;95m (Units:  Eng )
INF : 2
[1;33m
[1;32mEastern_United_States (Owner:  USA ) builds: 12 factory-prod: 12
[1;32m (Units:  USA )
INF_1_MOVES : 2
ARTY_1_MOVES : 1
TANK_2_MOVES : 3
FIGHTER_UNMOVED : 1
BOMBER_UNMOVED : 1
[1;31m[1;34m[1;95m (Units:  Eng )
INF : 1
[1;33m
[1;95mEgypt (Owner:  Eng )
[1;32m (Units:  USA )
INF_1_MOVES : 2
ARTY_1_MOVES : 1
TANK_2_MOVES : 4
[1;31m[1;34m[1;95m[1;33m
[1;31mFinland (Owner:  Rus )
[1;32m (Units:  USA )
INF_1_MOVES : 2
TANK_2_MOVES : 1
[1;31m[1;34m[1;95m[1;33m
[1;33mFrench_Indo_China_Thailand (Owner:  Jap )
[1;32m[1;31m[1;34m[1;95m[1;33m (Units:  Jap )
INF : 10
ARTY : 6
TANK : 18

[1;95mFrench_West_Africa (Owner:  Eng )
[1;32m (Units:  USA )
ARTY_1_MOVES : 3
TANK_2_MOVES : 2
[1;31m[1;34m[1;95m[1;33m
[1;34mGermany (Owner:  Ger ) factory-prod: 10
[1;32m[1;31m[1;34m (Units:  Ger )
INF : 156
[1;95m[1;33m
[1;32mHawaiian_Islands (Owner:  USA )
[1;32m (Units:  USA )
INF_1_MOVES : 1
FIGHTER_UNMOVED : 1
[1;31m[1;34m[1;95m[1;33m
[1;95mIndia (Owner:  Eng ) factory-prod: 3
[1;32m[1;31m[1;34m[1;95m (Units:  Eng )
INF : 3
AAGUN : 1
[1;33m
[1;34mItaly (Owner:  Ger ) builds: 2 factory-prod: 3
[1;32m[1;31m[1;34m (Units:  Ger )
INF : 1
[1;95m[1;33m
[1;33mIwo_Jima (Owner:  Jap )
[1;32m[1;31m[1;34m[1;95m[1;33m (Units:  Jap )
INF : 1

[1;33mJapan (Owner:  Jap ) builds: 2 factory-prod: 8
[1;32m[1;31m[1;34m[1;95m[1;33m (Units:  Jap )
INF : 1
ARTY : 1
TANK : 3
FIGHTER : 1
BOMBER : 1

[1;31mKarelia_SSR (Owner:  Rus ) factory-prod: 2
[1;32m[1;31m[1;34m[1;95m (Units:  Eng )
INF : 9
ARTY : 1
TANK : 1
[1;33m
[1;32mMidway (Owner:  USA )
[1;32m (Units:  USA )
INF_1_MOVES : 1
[1;31m[1;34m[1;95m[1;33m
[1;33mNew_Guinea (Owner:  Jap )
[1;32m[1;31m[1;34m[1;95m[1;33m (Units:  Jap )
INF : 1

[1;95mNew_Zealand (Owner:  Eng )
[1;32m[1;31m[1;34m[1;95m (Units:  Eng )
INF : 1
[1;33m
[1;33mOkinawa (Owner:  Jap )
[1;32m[1;31m[1;34m[1;95m[1;33m (Units:  Jap )
INF : 1

[1;95mPersia (Owner:  Eng )
[1;32m (Units:  USA )
ARTY_1_MOVES : 2
TANK_2_MOVES : 2
[1;31m[1;34m[1;95m (Units:  Eng )
INF : 16
ARTY : 1
[1;33m
[1;33mPhilippine_Islands (Owner:  Jap )
[1;32m[1;31m[1;34m[1;95m[1;33m (Units:  Jap )
INF : 1
ARTY : 1

[1;31mRussia (Owner:  Rus ) builds: 7 factory-prod: 8
[1;32m[1;31m (Units:  Rus )
INF : 26
ARTY : 2
[1;34m[1;95m[1;33m
[1;33mSolomon_Islands (Owner:  Jap )
[1;32m[1;31m[1;34m[1;95m[1;33m (Units:  Jap )
INF : 1

[1;32mSzechwan (Owner:  USA )
[1;32m (Units:  USA )
FIGHTER_UNMOVED : 1
[1;31m[1;34m[1;95m[1;33m
[1;95mTrans_Jordan (Owner:  Eng )
[1;32m (Units:  USA )
INF_1_MOVES : 1
TANK_2_MOVES : 1
[1;31m[1;34m[1;95m[1;33m
[1;95mUnited_Kingdom (Owner:  Eng ) builds: 5 factory-prod: 8
[1;32m[1;31m[1;34m[1;95m (Units:  Eng )
FIGHTER : 2
BOMBER : 1
[1;33m
[1;33mWake_Island (Owner:  Jap )
[1;32m[1;31m[1;34m[1;95m[1;33m (Units:  Jap )
INF : 1

[1;32mWestern_United_States (Owner:  USA ) builds: 10 factory-prod: 10
[1;32m (Units:  USA )
INF_1_MOVES : 3
ARTY_1_MOVES : 1
FIGHTER_UNMOVED : 1
[1;31m[1;34m[1;95m[1;33m
[1;33mYunnan (Owner:  Jap )
[1;32m[1;31m[1;34m[1;95m[1;33m (Units:  Jap )
INF : 17
ARTY : 8
TANK : 18

[1;0mSea_3
[1;32m[1;31m (Units:  Rus )
TRANS_EMPTY : 1
DESTROYER : 2
BATTLESHIP : 2
[1;34m[1;95m[1;33m
[1;0mSea_4
[1;32m[1;31m (Units:  Rus )
TRANS_EMPTY : 1
SUB : 1
DESTROYER : 1
[1;34m (Units:  Ger )
DESTROYER : 1
[1;95m[1;33m
[1;0mSea_5
[1;32m[1;31m[1;34m (Units:  Ger )
TRANS_EMPTY : 1
SUB : 2
DESTROYER : 14
CRUISER : 1
[1;95m[1;33m
[1;0mSea_6
[1;32m[1;31m[1;34m[1;95m (Units:  Eng )
TRANS_EMPTY : 18
SUB : 2
DESTROYER : 1
[1;33m
[1;0mSea_8
[1;32m[1;31m[1;34m[1;95m (Units:  Eng )
TRANS_EMPTY : 1
DESTROYER : 26
CRUISER : 1
BATTLESHIP : 1
[1;33m
[1;0mSea_9
[1;32m[1;31m[1;34m (Units:  Ger )
SUB : 2
[1;95m[1;33m
[1;0mSea_11
[1;32m (Units:  USA )
TRANS_EMPTY_UNMOVED : 6
SUB_2_MOVES : 2
DESTROYER_2_MOVES : 2
[1;31m[1;34m[1;95m[1;33m
[1;0mSea_12
[1;32m (Units:  USA )
TRANS_EMPTY_UNMOVED : 5
DESTROYER_2_MOVES : 3
BATTLESHIP_2_MOVES : 1
[1;31m[1;34m[1;95m[1;33m
[1;0mSea_15
[1;32m[1;31m[1;34m (Units:  Ger )
SUB : 2
DESTROYER : 1
[1;95m[1;33m
[1;0mSea_16
[1;32m[1;31m (Units:  Rus )
TRANS_EMPTY : 4
SUB : 4
DESTROYER : 6
BATTLESHIP : 4
[1;34m[1;95m[1;33m
[1;0mSea_17
[1;32m[1;31m[1;34m[1;95m (Units:  Eng )
TRANS_EMPTY : 1
[1;33m
[1;0mSea_23
[1;32m (Units:  USA )
TRANS_EMPTY_UNMOVED : 4
[1;31m[1;34m[1;95m[1;33m
[1;0mSea_24
[1;32m (Units:  USA )
TRANS_EMPTY_UNMOVED : 2
[1;31m[1;34m[1;95m[1;33m
[1;0mSea_39
[1;32m[1;31m[1;34m[1;95m (Units:  Eng )
SUB : 1
[1;33m
[1;0mSea_44
[1;32m[1;31m[1;34m[1;95m[1;33m (Units:  Jap )
SUB : 1

[1;0mSea_45
[1;32m[1;31m[1;34m[1;95m (Units:  Eng )
TRANS_EMPTY : 1
DESTROYER : 1
CARRIER : 1
CRUISER : 2
FIGHTER : 1
[1;33m
[1;0mSea_53
[1;32m (Units:  USA )
SUB_2_MOVES : 1
[1;31m[1;34m[1;95m[1;33m
[1;0mSea_56
[1;32m (Units:  USA )
TRANS_EMPTY_UNMOVED : 12
DESTROYER_2_MOVES : 2
CARRIER_2_MOVES : 1
CRUISER_2_MOVES : 1
BATTLESHIP_2_MOVES : 7
FIGHTER_UNMOVED : 1
[1;31m[1;34m[1;95m[1;33m
[1;0mSea_60
[1;32m[1;31m[1;34m (Units:  Ger )
TRANS_EMPTY : 1
BATTLESHIP : 1
[1;95m[1;33m (Units:  Jap )
TRANS_EMPTY : 14
DESTROYER : 2

[1;0mSea_61
[1;32m[1;31m[1;34m[1;95m[1;33m (Units:  Jap )
TRANS_EMPTY : 4
DESTROYER : 3
CARRIER : 2
CRUISER : 1
BATTLESHIP : 3
FIGHTER : 3

[1;0m

======================================================================
PRO AI SINGLE TURN TEST (TripleA Purchase & Place)
======================================================================
Starting Player: USA
Starting Money: 40 IPCs
Total units on board: 53
======================================================================
Enemy Attack Options (per-enemy):
Enemy: Ger
  Sea: Sea_11 Fighters: 0 Subs: 2 Destroyers: 0
  Sea: Sea_12 Fighters: 0 Subs: 2 Destroyers: 0
  Sea: Sea_23 Fighters: 0 Subs: 2 Destroyers: 0
Enemy: Jap
  Land: Midway Bombers: 1
  Land: Szechwan Bombers: 1
  Land: Szechwan Infantry: 17
  Land: Szechwan Artillery: 8
  Land: Szechwan Tanks: 18
  Sea: Sea_53 Fighters: 0 Subs: 1 Destroyers: 0
  Sea: Sea_56 Fighters: 0 Subs: 1 Destroyers: 0
Enemy Attack Options (aggregated max):
  Land: Midway Inf: 0 Art: 0 Tank: 0 Ftr: 0 Bmb: 1 Str: 4
  Land: Szechwan Inf: 17 Art: 8 Tank: 18 Ftr: 0 Bmb: 1 Str: 91
      [SAFE] Sequential Battle Results: TUV=-1.64, Invaded%=0.0%, Battles=1
    Possible My Target Territory: Baltic_States_Air
      Battle Results (TUV, Invaded %):  -3.0449999999999999 ,  0.1
      Attack Value:  -3.0449999999999999
    Possible My Target Territory: French_Indo_China_Thailand_Air
      Battle Results (TUV, Invaded %):  -8.526999999999999 ,  0
    Possible My Target Territory: Solomon_Islands_Air
      Battle Results (TUV, Invaded %):  -2.9239999999999999 ,  0
    Possible My Target Territory: Wake_Island_Air
      Battle Results (TUV, Invaded %):  -2.9009999999999998 ,  0
    Possible My Target Territory: Yunnan_Air
      Battle Results (TUV, Invaded %):  -8.506 ,  0

======================================================================
PRO AI TURN COMPLETE
======================================================================
Next Player: Rus
Final Money: 41 IPCs
Units Added: 5
Game Score: 0.1
======================================================================

round_num:  74
[1;31m --------------------
Current Player:  Rus
Money:  29 [1;0m 

[1;95mAnglo_Egyptian_Sudan (Owner:  Eng )
[1;31m[1;34m[1;95m (Units:  Eng )
FIGHTER : 1
[1;33m[1;32m (Units:  USA )
INF : 2
TANK : 3

[1;31mArchangel (Owner:  Rus )
[1;31m (Units:  Rus )
INF_1_MOVES : 1
[1;34m[1;95m[1;33m[1;32m
[1;34mBaltic_States (Owner:  Ger )
[1;31m[1;34m (Units:  Ger )
INF : 2
[1;95m[1;33m[1;32m
[1;95mBelgian_Congo (Owner:  Eng )
[1;31m[1;34m[1;95m[1;33m[1;32m (Units:  USA )
ARTY : 2
TANK : 2

[1;33mBorneo (Owner:  Jap )
[1;31m[1;34m[1;95m[1;33m (Units:  Jap )
INF : 1
[1;32m
[1;33mCaroline_Islands (Owner:  Jap )
[1;31m[1;34m[1;95m[1;33m (Units:  Jap )
INF : 1
[1;32m
[1;31mCaucasus (Owner:  Rus ) builds: 4 factory-prod: 4
[1;31m (Units:  Rus )
INF_1_MOVES : 6
ARTY_1_MOVES : 1
[1;34m[1;95m (Units:  Eng )
INF : 15
ARTY : 1
[1;33m[1;32m (Units:  USA )
INF : 5
ARTY : 5
TANK : 5

[1;33mEast_Indies (Owner:  Jap )
[1;31m[1;34m[1;95m[1;33m (Units:  Jap )
INF : 2
[1;32m
[1;95mEastern_Australia (Owner:  Eng )
[1;31m[1;34m[1;95m (Units:  Eng )
INF : 2
[1;33m[1;32m
[1;32mEastern_United_States (Owner:  USA ) builds: 6 factory-prod: 12
[1;31m[1;34m[1;95m (Units:  Eng )
INF : 1
[1;33m[1;32m (Units:  USA )
INF : 1
ARTY : 1
TANK : 3
FIGHTER : 1
BOMBER : 1

[1;95mEgypt (Owner:  Eng )
[1;31m[1;34m[1;95m[1;33m[1;32m (Units:  USA )
INF : 1
TANK : 2

[1;95mFrench_Equatorial_Africa (Owner:  Eng )
[1;31m[1;34m[1;95m[1;33m[1;32m (Units:  USA )
ARTY : 1

[1;33mFrench_Indo_China_Thailand (Owner:  Jap )
[1;31m[1;34m[1;95m[1;33m (Units:  Jap )
INF : 10
ARTY : 6
TANK : 18
[1;32m
[1;95mFrench_West_Africa (Owner:  Eng )
[1;31m[1;34m[1;95m[1;33m[1;32m (Units:  USA )
INF : 2
ARTY : 1
TANK : 3

[1;34mGermany (Owner:  Ger ) factory-prod: 10
[1;31m[1;34m (Units:  Ger )
INF : 156
[1;95m[1;33m[1;32m
[1;32mHawaiian_Islands (Owner:  USA )
[1;31m[1;34m[1;95m[1;33m[1;32m (Units:  USA )
INF : 1
FIGHTER : 1

[1;95mIndia (Owner:  Eng ) factory-prod: 3
[1;31m[1;34m[1;95m (Units:  Eng )
INF : 3
AAGUN : 1
[1;33m[1;32m
[1;34mItaly (Owner:  Ger ) builds: 2 factory-prod: 3
[1;31m[1;34m (Units:  Ger )
INF : 1
[1;95m[1;33m[1;32m
[1;33mIwo_Jima (Owner:  Jap )
[1;31m[1;34m[1;95m[1;33m (Units:  Jap )
INF : 1
[1;32m
[1;33mJapan (Owner:  Jap ) builds: 2 factory-prod: 8
[1;31m[1;34m[1;95m[1;33m (Units:  Jap )
INF : 1
ARTY : 1
TANK : 3
FIGHTER : 1
BOMBER : 1
[1;32m
[1;31mKarelia_SSR (Owner:  Rus ) builds: 2 factory-prod: 2
[1;31m[1;34m[1;95m (Units:  Eng )
INF : 9
ARTY : 1
TANK : 1
[1;33m[1;32m (Units:  USA )
INF : 2
TANK : 2

[1;32mMidway (Owner:  USA )
[1;31m[1;34m[1;95m[1;33m[1;32m (Units:  USA )
INF : 1

[1;33mNew_Guinea (Owner:  Jap )
[1;31m[1;34m[1;95m[1;33m (Units:  Jap )
INF : 1
[1;32m
[1;95mNew_Zealand (Owner:  Eng )
[1;31m[1;34m[1;95m (Units:  Eng )
INF : 1
[1;33m[1;32m
[1;33mOkinawa (Owner:  Jap )
[1;31m[1;34m[1;95m[1;33m (Units:  Jap )
INF : 1
[1;32m
[1;95mPersia (Owner:  Eng )
[1;31m[1;34m[1;95m (Units:  Eng )
INF : 16
ARTY : 1
[1;33m[1;32m (Units:  USA )
INF : 1
TANK : 1

[1;33mPhilippine_Islands (Owner:  Jap )
[1;31m[1;34m[1;95m[1;33m (Units:  Jap )
INF : 1
ARTY : 1
[1;32m
[1;31mRussia (Owner:  Rus ) builds: 8 factory-prod: 8
[1;31m (Units:  Rus )
INF_1_MOVES : 26
ARTY_1_MOVES : 2
[1;34m[1;95m[1;33m[1;32m
[1;33mSolomon_Islands (Owner:  Jap )
[1;31m[1;34m[1;95m[1;33m (Units:  Jap )
INF : 1
[1;32m
[1;32mSzechwan (Owner:  USA )
[1;31m[1;34m[1;95m[1;33m[1;32m (Units:  USA )
FIGHTER : 1

[1;95mTrans_Jordan (Owner:  Eng )
[1;31m[1;34m[1;95m[1;33m[1;32m (Units:  USA )
INF : 2
ARTY : 1
TANK : 4

[1;95mUnited_Kingdom (Owner:  Eng ) builds: 5 factory-prod: 8
[1;31m[1;34m[1;95m (Units:  Eng )
FIGHTER : 2
BOMBER : 1
[1;33m[1;32m
[1;33mWake_Island (Owner:  Jap )
[1;31m[1;34m[1;95m[1;33m (Units:  Jap )
INF : 1
[1;32m
[1;32mWestern_United_States (Owner:  USA ) builds: 9 factory-prod: 10
[1;31m[1;34m[1;95m[1;33m[1;32m (Units:  USA )
INF : 3
ARTY : 1
FIGHTER : 1

[1;33mYunnan (Owner:  Jap )
[1;31m[1;34m[1;95m[1;33m (Units:  Jap )
INF : 17
ARTY : 8
TANK : 18
[1;32m
[1;0mSea_3
[1;31m (Units:  Rus )
TRANS_EMPTY_UNMOVED : 1
DESTROYER_2_MOVES : 2
BATTLESHIP_2_MOVES : 2
[1;34m[1;95m[1;33m[1;32m
[1;0mSea_4
[1;31m (Units:  Rus )
TRANS_EMPTY_UNMOVED : 1
SUB_2_MOVES : 1
DESTROYER_2_MOVES : 1
[1;34m (Units:  Ger )
DESTROYER : 1
[1;95m[1;33m[1;32m
[1;0mSea_5
[1;31m[1;34m (Units:  Ger )
TRANS_EMPTY : 1
SUB : 2
DESTROYER : 14
CRUISER : 1
[1;95m[1;33m[1;32m
[1;0mSea_6
[1;31m[1;34m[1;95m (Units:  Eng )
TRANS_EMPTY : 18
SUB : 2
DESTROYER : 1
[1;33m[1;32m
[1;0mSea_8
[1;31m[1;34m[1;95m (Units:  Eng )
TRANS_EMPTY : 1
DESTROYER : 26
CRUISER : 1
BATTLESHIP : 1
[1;33m[1;32m
[1;0mSea_9
[1;31m[1;34m (Units:  Ger )
SUB : 2
[1;95m[1;33m[1;32m
[1;0mSea_11
[1;31m[1;34m[1;95m[1;33m[1;32m (Units:  USA )
TRANS_EMPTY : 8
SUB : 2
DESTROYER : 2

[1;0mSea_12
[1;31m[1;34m[1;95m[1;33m[1;32m (Units:  USA )
TRANS_EMPTY : 4
DESTROYER : 3
BATTLESHIP : 1

[1;0mSea_15
[1;31m[1;34m (Units:  Ger )
SUB : 2
DESTROYER : 1
[1;95m[1;33m[1;32m
[1;0mSea_16
[1;31m (Units:  Rus )
TRANS_EMPTY_UNMOVED : 4
SUB_2_MOVES : 4
DESTROYER_2_MOVES : 6
BATTLESHIP_2_MOVES : 4
[1;34m[1;95m[1;33m[1;32m
[1;0mSea_17
[1;31m[1;34m[1;95m (Units:  Eng )
TRANS_EMPTY : 1
[1;33m[1;32m
[1;0mSea_23
[1;31m[1;34m[1;95m[1;33m[1;32m (Units:  USA )
TRANS_EMPTY : 2

[1;0mSea_24
[1;31m[1;34m[1;95m[1;33m[1;32m (Units:  USA )
TRANS_EMPTY : 4

[1;0mSea_39
[1;31m[1;34m[1;95m (Units:  Eng )
SUB : 1
[1;33m[1;32m
[1;0mSea_44
[1;31m[1;34m[1;95m[1;33m (Units:  Jap )
SUB : 1
[1;32m
[1;0mSea_45
[1;31m[1;34m[1;95m (Units:  Eng )
TRANS_EMPTY : 1
DESTROYER : 1
CARRIER : 1
CRUISER : 2
FIGHTER : 1
[1;33m[1;32m
[1;0mSea_53
[1;31m[1;34m[1;95m[1;33m[1;32m (Units:  USA )
SUB : 1

[1;0mSea_56
[1;31m[1;34m[1;95m[1;33m[1;32m (Units:  USA )
TRANS_EMPTY : 13
DESTROYER : 2
CARRIER : 1
CRUISER : 1
BATTLESHIP : 7
FIGHTER : 1

[1;0mSea_60
[1;31m[1;34m (Units:  Ger )
TRANS_EMPTY : 1
BATTLESHIP : 1
[1;95m[1;33m (Units:  Jap )
TRANS_EMPTY : 14
DESTROYER : 2
[1;32m
[1;0mSea_61
[1;31m[1;34m[1;95m[1;33m (Units:  Jap )
TRANS_EMPTY : 4
DESTROYER : 3
CARRIER : 2
CRUISER : 1
BATTLESHIP : 3
FIGHTER : 3
[1;32m
[1;0m

======================================================================
PRO AI SINGLE TURN TEST (TripleA Purchase & Place)
======================================================================
Starting Player: Rus
Starting Money: 29 IPCs
Total units on board: 36
======================================================================
Enemy Attack Options (per-enemy):
Enemy: Ger
  Land: Karelia_SSR Infantry: 2
  Sea: Sea_3 Fighters: 0 Subs: 4 Destroyers: 15
  Sea: Sea_16 Fighters: 0 Subs: 2 Destroyers: 1
Enemy: Jap
Enemy Attack Options (aggregated max):
  Land: Karelia_SSR Inf: 2 Art: 0 Tank: 0 Ftr: 0 Bmb: 0 Str: 2
      [SAFE] Sequential Battle Results: TUV=-5.02, Invaded%=0.0%, Battles=1

======================================================================
PRO AI TURN COMPLETE
======================================================================
Next Player: Ger
Final Money: 27 IPCs
Units Added: 2
Game Score: -0.1
======================================================================

round_num:  75
[1;34m --------------------
Current Player:  Ger
Money:  38 [1;0m 

[1;95mAnglo_Egyptian_Sudan (Owner:  Eng )
[1;34m[1;31m[1;95m (Units:  Eng )
FIGHTER : 1
[1;33m[1;32m (Units:  USA )
INF : 2
TANK : 3

[1;34mBaltic_States (Owner:  Ger )
[1;34m (Units:  Ger )
INF_1_MOVES : 2
[1;31m[1;95m[1;33m[1;32m
[1;95mBelgian_Congo (Owner:  Eng )
[1;34m[1;31m[1;95m[1;33m[1;32m (Units:  USA )
ARTY : 2
TANK : 2

[1;33mBorneo (Owner:  Jap )
[1;34m[1;31m[1;95m[1;33m (Units:  Jap )
INF : 1
[1;32m
[1;33mCaroline_Islands (Owner:  Jap )
[1;34m[1;31m[1;95m[1;33m (Units:  Jap )
INF : 1
[1;32m
[1;31mCaucasus (Owner:  Rus ) builds: 3 factory-prod: 4
[1;34m[1;31m (Units:  Rus )
INF : 26
ARTY : 2
[1;95m (Units:  Eng )
INF : 15
ARTY : 1
[1;33m[1;32m (Units:  USA )
INF : 5
ARTY : 5
TANK : 5

[1;33mEast_Indies (Owner:  Jap )
[1;34m[1;31m[1;95m[1;33m (Units:  Jap )
INF : 2
[1;32m
[1;95mEastern_Australia (Owner:  Eng )
[1;34m[1;31m[1;95m (Units:  Eng )
INF : 2
[1;33m[1;32m
[1;32mEastern_United_States (Owner:  USA ) builds: 6 factory-prod: 12
[1;34m[1;31m[1;95m (Units:  Eng )
INF : 1
[1;33m[1;32m (Units:  USA )
INF : 1
ARTY : 1
TANK : 3
FIGHTER : 1
BOMBER : 1

[1;95mEgypt (Owner:  Eng )
[1;34m[1;31m[1;95m[1;33m[1;32m (Units:  USA )
INF : 1
TANK : 2

[1;95mFrench_Equatorial_Africa (Owner:  Eng )
[1;34m[1;31m[1;95m[1;33m[1;32m (Units:  USA )
ARTY : 1

[1;33mFrench_Indo_China_Thailand (Owner:  Jap )
[1;34m[1;31m[1;95m[1;33m (Units:  Jap )
INF : 10
ARTY : 6
TANK : 18
[1;32m
[1;95mFrench_West_Africa (Owner:  Eng )
[1;34m[1;31m[1;95m[1;33m[1;32m (Units:  USA )
INF : 2
ARTY : 1
TANK : 3

[1;34mGermany (Owner:  Ger ) builds: 10 factory-prod: 10
[1;34m (Units:  Ger )
INF_1_MOVES : 156
[1;31m[1;95m[1;33m[1;32m
[1;32mHawaiian_Islands (Owner:  USA )
[1;34m[1;31m[1;95m[1;33m[1;32m (Units:  USA )
INF : 1
FIGHTER : 1

[1;95mIndia (Owner:  Eng ) factory-prod: 3
[1;34m[1;31m[1;95m (Units:  Eng )
INF : 3
AAGUN : 1
[1;33m[1;32m
[1;34mItaly (Owner:  Ger ) builds: 3 factory-prod: 3
[1;34m (Units:  Ger )
INF_1_MOVES : 1
[1;31m[1;95m[1;33m[1;32m
[1;33mIwo_Jima (Owner:  Jap )
[1;34m[1;31m[1;95m[1;33m (Units:  Jap )
INF : 1
[1;32m
[1;33mJapan (Owner:  Jap ) builds: 2 factory-prod: 8
[1;34m[1;31m[1;95m[1;33m (Units:  Jap )
INF : 1
ARTY : 1
TANK : 3
FIGHTER : 1
BOMBER : 1
[1;32m
[1;31mKarelia_SSR (Owner:  Rus ) factory-prod: 2
[1;34m[1;31m (Units:  Rus )
INF : 1
[1;95m (Units:  Eng )
INF : 9
ARTY : 1
TANK : 1
[1;33m[1;32m (Units:  USA )
INF : 2
TANK : 2

[1;32mMidway (Owner:  USA )
[1;34m[1;31m[1;95m[1;33m[1;32m (Units:  USA )
INF : 1

[1;33mNew_Guinea (Owner:  Jap )
[1;34m[1;31m[1;95m[1;33m (Units:  Jap )
INF : 1
[1;32m
[1;95mNew_Zealand (Owner:  Eng )
[1;34m[1;31m[1;95m (Units:  Eng )
INF : 1
[1;33m[1;32m
[1;33mOkinawa (Owner:  Jap )
[1;34m[1;31m[1;95m[1;33m (Units:  Jap )
INF : 1
[1;32m
[1;95mPersia (Owner:  Eng )
[1;34m[1;31m[1;95m (Units:  Eng )
INF : 16
ARTY : 1
[1;33m[1;32m (Units:  USA )
INF : 1
TANK : 1

[1;33mPhilippine_Islands (Owner:  Jap )
[1;34m[1;31m[1;95m[1;33m (Units:  Jap )
INF : 1
ARTY : 1
[1;32m
[1;31mRussia (Owner:  Rus ) builds: 6 factory-prod: 8
[1;34m[1;31m (Units:  Rus )
INF : 7
ARTY : 2
[1;95m[1;33m[1;32m
[1;33mSolomon_Islands (Owner:  Jap )
[1;34m[1;31m[1;95m[1;33m (Units:  Jap )
INF : 1
[1;32m
[1;32mSzechwan (Owner:  USA )
[1;34m[1;31m[1;95m[1;33m[1;32m (Units:  USA )
FIGHTER : 1

[1;95mTrans_Jordan (Owner:  Eng )
[1;34m[1;31m[1;95m[1;33m[1;32m (Units:  USA )
INF : 2
ARTY : 1
TANK : 4

[1;95mUnited_Kingdom (Owner:  Eng ) builds: 5 factory-prod: 8
[1;34m[1;31m[1;95m (Units:  Eng )
FIGHTER : 2
BOMBER : 1
[1;33m[1;32m
[1;33mWake_Island (Owner:  Jap )
[1;34m[1;31m[1;95m[1;33m (Units:  Jap )
INF : 1
[1;32m
[1;32mWestern_United_States (Owner:  USA ) builds: 9 factory-prod: 10
[1;34m[1;31m[1;95m[1;33m[1;32m (Units:  USA )
INF : 3
ARTY : 1
FIGHTER : 1

[1;33mYunnan (Owner:  Jap )
[1;34m[1;31m[1;95m[1;33m (Units:  Jap )
INF : 17
ARTY : 8
TANK : 18
[1;32m
[1;0mSea_3
[1;34m[1;31m (Units:  Rus )
TRANS_EMPTY : 1
DESTROYER : 2
BATTLESHIP : 2
[1;95m[1;33m[1;32m
[1;0mSea_4
[1;34m (Units:  Ger )
DESTROYER_2_MOVES : 1
[1;31m (Units:  Rus )
TRANS_EMPTY : 1
SUB : 1
DESTROYER : 1
[1;95m[1;33m[1;32m
[1;0mSea_5
[1;34m (Units:  Ger )
TRANS_EMPTY_UNMOVED : 1
SUB_2_MOVES : 2
DESTROYER_2_MOVES : 14
CRUISER_2_MOVES : 1
[1;31m[1;95m[1;33m[1;32m
[1;0mSea_6
[1;34m[1;31m (Units:  Rus )
TRANS_EMPTY : 1
DESTROYER : 1
[1;95m (Units:  Eng )
TRANS_EMPTY : 18
SUB : 2
DESTROYER : 1
[1;33m[1;32m
[1;0mSea_8
[1;34m[1;31m[1;95m (Units:  Eng )
TRANS_EMPTY : 1
DESTROYER : 26
CRUISER : 1
BATTLESHIP : 1
[1;33m[1;32m
[1;0mSea_9
[1;34m (Units:  Ger )
SUB_2_MOVES : 2
[1;31m[1;95m[1;33m[1;32m
[1;0mSea_11
[1;34m[1;31m[1;95m[1;33m[1;32m (Units:  USA )
TRANS_EMPTY : 8
SUB : 2
DESTROYER : 2

[1;0mSea_12
[1;34m[1;31m[1;95m[1;33m[1;32m (Units:  USA )
TRANS_EMPTY : 4
DESTROYER : 3
BATTLESHIP : 1

[1;0mSea_15
[1;34m (Units:  Ger )
SUB_2_MOVES : 2
DESTROYER_2_MOVES : 1
[1;31m[1;95m[1;33m[1;32m
[1;0mSea_16
[1;34m[1;31m (Units:  Rus )
TRANS_EMPTY : 5
SUB : 4
DESTROYER : 6
BATTLESHIP : 4
[1;95m[1;33m[1;32m
[1;0mSea_17
[1;34m[1;31m[1;95m (Units:  Eng )
TRANS_EMPTY : 1
[1;33m[1;32m
[1;0mSea_23
[1;34m[1;31m[1;95m[1;33m[1;32m (Units:  USA )
TRANS_EMPTY : 2

[1;0mSea_24
[1;34m[1;31m[1;95m[1;33m[1;32m (Units:  USA )
TRANS_EMPTY : 4

[1;0mSea_39
[1;34m[1;31m[1;95m (Units:  Eng )
SUB : 1
[1;33m[1;32m
[1;0mSea_44
[1;34m[1;31m[1;95m[1;33m (Units:  Jap )
SUB : 1
[1;32m
[1;0mSea_45
[1;34m[1;31m[1;95m (Units:  Eng )
TRANS_EMPTY : 1
DESTROYER : 1
CARRIER : 1
CRUISER : 2
FIGHTER : 1
[1;33m[1;32m
[1;0mSea_53
[1;34m[1;31m[1;95m[1;33m[1;32m (Units:  USA )
SUB : 1

[1;0mSea_56
[1;34m[1;31m[1;95m[1;33m[1;32m (Units:  USA )
TRANS_EMPTY : 13
DESTROYER : 2
CARRIER : 1
CRUISER : 1
BATTLESHIP : 7
FIGHTER : 1

[1;0mSea_60
[1;34m (Units:  Ger )
TRANS_EMPTY_UNMOVED : 1
BATTLESHIP_2_MOVES : 1
[1;31m[1;95m[1;33m (Units:  Jap )
TRANS_EMPTY : 14
DESTROYER : 2
[1;32m
[1;0mSea_61
[1;34m[1;31m[1;95m[1;33m (Units:  Jap )
TRANS_EMPTY : 4
DESTROYER : 3
CARRIER : 2
CRUISER : 1
BATTLESHIP : 3
FIGHTER : 3
[1;32m
[1;0m

======================================================================
PRO AI SINGLE TURN TEST (TripleA Purchase & Place)
======================================================================
Starting Player: Ger
Starting Money: 38 IPCs
Total units on board: 159
======================================================================
Enemy Attack Options (per-enemy):
Enemy: Rus
  Land: Baltic_States Infantry: 1
  Land: Belorussia Infantry: 1
  Land: Ukraine_SSR Infantry: 26
  Land: Ukraine_SSR Artillery: 2
  Sea: Sea_4 Fighters: 0 Subs: 0 Destroyers: 3
  Sea: Sea_5 Fighters: 0 Subs: 0 Destroyers: 3
  Sea: Sea_9 Fighters: 0 Subs: 0 Destroyers: 3
  Sea: Sea_15 Fighters: 0 Subs: 4 Destroyers: 6
Enemy: Eng
  Land: Baltic_States Bombers: 1
  Land: Baltic_States Infantry: 9
  Land: Baltic_States Artillery: 1
  Land: Baltic_States Tanks: 1
  Land: Belorussia Infantry: 9
  Land: Belorussia Artillery: 1
  Land: Belorussia Tanks: 1
  Land: Germany Bombers: 1
  Land: Italy Fighters: 2
  Land: Italy Bombers: 1
  Land: Norway Tanks: 1
  Land: Poland Tanks: 1
  Land: Ukraine_SSR Infantry: 15
  Land: Ukraine_SSR Artillery: 1
  Land: Ukraine_SSR Tanks: 1
  Sea: Sea_4 Fighters: 0 Subs: 2 Destroyers: 1
  Sea: Sea_5 Fighters: 2 Subs: 2 Destroyers: 27
  Sea: Sea_9 Fighters: 0 Subs: 2 Destroyers: 27
Enemy: USA
  Land: Algeria Tanks: 2
  Land: Baltic_States Infantry: 2
  Land: Baltic_States Tanks: 2
  Land: Belorussia Infantry: 2
  Land: Belorussia Tanks: 7
  Land: Bulgaria_Romania Tanks: 5
  Land: Libya Infantry: 1
  Land: Libya Tanks: 2
  Land: Norway Tanks: 2
  Land: Poland Tanks: 7
  Land: Ukraine_SSR Infantry: 5
  Land: Ukraine_SSR Artillery: 5
  Land: Ukraine_SSR Tanks: 7
  Sea: Sea_9 Fighters: 0 Subs: 2 Destroyers: 5
  Sea: Sea_60 Fighters: 1 Subs: 0 Destroyers: 0
Enemy Attack Options (aggregated max):
  Land: Algeria Inf: 0 Art: 0 Tank: 2 Ftr: 0 Bmb: 0 Str: 6
  Land: Baltic_States Inf: 9 Art: 1 Tank: 1 Ftr: 0 Bmb: 1 Str: 18
  Land: Belorussia Inf: 2 Art: 0 Tank: 7 Ftr: 0 Bmb: 0 Str: 23
  Land: Bulgaria_Romania Inf: 0 Art: 0 Tank: 5 Ftr: 0 Bmb: 0 Str: 15
  Land: Germany Inf: 0 Art: 0 Tank: 0 Ftr: 0 Bmb: 1 Str: 4
  Land: Italy Inf: 0 Art: 0 Tank: 0 Ftr: 2 Bmb: 1 Str: 10
  Land: Libya Inf: 1 Art: 0 Tank: 2 Ftr: 0 Bmb: 0 Str: 7
  Land: Norway Inf: 0 Art: 0 Tank: 2 Ftr: 0 Bmb: 0 Str: 6
  Land: Poland Inf: 0 Art: 0 Tank: 7 Ftr: 0 Bmb: 0 Str: 21
  Land: Ukraine_SSR Inf: 5 Art: 5 Tank: 7 Ftr: 0 Bmb: 0 Str: 36
      [SAFE] Sequential Battle Results: TUV=-9.96, Invaded%=0.0%, Battles=1
      [SAFE] Sequential Battle Results: TUV=-0.24, Invaded%=0.0%, Battles=1
    Possible My Target Territory: Karelia_SSR_Air
      Battle Results (TUV, Invaded %):  -5.001 ,  0

======================================================================
PRO AI TURN COMPLETE
======================================================================
Next Player: Eng
Final Money: 38 IPCs
Units Added: 10
Game Score: 0.1
======================================================================

round_num:  76
[1;95m --------------------
Current Player:  Eng
Money:  31 [1;0m 

[1;95mAnglo_Egyptian_Sudan (Owner:  Eng )
[1;95m (Units:  Eng )
FIGHTER_UNMOVED : 1
[1;31m[1;34m[1;33m[1;32m (Units:  USA )
INF : 2
TANK : 3

[1;34mBaltic_States (Owner:  Ger )
[1;95m[1;31m[1;34m (Units:  Ger )
INF : 2
[1;33m[1;32m
[1;95mBelgian_Congo (Owner:  Eng )
[1;95m[1;31m[1;34m[1;33m[1;32m (Units:  USA )
ARTY : 2
TANK : 2

[1;33mBorneo (Owner:  Jap )
[1;95m[1;31m[1;34m[1;33m (Units:  Jap )
INF : 1
[1;32m
[1;33mCaroline_Islands (Owner:  Jap )
[1;95m[1;31m[1;34m[1;33m (Units:  Jap )
INF : 1
[1;32m
[1;31mCaucasus (Owner:  Rus ) builds: 3 factory-prod: 4
[1;95m (Units:  Eng )
INF_1_MOVES : 15
ARTY_1_MOVES : 1
[1;31m (Units:  Rus )
INF : 26
ARTY : 2
[1;34m[1;33m[1;32m (Units:  USA )
INF : 5
ARTY : 5
TANK : 5

[1;33mEast_Indies (Owner:  Jap )
[1;95m[1;31m[1;34m[1;33m (Units:  Jap )
INF : 2
[1;32m
[1;95mEastern_Australia (Owner:  Eng )
[1;95m (Units:  Eng )
INF_1_MOVES : 2
[1;31m[1;34m[1;33m[1;32m
[1;32mEastern_United_States (Owner:  USA ) builds: 6 factory-prod: 12
[1;95m (Units:  Eng )
INF_1_MOVES : 1
[1;31m[1;34m[1;33m[1;32m (Units:  USA )
INF : 1
ARTY : 1
TANK : 3
FIGHTER : 1
BOMBER : 1

[1;95mEgypt (Owner:  Eng )
[1;95m[1;31m[1;34m[1;33m[1;32m (Units:  USA )
INF : 1
TANK : 2

[1;95mFrench_Equatorial_Africa (Owner:  Eng )
[1;95m[1;31m[1;34m[1;33m[1;32m (Units:  USA )
ARTY : 1

[1;33mFrench_Indo_China_Thailand (Owner:  Jap )
[1;95m[1;31m[1;34m[1;33m (Units:  Jap )
INF : 10
ARTY : 6
TANK : 18
[1;32m
[1;95mFrench_West_Africa (Owner:  Eng )
[1;95m[1;31m[1;34m[1;33m[1;32m (Units:  USA )
INF : 2
ARTY : 1
TANK : 3

[1;34mGermany (Owner:  Ger ) factory-prod: 10
[1;95m[1;31m[1;34m (Units:  Ger )
INF : 166
[1;33m[1;32m
[1;32mHawaiian_Islands (Owner:  USA )
[1;95m[1;31m[1;34m[1;33m[1;32m (Units:  USA )
INF : 1
FIGHTER : 1

[1;95mIndia (Owner:  Eng ) builds: 3 factory-prod: 3
[1;95m (Units:  Eng )
INF_1_MOVES : 3
AAGUN_1_MOVES : 1
[1;31m[1;34m[1;33m[1;32m
[1;34mItaly (Owner:  Ger ) builds: 2 factory-prod: 3
[1;95m[1;31m[1;34m (Units:  Ger )
INF : 1
[1;33m[1;32m
[1;33mIwo_Jima (Owner:  Jap )
[1;95m[1;31m[1;34m[1;33m (Units:  Jap )
INF : 1
[1;32m
[1;33mJapan (Owner:  Jap ) builds: 2 factory-prod: 8
[1;95m[1;31m[1;34m[1;33m (Units:  Jap )
INF : 1
ARTY : 1
TANK : 3
FIGHTER : 1
BOMBER : 1
[1;32m
[1;31mKarelia_SSR (Owner:  Rus ) factory-prod: 2
[1;95m (Units:  Eng )
INF_1_MOVES : 9
ARTY_1_MOVES : 1
TANK_2_MOVES : 1
[1;31m (Units:  Rus )
INF : 1
[1;34m[1;33m[1;32m (Units:  USA )
INF : 2
TANK : 2

[1;32mMidway (Owner:  USA )
[1;95m[1;31m[1;34m[1;33m[1;32m (Units:  USA )
INF : 1

[1;33mNew_Guinea (Owner:  Jap )
[1;95m[1;31m[1;34m[1;33m (Units:  Jap )
INF : 1
[1;32m
[1;95mNew_Zealand (Owner:  Eng )
[1;95m (Units:  Eng )
INF_1_MOVES : 1
[1;31m[1;34m[1;33m[1;32m
[1;33mOkinawa (Owner:  Jap )
[1;95m[1;31m[1;34m[1;33m (Units:  Jap )
INF : 1
[1;32m
[1;95mPersia (Owner:  Eng )
[1;95m (Units:  Eng )
INF_1_MOVES : 16
ARTY_1_MOVES : 1
[1;31m[1;34m[1;33m[1;32m (Units:  USA )
INF : 1
TANK : 1

[1;33mPhilippine_Islands (Owner:  Jap )
[1;95m[1;31m[1;34m[1;33m (Units:  Jap )
INF : 1
ARTY : 1
[1;32m
[1;31mRussia (Owner:  Rus ) builds: 6 factory-prod: 8
[1;95m[1;31m (Units:  Rus )
INF : 7
ARTY : 2
[1;34m[1;33m[1;32m
[1;33mSolomon_Islands (Owner:  Jap )
[1;95m[1;31m[1;34m[1;33m (Units:  Jap )
INF : 1
[1;32m
[1;32mSzechwan (Owner:  USA )
[1;95m[1;31m[1;34m[1;33m[1;32m (Units:  USA )
FIGHTER : 1

[1;95mTrans_Jordan (Owner:  Eng )
[1;95m[1;31m[1;34m[1;33m[1;32m (Units:  USA )
INF : 2
ARTY : 1
TANK : 4

[1;95mUnited_Kingdom (Owner:  Eng ) builds: 8 factory-prod: 8
[1;95m (Units:  Eng )
FIGHTER_UNMOVED : 2
BOMBER_UNMOVED : 1
[1;31m[1;34m[1;33m[1;32m
[1;33mWake_Island (Owner:  Jap )
[1;95m[1;31m[1;34m[1;33m (Units:  Jap )
INF : 1
[1;32m
[1;32mWestern_United_States (Owner:  USA ) builds: 9 factory-prod: 10
[1;95m[1;31m[1;34m[1;33m[1;32m (Units:  USA )
INF : 3
ARTY : 1
FIGHTER : 1

[1;33mYunnan (Owner:  Jap )
[1;95m[1;31m[1;34m[1;33m (Units:  Jap )
INF : 17
ARTY : 8
TANK : 18
[1;32m
[1;0mSea_3
[1;95m[1;31m (Units:  Rus )
TRANS_EMPTY : 1
DESTROYER : 2
BATTLESHIP : 2
[1;34m[1;33m[1;32m
[1;0mSea_4
[1;95m[1;31m (Units:  Rus )
TRANS_EMPTY : 1
SUB : 1
DESTROYER : 1
[1;34m (Units:  Ger )
DESTROYER : 1
[1;33m[1;32m
[1;0mSea_5
[1;95m[1;31m[1;34m (Units:  Ger )
TRANS_EMPTY : 1
SUB : 2
DESTROYER : 15
CRUISER : 1
[1;33m[1;32m
[1;0mSea_6
[1;95m (Units:  Eng )
TRANS_EMPTY_UNMOVED : 18
SUB_2_MOVES : 2
DESTROYER_2_MOVES : 1
[1;31m (Units:  Rus )
TRANS_EMPTY : 1
DESTROYER : 1
[1;34m[1;33m[1;32m
[1;0mSea_8
[1;95m (Units:  Eng )
TRANS_EMPTY_UNMOVED : 1
DESTROYER_2_MOVES : 26
CRUISER_2_MOVES : 1
BATTLESHIP_2_MOVES : 1
[1;31m[1;34m[1;33m[1;32m
[1;0mSea_9
[1;95m[1;31m[1;34m (Units:  Ger )
SUB : 2
[1;33m[1;32m
[1;0mSea_11
[1;95m[1;31m[1;34m[1;33m[1;32m (Units:  USA )
TRANS_EMPTY : 8
SUB : 2
DESTROYER : 2

[1;0mSea_12
[1;95m[1;31m[1;34m[1;33m[1;32m (Units:  USA )
TRANS_EMPTY : 4
DESTROYER : 3
BATTLESHIP : 1

[1;0mSea_15
[1;95m[1;31m[1;34m (Units:  Ger )
SUB : 2
DESTROYER : 1
[1;33m[1;32m
[1;0mSea_16
[1;95m[1;31m (Units:  Rus )
TRANS_EMPTY : 5
SUB : 4
DESTROYER : 6
BATTLESHIP : 4
[1;34m[1;33m[1;32m
[1;0mSea_17
[1;95m (Units:  Eng )
TRANS_EMPTY_UNMOVED : 1
[1;31m[1;34m[1;33m[1;32m
[1;0mSea_23
[1;95m[1;31m[1;34m[1;33m[1;32m (Units:  USA )
TRANS_EMPTY : 2

[1;0mSea_24
[1;95m[1;31m[1;34m[1;33m[1;32m (Units:  USA )
TRANS_EMPTY : 4

[1;0mSea_39
[1;95m (Units:  Eng )
SUB_2_MOVES : 1
[1;31m[1;34m[1;33m[1;32m
[1;0mSea_44
[1;95m[1;31m[1;34m[1;33m (Units:  Jap )
SUB : 1
[1;32m
[1;0mSea_45
[1;95m (Units:  Eng )
TRANS_EMPTY_UNMOVED : 1
DESTROYER_2_MOVES : 1
CARRIER_2_MOVES : 1
CRUISER_2_MOVES : 2
FIGHTER_UNMOVED : 1
[1;31m[1;34m[1;33m[1;32m
[1;0mSea_53
[1;95m[1;31m[1;34m[1;33m[1;32m (Units:  USA )
SUB : 1

[1;0mSea_56
[1;95m[1;31m[1;34m[1;33m[1;32m (Units:  USA )
TRANS_EMPTY : 13
DESTROYER : 2
CARRIER : 1
CRUISER : 1
BATTLESHIP : 7
FIGHTER : 1

[1;0mSea_60
[1;95m[1;31m[1;34m (Units:  Ger )
TRANS_EMPTY : 1
BATTLESHIP : 1
[1;33m (Units:  Jap )
TRANS_EMPTY : 14
DESTROYER : 2
[1;32m
[1;0mSea_61
[1;95m[1;31m[1;34m[1;33m (Units:  Jap )
TRANS_EMPTY : 4
DESTROYER : 3
CARRIER : 2
CRUISER : 1
BATTLESHIP : 3
FIGHTER : 3
[1;32m
[1;0m

======================================================================
PRO AI SINGLE TURN TEST (TripleA Purchase & Place)
======================================================================
Starting Player: Eng
Starting Money: 31 IPCs
Total units on board: 52
======================================================================
Enemy Attack Options (per-enemy):
Enemy: Ger
  Land: Karelia_SSR Infantry: 2
  Sea: Sea_6 Fighters: 0 Subs: 4 Destroyers: 16
  Sea: Sea_7 Fighters: 0 Subs: 4 Destroyers: 16
  Sea: Sea_8 Fighters: 0 Subs: 4 Destroyers: 15
  Sea: Sea_17 Fighters: 0 Subs: 2 Destroyers: 1
Enemy: Jap
  Land: Burma Infantry: 27
  Land: Burma Artillery: 14
  Land: Burma Tanks: 36
  Land: India Tanks: 36
  Sea: Sea_35 Fighters: 1 Subs: 0 Destroyers: 3
  Sea: Sea_39 Fighters: 0 Subs: 1 Destroyers: 0
  Sea: Sea_45 Fighters: 0 Subs: 1 Destroyers: 0
Enemy Attack Options (aggregated max):
  Land: Burma Inf: 27 Art: 14 Tank: 36 Ftr: 0 Bmb: 0 Str: 163
  Land: India Inf: 0 Art: 0 Tank: 36 Ftr: 0 Bmb: 0 Str: 108
  Land: Karelia_SSR Inf: 2 Art: 0 Tank: 0 Ftr: 0 Bmb: 0 Str: 2
    Possible My Target Territory: Baltic_States_Air
      Battle Results (TUV, Invaded %):  3.966 ,  1
      Attack Value:  3.966
    Possible My Target Territory: Germany_Air
      Battle Results (TUV, Invaded %):  -9.972 ,  0
    Possible My Target Territory: Italy_Air
      Battle Results (TUV, Invaded %):  -0.27 ,  0
Trying  Baltic_States
Simulated battle results:  Battle_Results{avg_TUV_swing = 0, invaded_percent = 0, avg_survivor_def_power = 0}

======================================================================
PRO AI TURN COMPLETE
======================================================================
Next Player: Jap
Final Money: 31 IPCs
Units Added: 3
Game Score: -0.1
======================================================================

round_num:  77
[1;33m --------------------
Current Player:  Jap
Money:  33 [1;0m 

[1;95mAnglo_Egyptian_Sudan (Owner:  Eng )
[1;33m[1;31m[1;34m[1;95m (Units:  Eng )
FIGHTER : 1
[1;32m (Units:  USA )
INF : 2
TANK : 3

[1;34mBaltic_States (Owner:  Ger )
[1;33m[1;31m[1;34m (Units:  Ger )
INF : 2
[1;95m[1;32m
[1;95mBelgian_Congo (Owner:  Eng )
[1;33m[1;31m[1;34m[1;95m[1;32m (Units:  USA )
ARTY : 2
TANK : 2

[1;33mBorneo (Owner:  Jap )
[1;33m (Units:  Jap )
INF_1_MOVES : 1
[1;31m[1;34m[1;95m[1;32m
[1;33mCaroline_Islands (Owner:  Jap )
[1;33m (Units:  Jap )
INF_1_MOVES : 1
[1;31m[1;34m[1;95m[1;32m
[1;31mCaucasus (Owner:  Rus ) builds: 3 factory-prod: 4
[1;33m[1;31m (Units:  Rus )
INF : 26
ARTY : 2
[1;34m[1;95m (Units:  Eng )
INF : 16
ARTY : 1
[1;32m (Units:  USA )
INF : 5
ARTY : 5
TANK : 5

[1;33mEast_Indies (Owner:  Jap )
[1;33m (Units:  Jap )
INF_1_MOVES : 2
[1;31m[1;34m[1;95m[1;32m
[1;95mEastern_Australia (Owner:  Eng )
[1;33m[1;31m[1;34m[1;95m (Units:  Eng )
INF : 2
[1;32m
[1;95mEastern_Canada (Owner:  Eng )
[1;33m[1;31m[1;34m[1;95m (Units:  Eng )
INF : 1
[1;32m
[1;32mEastern_United_States (Owner:  USA ) builds: 6 factory-prod: 12
[1;33m[1;31m[1;34m[1;95m[1;32m (Units:  USA )
INF : 1
ARTY : 1
TANK : 3
FIGHTER : 1
BOMBER : 1

[1;95mEgypt (Owner:  Eng )
[1;33m[1;31m[1;34m[1;95m[1;32m (Units:  USA )
INF : 1
TANK : 2

[1;95mFrench_Equatorial_Africa (Owner:  Eng )
[1;33m[1;31m[1;34m[1;95m[1;32m (Units:  USA )
ARTY : 1

[1;33mFrench_Indo_China_Thailand (Owner:  Jap )
[1;33m (Units:  Jap )
INF_1_MOVES : 10
ARTY_1_MOVES : 6
TANK_2_MOVES : 18
[1;31m[1;34m[1;95m[1;32m
[1;95mFrench_West_Africa (Owner:  Eng )
[1;33m[1;31m[1;34m[1;95m[1;32m (Units:  USA )
INF : 2
ARTY : 1
TANK : 3

[1;34mGermany (Owner:  Ger ) factory-prod: 10
[1;33m[1;31m[1;34m (Units:  Ger )
INF : 166
[1;95m[1;32m
[1;32mHawaiian_Islands (Owner:  USA )
[1;33m[1;31m[1;34m[1;95m[1;32m (Units:  USA )
INF : 1
FIGHTER : 1

[1;95mIndia (Owner:  Eng ) factory-prod: 3
[1;33m[1;31m[1;34m[1;95m (Units:  Eng )
INF : 3
AAGUN : 1
[1;32m
[1;34mItaly (Owner:  Ger ) builds: 2 factory-prod: 3
[1;33m[1;31m[1;34m (Units:  Ger )
INF : 1
[1;95m[1;32m
[1;33mIwo_Jima (Owner:  Jap )
[1;33m (Units:  Jap )
INF_1_MOVES : 1
[1;31m[1;34m[1;95m[1;32m
[1;33mJapan (Owner:  Jap ) builds: 8 factory-prod: 8
[1;33m (Units:  Jap )
INF_1_MOVES : 1
ARTY_1_MOVES : 1
TANK_2_MOVES : 3
FIGHTER_UNMOVED : 1
BOMBER_UNMOVED : 1
[1;31m[1;34m[1;95m[1;32m
[1;31mKarelia_SSR (Owner:  Rus ) factory-prod: 2
[1;33m[1;31m (Units:  Rus )
INF : 1
[1;34m[1;95m (Units:  Eng )
INF : 9
ARTY : 1
TANK : 1
[1;32m (Units:  USA )
INF : 2
TANK : 2

[1;32mMidway (Owner:  USA )
[1;33m[1;31m[1;34m[1;95m[1;32m (Units:  USA )
INF : 1

[1;33mNew_Guinea (Owner:  Jap )
[1;33m (Units:  Jap )
INF_1_MOVES : 1
[1;31m[1;34m[1;95m[1;32m
[1;95mNew_Zealand (Owner:  Eng )
[1;33m[1;31m[1;34m[1;95m (Units:  Eng )
INF : 1
[1;32m
[1;33mOkinawa (Owner:  Jap )
[1;33m (Units:  Jap )
INF_1_MOVES : 1
[1;31m[1;34m[1;95m[1;32m
[1;95mPersia (Owner:  Eng )
[1;33m[1;31m[1;34m[1;95m (Units:  Eng )
INF : 18
ARTY : 1
[1;32m (Units:  USA )
INF : 1
TANK : 1

[1;33mPhilippine_Islands (Owner:  Jap )
[1;33m (Units:  Jap )
INF_1_MOVES : 1
ARTY_1_MOVES : 1
[1;31m[1;34m[1;95m[1;32m
[1;31mRussia (Owner:  Rus ) builds: 6 factory-prod: 8
[1;33m[1;31m (Units:  Rus )
INF : 7
ARTY : 2
[1;34m[1;95m[1;32m
[1;33mSolomon_Islands (Owner:  Jap )
[1;33m (Units:  Jap )
INF_1_MOVES : 1
[1;31m[1;34m[1;95m[1;32m
[1;32mSzechwan (Owner:  USA )
[1;33m[1;31m[1;34m[1;95m[1;32m (Units:  USA )
FIGHTER : 1

[1;95mTrans_Jordan (Owner:  Eng )
[1;33m[1;31m[1;34m[1;95m[1;32m (Units:  USA )
INF : 2
ARTY : 1
TANK : 4

[1;95mUnited_Kingdom (Owner:  Eng ) builds: 5 factory-prod: 8
[1;33m[1;31m[1;34m[1;95m (Units:  Eng )
FIGHTER : 2
BOMBER : 1
[1;32m
[1;33mWake_Island (Owner:  Jap )
[1;33m (Units:  Jap )
INF_1_MOVES : 1
[1;31m[1;34m[1;95m[1;32m
[1;32mWestern_United_States (Owner:  USA ) builds: 9 factory-prod: 10
[1;33m[1;31m[1;34m[1;95m[1;32m (Units:  USA )
INF : 3
ARTY : 1
FIGHTER : 1

[1;33mYunnan (Owner:  Jap )
[1;33m (Units:  Jap )
INF_1_MOVES : 17
ARTY_1_MOVES : 8
TANK_2_MOVES : 18
[1;31m[1;34m[1;95m[1;32m
[1;0mSea_3
[1;33m[1;31m (Units:  Rus )
TRANS_EMPTY : 1
DESTROYER : 2
BATTLESHIP : 2
[1;34m[1;95m[1;32m
[1;0mSea_4
[1;33m[1;31m (Units:  Rus )
TRANS_EMPTY : 1
SUB : 1
DESTROYER : 1
[1;34m (Units:  Ger )
DESTROYER : 1
[1;95m[1;32m
[1;0mSea_5
[1;33m[1;31m[1;34m (Units:  Ger )
TRANS_EMPTY : 1
SUB : 2
DESTROYER : 15
CRUISER : 1
[1;95m[1;32m
[1;0mSea_6
[1;33m[1;31m (Units:  Rus )
TRANS_EMPTY : 1
DESTROYER : 1
[1;34m[1;95m (Units:  Eng )
TRANS_EMPTY : 20
SUB : 2
DESTROYER : 1
[1;32m
[1;0mSea_8
[1;33m[1;31m[1;34m[1;95m (Units:  Eng )
TRANS_EMPTY : 1
DESTROYER : 27
CRUISER : 1
BATTLESHIP : 1
[1;32m
[1;0mSea_9
[1;33m[1;31m[1;34m (Units:  Ger )
SUB : 2
[1;95m[1;32m
[1;0mSea_11
[1;33m[1;31m[1;34m[1;95m[1;32m (Units:  USA )
TRANS_EMPTY : 8
SUB : 2
DESTROYER : 2

[1;0mSea_12
[1;33m[1;31m[1;34m[1;95m[1;32m (Units:  USA )
TRANS_EMPTY : 4
DESTROYER : 3
BATTLESHIP : 1

[1;0mSea_15
[1;33m[1;31m[1;34m (Units:  Ger )
SUB : 2
DESTROYER : 1
[1;95m[1;32m
[1;0mSea_16
[1;33m[1;31m (Units:  Rus )
TRANS_EMPTY : 5
SUB : 4
DESTROYER : 6
BATTLESHIP : 4
[1;34m[1;95m[1;32m
[1;0mSea_23
[1;33m[1;31m[1;34m[1;95m[1;32m (Units:  USA )
TRANS_EMPTY : 2

[1;0mSea_24
[1;33m[1;31m[1;34m[1;95m[1;32m (Units:  USA )
TRANS_EMPTY : 4

[1;0mSea_34
[1;33m[1;31m[1;34m[1;95m (Units:  Eng )
TRANS_EMPTY : 1
[1;32m
[1;0mSea_39
[1;33m[1;31m[1;34m[1;95m (Units:  Eng )
TRANS_EMPTY : 1
SUB : 1
DESTROYER : 1
CARRIER : 1
CRUISER : 2
FIGHTER : 1
[1;32m
[1;0mSea_44
[1;33m (Units:  Jap )
SUB_2_MOVES : 1
[1;31m[1;34m[1;95m[1;32m
[1;0mSea_53
[1;33m[1;31m[1;34m[1;95m[1;32m (Units:  USA )
SUB : 1

[1;0mSea_56
[1;33m[1;31m[1;34m[1;95m[1;32m (Units:  USA )
TRANS_EMPTY : 13
DESTROYER : 2
CARRIER : 1
CRUISER : 1
BATTLESHIP : 7
FIGHTER : 1

[1;0mSea_60
[1;33m (Units:  Jap )
TRANS_EMPTY_UNMOVED : 14
DESTROYER_2_MOVES : 2
[1;31m[1;34m (Units:  Ger )
TRANS_EMPTY : 1
BATTLESHIP : 1
[1;95m[1;32m
[1;0mSea_61
[1;33m (Units:  Jap )
TRANS_EMPTY_UNMOVED : 4
DESTROYER_2_MOVES : 3
CARRIER_2_MOVES : 2
CRUISER_2_MOVES : 1
BATTLESHIP_2_MOVES : 3
FIGHTER_UNMOVED : 3
[1;31m[1;34m[1;95m[1;32m
[1;0m

======================================================================
PRO AI SINGLE TURN TEST (TripleA Purchase & Place)
======================================================================
Starting Player: Jap
Starting Money: 33 IPCs
Total units on board: 93
======================================================================
Enemy Attack Options (per-enemy):
Enemy: Rus
Enemy: Eng
  Sea: Sea_44 Fighters: 0 Subs: 1 Destroyers: 1
Enemy: USA
  Land: French_Indo_China_Thailand Fighters: 1
  Land: Solomon_Islands Fighters: 1
  Land: Wake_Island Fighters: 1
  Land: Yunnan Fighters: 1
  Sea: Sea_44 Fighters: 2 Subs: 1 Destroyers: 2
  Sea: Sea_60 Fighters: 1 Subs: 0 Destroyers: 0
  Sea: Sea_61 Fighters: 1 Subs: 0 Destroyers: 0
Enemy Attack Options (aggregated max):
  Land: French_Indo_China_Thailand Inf: 0 Art: 0 Tank: 0 Ftr: 1 Bmb: 0 Str: 3
  Land: Solomon_Islands Inf: 0 Art: 0 Tank: 0 Ftr: 1 Bmb: 0 Str: 3
  Land: Wake_Island Inf: 0 Art: 0 Tank: 0 Ftr: 1 Bmb: 0 Str: 3
  Land: Yunnan Inf: 0 Art: 0 Tank: 0 Ftr: 1 Bmb: 0 Str: 3
      [SAFE] Sequential Battle Results: TUV=-8.49, Invaded%=0.0%, Battles=1
      [SAFE] Sequential Battle Results: TUV=-2.89, Invaded%=0.0%, Battles=1
      [SAFE] Sequential Battle Results: TUV=-2.89, Invaded%=0.0%, Battles=1
      [SAFE] Sequential Battle Results: TUV=-8.50, Invaded%=0.0%, Battles=1
    Possible My Target Territory: India_Air
      Battle Results (TUV, Invaded %):  8 ,  1
      Attack Value:  32
    Possible My Target Territory: Midway_Air
      Battle Results (TUV, Invaded %):  -1.587 ,  0
    Possible My Target Territory: Szechwan_Air
      Battle Results (TUV, Invaded %):  7.966 ,  1
      Attack Value:  7.966
Trying  Szechwan

======================================================================
PRO AI TURN COMPLETE
======================================================================
Next Player: USA
Final Money: 33 IPCs
Units Added: 5
Game Score: 0.1
======================================================================

round_num:  78
[1;32m --------------------
Current Player:  USA
Money:  41 [1;0m 

[1;95mAnglo_Egyptian_Sudan (Owner:  Eng )
[1;32m (Units:  USA )
INF_1_MOVES : 2
TANK_2_MOVES : 3
[1;31m[1;34m[1;95m (Units:  Eng )
FIGHTER : 1
[1;33m
[1;34mBaltic_States (Owner:  Ger )
[1;32m[1;31m[1;34m (Units:  Ger )
INF : 2
[1;95m[1;33m
[1;95mBelgian_Congo (Owner:  Eng )
[1;32m (Units:  USA )
ARTY_1_MOVES : 2
TANK_2_MOVES : 2
[1;31m[1;34m[1;95m[1;33m
[1;33mBorneo (Owner:  Jap )
[1;32m[1;31m[1;34m[1;95m[1;33m (Units:  Jap )
INF : 1

[1;33mCaroline_Islands (Owner:  Jap )
[1;32m[1;31m[1;34m[1;95m[1;33m (Units:  Jap )
INF : 1

[1;31mCaucasus (Owner:  Rus ) builds: 3 factory-prod: 4
[1;32m (Units:  USA )
INF_1_MOVES : 5
ARTY_1_MOVES : 5
TANK_2_MOVES : 5
[1;31m (Units:  Rus )
INF : 26
ARTY : 2
[1;34m[1;95m (Units:  Eng )
INF : 16
ARTY : 1
[1;33m
[1;33mEast_Indies (Owner:  Jap )
[1;32m[1;31m[1;34m[1;95m[1;33m (Units:  Jap )
INF : 2

[1;95mEastern_Australia (Owner:  Eng )
[1;32m[1;31m[1;34m[1;95m (Units:  Eng )
INF : 2
[1;33m
[1;95mEastern_Canada (Owner:  Eng )
[1;32m[1;31m[1;34m[1;95m (Units:  Eng )
INF : 1
[1;33m
[1;32mEastern_United_States (Owner:  USA ) builds: 12 factory-prod: 12
[1;32m (Units:  USA )
INF_1_MOVES : 1
ARTY_1_MOVES : 1
TANK_2_MOVES : 3
FIGHTER_UNMOVED : 1
BOMBER_UNMOVED : 1
[1;31m[1;34m[1;95m[1;33m
[1;95mEgypt (Owner:  Eng )
[1;32m (Units:  USA )
INF_1_MOVES : 1
TANK_2_MOVES : 2
[1;31m[1;34m[1;95m[1;33m
[1;95mFrench_Equatorial_Africa (Owner:  Eng )
[1;32m (Units:  USA )
ARTY_1_MOVES : 1
[1;31m[1;34m[1;95m[1;33m
[1;33mFrench_Indo_China_Thailand (Owner:  Jap )
[1;32m[1;31m[1;34m[1;95m[1;33m (Units:  Jap )
INF : 17
ARTY : 8
TANK : 18

[1;95mFrench_West_Africa (Owner:  Eng )
[1;32m (Units:  USA )
INF_1_MOVES : 2
ARTY_1_MOVES : 1
TANK_2_MOVES : 3
[1;31m[1;34m[1;95m[1;33m
[1;34mGermany (Owner:  Ger ) factory-prod: 10
[1;32m[1;31m[1;34m (Units:  Ger )
INF : 166
[1;95m[1;33m
[1;32mHawaiian_Islands (Owner:  USA )
[1;32m (Units:  USA )
INF_1_MOVES : 1
FIGHTER_UNMOVED : 1
[1;31m[1;34m[1;95m[1;33m
[1;95mIndia (Owner:  Eng ) factory-prod: 3
[1;32m[1;31m[1;34m[1;95m (Units:  Eng )
INF : 3
AAGUN : 1
[1;33m
[1;34mItaly (Owner:  Ger ) builds: 2 factory-prod: 3
[1;32m[1;31m[1;34m (Units:  Ger )
INF : 1
[1;95m[1;33m
[1;33mIwo_Jima (Owner:  Jap )
[1;32m[1;31m[1;34m[1;95m[1;33m (Units:  Jap )
INF : 1

[1;33mJapan (Owner:  Jap ) builds: 2 factory-prod: 8
[1;32m[1;31m[1;34m[1;95m[1;33m (Units:  Jap )
INF : 1
ARTY : 1
TANK : 3
FIGHTER : 1
BOMBER : 1

[1;31mKarelia_SSR (Owner:  Rus ) factory-prod: 2
[1;32m (Units:  USA )
INF_1_MOVES : 2
TANK_2_MOVES : 2
[1;31m (Units:  Rus )
INF : 1
[1;34m[1;95m (Units:  Eng )
INF : 9
ARTY : 1
TANK : 1
[1;33m
[1;32mMidway (Owner:  USA )
[1;32m (Units:  USA )
INF_1_MOVES : 1
[1;31m[1;34m[1;95m[1;33m
[1;33mNew_Guinea (Owner:  Jap )
[1;32m[1;31m[1;34m[1;95m[1;33m (Units:  Jap )
INF : 1

[1;95mNew_Zealand (Owner:  Eng )
[1;32m[1;31m[1;34m[1;95m (Units:  Eng )
INF : 1
[1;33m
[1;33mOkinawa (Owner:  Jap )
[1;32m[1;31m[1;34m[1;95m[1;33m (Units:  Jap )
INF : 1

[1;95mPersia (Owner:  Eng )
[1;32m (Units:  USA )
INF_1_MOVES : 1
TANK_2_MOVES : 1
[1;31m[1;34m[1;95m (Units:  Eng )
INF : 18
ARTY : 1
[1;33m
[1;33mPhilippine_Islands (Owner:  Jap )
[1;32m[1;31m[1;34m[1;95m[1;33m (Units:  Jap )
INF : 1
ARTY : 1

[1;31mRussia (Owner:  Rus ) builds: 6 factory-prod: 8
[1;32m[1;31m (Units:  Rus )
INF : 7
ARTY : 2
[1;34m[1;95m[1;33m
[1;33mSolomon_Islands (Owner:  Jap )
[1;32m[1;31m[1;34m[1;95m[1;33m (Units:  Jap )
INF : 1

[1;32mSzechwan (Owner:  USA )
[1;32m (Units:  USA )
FIGHTER_UNMOVED : 1
[1;31m[1;34m[1;95m[1;33m
[1;95mTrans_Jordan (Owner:  Eng )
[1;32m (Units:  USA )
INF_1_MOVES : 2
ARTY_1_MOVES : 1
TANK_2_MOVES : 4
[1;31m[1;34m[1;95m[1;33m
[1;95mUnited_Kingdom (Owner:  Eng ) builds: 5 factory-prod: 8
[1;32m[1;31m[1;34m[1;95m (Units:  Eng )
FIGHTER : 2
BOMBER : 1
[1;33m
[1;33mWake_Island (Owner:  Jap )
[1;32m[1;31m[1;34m[1;95m[1;33m (Units:  Jap )
INF : 1

[1;32mWestern_United_States (Owner:  USA ) builds: 10 factory-prod: 10
[1;32m (Units:  USA )
INF_1_MOVES : 3
ARTY_1_MOVES : 1
FIGHTER_UNMOVED : 1
[1;31m[1;34m[1;95m[1;33m
[1;33mYunnan (Owner:  Jap )
[1;32m[1;31m[1;34m[1;95m[1;33m (Units:  Jap )
INF : 11
ARTY : 7
TANK : 21

[1;0mSea_3
[1;32m[1;31m (Units:  Rus )
TRANS_EMPTY : 1
DESTROYER : 2
BATTLESHIP : 2
[1;34m[1;95m[1;33m
[1;0mSea_4
[1;32m[1;31m (Units:  Rus )
TRANS_EMPTY : 1
SUB : 1
DESTROYER : 1
[1;34m (Units:  Ger )
DESTROYER : 1
[1;95m[1;33m
[1;0mSea_5
[1;32m[1;31m[1;34m (Units:  Ger )
TRANS_EMPTY : 1
SUB : 2
DESTROYER : 15
CRUISER : 1
[1;95m[1;33m
[1;0mSea_6
[1;32m[1;31m (Units:  Rus )
TRANS_EMPTY : 1
DESTROYER : 1
[1;34m[1;95m (Units:  Eng )
TRANS_EMPTY : 20
SUB : 2
DESTROYER : 1
[1;33m
[1;0mSea_8
[1;32m[1;31m[1;34m[1;95m (Units:  Eng )
TRANS_EMPTY : 1
DESTROYER : 27
CRUISER : 1
BATTLESHIP : 1
[1;33m
[1;0mSea_9
[1;32m[1;31m[1;34m (Units:  Ger )
SUB : 2
[1;95m[1;33m
[1;0mSea_11
[1;32m (Units:  USA )
TRANS_EMPTY_UNMOVED : 8
SUB_2_MOVES : 2
DESTROYER_2_MOVES : 2
[1;31m[1;34m[1;95m[1;33m
[1;0mSea_12
[1;32m (Units:  USA )
TRANS_EMPTY_UNMOVED : 4
DESTROYER_2_MOVES : 3
BATTLESHIP_2_MOVES : 1
[1;31m[1;34m[1;95m[1;33m
[1;0mSea_15
[1;32m[1;31m[1;34m (Units:  Ger )
SUB : 2
DESTROYER : 1
[1;95m[1;33m
[1;0mSea_16
[1;32m[1;31m (Units:  Rus )
TRANS_EMPTY : 5
SUB : 4
DESTROYER : 6
BATTLESHIP : 4
[1;34m[1;95m[1;33m
[1;0mSea_23
[1;32m (Units:  USA )
TRANS_EMPTY_UNMOVED : 2
[1;31m[1;34m[1;95m[1;33m
[1;0mSea_24
[1;32m (Units:  USA )
TRANS_EMPTY_UNMOVED : 4
[1;31m[1;34m[1;95m[1;33m
[1;0mSea_34
[1;32m[1;31m[1;34m[1;95m (Units:  Eng )
TRANS_EMPTY : 1
[1;33m
[1;0mSea_39
[1;32m[1;31m[1;34m[1;95m (Units:  Eng )
TRANS_EMPTY : 1
SUB : 1
DESTROYER : 1
CARRIER : 1
CRUISER : 2
FIGHTER : 1
[1;33m
[1;0mSea_44
[1;32m[1;31m[1;34m[1;95m[1;33m (Units:  Jap )
SUB : 1

[1;0mSea_53
[1;32m (Units:  USA )
SUB_2_MOVES : 1
[1;31m[1;34m[1;95m[1;33m
[1;0mSea_56
[1;32m (Units:  USA )
TRANS_EMPTY_UNMOVED : 13
DESTROYER_2_MOVES : 2
CARRIER_2_MOVES : 1
CRUISER_2_MOVES : 1
BATTLESHIP_2_MOVES : 7
FIGHTER_UNMOVED : 1
[1;31m[1;34m[1;95m[1;33m
[1;0mSea_60
[1;32m[1;31m[1;34m (Units:  Ger )
TRANS_EMPTY : 1
BATTLESHIP : 1
[1;95m[1;33m (Units:  Jap )
TRANS_EMPTY : 15
DESTROYER : 2

[1;0mSea_61
[1;32m[1;31m[1;34m[1;95m[1;33m (Units:  Jap )
TRANS_EMPTY : 4
DESTROYER : 3
CARRIER : 2
CRUISER : 1
BATTLESHIP : 3
FIGHTER : 3

[1;0m

======================================================================
PRO AI SINGLE TURN TEST (TripleA Purchase & Place)
======================================================================
Starting Player: USA
Starting Money: 41 IPCs
Total units on board: 58
======================================================================
Enemy Attack Options (per-enemy):
Enemy: Ger
  Land: Karelia_SSR Infantry: 2
  Sea: Sea_11 Fighters: 0 Subs: 2 Destroyers: 0
  Sea: Sea_12 Fighters: 0 Subs: 2 Destroyers: 0
  Sea: Sea_23 Fighters: 0 Subs: 2 Destroyers: 0
Enemy: Jap
  Land: Midway Bombers: 1
  Land: Szechwan Bombers: 1
  Land: Szechwan Infantry: 11
  Land: Szechwan Artillery: 7
  Land: Szechwan Tanks: 21
  Sea: Sea_53 Fighters: 0 Subs: 1 Destroyers: 0
  Sea: Sea_56 Fighters: 0 Subs: 1 Destroyers: 0
Enemy Attack Options (aggregated max):
  Land: Karelia_SSR Inf: 2 Art: 0 Tank: 0 Ftr: 0 Bmb: 0 Str: 2
  Land: Midway Inf: 0 Art: 0 Tank: 0 Ftr: 0 Bmb: 1 Str: 4
  Land: Szechwan Inf: 11 Art: 7 Tank: 21 Ftr: 0 Bmb: 1 Str: 92
      [SAFE] Sequential Battle Results: TUV=-1.59, Invaded%=0.0%, Battles=1
    Possible My Target Territory: Baltic_States_Air
      Battle Results (TUV, Invaded %):  3.45 ,  1
      Attack Value:  3.45
    Possible My Target Territory: French_Indo_China_Thailand_Air
      Battle Results (TUV, Invaded %):  -8.529999999999999 ,  0
    Possible My Target Territory: Solomon_Islands_Air
      Battle Results (TUV, Invaded %):  -2.891 ,  0
    Possible My Target Territory: Wake_Island_Air
      Battle Results (TUV, Invaded %):  -2.8879999999999999 ,  0
    Possible My Target Territory: Yunnan_Air
      Battle Results (TUV, Invaded %):  -8.523999999999999 ,  0
Trying  Baltic_States
Simulated battle results:  Battle_Results{avg_TUV_swing = 0, invaded_percent = 0, avg_survivor_def_power = 0}

======================================================================
PRO AI TURN COMPLETE
======================================================================
Next Player: Rus
Final Money: 42 IPCs
Units Added: 5
Game Score: 0.1
======================================================================

round_num:  79
[1;31m --------------------
Current Player:  Rus
Money:  27 [1;0m 

[1;95mAnglo_Egyptian_Sudan (Owner:  Eng )
[1;31m[1;34m[1;95m (Units:  Eng )
FIGHTER : 1
[1;33m[1;32m (Units:  USA )
ARTY : 2
TANK : 2

[1;34mBaltic_States (Owner:  Ger )
[1;31m[1;34m (Units:  Ger )
INF : 2
[1;95m[1;33m[1;32m
[1;95mBelgian_Congo (Owner:  Eng )
[1;31m[1;34m[1;95m[1;33m[1;32m (Units:  USA )
INF : 2
ARTY : 1
TANK : 2

[1;33mBorneo (Owner:  Jap )
[1;31m[1;34m[1;95m[1;33m (Units:  Jap )
INF : 1
[1;32m
[1;33mCaroline_Islands (Owner:  Jap )
[1;31m[1;34m[1;95m[1;33m (Units:  Jap )
INF : 1
[1;32m
[1;31mCaucasus (Owner:  Rus ) builds: 4 factory-prod: 4
[1;31m (Units:  Rus )
INF_1_MOVES : 26
ARTY_1_MOVES : 2
[1;34m[1;95m (Units:  Eng )
INF : 16
ARTY : 1
[1;33m[1;32m (Units:  USA )
INF : 6
ARTY : 5
TANK : 6

[1;33mEast_Indies (Owner:  Jap )
[1;31m[1;34m[1;95m[1;33m (Units:  Jap )
INF : 2
[1;32m
[1;95mEastern_Australia (Owner:  Eng )
[1;31m[1;34m[1;95m (Units:  Eng )
INF : 2
[1;33m[1;32m
[1;95mEastern_Canada (Owner:  Eng )
[1;31m[1;34m[1;95m (Units:  Eng )
INF : 1
[1;33m[1;32m
[1;32mEastern_United_States (Owner:  USA ) builds: 6 factory-prod: 12
[1;31m[1;34m[1;95m[1;33m[1;32m (Units:  USA )
INF : 1
ARTY : 1
TANK : 3
FIGHTER : 1
BOMBER : 1

[1;95mEgypt (Owner:  Eng )
[1;31m[1;34m[1;95m[1;33m[1;32m (Units:  USA )
INF : 2
TANK : 3

[1;31mFinland (Owner:  Rus )
[1;31m[1;34m[1;95m[1;33m[1;32m (Units:  USA )
INF : 2
TANK : 2

[1;95mFrench_Equatorial_Africa (Owner:  Eng )
[1;31m[1;34m[1;95m[1;33m[1;32m (Units:  USA )
ARTY : 1
TANK : 1

[1;33mFrench_Indo_China_Thailand (Owner:  Jap )
[1;31m[1;34m[1;95m[1;33m (Units:  Jap )
INF : 17
ARTY : 8
TANK : 18
[1;32m
[1;95mFrench_West_Africa (Owner:  Eng )
[1;31m[1;34m[1;95m[1;33m[1;32m (Units:  USA )
INF : 1
ARTY : 1
TANK : 3

[1;34mGermany (Owner:  Ger ) factory-prod: 10
[1;31m[1;34m (Units:  Ger )
INF : 166
[1;95m[1;33m[1;32m
[1;32mHawaiian_Islands (Owner:  USA )
[1;31m[1;34m[1;95m[1;33m[1;32m (Units:  USA )
INF : 1
FIGHTER : 1

[1;95mIndia (Owner:  Eng ) factory-prod: 3
[1;31m[1;34m[1;95m (Units:  Eng )
INF : 3
AAGUN : 1
[1;33m[1;32m
[1;34mItaly (Owner:  Ger ) builds: 2 factory-prod: 3
[1;31m[1;34m (Units:  Ger )
INF : 1
[1;95m[1;33m[1;32m
[1;33mIwo_Jima (Owner:  Jap )
[1;31m[1;34m[1;95m[1;33m (Units:  Jap )
INF : 1
[1;32m
[1;33mJapan (Owner:  Jap ) builds: 2 factory-prod: 8
[1;31m[1;34m[1;95m[1;33m (Units:  Jap )
INF : 1
ARTY : 1
TANK : 3
FIGHTER : 1
BOMBER : 1
[1;32m
[1;31mKarelia_SSR (Owner:  Rus ) builds: 2 factory-prod: 2
[1;31m (Units:  Rus )
INF_1_MOVES : 1
[1;34m[1;95m (Units:  Eng )
INF : 9
ARTY : 1
TANK : 1
[1;33m[1;32m
[1;32mMidway (Owner:  USA )
[1;31m[1;34m[1;95m[1;33m[1;32m (Units:  USA )
INF : 1

[1;33mNew_Guinea (Owner:  Jap )
[1;31m[1;34m[1;95m[1;33m (Units:  Jap )
INF : 1
[1;32m
[1;95mNew_Zealand (Owner:  Eng )
[1;31m[1;34m[1;95m (Units:  Eng )
INF : 1
[1;33m[1;32m
[1;33mOkinawa (Owner:  Jap )
[1;31m[1;34m[1;95m[1;33m (Units:  Jap )
INF : 1
[1;32m
[1;95mPersia (Owner:  Eng )
[1;31m[1;34m[1;95m (Units:  Eng )
INF : 18
ARTY : 1
[1;33m[1;32m (Units:  USA )
INF : 2
ARTY : 1
TANK : 4

[1;33mPhilippine_Islands (Owner:  Jap )
[1;31m[1;34m[1;95m[1;33m (Units:  Jap )
INF : 1
ARTY : 1
[1;32m
[1;31mRussia (Owner:  Rus ) builds: 8 factory-prod: 8
[1;31m (Units:  Rus )
INF_1_MOVES : 7
ARTY_1_MOVES : 2
[1;34m[1;95m[1;33m[1;32m
[1;33mSolomon_Islands (Owner:  Jap )
[1;31m[1;34m[1;95m[1;33m (Units:  Jap )
INF : 1
[1;32m
[1;32mSzechwan (Owner:  USA )
[1;31m[1;34m[1;95m[1;33m[1;32m (Units:  USA )
FIGHTER : 1

[1;95mTrans_Jordan (Owner:  Eng )
[1;31m[1;34m[1;95m[1;33m[1;32m (Units:  USA )
INF : 1
TANK : 2

[1;95mUnited_Kingdom (Owner:  Eng ) builds: 5 factory-prod: 8
[1;31m[1;34m[1;95m (Units:  Eng )
FIGHTER : 2
BOMBER : 1
[1;33m[1;32m
[1;33mWake_Island (Owner:  Jap )
[1;31m[1;34m[1;95m[1;33m (Units:  Jap )
INF : 1
[1;32m
[1;32mWestern_United_States (Owner:  USA ) builds: 9 factory-prod: 10
[1;31m[1;34m[1;95m[1;33m[1;32m (Units:  USA )
INF : 3
ARTY : 1
FIGHTER : 1

[1;33mYunnan (Owner:  Jap )
[1;31m[1;34m[1;95m[1;33m (Units:  Jap )
INF : 11
ARTY : 7
TANK : 21
[1;32m
[1;0mSea_3
[1;31m (Units:  Rus )
TRANS_EMPTY_UNMOVED : 1
DESTROYER_2_MOVES : 2
BATTLESHIP_2_MOVES : 2
[1;34m[1;95m[1;33m[1;32m
[1;0mSea_4
[1;31m (Units:  Rus )
TRANS_EMPTY_UNMOVED : 1
SUB_2_MOVES : 1
DESTROYER_2_MOVES : 1
[1;34m (Units:  Ger )
DESTROYER : 1
[1;95m[1;33m[1;32m
[1;0mSea_5
[1;31m[1;34m (Units:  Ger )
TRANS_EMPTY : 1
SUB : 2
DESTROYER : 15
CRUISER : 1
[1;95m[1;33m[1;32m
[1;0mSea_6
[1;31m (Units:  Rus )
TRANS_EMPTY_UNMOVED : 1
DESTROYER_2_MOVES : 1
[1;34m[1;95m (Units:  Eng )
TRANS_EMPTY : 20
SUB : 2
DESTROYER : 1
[1;33m[1;32m
[1;0mSea_8
[1;31m[1;34m[1;95m (Units:  Eng )
TRANS_EMPTY : 1
DESTROYER : 27
CRUISER : 1
BATTLESHIP : 1
[1;33m[1;32m
[1;0mSea_9
[1;31m[1;34m (Units:  Ger )
SUB : 2
[1;95m[1;33m[1;32m
[1;0mSea_11
[1;31m[1;34m[1;95m[1;33m[1;32m (Units:  USA )
TRANS_EMPTY : 9
SUB : 2
DESTROYER : 2

[1;0mSea_12
[1;31m[1;34m[1;95m[1;33m[1;32m (Units:  USA )
TRANS_EMPTY : 2
DESTROYER : 3
BATTLESHIP : 1

[1;0mSea_15
[1;31m[1;34m (Units:  Ger )
SUB : 2
DESTROYER : 1
[1;95m[1;33m[1;32m
[1;0mSea_16
[1;31m (Units:  Rus )
TRANS_EMPTY_UNMOVED : 5
SUB_2_MOVES : 4
DESTROYER_2_MOVES : 6
BATTLESHIP_2_MOVES : 4
[1;34m[1;95m[1;33m[1;32m
[1;0mSea_23
[1;31m[1;34m[1;95m[1;33m[1;32m (Units:  USA )
TRANS_EMPTY : 6

[1;0mSea_24
[1;31m[1;34m[1;95m[1;33m[1;32m (Units:  USA )
TRANS_EMPTY : 2

[1;0mSea_34
[1;31m[1;34m[1;95m (Units:  Eng )
TRANS_EMPTY : 1
[1;33m[1;32m
[1;0mSea_39
[1;31m[1;34m[1;95m (Units:  Eng )
TRANS_EMPTY : 1
SUB : 1
DESTROYER : 1
CARRIER : 1
CRUISER : 2
FIGHTER : 1
[1;33m[1;32m
[1;0mSea_44
[1;31m[1;34m[1;95m[1;33m (Units:  Jap )
SUB : 1
[1;32m
[1;0mSea_53
[1;31m[1;34m[1;95m[1;33m[1;32m (Units:  USA )
SUB : 1

[1;0mSea_56
[1;31m[1;34m[1;95m[1;33m[1;32m (Units:  USA )
TRANS_EMPTY : 14
DESTROYER : 2
CARRIER : 1
CRUISER : 1
BATTLESHIP : 7
FIGHTER : 1

[1;0mSea_60
[1;31m[1;34m (Units:  Ger )
TRANS_EMPTY : 1
BATTLESHIP : 1
[1;95m[1;33m (Units:  Jap )
TRANS_EMPTY : 15
DESTROYER : 2
[1;32m
[1;0mSea_61
[1;31m[1;34m[1;95m[1;33m (Units:  Jap )
TRANS_EMPTY : 4
DESTROYER : 3
CARRIER : 2
CRUISER : 1
BATTLESHIP : 3
FIGHTER : 3
[1;32m
[1;0m

======================================================================
PRO AI SINGLE TURN TEST (TripleA Purchase & Place)
======================================================================
Starting Player: Rus
Starting Money: 27 IPCs
Total units on board: 38
======================================================================
Enemy Attack Options (per-enemy):
Enemy: Ger
  Land: Karelia_SSR Infantry: 2
  Sea: Sea_3 Fighters: 0 Subs: 4 Destroyers: 16
  Sea: Sea_6 Fighters: 0 Subs: 4 Destroyers: 16
  Sea: Sea_16 Fighters: 0 Subs: 2 Destroyers: 1
Enemy: Jap
Enemy Attack Options (aggregated max):
  Land: Karelia_SSR Inf: 2 Art: 0 Tank: 0 Ftr: 0 Bmb: 0 Str: 2
      [SAFE] Sequential Battle Results: TUV=-5.00, Invaded%=0.0%, Battles=1
    Possible My Target Territory: Baltic_States_Air
      Battle Results (TUV, Invaded %):  -2.289 ,  0.014

======================================================================
PRO AI TURN COMPLETE
======================================================================
Next Player: Ger
Final Money: 28 IPCs
Units Added: 1
Game Score: -0.1
======================================================================

round_num:  80
[1;34m --------------------
Current Player:  Ger
Money:  38 [1;0m 

[1;95mAnglo_Egyptian_Sudan (Owner:  Eng )
[1;34m[1;31m[1;95m (Units:  Eng )
FIGHTER : 1
[1;33m[1;32m (Units:  USA )
ARTY : 2
TANK : 2

[1;31mArchangel (Owner:  Rus )
[1;34m[1;31m (Units:  Rus )
INF : 1
[1;95m[1;33m[1;32m
[1;34mBaltic_States (Owner:  Ger )
[1;34m (Units:  Ger )
INF_1_MOVES : 2
[1;31m[1;95m[1;33m[1;32m
[1;95mBelgian_Congo (Owner:  Eng )
[1;34m[1;31m[1;95m[1;33m[1;32m (Units:  USA )
INF : 2
ARTY : 1
TANK : 2

[1;33mBorneo (Owner:  Jap )
[1;34m[1;31m[1;95m[1;33m (Units:  Jap )
INF : 1
[1;32m
[1;33mCaroline_Islands (Owner:  Jap )
[1;34m[1;31m[1;95m[1;33m (Units:  Jap )
INF : 1
[1;32m
[1;31mCaucasus (Owner:  Rus ) builds: 3 factory-prod: 4
[1;34m[1;31m (Units:  Rus )
INF : 7
ARTY : 2
[1;95m (Units:  Eng )
INF : 16
ARTY : 1
[1;33m[1;32m (Units:  USA )
INF : 6
ARTY : 5
TANK : 6

[1;33mEast_Indies (Owner:  Jap )
[1;34m[1;31m[1;95m[1;33m (Units:  Jap )
INF : 2
[1;32m
[1;95mEastern_Australia (Owner:  Eng )
[1;34m[1;31m[1;95m (Units:  Eng )
INF : 2
[1;33m[1;32m
[1;95mEastern_Canada (Owner:  Eng )
[1;34m[1;31m[1;95m (Units:  Eng )
INF : 1
[1;33m[1;32m
[1;32mEastern_United_States (Owner:  USA ) builds: 6 factory-prod: 12
[1;34m[1;31m[1;95m[1;33m[1;32m (Units:  USA )
INF : 1
ARTY : 1
TANK : 3
FIGHTER : 1
BOMBER : 1

[1;95mEgypt (Owner:  Eng )
[1;34m[1;31m[1;95m[1;33m[1;32m (Units:  USA )
INF : 2
TANK : 3

[1;31mFinland (Owner:  Rus )
[1;34m[1;31m[1;95m[1;33m[1;32m (Units:  USA )
INF : 2
TANK : 2

[1;95mFrench_Equatorial_Africa (Owner:  Eng )
[1;34m[1;31m[1;95m[1;33m[1;32m (Units:  USA )
ARTY : 1
TANK : 1

[1;33mFrench_Indo_China_Thailand (Owner:  Jap )
[1;34m[1;31m[1;95m[1;33m (Units:  Jap )
INF : 17
ARTY : 8
TANK : 18
[1;32m
[1;95mFrench_West_Africa (Owner:  Eng )
[1;34m[1;31m[1;95m[1;33m[1;32m (Units:  USA )
INF : 1
ARTY : 1
TANK : 3

[1;34mGermany (Owner:  Ger ) builds: 10 factory-prod: 10
[1;34m (Units:  Ger )
INF_1_MOVES : 166
[1;31m[1;95m[1;33m[1;32m
[1;32mHawaiian_Islands (Owner:  USA )
[1;34m[1;31m[1;95m[1;33m[1;32m (Units:  USA )
INF : 1
FIGHTER : 1

[1;95mIndia (Owner:  Eng ) factory-prod: 3
[1;34m[1;31m[1;95m (Units:  Eng )
INF : 3
AAGUN : 1
[1;33m[1;32m
[1;34mItaly (Owner:  Ger ) builds: 3 factory-prod: 3
[1;34m (Units:  Ger )
INF_1_MOVES : 1
[1;31m[1;95m[1;33m[1;32m
[1;33mIwo_Jima (Owner:  Jap )
[1;34m[1;31m[1;95m[1;33m (Units:  Jap )
INF : 1
[1;32m
[1;33mJapan (Owner:  Jap ) builds: 2 factory-prod: 8
[1;34m[1;31m[1;95m[1;33m (Units:  Jap )
INF : 1
ARTY : 1
TANK : 3
FIGHTER : 1
BOMBER : 1
[1;32m
[1;31mKarelia_SSR (Owner:  Rus ) factory-prod: 2
[1;34m[1;31m[1;95m (Units:  Eng )
INF : 9
ARTY : 1
TANK : 1
[1;33m[1;32m
[1;32mMidway (Owner:  USA )
[1;34m[1;31m[1;95m[1;33m[1;32m (Units:  USA )
INF : 1

[1;33mNew_Guinea (Owner:  Jap )
[1;34m[1;31m[1;95m[1;33m (Units:  Jap )
INF : 1
[1;32m
[1;95mNew_Zealand (Owner:  Eng )
[1;34m[1;31m[1;95m (Units:  Eng )
INF : 1
[1;33m[1;32m
[1;33mOkinawa (Owner:  Jap )
[1;34m[1;31m[1;95m[1;33m (Units:  Jap )
INF : 1
[1;32m
[1;95mPersia (Owner:  Eng )
[1;34m[1;31m[1;95m (Units:  Eng )
INF : 18
ARTY : 1
[1;33m[1;32m (Units:  USA )
INF : 2
ARTY : 1
TANK : 4

[1;33mPhilippine_Islands (Owner:  Jap )
[1;34m[1;31m[1;95m[1;33m (Units:  Jap )
INF : 1
ARTY : 1
[1;32m
[1;31mRussia (Owner:  Rus ) builds: 7 factory-prod: 8
[1;34m[1;31m (Units:  Rus )
INF : 26
ARTY : 3
[1;95m[1;33m[1;32m
[1;33mSolomon_Islands (Owner:  Jap )
[1;34m[1;31m[1;95m[1;33m (Units:  Jap )
INF : 1
[1;32m
[1;32mSzechwan (Owner:  USA )
[1;34m[1;31m[1;95m[1;33m[1;32m (Units:  USA )
FIGHTER : 1

[1;95mTrans_Jordan (Owner:  Eng )
[1;34m[1;31m[1;95m[1;33m[1;32m (Units:  USA )
INF : 1
TANK : 2

[1;95mUnited_Kingdom (Owner:  Eng ) builds: 5 factory-prod: 8
[1;34m[1;31m[1;95m (Units:  Eng )
FIGHTER : 2
BOMBER : 1
[1;33m[1;32m
[1;33mWake_Island (Owner:  Jap )
[1;34m[1;31m[1;95m[1;33m (Units:  Jap )
INF : 1
[1;32m
[1;32mWestern_United_States (Owner:  USA ) builds: 9 factory-prod: 10
[1;34m[1;31m[1;95m[1;33m[1;32m (Units:  USA )
INF : 3
ARTY : 1
FIGHTER : 1

[1;33mYunnan (Owner:  Jap )
[1;34m[1;31m[1;95m[1;33m (Units:  Jap )
INF : 11
ARTY : 7
TANK : 21
[1;32m
[1;0mSea_3
[1;34m[1;31m (Units:  Rus )
TRANS_EMPTY : 1
DESTROYER : 3
BATTLESHIP : 2
[1;95m[1;33m[1;32m
[1;0mSea_4
[1;34m (Units:  Ger )
DESTROYER_2_MOVES : 1
[1;31m (Units:  Rus )
TRANS_EMPTY : 1
SUB : 1
DESTROYER : 1
[1;95m[1;33m[1;32m
[1;0mSea_5
[1;34m (Units:  Ger )
TRANS_EMPTY_UNMOVED : 1
SUB_2_MOVES : 2
DESTROYER_2_MOVES : 15
CRUISER_2_MOVES : 1
[1;31m[1;95m[1;33m[1;32m
[1;0mSea_6
[1;34m[1;31m (Units:  Rus )
TRANS_EMPTY : 2
DESTROYER : 1
[1;95m (Units:  Eng )
TRANS_EMPTY : 20
SUB : 2
DESTROYER : 1
[1;33m[1;32m
[1;0mSea_8
[1;34m[1;31m[1;95m (Units:  Eng )
TRANS_EMPTY : 1
DESTROYER : 27
CRUISER : 1
BATTLESHIP : 1
[1;33m[1;32m
[1;0mSea_9
[1;34m (Units:  Ger )
SUB_2_MOVES : 2
[1;31m[1;95m[1;33m[1;32m
[1;0mSea_11
[1;34m[1;31m[1;95m[1;33m[1;32m (Units:  USA )
TRANS_EMPTY : 9
SUB : 2
DESTROYER : 2

[1;0mSea_12
[1;34m[1;31m[1;95m[1;33m[1;32m (Units:  USA )
TRANS_EMPTY : 2
DESTROYER : 3
BATTLESHIP : 1

[1;0mSea_15
[1;34m (Units:  Ger )
SUB_2_MOVES : 2
DESTROYER_2_MOVES : 1
[1;31m[1;95m[1;33m[1;32m
[1;0mSea_16
[1;34m[1;31m (Units:  Rus )
TRANS_EMPTY : 6
SUB : 4
DESTROYER : 6
BATTLESHIP : 4
[1;95m[1;33m[1;32m
[1;0mSea_23
[1;34m[1;31m[1;95m[1;33m[1;32m (Units:  USA )
TRANS_EMPTY : 6

[1;0mSea_24
[1;34m[1;31m[1;95m[1;33m[1;32m (Units:  USA )
TRANS_EMPTY : 2

[1;0mSea_34
[1;34m[1;31m[1;95m (Units:  Eng )
TRANS_EMPTY : 1
[1;33m[1;32m
[1;0mSea_39
[1;34m[1;31m[1;95m (Units:  Eng )
TRANS_EMPTY : 1
SUB : 1
DESTROYER : 1
CARRIER : 1
CRUISER : 2
FIGHTER : 1
[1;33m[1;32m
[1;0mSea_44
[1;34m[1;31m[1;95m[1;33m (Units:  Jap )
SUB : 1
[1;32m
[1;0mSea_53
[1;34m[1;31m[1;95m[1;33m[1;32m (Units:  USA )
SUB : 1

[1;0mSea_56
[1;34m[1;31m[1;95m[1;33m[1;32m (Units:  USA )
TRANS_EMPTY : 14
DESTROYER : 2
CARRIER : 1
CRUISER : 1
BATTLESHIP : 7
FIGHTER : 1

[1;0mSea_60
[1;34m (Units:  Ger )
TRANS_EMPTY_UNMOVED : 1
BATTLESHIP_2_MOVES : 1
[1;31m[1;95m[1;33m (Units:  Jap )
TRANS_EMPTY : 15
DESTROYER : 2
[1;32m
[1;0mSea_61
[1;34m[1;31m[1;95m[1;33m (Units:  Jap )
TRANS_EMPTY : 4
DESTROYER : 3
CARRIER : 2
CRUISER : 1
BATTLESHIP : 3
FIGHTER : 3
[1;32m
[1;0m

======================================================================
PRO AI SINGLE TURN TEST (TripleA Purchase & Place)
======================================================================
Starting Player: Ger
Starting Money: 38 IPCs
Total units on board: 169
======================================================================
Enemy Attack Options (per-enemy):
Enemy: Rus
  Land: Ukraine_SSR Infantry: 7
  Land: Ukraine_SSR Artillery: 2
  Sea: Sea_4 Fighters: 0 Subs: 0 Destroyers: 4
  Sea: Sea_5 Fighters: 0 Subs: 0 Destroyers: 4
  Sea: Sea_9 Fighters: 0 Subs: 0 Destroyers: 4
  Sea: Sea_15 Fighters: 0 Subs: 4 Destroyers: 6
Enemy: Eng
  Land: Baltic_States Bombers: 1
  Land: Baltic_States Infantry: 9
  Land: Baltic_States Artillery: 1
  Land: Baltic_States Tanks: 1
  Land: Belorussia Infantry: 9
  Land: Belorussia Artillery: 1
  Land: Belorussia Tanks: 1
  Land: Germany Bombers: 1
  Land: Italy Fighters: 2
  Land: Italy Bombers: 1
  Land: Poland Tanks: 1
  Land: Ukraine_SSR Infantry: 16
  Land: Ukraine_SSR Artillery: 1
  Land: Ukraine_SSR Tanks: 1
  Sea: Sea_4 Fighters: 0 Subs: 2 Destroyers: 1
  Sea: Sea_5 Fighters: 2 Subs: 2 Destroyers: 28
  Sea: Sea_9 Fighters: 0 Subs: 2 Destroyers: 28
Enemy: USA
  Land: Algeria Tanks: 3
  Land: Belorussia Tanks: 6
  Land: Bulgaria_Romania Tanks: 6
  Land: Libya Infantry: 2
  Land: Libya Tanks: 3
  Land: Norway Infantry: 2
  Land: Norway Tanks: 2
  Land: Poland Tanks: 6
  Land: Ukraine_SSR Infantry: 6
  Land: Ukraine_SSR Artillery: 5
  Land: Ukraine_SSR Tanks: 6
  Sea: Sea_9 Fighters: 0 Subs: 2 Destroyers: 5
  Sea: Sea_60 Fighters: 1 Subs: 0 Destroyers: 0
Enemy Attack Options (aggregated max):
  Land: Algeria Inf: 0 Art: 0 Tank: 3 Ftr: 0 Bmb: 0 Str: 9
  Land: Baltic_States Inf: 9 Art: 1 Tank: 1 Ftr: 0 Bmb: 1 Str: 18
  Land: Belorussia Inf: 0 Art: 0 Tank: 6 Ftr: 0 Bmb: 0 Str: 18
  Land: Bulgaria_Romania Inf: 0 Art: 0 Tank: 6 Ftr: 0 Bmb: 0 Str: 18
  Land: Germany Inf: 0 Art: 0 Tank: 0 Ftr: 0 Bmb: 1 Str: 4
  Land: Italy Inf: 0 Art: 0 Tank: 0 Ftr: 2 Bmb: 1 Str: 10
  Land: Libya Inf: 2 Art: 0 Tank: 3 Ftr: 0 Bmb: 0 Str: 11
  Land: Norway Inf: 2 Art: 0 Tank: 2 Ftr: 0 Bmb: 0 Str: 8
  Land: Poland Inf: 0 Art: 0 Tank: 6 Ftr: 0 Bmb: 0 Str: 18
  Land: Ukraine_SSR Inf: 6 Art: 5 Tank: 6 Ftr: 0 Bmb: 0 Str: 34
      [SAFE] Sequential Battle Results: TUV=-9.97, Invaded%=0.0%, Battles=1
      [SAFE] Sequential Battle Results: TUV=-0.25, Invaded%=0.0%, Battles=1
    Possible My Target Territory: Karelia_SSR_Air
      Battle Results (TUV, Invaded %):  -5.04 ,  0

======================================================================
PRO AI TURN COMPLETE
======================================================================
Next Player: Eng
Final Money: 38 IPCs
Units Added: 10
Game Score: 0.1
======================================================================

round_num:  81
[1;95m --------------------
Current Player:  Eng
Money:  31 [1;0m 

[1;95mAnglo_Egyptian_Sudan (Owner:  Eng )
[1;95m (Units:  Eng )
FIGHTER_UNMOVED : 1
[1;31m[1;34m[1;33m[1;32m (Units:  USA )
ARTY : 2
TANK : 2

[1;31mArchangel (Owner:  Rus )
[1;95m[1;31m (Units:  Rus )
INF : 1
[1;34m[1;33m[1;32m
[1;34mBaltic_States (Owner:  Ger )
[1;95m[1;31m[1;34m (Units:  Ger )
INF : 2
[1;33m[1;32m
[1;95mBelgian_Congo (Owner:  Eng )
[1;95m[1;31m[1;34m[1;33m[1;32m (Units:  USA )
INF : 2
ARTY : 1
TANK : 2

[1;33mBorneo (Owner:  Jap )
[1;95m[1;31m[1;34m[1;33m (Units:  Jap )
INF : 1
[1;32m
[1;33mCaroline_Islands (Owner:  Jap )
[1;95m[1;31m[1;34m[1;33m (Units:  Jap )
INF : 1
[1;32m
[1;31mCaucasus (Owner:  Rus ) builds: 3 factory-prod: 4
[1;95m (Units:  Eng )
INF_1_MOVES : 16
ARTY_1_MOVES : 1
[1;31m (Units:  Rus )
INF : 7
ARTY : 2
[1;34m[1;33m[1;32m (Units:  USA )
INF : 6
ARTY : 5
TANK : 6

[1;33mEast_Indies (Owner:  Jap )
[1;95m[1;31m[1;34m[1;33m (Units:  Jap )
INF : 2
[1;32m
[1;95mEastern_Australia (Owner:  Eng )
[1;95m (Units:  Eng )
INF_1_MOVES : 2
[1;31m[1;34m[1;33m[1;32m
[1;95mEastern_Canada (Owner:  Eng )
[1;95m (Units:  Eng )
INF_1_MOVES : 1
[1;31m[1;34m[1;33m[1;32m
[1;32mEastern_United_States (Owner:  USA ) builds: 6 factory-prod: 12
[1;95m[1;31m[1;34m[1;33m[1;32m (Units:  USA )
INF : 1
ARTY : 1
TANK : 3
FIGHTER : 1
BOMBER : 1

[1;95mEgypt (Owner:  Eng )
[1;95m[1;31m[1;34m[1;33m[1;32m (Units:  USA )
INF : 2
TANK : 3

[1;31mFinland (Owner:  Rus )
[1;95m[1;31m[1;34m[1;33m[1;32m (Units:  USA )
INF : 2
TANK : 2

[1;95mFrench_Equatorial_Africa (Owner:  Eng )
[1;95m[1;31m[1;34m[1;33m[1;32m (Units:  USA )
ARTY : 1
TANK : 1

[1;33mFrench_Indo_China_Thailand (Owner:  Jap )
[1;95m[1;31m[1;34m[1;33m (Units:  Jap )
INF : 17
ARTY : 8
TANK : 18
[1;32m
[1;95mFrench_West_Africa (Owner:  Eng )
[1;95m[1;31m[1;34m[1;33m[1;32m (Units:  USA )
INF : 1
ARTY : 1
TANK : 3

[1;34mGermany (Owner:  Ger ) factory-prod: 10
[1;95m[1;31m[1;34m (Units:  Ger )
INF : 176
[1;33m[1;32m
[1;32mHawaiian_Islands (Owner:  USA )
[1;95m[1;31m[1;34m[1;33m[1;32m (Units:  USA )
INF : 1
FIGHTER : 1

[1;95mIndia (Owner:  Eng ) builds: 3 factory-prod: 3
[1;95m (Units:  Eng )
INF_1_MOVES : 3
AAGUN_1_MOVES : 1
[1;31m[1;34m[1;33m[1;32m
[1;34mItaly (Owner:  Ger ) builds: 2 factory-prod: 3
[1;95m[1;31m[1;34m (Units:  Ger )
INF : 1
[1;33m[1;32m
[1;33mIwo_Jima (Owner:  Jap )
[1;95m[1;31m[1;34m[1;33m (Units:  Jap )
INF : 1
[1;32m
[1;33mJapan (Owner:  Jap ) builds: 2 factory-prod: 8
[1;95m[1;31m[1;34m[1;33m (Units:  Jap )
INF : 1
ARTY : 1
TANK : 3
FIGHTER : 1
BOMBER : 1
[1;32m
[1;31mKarelia_SSR (Owner:  Rus ) factory-prod: 2
[1;95m (Units:  Eng )
INF_1_MOVES : 9
ARTY_1_MOVES : 1
TANK_2_MOVES : 1
[1;31m[1;34m[1;33m[1;32m
[1;32mMidway (Owner:  USA )
[1;95m[1;31m[1;34m[1;33m[1;32m (Units:  USA )
INF : 1

[1;33mNew_Guinea (Owner:  Jap )
[1;95m[1;31m[1;34m[1;33m (Units:  Jap )
INF : 1
[1;32m
[1;95mNew_Zealand (Owner:  Eng )
[1;95m (Units:  Eng )
INF_1_MOVES : 1
[1;31m[1;34m[1;33m[1;32m
[1;33mOkinawa (Owner:  Jap )
[1;95m[1;31m[1;34m[1;33m (Units:  Jap )
INF : 1
[1;32m
[1;95mPersia (Owner:  Eng )
[1;95m (Units:  Eng )
INF_1_MOVES : 18
ARTY_1_MOVES : 1
[1;31m[1;34m[1;33m[1;32m (Units:  USA )
INF : 2
ARTY : 1
TANK : 4

[1;33mPhilippine_Islands (Owner:  Jap )
[1;95m[1;31m[1;34m[1;33m (Units:  Jap )
INF : 1
ARTY : 1
[1;32m
[1;31mRussia (Owner:  Rus ) builds: 7 factory-prod: 8
[1;95m[1;31m (Units:  Rus )
INF : 26
ARTY : 3
[1;34m[1;33m[1;32m
[1;33mSolomon_Islands (Owner:  Jap )
[1;95m[1;31m[1;34m[1;33m (Units:  Jap )
INF : 1
[1;32m
[1;32mSzechwan (Owner:  USA )
[1;95m[1;31m[1;34m[1;33m[1;32m (Units:  USA )
FIGHTER : 1

[1;95mTrans_Jordan (Owner:  Eng )
[1;95m[1;31m[1;34m[1;33m[1;32m (Units:  USA )
INF : 1
TANK : 2

[1;95mUnited_Kingdom (Owner:  Eng ) builds: 8 factory-prod: 8
[1;95m (Units:  Eng )
FIGHTER_UNMOVED : 2
BOMBER_UNMOVED : 1
[1;31m[1;34m[1;33m[1;32m
[1;33mWake_Island (Owner:  Jap )
[1;95m[1;31m[1;34m[1;33m (Units:  Jap )
INF : 1
[1;32m
[1;32mWestern_United_States (Owner:  USA ) builds: 9 factory-prod: 10
[1;95m[1;31m[1;34m[1;33m[1;32m (Units:  USA )
INF : 3
ARTY : 1
FIGHTER : 1

[1;33mYunnan (Owner:  Jap )
[1;95m[1;31m[1;34m[1;33m (Units:  Jap )
INF : 11
ARTY : 7
TANK : 21
[1;32m
[1;0mSea_3
[1;95m[1;31m (Units:  Rus )
TRANS_EMPTY : 1
DESTROYER : 3
BATTLESHIP : 2
[1;34m[1;33m[1;32m
[1;0mSea_4
[1;95m[1;31m (Units:  Rus )
TRANS_EMPTY : 1
SUB : 1
DESTROYER : 1
[1;34m (Units:  Ger )
DESTROYER : 1
[1;33m[1;32m
[1;0mSea_5
[1;95m[1;31m[1;34m (Units:  Ger )
TRANS_EMPTY : 1
SUB : 2
DESTROYER : 16
CRUISER : 1
[1;33m[1;32m
[1;0mSea_6
[1;95m (Units:  Eng )
TRANS_EMPTY_UNMOVED : 20
SUB_2_MOVES : 2
DESTROYER_2_MOVES : 1
[1;31m (Units:  Rus )
TRANS_EMPTY : 2
DESTROYER : 1
[1;34m[1;33m[1;32m
[1;0mSea_8
[1;95m (Units:  Eng )
TRANS_EMPTY_UNMOVED : 1
DESTROYER_2_MOVES : 27
CRUISER_2_MOVES : 1
BATTLESHIP_2_MOVES : 1
[1;31m[1;34m[1;33m[1;32m
[1;0mSea_9
[1;95m[1;31m[1;34m (Units:  Ger )
SUB : 2
[1;33m[1;32m
[1;0mSea_11
[1;95m[1;31m[1;34m[1;33m[1;32m (Units:  USA )
TRANS_EMPTY : 9
SUB : 2
DESTROYER : 2

[1;0mSea_12
[1;95m[1;31m[1;34m[1;33m[1;32m (Units:  USA )
TRANS_EMPTY : 2
DESTROYER : 3
BATTLESHIP : 1

[1;0mSea_15
[1;95m[1;31m[1;34m (Units:  Ger )
SUB : 2
DESTROYER : 1
[1;33m[1;32m
[1;0mSea_16
[1;95m[1;31m (Units:  Rus )
TRANS_EMPTY : 6
SUB : 4
DESTROYER : 6
BATTLESHIP : 4
[1;34m[1;33m[1;32m
[1;0mSea_23
[1;95m[1;31m[1;34m[1;33m[1;32m (Units:  USA )
TRANS_EMPTY : 6

[1;0mSea_24
[1;95m[1;31m[1;34m[1;33m[1;32m (Units:  USA )
TRANS_EMPTY : 2

[1;0mSea_34
[1;95m (Units:  Eng )
TRANS_EMPTY_UNMOVED : 1
[1;31m[1;34m[1;33m[1;32m
[1;0mSea_39
[1;95m (Units:  Eng )
TRANS_EMPTY_UNMOVED : 1
SUB_2_MOVES : 1
DESTROYER_2_MOVES : 1
CARRIER_2_MOVES : 1
CRUISER_2_MOVES : 2
FIGHTER_UNMOVED : 1
[1;31m[1;34m[1;33m[1;32m
[1;0mSea_44
[1;95m[1;31m[1;34m[1;33m (Units:  Jap )
SUB : 1
[1;32m
[1;0mSea_53
[1;95m[1;31m[1;34m[1;33m[1;32m (Units:  USA )
SUB : 1

[1;0mSea_56
[1;95m[1;31m[1;34m[1;33m[1;32m (Units:  USA )
TRANS_EMPTY : 14
DESTROYER : 2
CARRIER : 1
CRUISER : 1
BATTLESHIP : 7
FIGHTER : 1

[1;0mSea_60
[1;95m[1;31m[1;34m (Units:  Ger )
TRANS_EMPTY : 1
BATTLESHIP : 1
[1;33m (Units:  Jap )
TRANS_EMPTY : 15
DESTROYER : 2
[1;32m
[1;0mSea_61
[1;95m[1;31m[1;34m[1;33m (Units:  Jap )
TRANS_EMPTY : 4
DESTROYER : 3
CARRIER : 2
CRUISER : 1
BATTLESHIP : 3
FIGHTER : 3
[1;32m
[1;0m

======================================================================
PRO AI SINGLE TURN TEST (TripleA Purchase & Place)
======================================================================
Starting Player: Eng
Starting Money: 31 IPCs
Total units on board: 55
======================================================================
Enemy Attack Options (per-enemy):
Enemy: Ger
  Land: Karelia_SSR Infantry: 2
  Sea: Sea_6 Fighters: 0 Subs: 4 Destroyers: 17
  Sea: Sea_7 Fighters: 0 Subs: 4 Destroyers: 17
  Sea: Sea_8 Fighters: 0 Subs: 4 Destroyers: 16
  Sea: Sea_34 Fighters: 0 Subs: 2 Destroyers: 1
Enemy: Jap
  Land: Burma Infantry: 28
  Land: Burma Artillery: 15
  Land: Burma Tanks: 39
  Land: India Tanks: 39
  Sea: Sea_35 Fighters: 1 Subs: 0 Destroyers: 3
  Sea: Sea_39 Fighters: 0 Subs: 1 Destroyers: 0
Enemy Attack Options (aggregated max):
  Land: Burma Inf: 28 Art: 15 Tank: 39 Ftr: 0 Bmb: 0 Str: 175
  Land: India Inf: 0 Art: 0 Tank: 39 Ftr: 0 Bmb: 0 Str: 117
  Land: Karelia_SSR Inf: 2 Art: 0 Tank: 0 Ftr: 0 Bmb: 0 Str: 2
    Possible My Target Territory: Baltic_States_Air
      Battle Results (TUV, Invaded %):  3.996 ,  1
      Attack Value:  3.996
    Possible My Target Territory: Germany_Air
      Battle Results (TUV, Invaded %):  -9.942 ,  0
    Possible My Target Territory: Italy_Air
      Battle Results (TUV, Invaded %):  -0.34999999999999998 ,  0
Trying  Baltic_States
Simulated battle results:  Battle_Results{avg_TUV_swing = 0, invaded_percent = 0, avg_survivor_def_power = 0}

======================================================================
PRO AI TURN COMPLETE
======================================================================
Next Player: Jap
Final Money: 31 IPCs
Units Added: 3
Game Score: -0.1
======================================================================

round_num:  82
[1;33m --------------------
Current Player:  Jap
Money:  33 [1;0m 

[1;95mAnglo_Egyptian_Sudan (Owner:  Eng )
[1;33m[1;31m[1;34m[1;95m (Units:  Eng )
FIGHTER : 1
[1;32m (Units:  USA )
ARTY : 2
TANK : 2

[1;31mArchangel (Owner:  Rus )
[1;33m[1;31m (Units:  Rus )
INF : 1
[1;34m[1;95m[1;32m
[1;34mBaltic_States (Owner:  Ger )
[1;33m[1;31m[1;34m (Units:  Ger )
INF : 2
[1;95m[1;32m
[1;95mBelgian_Congo (Owner:  Eng )
[1;33m[1;31m[1;34m[1;95m[1;32m (Units:  USA )
INF : 2
ARTY : 1
TANK : 2

[1;33mBorneo (Owner:  Jap )
[1;33m (Units:  Jap )
INF_1_MOVES : 1
[1;31m[1;34m[1;95m[1;32m
[1;33mCaroline_Islands (Owner:  Jap )
[1;33m (Units:  Jap )
INF_1_MOVES : 1
[1;31m[1;34m[1;95m[1;32m
[1;31mCaucasus (Owner:  Rus ) builds: 3 factory-prod: 4
[1;33m[1;31m (Units:  Rus )
INF : 7
ARTY : 2
[1;34m[1;95m (Units:  Eng )
INF : 18
ARTY : 1
[1;32m (Units:  USA )
INF : 6
ARTY : 5
TANK : 6

[1;33mEast_Indies (Owner:  Jap )
[1;33m (Units:  Jap )
INF_1_MOVES : 2
[1;31m[1;34m[1;95m[1;32m
[1;95mEastern_Australia (Owner:  Eng )
[1;33m[1;31m[1;34m[1;95m (Units:  Eng )
INF : 2
[1;32m
[1;32mEastern_United_States (Owner:  USA ) builds: 6 factory-prod: 12
[1;33m[1;31m[1;34m[1;95m (Units:  Eng )
INF : 1
[1;32m (Units:  USA )
INF : 1
ARTY : 1
TANK : 3
FIGHTER : 1
BOMBER : 1

[1;95mEgypt (Owner:  Eng )
[1;33m[1;31m[1;34m[1;95m[1;32m (Units:  USA )
INF : 2
TANK : 3

[1;31mFinland (Owner:  Rus )
[1;33m[1;31m[1;34m[1;95m[1;32m (Units:  USA )
INF : 2
TANK : 2

[1;95mFrench_Equatorial_Africa (Owner:  Eng )
[1;33m[1;31m[1;34m[1;95m[1;32m (Units:  USA )
ARTY : 1
TANK : 1

[1;33mFrench_Indo_China_Thailand (Owner:  Jap )
[1;33m (Units:  Jap )
INF_1_MOVES : 17
ARTY_1_MOVES : 8
TANK_2_MOVES : 18
[1;31m[1;34m[1;95m[1;32m
[1;95mFrench_West_Africa (Owner:  Eng )
[1;33m[1;31m[1;34m[1;95m[1;32m (Units:  USA )
INF : 1
ARTY : 1
TANK : 3

[1;34mGermany (Owner:  Ger ) factory-prod: 10
[1;33m[1;31m[1;34m (Units:  Ger )
INF : 176
[1;95m[1;32m
[1;32mHawaiian_Islands (Owner:  USA )
[1;33m[1;31m[1;34m[1;95m[1;32m (Units:  USA )
INF : 1
FIGHTER : 1

[1;95mIndia (Owner:  Eng ) factory-prod: 3
[1;33m[1;31m[1;34m[1;95m (Units:  Eng )
INF : 3
AAGUN : 1
[1;32m
[1;34mItaly (Owner:  Ger ) builds: 2 factory-prod: 3
[1;33m[1;31m[1;34m (Units:  Ger )
INF : 1
[1;95m[1;32m
[1;33mIwo_Jima (Owner:  Jap )
[1;33m (Units:  Jap )
INF_1_MOVES : 1
[1;31m[1;34m[1;95m[1;32m
[1;33mJapan (Owner:  Jap ) builds: 8 factory-prod: 8
[1;33m (Units:  Jap )
INF_1_MOVES : 1
ARTY_1_MOVES : 1
TANK_2_MOVES : 3
FIGHTER_UNMOVED : 1
BOMBER_UNMOVED : 1
[1;31m[1;34m[1;95m[1;32m
[1;31mKarelia_SSR (Owner:  Rus ) factory-prod: 2
[1;33m[1;31m[1;34m[1;95m (Units:  Eng )
INF : 9
ARTY : 1
TANK : 1
[1;32m
[1;32mMidway (Owner:  USA )
[1;33m[1;31m[1;34m[1;95m[1;32m (Units:  USA )
INF : 1

[1;33mNew_Guinea (Owner:  Jap )
[1;33m (Units:  Jap )
INF_1_MOVES : 1
[1;31m[1;34m[1;95m[1;32m
[1;95mNew_Zealand (Owner:  Eng )
[1;33m[1;31m[1;34m[1;95m (Units:  Eng )
INF : 1
[1;32m
[1;33mOkinawa (Owner:  Jap )
[1;33m (Units:  Jap )
INF_1_MOVES : 1
[1;31m[1;34m[1;95m[1;32m
[1;95mPersia (Owner:  Eng )
[1;33m[1;31m[1;34m[1;95m (Units:  Eng )
INF : 19
ARTY : 1
[1;32m (Units:  USA )
INF : 2
ARTY : 1
TANK : 4

[1;33mPhilippine_Islands (Owner:  Jap )
[1;33m (Units:  Jap )
INF_1_MOVES : 1
ARTY_1_MOVES : 1
[1;31m[1;34m[1;95m[1;32m
[1;31mRussia (Owner:  Rus ) builds: 7 factory-prod: 8
[1;33m[1;31m (Units:  Rus )
INF : 26
ARTY : 3
[1;34m[1;95m[1;32m
[1;33mSolomon_Islands (Owner:  Jap )
[1;33m (Units:  Jap )
INF_1_MOVES : 1
[1;31m[1;34m[1;95m[1;32m
[1;32mSzechwan (Owner:  USA )
[1;33m[1;31m[1;34m[1;95m[1;32m (Units:  USA )
FIGHTER : 1

[1;95mTrans_Jordan (Owner:  Eng )
[1;33m[1;31m[1;34m[1;95m[1;32m (Units:  USA )
INF : 1
TANK : 2

[1;95mUnited_Kingdom (Owner:  Eng ) builds: 5 factory-prod: 8
[1;33m[1;31m[1;34m[1;95m (Units:  Eng )
FIGHTER : 2
BOMBER : 1
[1;32m
[1;33mWake_Island (Owner:  Jap )
[1;33m (Units:  Jap )
INF_1_MOVES : 1
[1;31m[1;34m[1;95m[1;32m
[1;32mWestern_United_States (Owner:  USA ) builds: 9 factory-prod: 10
[1;33m[1;31m[1;34m[1;95m[1;32m (Units:  USA )
INF : 3
ARTY : 1
FIGHTER : 1

[1;33mYunnan (Owner:  Jap )
[1;33m (Units:  Jap )
INF_1_MOVES : 11
ARTY_1_MOVES : 7
TANK_2_MOVES : 21
[1;31m[1;34m[1;95m[1;32m
[1;0mSea_3
[1;33m[1;31m (Units:  Rus )
TRANS_EMPTY : 1
DESTROYER : 3
BATTLESHIP : 2
[1;34m[1;95m[1;32m
[1;0mSea_4
[1;33m[1;31m (Units:  Rus )
TRANS_EMPTY : 1
SUB : 1
DESTROYER : 1
[1;34m (Units:  Ger )
DESTROYER : 1
[1;95m[1;32m
[1;0mSea_5
[1;33m[1;31m[1;34m (Units:  Ger )
TRANS_EMPTY : 1
SUB : 2
DESTROYER : 16
CRUISER : 1
[1;95m[1;32m
[1;0mSea_6
[1;33m[1;31m (Units:  Rus )
TRANS_EMPTY : 2
DESTROYER : 1
[1;34m[1;95m (Units:  Eng )
TRANS_EMPTY : 22
SUB : 2
DESTROYER : 1
[1;32m
[1;0mSea_8
[1;33m[1;31m[1;34m[1;95m (Units:  Eng )
TRANS_EMPTY : 1
DESTROYER : 28
CRUISER : 1
BATTLESHIP : 1
[1;32m
[1;0mSea_9
[1;33m[1;31m[1;34m (Units:  Ger )
SUB : 2
[1;95m[1;32m
[1;0mSea_11
[1;33m[1;31m[1;34m[1;95m[1;32m (Units:  USA )
TRANS_EMPTY : 9
SUB : 2
DESTROYER : 2

[1;0mSea_12
[1;33m[1;31m[1;34m[1;95m[1;32m (Units:  USA )
TRANS_EMPTY : 2
DESTROYER : 3
BATTLESHIP : 1

[1;0mSea_15
[1;33m[1;31m[1;34m (Units:  Ger )
SUB : 2
DESTROYER : 1
[1;95m[1;32m
[1;0mSea_16
[1;33m[1;31m (Units:  Rus )
TRANS_EMPTY : 6
SUB : 4
DESTROYER : 6
BATTLESHIP : 4
[1;34m[1;95m[1;32m
[1;0mSea_17
[1;33m[1;31m[1;34m[1;95m (Units:  Eng )
TRANS_EMPTY : 1
[1;32m
[1;0mSea_23
[1;33m[1;31m[1;34m[1;95m[1;32m (Units:  USA )
TRANS_EMPTY : 6

[1;0mSea_24
[1;33m[1;31m[1;34m[1;95m[1;32m (Units:  USA )
TRANS_EMPTY : 2

[1;0mSea_39
[1;33m[1;31m[1;34m[1;95m (Units:  Eng )
SUB : 1
[1;32m
[1;0mSea_44
[1;33m (Units:  Jap )
SUB_2_MOVES : 1
[1;31m[1;34m[1;95m[1;32m
[1;0mSea_45
[1;33m[1;31m[1;34m[1;95m (Units:  Eng )
TRANS_EMPTY : 1
DESTROYER : 1
CARRIER : 1
CRUISER : 2
FIGHTER : 1
[1;32m
[1;0mSea_53
[1;33m[1;31m[1;34m[1;95m[1;32m (Units:  USA )
SUB : 1

[1;0mSea_56
[1;33m[1;31m[1;34m[1;95m[1;32m (Units:  USA )
TRANS_EMPTY : 14
DESTROYER : 2
CARRIER : 1
CRUISER : 1
BATTLESHIP : 7
FIGHTER : 1

[1;0mSea_60
[1;33m (Units:  Jap )
TRANS_EMPTY_UNMOVED : 15
DESTROYER_2_MOVES : 2
[1;31m[1;34m (Units:  Ger )
TRANS_EMPTY : 1
BATTLESHIP : 1
[1;95m[1;32m
[1;0mSea_61
[1;33m (Units:  Jap )
TRANS_EMPTY_UNMOVED : 4
DESTROYER_2_MOVES : 3
CARRIER_2_MOVES : 2
CRUISER_2_MOVES : 1
BATTLESHIP_2_MOVES : 3
FIGHTER_UNMOVED : 3
[1;31m[1;34m[1;95m[1;32m
[1;0m

======================================================================
PRO AI SINGLE TURN TEST (TripleA Purchase & Place)
======================================================================
Starting Player: Jap
Starting Money: 33 IPCs
Total units on board: 98
======================================================================
Enemy Attack Options (per-enemy):
Enemy: Rus
Enemy: Eng
  Sea: Sea_44 Fighters: 0 Subs: 1 Destroyers: 1
Enemy: USA
  Land: French_Indo_China_Thailand Fighters: 1
  Land: Solomon_Islands Fighters: 1
  Land: Wake_Island Fighters: 1
  Land: Yunnan Fighters: 1
  Sea: Sea_44 Fighters: 2 Subs: 1 Destroyers: 2
  Sea: Sea_60 Fighters: 1 Subs: 0 Destroyers: 0
  Sea: Sea_61 Fighters: 1 Subs: 0 Destroyers: 0
Enemy Attack Options (aggregated max):
  Land: French_Indo_China_Thailand Inf: 0 Art: 0 Tank: 0 Ftr: 1 Bmb: 0 Str: 3
  Land: Solomon_Islands Inf: 0 Art: 0 Tank: 0 Ftr: 1 Bmb: 0 Str: 3
  Land: Wake_Island Inf: 0 Art: 0 Tank: 0 Ftr: 1 Bmb: 0 Str: 3
  Land: Yunnan Inf: 0 Art: 0 Tank: 0 Ftr: 1 Bmb: 0 Str: 3
      [SAFE] Sequential Battle Results: TUV=-8.52, Invaded%=0.0%, Battles=1
      [SAFE] Sequential Battle Results: TUV=-2.89, Invaded%=0.0%, Battles=1
      [SAFE] Sequential Battle Results: TUV=-2.89, Invaded%=0.0%, Battles=1
      [SAFE] Sequential Battle Results: TUV=-8.51, Invaded%=0.0%, Battles=1
    Possible My Target Territory: India_Air
      Battle Results (TUV, Invaded %):  8 ,  1
      Attack Value:  32
    Possible My Target Territory: Midway_Air
      Battle Results (TUV, Invaded %):  -1.5329999999999999 ,  0
    Possible My Target Territory: Szechwan_Air
      Battle Results (TUV, Invaded %):  7.9809999999999999 ,  1
      Attack Value:  7.9809999999999999
Trying  Szechwan

======================================================================
PRO AI TURN COMPLETE
======================================================================
Next Player: USA
Final Money: 33 IPCs
Units Added: 5
Game Score: 0.1
======================================================================

round_num:  83
[1;32m --------------------
Current Player:  USA
Money:  42 [1;0m 

[1;95mAnglo_Egyptian_Sudan (Owner:  Eng )
[1;32m (Units:  USA )
ARTY_1_MOVES : 2
TANK_2_MOVES : 2
[1;31m[1;34m[1;95m (Units:  Eng )
FIGHTER : 1
[1;33m
[1;31mArchangel (Owner:  Rus )
[1;32m[1;31m (Units:  Rus )
INF : 1
[1;34m[1;95m[1;33m
[1;34mBaltic_States (Owner:  Ger )
[1;32m[1;31m[1;34m (Units:  Ger )
INF : 2
[1;95m[1;33m
[1;95mBelgian_Congo (Owner:  Eng )
[1;32m (Units:  USA )
INF_1_MOVES : 2
ARTY_1_MOVES : 1
TANK_2_MOVES : 2
[1;31m[1;34m[1;95m[1;33m
[1;33mBorneo (Owner:  Jap )
[1;32m[1;31m[1;34m[1;95m[1;33m (Units:  Jap )
INF : 1

[1;33mCaroline_Islands (Owner:  Jap )
[1;32m[1;31m[1;34m[1;95m[1;33m (Units:  Jap )
INF : 1

[1;31mCaucasus (Owner:  Rus ) builds: 3 factory-prod: 4
[1;32m (Units:  USA )
INF_1_MOVES : 6
ARTY_1_MOVES : 5
TANK_2_MOVES : 6
[1;31m (Units:  Rus )
INF : 7
ARTY : 2
[1;34m[1;95m (Units:  Eng )
INF : 18
ARTY : 1
[1;33m
[1;33mEast_Indies (Owner:  Jap )
[1;32m[1;31m[1;34m[1;95m[1;33m (Units:  Jap )
INF : 2

[1;95mEastern_Australia (Owner:  Eng )
[1;32m[1;31m[1;34m[1;95m (Units:  Eng )
INF : 2
[1;33m
[1;32mEastern_United_States (Owner:  USA ) builds: 12 factory-prod: 12
[1;32m (Units:  USA )
INF_1_MOVES : 1
ARTY_1_MOVES : 1
TANK_2_MOVES : 3
FIGHTER_UNMOVED : 1
BOMBER_UNMOVED : 1
[1;31m[1;34m[1;95m (Units:  Eng )
INF : 1
[1;33m
[1;95mEgypt (Owner:  Eng )
[1;32m (Units:  USA )
INF_1_MOVES : 2
TANK_2_MOVES : 3
[1;31m[1;34m[1;95m[1;33m
[1;31mFinland (Owner:  Rus )
[1;32m (Units:  USA )
INF_1_MOVES : 2
TANK_2_MOVES : 2
[1;31m[1;34m[1;95m[1;33m
[1;95mFrench_Equatorial_Africa (Owner:  Eng )
[1;32m (Units:  USA )
ARTY_1_MOVES : 1
TANK_2_MOVES : 1
[1;31m[1;34m[1;95m[1;33m
[1;33mFrench_Indo_China_Thailand (Owner:  Jap )
[1;32m[1;31m[1;34m[1;95m[1;33m (Units:  Jap )
INF : 11
ARTY : 7
TANK : 21

[1;95mFrench_West_Africa (Owner:  Eng )
[1;32m (Units:  USA )
INF_1_MOVES : 1
ARTY_1_MOVES : 1
TANK_2_MOVES : 3
[1;31m[1;34m[1;95m[1;33m
[1;34mGermany (Owner:  Ger ) factory-prod: 10
[1;32m[1;31m[1;34m (Units:  Ger )
INF : 176
[1;95m[1;33m
[1;32mHawaiian_Islands (Owner:  USA )
[1;32m (Units:  USA )
INF_1_MOVES : 1
FIGHTER_UNMOVED : 1
[1;31m[1;34m[1;95m[1;33m
[1;95mIndia (Owner:  Eng ) factory-prod: 3
[1;32m[1;31m[1;34m[1;95m (Units:  Eng )
INF : 3
AAGUN : 1
[1;33m
[1;34mItaly (Owner:  Ger ) builds: 2 factory-prod: 3
[1;32m[1;31m[1;34m (Units:  Ger )
INF : 1
[1;95m[1;33m
[1;33mIwo_Jima (Owner:  Jap )
[1;32m[1;31m[1;34m[1;95m[1;33m (Units:  Jap )
INF : 1

[1;33mJapan (Owner:  Jap ) builds: 2 factory-prod: 8
[1;32m[1;31m[1;34m[1;95m[1;33m (Units:  Jap )
INF : 1
ARTY : 1
TANK : 3
FIGHTER : 1
BOMBER : 1

[1;31mKarelia_SSR (Owner:  Rus ) factory-prod: 2
[1;32m[1;31m[1;34m[1;95m (Units:  Eng )
INF : 9
ARTY : 1
TANK : 1
[1;33m
[1;32mMidway (Owner:  USA )
[1;32m (Units:  USA )
INF_1_MOVES : 1
[1;31m[1;34m[1;95m[1;33m
[1;33mNew_Guinea (Owner:  Jap )
[1;32m[1;31m[1;34m[1;95m[1;33m (Units:  Jap )
INF : 1

[1;95mNew_Zealand (Owner:  Eng )
[1;32m[1;31m[1;34m[1;95m (Units:  Eng )
INF : 1
[1;33m
[1;33mOkinawa (Owner:  Jap )
[1;32m[1;31m[1;34m[1;95m[1;33m (Units:  Jap )
INF : 1

[1;95mPersia (Owner:  Eng )
[1;32m (Units:  USA )
INF_1_MOVES : 2
ARTY_1_MOVES : 1
TANK_2_MOVES : 4
[1;31m[1;34m[1;95m (Units:  Eng )
INF : 19
ARTY : 1
[1;33m
[1;33mPhilippine_Islands (Owner:  Jap )
[1;32m[1;31m[1;34m[1;95m[1;33m (Units:  Jap )
INF : 1
ARTY : 1

[1;31mRussia (Owner:  Rus ) builds: 7 factory-prod: 8
[1;32m[1;31m (Units:  Rus )
INF : 26
ARTY : 3
[1;34m[1;95m[1;33m
[1;33mSolomon_Islands (Owner:  Jap )
[1;32m[1;31m[1;34m[1;95m[1;33m (Units:  Jap )
INF : 1

[1;32mSzechwan (Owner:  USA )
[1;32m (Units:  USA )
FIGHTER_UNMOVED : 1
[1;31m[1;34m[1;95m[1;33m
[1;95mTrans_Jordan (Owner:  Eng )
[1;32m (Units:  USA )
INF_1_MOVES : 1
TANK_2_MOVES : 2
[1;31m[1;34m[1;95m[1;33m
[1;95mUnited_Kingdom (Owner:  Eng ) builds: 5 factory-prod: 8
[1;32m[1;31m[1;34m[1;95m (Units:  Eng )
FIGHTER : 2
BOMBER : 1
[1;33m
[1;33mWake_Island (Owner:  Jap )
[1;32m[1;31m[1;34m[1;95m[1;33m (Units:  Jap )
INF : 1

[1;32mWestern_United_States (Owner:  USA ) builds: 10 factory-prod: 10
[1;32m (Units:  USA )
INF_1_MOVES : 3
ARTY_1_MOVES : 1
FIGHTER_UNMOVED : 1
[1;31m[1;34m[1;95m[1;33m
[1;33mYunnan (Owner:  Jap )
[1;32m[1;31m[1;34m[1;95m[1;33m (Units:  Jap )
INF : 18
ARTY : 9
TANK : 21

[1;0mSea_3
[1;32m[1;31m (Units:  Rus )
TRANS_EMPTY : 1
DESTROYER : 3
BATTLESHIP : 2
[1;34m[1;95m[1;33m
[1;0mSea_4
[1;32m[1;31m (Units:  Rus )
TRANS_EMPTY : 1
SUB : 1
DESTROYER : 1
[1;34m (Units:  Ger )
DESTROYER : 1
[1;95m[1;33m
[1;0mSea_5
[1;32m[1;31m[1;34m (Units:  Ger )
TRANS_EMPTY : 1
SUB : 2
DESTROYER : 16
CRUISER : 1
[1;95m[1;33m
[1;0mSea_6
[1;32m[1;31m (Units:  Rus )
TRANS_EMPTY : 2
DESTROYER : 1
[1;34m[1;95m (Units:  Eng )
TRANS_EMPTY : 22
SUB : 2
DESTROYER : 1
[1;33m
[1;0mSea_8
[1;32m[1;31m[1;34m[1;95m (Units:  Eng )
TRANS_EMPTY : 1
DESTROYER : 28
CRUISER : 1
BATTLESHIP : 1
[1;33m
[1;0mSea_9
[1;32m[1;31m[1;34m (Units:  Ger )
SUB : 2
[1;95m[1;33m
[1;0mSea_11
[1;32m (Units:  USA )
TRANS_EMPTY_UNMOVED : 9
SUB_2_MOVES : 2
DESTROYER_2_MOVES : 2
[1;31m[1;34m[1;95m[1;33m
[1;0mSea_12
[1;32m (Units:  USA )
TRANS_EMPTY_UNMOVED : 2
DESTROYER_2_MOVES : 3
BATTLESHIP_2_MOVES : 1
[1;31m[1;34m[1;95m[1;33m
[1;0mSea_15
[1;32m[1;31m[1;34m (Units:  Ger )
SUB : 2
DESTROYER : 1
[1;95m[1;33m
[1;0mSea_16
[1;32m[1;31m (Units:  Rus )
TRANS_EMPTY : 6
SUB : 4
DESTROYER : 6
BATTLESHIP : 4
[1;34m[1;95m[1;33m
[1;0mSea_17
[1;32m[1;31m[1;34m[1;95m (Units:  Eng )
TRANS_EMPTY : 1
[1;33m
[1;0mSea_23
[1;32m (Units:  USA )
TRANS_EMPTY_UNMOVED : 6
[1;31m[1;34m[1;95m[1;33m
[1;0mSea_24
[1;32m (Units:  USA )
TRANS_EMPTY_UNMOVED : 2
[1;31m[1;34m[1;95m[1;33m
[1;0mSea_39
[1;32m[1;31m[1;34m[1;95m (Units:  Eng )
SUB : 1
[1;33m
[1;0mSea_44
[1;32m[1;31m[1;34m[1;95m[1;33m (Units:  Jap )
SUB : 1

[1;0mSea_45
[1;32m[1;31m[1;34m[1;95m (Units:  Eng )
TRANS_EMPTY : 1
DESTROYER : 1
CARRIER : 1
CRUISER : 2
FIGHTER : 1
[1;33m
[1;0mSea_53
[1;32m (Units:  USA )
SUB_2_MOVES : 1
[1;31m[1;34m[1;95m[1;33m
[1;0mSea_56
[1;32m (Units:  USA )
TRANS_EMPTY_UNMOVED : 14
DESTROYER_2_MOVES : 2
CARRIER_2_MOVES : 1
CRUISER_2_MOVES : 1
BATTLESHIP_2_MOVES : 7
FIGHTER_UNMOVED : 1
[1;31m[1;34m[1;95m[1;33m
[1;0mSea_60
[1;32m[1;31m[1;34m (Units:  Ger )
TRANS_EMPTY : 1
BATTLESHIP : 1
[1;95m[1;33m (Units:  Jap )
TRANS_EMPTY : 16
DESTROYER : 2

[1;0mSea_61
[1;32m[1;31m[1;34m[1;95m[1;33m (Units:  Jap )
TRANS_EMPTY : 4
DESTROYER : 3
CARRIER : 2
CRUISER : 1
BATTLESHIP : 3
FIGHTER : 3

[1;0m

======================================================================
PRO AI SINGLE TURN TEST (TripleA Purchase & Place)
======================================================================
Starting Player: USA
Starting Money: 42 IPCs
Total units on board: 63
======================================================================
Enemy Attack Options (per-enemy):
Enemy: Ger
  Sea: Sea_11 Fighters: 0 Subs: 2 Destroyers: 0
  Sea: Sea_12 Fighters: 0 Subs: 2 Destroyers: 0
  Sea: Sea_23 Fighters: 0 Subs: 2 Destroyers: 0
Enemy: Jap
  Land: Midway Bombers: 1
  Land: Szechwan Bombers: 1
  Land: Szechwan Infantry: 18
  Land: Szechwan Artillery: 9
  Land: Szechwan Tanks: 21
  Sea: Sea_53 Fighters: 0 Subs: 1 Destroyers: 0
  Sea: Sea_56 Fighters: 0 Subs: 1 Destroyers: 0
Enemy Attack Options (aggregated max):
  Land: Midway Inf: 0 Art: 0 Tank: 0 Ftr: 0 Bmb: 1 Str: 4
  Land: Szechwan Inf: 18 Art: 9 Tank: 21 Ftr: 0 Bmb: 1 Str: 103
      [SAFE] Sequential Battle Results: TUV=-1.63, Invaded%=0.0%, Battles=1
    Possible My Target Territory: Baltic_States_Air
      Battle Results (TUV, Invaded %):  -1.212 ,  0.656
      Attack Value:  -1.212
    Possible My Target Territory: French_Indo_China_Thailand_Air
      Battle Results (TUV, Invaded %):  -8.529999999999999 ,  0
    Possible My Target Territory: Solomon_Islands_Air
      Battle Results (TUV, Invaded %):  -2.8879999999999999 ,  0
    Possible My Target Territory: Wake_Island_Air
      Battle Results (TUV, Invaded %):  -2.9009999999999998 ,  0
    Possible My Target Territory: Yunnan_Air
      Battle Results (TUV, Invaded %):  -8.506 ,  0

======================================================================
PRO AI TURN COMPLETE
======================================================================
Next Player: Rus
Final Money: 40 IPCs
Units Added: 6
Game Score: 0.1
======================================================================

round_num:  84
[1;31m --------------------
Current Player:  Rus
Money:  28 [1;0m 

[1;95mAnglo_Egyptian_Sudan (Owner:  Eng )
[1;31m[1;34m[1;95m (Units:  Eng )
FIGHTER : 1
[1;33m[1;32m (Units:  USA )
INF : 2
ARTY : 1
TANK : 2

[1;31mArchangel (Owner:  Rus )
[1;31m (Units:  Rus )
INF_1_MOVES : 1
[1;34m[1;95m[1;33m[1;32m
[1;34mBaltic_States (Owner:  Ger )
[1;31m[1;34m (Units:  Ger )
INF : 2
[1;95m[1;33m[1;32m
[1;95mBelgian_Congo (Owner:  Eng )
[1;31m[1;34m[1;95m[1;33m[1;32m (Units:  USA )
INF : 1
ARTY : 2
TANK : 4

[1;33mBorneo (Owner:  Jap )
[1;31m[1;34m[1;95m[1;33m (Units:  Jap )
INF : 1
[1;32m
[1;33mCaroline_Islands (Owner:  Jap )
[1;31m[1;34m[1;95m[1;33m (Units:  Jap )
INF : 1
[1;32m
[1;31mCaucasus (Owner:  Rus ) builds: 4 factory-prod: 4
[1;31m (Units:  Rus )
INF_1_MOVES : 7
ARTY_1_MOVES : 2
[1;34m[1;95m (Units:  Eng )
INF : 18
ARTY : 1
[1;33m[1;32m (Units:  USA )
INF : 8
ARTY : 6
TANK : 9

[1;33mEast_Indies (Owner:  Jap )
[1;31m[1;34m[1;95m[1;33m (Units:  Jap )
INF : 2
[1;32m
[1;95mEastern_Australia (Owner:  Eng )
[1;31m[1;34m[1;95m (Units:  Eng )
INF : 2
[1;33m[1;32m
[1;32mEastern_United_States (Owner:  USA ) builds: 5 factory-prod: 12
[1;31m[1;34m[1;95m (Units:  Eng )
INF : 1
[1;33m[1;32m (Units:  USA )
INF : 2
ARTY : 1
TANK : 3
FIGHTER : 1
BOMBER : 1

[1;95mEgypt (Owner:  Eng )
[1;31m[1;34m[1;95m[1;33m[1;32m (Units:  USA )
ARTY : 2
TANK : 2

[1;33mFrench_Indo_China_Thailand (Owner:  Jap )
[1;31m[1;34m[1;95m[1;33m (Units:  Jap )
INF : 11
ARTY : 7
TANK : 21
[1;32m
[1;95mFrench_West_Africa (Owner:  Eng )
[1;31m[1;34m[1;95m[1;33m[1;32m (Units:  USA )
INF : 1
ARTY : 1
TANK : 3

[1;34mGermany (Owner:  Ger ) factory-prod: 10
[1;31m[1;34m (Units:  Ger )
INF : 176
[1;95m[1;33m[1;32m
[1;32mHawaiian_Islands (Owner:  USA )
[1;31m[1;34m[1;95m[1;33m[1;32m (Units:  USA )
INF : 1
FIGHTER : 1

[1;95mIndia (Owner:  Eng ) factory-prod: 3
[1;31m[1;34m[1;95m (Units:  Eng )
INF : 3
AAGUN : 1
[1;33m[1;32m
[1;34mItaly (Owner:  Ger ) builds: 2 factory-prod: 3
[1;31m[1;34m (Units:  Ger )
INF : 1
[1;95m[1;33m[1;32m
[1;33mIwo_Jima (Owner:  Jap )
[1;31m[1;34m[1;95m[1;33m (Units:  Jap )
INF : 1
[1;32m
[1;33mJapan (Owner:  Jap ) builds: 2 factory-prod: 8
[1;31m[1;34m[1;95m[1;33m (Units:  Jap )
INF : 1
ARTY : 1
TANK : 3
FIGHTER : 1
BOMBER : 1
[1;32m
[1;31mKarelia_SSR (Owner:  Rus ) builds: 2 factory-prod: 2
[1;31m[1;34m[1;95m (Units:  Eng )
INF : 9
ARTY : 1
TANK : 1
[1;33m[1;32m (Units:  USA )
INF : 2
TANK : 3

[1;32mMidway (Owner:  USA )
[1;31m[1;34m[1;95m[1;33m[1;32m (Units:  USA )
INF : 1

[1;33mNew_Guinea (Owner:  Jap )
[1;31m[1;34m[1;95m[1;33m (Units:  Jap )
INF : 1
[1;32m
[1;95mNew_Zealand (Owner:  Eng )
[1;31m[1;34m[1;95m (Units:  Eng )
INF : 1
[1;33m[1;32m
[1;33mOkinawa (Owner:  Jap )
[1;31m[1;34m[1;95m[1;33m (Units:  Jap )
INF : 1
[1;32m
[1;95mPersia (Owner:  Eng )
[1;31m[1;34m[1;95m (Units:  Eng )
INF : 19
ARTY : 1
[1;33m[1;32m (Units:  USA )
INF : 1
TANK : 2

[1;33mPhilippine_Islands (Owner:  Jap )
[1;31m[1;34m[1;95m[1;33m (Units:  Jap )
INF : 1
ARTY : 1
[1;32m
[1;31mRussia (Owner:  Rus ) builds: 8 factory-prod: 8
[1;31m (Units:  Rus )
INF_1_MOVES : 26
ARTY_1_MOVES : 3
[1;34m[1;95m[1;33m[1;32m
[1;33mSolomon_Islands (Owner:  Jap )
[1;31m[1;34m[1;95m[1;33m (Units:  Jap )
INF : 1
[1;32m
[1;32mSzechwan (Owner:  USA )
[1;31m[1;34m[1;95m[1;33m[1;32m (Units:  USA )
FIGHTER : 1

[1;95mTrans_Jordan (Owner:  Eng )
[1;31m[1;34m[1;95m[1;33m[1;32m (Units:  USA )
INF : 2
TANK : 3

[1;95mUnited_Kingdom (Owner:  Eng ) builds: 5 factory-prod: 8
[1;31m[1;34m[1;95m (Units:  Eng )
FIGHTER : 2
BOMBER : 1
[1;33m[1;32m
[1;33mWake_Island (Owner:  Jap )
[1;31m[1;34m[1;95m[1;33m (Units:  Jap )
INF : 1
[1;32m
[1;32mWestern_United_States (Owner:  USA ) builds: 9 factory-prod: 10
[1;31m[1;34m[1;95m[1;33m[1;32m (Units:  USA )
INF : 3
ARTY : 1
FIGHTER : 1

[1;33mYunnan (Owner:  Jap )
[1;31m[1;34m[1;95m[1;33m (Units:  Jap )
INF : 18
ARTY : 9
TANK : 21
[1;32m
[1;0mSea_3
[1;31m (Units:  Rus )
TRANS_EMPTY_UNMOVED : 1
DESTROYER_2_MOVES : 3
BATTLESHIP_2_MOVES : 2
[1;34m[1;95m[1;33m[1;32m
[1;0mSea_4
[1;31m (Units:  Rus )
TRANS_EMPTY_UNMOVED : 1
SUB_2_MOVES : 1
DESTROYER_2_MOVES : 1
[1;34m (Units:  Ger )
DESTROYER : 1
[1;95m[1;33m[1;32m
[1;0mSea_5
[1;31m[1;34m (Units:  Ger )
TRANS_EMPTY : 1
SUB : 2
DESTROYER : 16
CRUISER : 1
[1;95m[1;33m[1;32m
[1;0mSea_6
[1;31m (Units:  Rus )
TRANS_EMPTY_UNMOVED : 2
DESTROYER_2_MOVES : 1
[1;34m[1;95m (Units:  Eng )
TRANS_EMPTY : 22
SUB : 2
DESTROYER : 1
[1;33m[1;32m
[1;0mSea_8
[1;31m[1;34m[1;95m (Units:  Eng )
TRANS_EMPTY : 1
DESTROYER : 28
CRUISER : 1
BATTLESHIP : 1
[1;33m[1;32m
[1;0mSea_9
[1;31m[1;34m (Units:  Ger )
SUB : 2
[1;95m[1;33m[1;32m
[1;0mSea_11
[1;31m[1;34m[1;95m[1;33m[1;32m (Units:  USA )
TRANS_EMPTY : 8
SUB : 2
DESTROYER : 2

[1;0mSea_12
[1;31m[1;34m[1;95m[1;33m[1;32m (Units:  USA )
TRANS_EMPTY : 6
DESTROYER : 3
BATTLESHIP : 1

[1;0mSea_15
[1;31m[1;34m (Units:  Ger )
SUB : 2
DESTROYER : 1
[1;95m[1;33m[1;32m
[1;0mSea_16
[1;31m (Units:  Rus )
TRANS_EMPTY_UNMOVED : 6
SUB_2_MOVES : 4
DESTROYER_2_MOVES : 6
BATTLESHIP_2_MOVES : 4
[1;34m[1;95m[1;33m[1;32m
[1;0mSea_17
[1;31m[1;34m[1;95m (Units:  Eng )
TRANS_EMPTY : 1
[1;33m[1;32m
[1;0mSea_23
[1;31m[1;34m[1;95m[1;33m[1;32m (Units:  USA )
TRANS_EMPTY : 2

[1;0mSea_24
[1;31m[1;34m[1;95m[1;33m[1;32m (Units:  USA )
TRANS_EMPTY : 4

[1;0mSea_39
[1;31m[1;34m[1;95m (Units:  Eng )
SUB : 1
[1;33m[1;32m
[1;0mSea_44
[1;31m[1;34m[1;95m[1;33m (Units:  Jap )
SUB : 1
[1;32m
[1;0mSea_45
[1;31m[1;34m[1;95m (Units:  Eng )
TRANS_EMPTY : 1
DESTROYER : 1
CARRIER : 1
CRUISER : 2
FIGHTER : 1
[1;33m[1;32m
[1;0mSea_53
[1;31m[1;34m[1;95m[1;33m[1;32m (Units:  USA )
SUB : 1

[1;0mSea_56
[1;31m[1;34m[1;95m[1;33m[1;32m (Units:  USA )
TRANS_EMPTY : 15
DESTROYER : 2
CARRIER : 1
CRUISER : 1
BATTLESHIP : 7
FIGHTER : 1

[1;0mSea_60
[1;31m[1;34m (Units:  Ger )
TRANS_EMPTY : 1
BATTLESHIP : 1
[1;95m[1;33m (Units:  Jap )
TRANS_EMPTY : 16
DESTROYER : 2
[1;32m
[1;0mSea_61
[1;31m[1;34m[1;95m[1;33m (Units:  Jap )
TRANS_EMPTY : 4
DESTROYER : 3
CARRIER : 2
CRUISER : 1
BATTLESHIP : 3
FIGHTER : 3
[1;32m
[1;0m

======================================================================
PRO AI SINGLE TURN TEST (TripleA Purchase & Place)
======================================================================
Starting Player: Rus
Starting Money: 28 IPCs
Total units on board: 39
======================================================================
Enemy Attack Options (per-enemy):
Enemy: Ger
  Land: Karelia_SSR Infantry: 2
  Sea: Sea_3 Fighters: 0 Subs: 4 Destroyers: 17
  Sea: Sea_6 Fighters: 0 Subs: 4 Destroyers: 17
  Sea: Sea_16 Fighters: 0 Subs: 2 Destroyers: 1
Enemy: Jap
Enemy Attack Options (aggregated max):
  Land: Karelia_SSR Inf: 2 Art: 0 Tank: 0 Ftr: 0 Bmb: 0 Str: 2
      [SAFE] Sequential Battle Results: TUV=-5.03, Invaded%=0.0%, Battles=1

======================================================================
PRO AI TURN COMPLETE
======================================================================
Next Player: Ger
Final Money: 29 IPCs
Units Added: 1
Game Score: -0.1
======================================================================

round_num:  85
[1;34m --------------------
Current Player:  Ger
Money:  38 [1;0m 

[1;95mAnglo_Egyptian_Sudan (Owner:  Eng )
[1;34m[1;31m[1;95m (Units:  Eng )
FIGHTER : 1
[1;33m[1;32m (Units:  USA )
INF : 2
ARTY : 1
TANK : 2

[1;34mBaltic_States (Owner:  Ger )
[1;34m (Units:  Ger )
INF_1_MOVES : 2
[1;31m[1;95m[1;33m[1;32m
[1;95mBelgian_Congo (Owner:  Eng )
[1;34m[1;31m[1;95m[1;33m[1;32m (Units:  USA )
INF : 1
ARTY : 2
TANK : 4

[1;33mBorneo (Owner:  Jap )
[1;34m[1;31m[1;95m[1;33m (Units:  Jap )
INF : 1
[1;32m
[1;33mCaroline_Islands (Owner:  Jap )
[1;34m[1;31m[1;95m[1;33m (Units:  Jap )
INF : 1
[1;32m
[1;31mCaucasus (Owner:  Rus ) builds: 3 factory-prod: 4
[1;34m[1;31m (Units:  Rus )
INF : 26
ARTY : 3
[1;95m (Units:  Eng )
INF : 18
ARTY : 1
[1;33m[1;32m (Units:  USA )
INF : 8
ARTY : 6
TANK : 9

[1;33mEast_Indies (Owner:  Jap )
[1;34m[1;31m[1;95m[1;33m (Units:  Jap )
INF : 2
[1;32m
[1;95mEastern_Australia (Owner:  Eng )
[1;34m[1;31m[1;95m (Units:  Eng )
INF : 2
[1;33m[1;32m
[1;32mEastern_United_States (Owner:  USA ) builds: 5 factory-prod: 12
[1;34m[1;31m[1;95m (Units:  Eng )
INF : 1
[1;33m[1;32m (Units:  USA )
INF : 2
ARTY : 1
TANK : 3
FIGHTER : 1
BOMBER : 1

[1;95mEgypt (Owner:  Eng )
[1;34m[1;31m[1;95m[1;33m[1;32m (Units:  USA )
ARTY : 2
TANK : 2

[1;33mFrench_Indo_China_Thailand (Owner:  Jap )
[1;34m[1;31m[1;95m[1;33m (Units:  Jap )
INF : 11
ARTY : 7
TANK : 21
[1;32m
[1;95mFrench_West_Africa (Owner:  Eng )
[1;34m[1;31m[1;95m[1;33m[1;32m (Units:  USA )
INF : 1
ARTY : 1
TANK : 3

[1;34mGermany (Owner:  Ger ) builds: 10 factory-prod: 10
[1;34m (Units:  Ger )
INF_1_MOVES : 176
[1;31m[1;95m[1;33m[1;32m
[1;32mHawaiian_Islands (Owner:  USA )
[1;34m[1;31m[1;95m[1;33m[1;32m (Units:  USA )
INF : 1
FIGHTER : 1

[1;95mIndia (Owner:  Eng ) factory-prod: 3
[1;34m[1;31m[1;95m (Units:  Eng )
INF : 3
AAGUN : 1
[1;33m[1;32m
[1;34mItaly (Owner:  Ger ) builds: 3 factory-prod: 3
[1;34m (Units:  Ger )
INF_1_MOVES : 1
[1;31m[1;95m[1;33m[1;32m
[1;33mIwo_Jima (Owner:  Jap )
[1;34m[1;31m[1;95m[1;33m (Units:  Jap )
INF : 1
[1;32m
[1;33mJapan (Owner:  Jap ) builds: 2 factory-prod: 8
[1;34m[1;31m[1;95m[1;33m (Units:  Jap )
INF : 1
ARTY : 1
TANK : 3
FIGHTER : 1
BOMBER : 1
[1;32m
[1;31mKarelia_SSR (Owner:  Rus ) factory-prod: 2
[1;34m[1;31m (Units:  Rus )
INF : 1
[1;95m (Units:  Eng )
INF : 9
ARTY : 1
TANK : 1
[1;33m[1;32m (Units:  USA )
INF : 2
TANK : 3

[1;32mMidway (Owner:  USA )
[1;34m[1;31m[1;95m[1;33m[1;32m (Units:  USA )
INF : 1

[1;33mNew_Guinea (Owner:  Jap )
[1;34m[1;31m[1;95m[1;33m (Units:  Jap )
INF : 1
[1;32m
[1;95mNew_Zealand (Owner:  Eng )
[1;34m[1;31m[1;95m (Units:  Eng )
INF : 1
[1;33m[1;32m
[1;33mOkinawa (Owner:  Jap )
[1;34m[1;31m[1;95m[1;33m (Units:  Jap )
INF : 1
[1;32m
[1;95mPersia (Owner:  Eng )
[1;34m[1;31m[1;95m (Units:  Eng )
INF : 19
ARTY : 1
[1;33m[1;32m (Units:  USA )
INF : 1
TANK : 2

[1;33mPhilippine_Islands (Owner:  Jap )
[1;34m[1;31m[1;95m[1;33m (Units:  Jap )
INF : 1
ARTY : 1
[1;32m
[1;31mRussia (Owner:  Rus ) builds: 7 factory-prod: 8
[1;34m[1;31m (Units:  Rus )
INF : 7
ARTY : 3
[1;95m[1;33m[1;32m
[1;33mSolomon_Islands (Owner:  Jap )
[1;34m[1;31m[1;95m[1;33m (Units:  Jap )
INF : 1
[1;32m
[1;32mSzechwan (Owner:  USA )
[1;34m[1;31m[1;95m[1;33m[1;32m (Units:  USA )
FIGHTER : 1

[1;95mTrans_Jordan (Owner:  Eng )
[1;34m[1;31m[1;95m[1;33m[1;32m (Units:  USA )
INF : 2
TANK : 3

[1;95mUnited_Kingdom (Owner:  Eng ) builds: 5 factory-prod: 8
[1;34m[1;31m[1;95m (Units:  Eng )
FIGHTER : 2
BOMBER : 1
[1;33m[1;32m
[1;33mWake_Island (Owner:  Jap )
[1;34m[1;31m[1;95m[1;33m (Units:  Jap )
INF : 1
[1;32m
[1;32mWestern_United_States (Owner:  USA ) builds: 9 factory-prod: 10
[1;34m[1;31m[1;95m[1;33m[1;32m (Units:  USA )
INF : 3
ARTY : 1
FIGHTER : 1

[1;33mYunnan (Owner:  Jap )
[1;34m[1;31m[1;95m[1;33m (Units:  Jap )
INF : 18
ARTY : 9
TANK : 21
[1;32m
[1;0mSea_3
[1;34m[1;31m (Units:  Rus )
TRANS_EMPTY : 1
DESTROYER : 4
BATTLESHIP : 2
[1;95m[1;33m[1;32m
[1;0mSea_4
[1;34m (Units:  Ger )
DESTROYER_2_MOVES : 1
[1;31m (Units:  Rus )
TRANS_EMPTY : 1
SUB : 1
DESTROYER : 1
[1;95m[1;33m[1;32m
[1;0mSea_5
[1;34m (Units:  Ger )
TRANS_EMPTY_UNMOVED : 1
SUB_2_MOVES : 2
DESTROYER_2_MOVES : 16
CRUISER_2_MOVES : 1
[1;31m[1;95m[1;33m[1;32m
[1;0mSea_6
[1;34m[1;31m (Units:  Rus )
TRANS_EMPTY : 3
DESTROYER : 1
[1;95m (Units:  Eng )
TRANS_EMPTY : 22
SUB : 2
DESTROYER : 1
[1;33m[1;32m
[1;0mSea_8
[1;34m[1;31m[1;95m (Units:  Eng )
TRANS_EMPTY : 1
DESTROYER : 28
CRUISER : 1
BATTLESHIP : 1
[1;33m[1;32m
[1;0mSea_9
[1;34m (Units:  Ger )
SUB_2_MOVES : 2
[1;31m[1;95m[1;33m[1;32m
[1;0mSea_11
[1;34m[1;31m[1;95m[1;33m[1;32m (Units:  USA )
TRANS_EMPTY : 8
SUB : 2
DESTROYER : 2

[1;0mSea_12
[1;34m[1;31m[1;95m[1;33m[1;32m (Units:  USA )
TRANS_EMPTY : 6
DESTROYER : 3
BATTLESHIP : 1

[1;0mSea_15
[1;34m (Units:  Ger )
SUB_2_MOVES : 2
DESTROYER_2_MOVES : 1
[1;31m[1;95m[1;33m[1;32m
[1;0mSea_16
[1;34m[1;31m (Units:  Rus )
TRANS_EMPTY : 7
SUB : 4
DESTROYER : 6
BATTLESHIP : 4
[1;95m[1;33m[1;32m
[1;0mSea_17
[1;34m[1;31m[1;95m (Units:  Eng )
TRANS_EMPTY : 1
[1;33m[1;32m
[1;0mSea_23
[1;34m[1;31m[1;95m[1;33m[1;32m (Units:  USA )
TRANS_EMPTY : 2

[1;0mSea_24
[1;34m[1;31m[1;95m[1;33m[1;32m (Units:  USA )
TRANS_EMPTY : 4

[1;0mSea_39
[1;34m[1;31m[1;95m (Units:  Eng )
SUB : 1
[1;33m[1;32m
[1;0mSea_44
[1;34m[1;31m[1;95m[1;33m (Units:  Jap )
SUB : 1
[1;32m
[1;0mSea_45
[1;34m[1;31m[1;95m (Units:  Eng )
TRANS_EMPTY : 1
DESTROYER : 1
CARRIER : 1
CRUISER : 2
FIGHTER : 1
[1;33m[1;32m
[1;0mSea_53
[1;34m[1;31m[1;95m[1;33m[1;32m (Units:  USA )
SUB : 1

[1;0mSea_56
[1;34m[1;31m[1;95m[1;33m[1;32m (Units:  USA )
TRANS_EMPTY : 15
DESTROYER : 2
CARRIER : 1
CRUISER : 1
BATTLESHIP : 7
FIGHTER : 1

[1;0mSea_60
[1;34m (Units:  Ger )
TRANS_EMPTY_UNMOVED : 1
BATTLESHIP_2_MOVES : 1
[1;31m[1;95m[1;33m (Units:  Jap )
TRANS_EMPTY : 16
DESTROYER : 2
[1;32m
[1;0mSea_61
[1;34m[1;31m[1;95m[1;33m (Units:  Jap )
TRANS_EMPTY : 4
DESTROYER : 3
CARRIER : 2
CRUISER : 1
BATTLESHIP : 3
FIGHTER : 3
[1;32m
[1;0m

======================================================================
PRO AI SINGLE TURN TEST (TripleA Purchase & Place)
======================================================================
Starting Player: Ger
Starting Money: 38 IPCs
Total units on board: 179
======================================================================
Enemy Attack Options (per-enemy):
Enemy: Rus
  Land: Baltic_States Infantry: 1
  Land: Belorussia Infantry: 1
  Land: Ukraine_SSR Infantry: 26
  Land: Ukraine_SSR Artillery: 3
  Sea: Sea_4 Fighters: 0 Subs: 0 Destroyers: 5
  Sea: Sea_5 Fighters: 0 Subs: 0 Destroyers: 5
  Sea: Sea_9 Fighters: 0 Subs: 0 Destroyers: 5
  Sea: Sea_15 Fighters: 0 Subs: 4 Destroyers: 6
Enemy: Eng
  Land: Baltic_States Bombers: 1
  Land: Baltic_States Infantry: 9
  Land: Baltic_States Artillery: 1
  Land: Baltic_States Tanks: 1
  Land: Belorussia Infantry: 9
  Land: Belorussia Artillery: 1
  Land: Belorussia Tanks: 1
  Land: Germany Bombers: 1
  Land: Italy Fighters: 2
  Land: Italy Bombers: 1
  Land: Norway Tanks: 1
  Land: Poland Tanks: 1
  Land: Ukraine_SSR Infantry: 18
  Land: Ukraine_SSR Artillery: 1
  Land: Ukraine_SSR Tanks: 1
  Sea: Sea_4 Fighters: 0 Subs: 2 Destroyers: 1
  Sea: Sea_5 Fighters: 2 Subs: 2 Destroyers: 29
  Sea: Sea_9 Fighters: 0 Subs: 2 Destroyers: 29
Enemy: USA
  Land: Algeria Tanks: 2
  Land: Baltic_States Infantry: 2
  Land: Baltic_States Tanks: 3
  Land: Belorussia Infantry: 2
  Land: Belorussia Tanks: 12
  Land: Bulgaria_Romania Tanks: 9
  Land: Libya Artillery: 2
  Land: Libya Tanks: 2
  Land: Norway Tanks: 3
  Land: Poland Tanks: 12
  Land: Ukraine_SSR Infantry: 8
  Land: Ukraine_SSR Artillery: 6
  Land: Ukraine_SSR Tanks: 12
  Sea: Sea_9 Fighters: 0 Subs: 2 Destroyers: 5
  Sea: Sea_60 Fighters: 1 Subs: 0 Destroyers: 0
Enemy Attack Options (aggregated max):
  Land: Algeria Inf: 0 Art: 0 Tank: 2 Ftr: 0 Bmb: 0 Str: 6
  Land: Baltic_States Inf: 9 Art: 1 Tank: 1 Ftr: 0 Bmb: 1 Str: 18
  Land: Belorussia Inf: 2 Art: 0 Tank: 12 Ftr: 0 Bmb: 0 Str: 38
  Land: Bulgaria_Romania Inf: 0 Art: 0 Tank: 9 Ftr: 0 Bmb: 0 Str: 27
  Land: Germany Inf: 0 Art: 0 Tank: 0 Ftr: 0 Bmb: 1 Str: 4
  Land: Italy Inf: 0 Art: 0 Tank: 0 Ftr: 2 Bmb: 1 Str: 10
  Land: Libya Inf: 0 Art: 2 Tank: 2 Ftr: 0 Bmb: 0 Str: 10
  Land: Norway Inf: 0 Art: 0 Tank: 3 Ftr: 0 Bmb: 0 Str: 9
  Land: Poland Inf: 0 Art: 0 Tank: 12 Ftr: 0 Bmb: 0 Str: 36
  Land: Ukraine_SSR Inf: 8 Art: 6 Tank: 12 Ftr: 0 Bmb: 0 Str: 56
      [SAFE] Sequential Battle Results: TUV=-10.00, Invaded%=0.0%, Battles=1
      [SAFE] Sequential Battle Results: TUV=-0.24, Invaded%=0.0%, Battles=1
    Possible My Target Territory: Karelia_SSR_Air
      Battle Results (TUV, Invaded %):  -5.0069999999999997 ,  0

======================================================================
PRO AI TURN COMPLETE
======================================================================
Next Player: Eng
Final Money: 38 IPCs
Units Added: 10
Game Score: 0.1
======================================================================

round_num:  86
[1;95m --------------------
Current Player:  Eng
Money:  31 [1;0m 

[1;95mAnglo_Egyptian_Sudan (Owner:  Eng )
[1;95m (Units:  Eng )
FIGHTER_UNMOVED : 1
[1;31m[1;34m[1;33m[1;32m (Units:  USA )
INF : 2
ARTY : 1
TANK : 2

[1;34mBaltic_States (Owner:  Ger )
[1;95m[1;31m[1;34m (Units:  Ger )
INF : 2
[1;33m[1;32m
[1;95mBelgian_Congo (Owner:  Eng )
[1;95m[1;31m[1;34m[1;33m[1;32m (Units:  USA )
INF : 1
ARTY : 2
TANK : 4

[1;33mBorneo (Owner:  Jap )
[1;95m[1;31m[1;34m[1;33m (Units:  Jap )
INF : 1
[1;32m
[1;33mCaroline_Islands (Owner:  Jap )
[1;95m[1;31m[1;34m[1;33m (Units:  Jap )
INF : 1
[1;32m
[1;31mCaucasus (Owner:  Rus ) builds: 3 factory-prod: 4
[1;95m (Units:  Eng )
INF_1_MOVES : 18
ARTY_1_MOVES : 1
[1;31m (Units:  Rus )
INF : 26
ARTY : 3
[1;34m[1;33m[1;32m (Units:  USA )
INF : 8
ARTY : 6
TANK : 9

[1;33mEast_Indies (Owner:  Jap )
[1;95m[1;31m[1;34m[1;33m (Units:  Jap )
INF : 2
[1;32m
[1;95mEastern_Australia (Owner:  Eng )
[1;95m (Units:  Eng )
INF_1_MOVES : 2
[1;31m[1;34m[1;33m[1;32m
[1;32mEastern_United_States (Owner:  USA ) builds: 5 factory-prod: 12
[1;95m (Units:  Eng )
INF_1_MOVES : 1
[1;31m[1;34m[1;33m[1;32m (Units:  USA )
INF : 2
ARTY : 1
TANK : 3
FIGHTER : 1
BOMBER : 1

[1;95mEgypt (Owner:  Eng )
[1;95m[1;31m[1;34m[1;33m[1;32m (Units:  USA )
ARTY : 2
TANK : 2

[1;33mFrench_Indo_China_Thailand (Owner:  Jap )
[1;95m[1;31m[1;34m[1;33m (Units:  Jap )
INF : 11
ARTY : 7
TANK : 21
[1;32m
[1;95mFrench_West_Africa (Owner:  Eng )
[1;95m[1;31m[1;34m[1;33m[1;32m (Units:  USA )
INF : 1
ARTY : 1
TANK : 3

[1;34mGermany (Owner:  Ger ) factory-prod: 10
[1;95m[1;31m[1;34m (Units:  Ger )
INF : 186
[1;33m[1;32m
[1;32mHawaiian_Islands (Owner:  USA )
[1;95m[1;31m[1;34m[1;33m[1;32m (Units:  USA )
INF : 1
FIGHTER : 1

[1;95mIndia (Owner:  Eng ) builds: 3 factory-prod: 3
[1;95m (Units:  Eng )
INF_1_MOVES : 3
AAGUN_1_MOVES : 1
[1;31m[1;34m[1;33m[1;32m
[1;34mItaly (Owner:  Ger ) builds: 2 factory-prod: 3
[1;95m[1;31m[1;34m (Units:  Ger )
INF : 1
[1;33m[1;32m
[1;33mIwo_Jima (Owner:  Jap )
[1;95m[1;31m[1;34m[1;33m (Units:  Jap )
INF : 1
[1;32m
[1;33mJapan (Owner:  Jap ) builds: 2 factory-prod: 8
[1;95m[1;31m[1;34m[1;33m (Units:  Jap )
INF : 1
ARTY : 1
TANK : 3
FIGHTER : 1
BOMBER : 1
[1;32m
[1;31mKarelia_SSR (Owner:  Rus ) factory-prod: 2
[1;95m (Units:  Eng )
INF_1_MOVES : 9
ARTY_1_MOVES : 1
TANK_2_MOVES : 1
[1;31m (Units:  Rus )
INF : 1
[1;34m[1;33m[1;32m (Units:  USA )
INF : 2
TANK : 3

[1;32mMidway (Owner:  USA )
[1;95m[1;31m[1;34m[1;33m[1;32m (Units:  USA )
INF : 1

[1;33mNew_Guinea (Owner:  Jap )
[1;95m[1;31m[1;34m[1;33m (Units:  Jap )
INF : 1
[1;32m
[1;95mNew_Zealand (Owner:  Eng )
[1;95m (Units:  Eng )
INF_1_MOVES : 1
[1;31m[1;34m[1;33m[1;32m
[1;33mOkinawa (Owner:  Jap )
[1;95m[1;31m[1;34m[1;33m (Units:  Jap )
INF : 1
[1;32m
[1;95mPersia (Owner:  Eng )
[1;95m (Units:  Eng )
INF_1_MOVES : 19
ARTY_1_MOVES : 1
[1;31m[1;34m[1;33m[1;32m (Units:  USA )
INF : 1
TANK : 2

[1;33mPhilippine_Islands (Owner:  Jap )
[1;95m[1;31m[1;34m[1;33m (Units:  Jap )
INF : 1
ARTY : 1
[1;32m
[1;31mRussia (Owner:  Rus ) builds: 7 factory-prod: 8
[1;95m[1;31m (Units:  Rus )
INF : 7
ARTY : 3
[1;34m[1;33m[1;32m
[1;33mSolomon_Islands (Owner:  Jap )
[1;95m[1;31m[1;34m[1;33m (Units:  Jap )
INF : 1
[1;32m
[1;32mSzechwan (Owner:  USA )
[1;95m[1;31m[1;34m[1;33m[1;32m (Units:  USA )
FIGHTER : 1

[1;95mTrans_Jordan (Owner:  Eng )
[1;95m[1;31m[1;34m[1;33m[1;32m (Units:  USA )
INF : 2
TANK : 3

[1;95mUnited_Kingdom (Owner:  Eng ) builds: 8 factory-prod: 8
[1;95m (Units:  Eng )
FIGHTER_UNMOVED : 2
BOMBER_UNMOVED : 1
[1;31m[1;34m[1;33m[1;32m
[1;33mWake_Island (Owner:  Jap )
[1;95m[1;31m[1;34m[1;33m (Units:  Jap )
INF : 1
[1;32m
[1;32mWestern_United_States (Owner:  USA ) builds: 9 factory-prod: 10
[1;95m[1;31m[1;34m[1;33m[1;32m (Units:  USA )
INF : 3
ARTY : 1
FIGHTER : 1

[1;33mYunnan (Owner:  Jap )
[1;95m[1;31m[1;34m[1;33m (Units:  Jap )
INF : 18
ARTY : 9
TANK : 21
[1;32m
[1;0mSea_3
[1;95m[1;31m (Units:  Rus )
TRANS_EMPTY : 1
DESTROYER : 4
BATTLESHIP : 2
[1;34m[1;33m[1;32m
[1;0mSea_4
[1;95m[1;31m (Units:  Rus )
TRANS_EMPTY : 1
SUB : 1
DESTROYER : 1
[1;34m (Units:  Ger )
DESTROYER : 1
[1;33m[1;32m
[1;0mSea_5
[1;95m[1;31m[1;34m (Units:  Ger )
TRANS_EMPTY : 1
SUB : 2
DESTROYER : 17
CRUISER : 1
[1;33m[1;32m
[1;0mSea_6
[1;95m (Units:  Eng )
TRANS_EMPTY_UNMOVED : 22
SUB_2_MOVES : 2
DESTROYER_2_MOVES : 1
[1;31m (Units:  Rus )
TRANS_EMPTY : 3
DESTROYER : 1
[1;34m[1;33m[1;32m
[1;0mSea_8
[1;95m (Units:  Eng )
TRANS_EMPTY_UNMOVED : 1
DESTROYER_2_MOVES : 28
CRUISER_2_MOVES : 1
BATTLESHIP_2_MOVES : 1
[1;31m[1;34m[1;33m[1;32m
[1;0mSea_9
[1;95m[1;31m[1;34m (Units:  Ger )
SUB : 2
[1;33m[1;32m
[1;0mSea_11
[1;95m[1;31m[1;34m[1;33m[1;32m (Units:  USA )
TRANS_EMPTY : 8
SUB : 2
DESTROYER : 2

[1;0mSea_12
[1;95m[1;31m[1;34m[1;33m[1;32m (Units:  USA )
TRANS_EMPTY : 6
DESTROYER : 3
BATTLESHIP : 1

[1;0mSea_15
[1;95m[1;31m[1;34m (Units:  Ger )
SUB : 2
DESTROYER : 1
[1;33m[1;32m
[1;0mSea_16
[1;95m[1;31m (Units:  Rus )
TRANS_EMPTY : 7
SUB : 4
DESTROYER : 6
BATTLESHIP : 4
[1;34m[1;33m[1;32m
[1;0mSea_17
[1;95m (Units:  Eng )
TRANS_EMPTY_UNMOVED : 1
[1;31m[1;34m[1;33m[1;32m
[1;0mSea_23
[1;95m[1;31m[1;34m[1;33m[1;32m (Units:  USA )
TRANS_EMPTY : 2

[1;0mSea_24
[1;95m[1;31m[1;34m[1;33m[1;32m (Units:  USA )
TRANS_EMPTY : 4

[1;0mSea_39
[1;95m (Units:  Eng )
SUB_2_MOVES : 1
[1;31m[1;34m[1;33m[1;32m
[1;0mSea_44
[1;95m[1;31m[1;34m[1;33m (Units:  Jap )
SUB : 1
[1;32m
[1;0mSea_45
[1;95m (Units:  Eng )
TRANS_EMPTY_UNMOVED : 1
DESTROYER_2_MOVES : 1
CARRIER_2_MOVES : 1
CRUISER_2_MOVES : 2
FIGHTER_UNMOVED : 1
[1;31m[1;34m[1;33m[1;32m
[1;0mSea_53
[1;95m[1;31m[1;34m[1;33m[1;32m (Units:  USA )
SUB : 1

[1;0mSea_56
[1;95m[1;31m[1;34m[1;33m[1;32m (Units:  USA )
TRANS_EMPTY : 15
DESTROYER : 2
CARRIER : 1
CRUISER : 1
BATTLESHIP : 7
FIGHTER : 1

[1;0mSea_60
[1;95m[1;31m[1;34m (Units:  Ger )
TRANS_EMPTY : 1
BATTLESHIP : 1
[1;33m (Units:  Jap )
TRANS_EMPTY : 16
DESTROYER : 2
[1;32m
[1;0mSea_61
[1;95m[1;31m[1;34m[1;33m (Units:  Jap )
TRANS_EMPTY : 4
DESTROYER : 3
CARRIER : 2
CRUISER : 1
BATTLESHIP : 3
FIGHTER : 3
[1;32m
[1;0m

======================================================================
PRO AI SINGLE TURN TEST (TripleA Purchase & Place)
======================================================================
Starting Player: Eng
Starting Money: 31 IPCs
Total units on board: 58
======================================================================
Enemy Attack Options (per-enemy):
Enemy: Ger
  Land: Karelia_SSR Infantry: 2
  Sea: Sea_6 Fighters: 0 Subs: 4 Destroyers: 18
  Sea: Sea_7 Fighters: 0 Subs: 4 Destroyers: 18
  Sea: Sea_8 Fighters: 0 Subs: 4 Destroyers: 17
  Sea: Sea_17 Fighters: 0 Subs: 2 Destroyers: 1
Enemy: Jap
  Land: Burma Infantry: 29
  Land: Burma Artillery: 16
  Land: Burma Tanks: 42
  Land: India Tanks: 42
  Sea: Sea_35 Fighters: 1 Subs: 0 Destroyers: 3
  Sea: Sea_39 Fighters: 0 Subs: 1 Destroyers: 0
  Sea: Sea_45 Fighters: 0 Subs: 1 Destroyers: 0
Enemy Attack Options (aggregated max):
  Land: Burma Inf: 29 Art: 16 Tank: 42 Ftr: 0 Bmb: 0 Str: 187
  Land: India Inf: 0 Art: 0 Tank: 42 Ftr: 0 Bmb: 0 Str: 126
  Land: Karelia_SSR Inf: 2 Art: 0 Tank: 0 Ftr: 0 Bmb: 0 Str: 2
    Possible My Target Territory: Baltic_States_Air
      Battle Results (TUV, Invaded %):  3.9689999999999999 ,  1
      Attack Value:  3.9689999999999999
    Possible My Target Territory: Germany_Air
      Battle Results (TUV, Invaded %):  -9.945 ,  0
    Possible My Target Territory: Italy_Air
      Battle Results (TUV, Invaded %):  -0.22 ,  0
Trying  Baltic_States
Simulated battle results:  Battle_Results{avg_TUV_swing = 0, invaded_percent = 0, avg_survivor_def_power = 0}

======================================================================
PRO AI TURN COMPLETE
======================================================================
Next Player: Jap
Final Money: 31 IPCs
Units Added: 3
Game Score: -0.1
======================================================================

round_num:  87
[1;33m --------------------
Current Player:  Jap
Money:  33 [1;0m 

[1;95mAnglo_Egyptian_Sudan (Owner:  Eng )
[1;33m[1;31m[1;34m[1;95m (Units:  Eng )
FIGHTER : 1
[1;32m (Units:  USA )
INF : 2
ARTY : 1
TANK : 2

[1;34mBaltic_States (Owner:  Ger )
[1;33m[1;31m[1;34m (Units:  Ger )
INF : 2
[1;95m[1;32m
[1;95mBelgian_Congo (Owner:  Eng )
[1;33m[1;31m[1;34m[1;95m[1;32m (Units:  USA )
INF : 1
ARTY : 2
TANK : 4

[1;33mBorneo (Owner:  Jap )
[1;33m (Units:  Jap )
INF_1_MOVES : 1
[1;31m[1;34m[1;95m[1;32m
[1;33mCaroline_Islands (Owner:  Jap )
[1;33m (Units:  Jap )
INF_1_MOVES : 1
[1;31m[1;34m[1;95m[1;32m
[1;31mCaucasus (Owner:  Rus ) builds: 3 factory-prod: 4
[1;33m[1;31m (Units:  Rus )
INF : 26
ARTY : 3
[1;34m[1;95m (Units:  Eng )
INF : 19
ARTY : 1
[1;32m (Units:  USA )
INF : 8
ARTY : 6
TANK : 9

[1;33mEast_Indies (Owner:  Jap )
[1;33m (Units:  Jap )
INF_1_MOVES : 2
[1;31m[1;34m[1;95m[1;32m
[1;95mEastern_Australia (Owner:  Eng )
[1;33m[1;31m[1;34m[1;95m (Units:  Eng )
INF : 2
[1;32m
[1;95mEastern_Canada (Owner:  Eng )
[1;33m[1;31m[1;34m[1;95m (Units:  Eng )
INF : 1
[1;32m
[1;32mEastern_United_States (Owner:  USA ) builds: 5 factory-prod: 12
[1;33m[1;31m[1;34m[1;95m[1;32m (Units:  USA )
INF : 2
ARTY : 1
TANK : 3
FIGHTER : 1
BOMBER : 1

[1;95mEgypt (Owner:  Eng )
[1;33m[1;31m[1;34m[1;95m[1;32m (Units:  USA )
ARTY : 2
TANK : 2

[1;33mFrench_Indo_China_Thailand (Owner:  Jap )
[1;33m (Units:  Jap )
INF_1_MOVES : 11
ARTY_1_MOVES : 7
TANK_2_MOVES : 21
[1;31m[1;34m[1;95m[1;32m
[1;95mFrench_West_Africa (Owner:  Eng )
[1;33m[1;31m[1;34m[1;95m[1;32m (Units:  USA )
INF : 1
ARTY : 1
TANK : 3

[1;34mGermany (Owner:  Ger ) factory-prod: 10
[1;33m[1;31m[1;34m (Units:  Ger )
INF : 186
[1;95m[1;32m
[1;32mHawaiian_Islands (Owner:  USA )
[1;33m[1;31m[1;34m[1;95m[1;32m (Units:  USA )
INF : 1
FIGHTER : 1

[1;95mIndia (Owner:  Eng ) factory-prod: 3
[1;33m[1;31m[1;34m[1;95m (Units:  Eng )
INF : 3
AAGUN : 1
[1;32m
[1;34mItaly (Owner:  Ger ) builds: 2 factory-prod: 3
[1;33m[1;31m[1;34m (Units:  Ger )
INF : 1
[1;95m[1;32m
[1;33mIwo_Jima (Owner:  Jap )
[1;33m (Units:  Jap )
INF_1_MOVES : 1
[1;31m[1;34m[1;95m[1;32m
[1;33mJapan (Owner:  Jap ) builds: 8 factory-prod: 8
[1;33m (Units:  Jap )
INF_1_MOVES : 1
ARTY_1_MOVES : 1
TANK_2_MOVES : 3
FIGHTER_UNMOVED : 1
BOMBER_UNMOVED : 1
[1;31m[1;34m[1;95m[1;32m
[1;31mKarelia_SSR (Owner:  Rus ) factory-prod: 2
[1;33m[1;31m (Units:  Rus )
INF : 1
[1;34m[1;95m (Units:  Eng )
INF : 9
ARTY : 1
TANK : 1
[1;32m (Units:  USA )
INF : 2
TANK : 3

[1;32mMidway (Owner:  USA )
[1;33m[1;31m[1;34m[1;95m[1;32m (Units:  USA )
INF : 1

[1;33mNew_Guinea (Owner:  Jap )
[1;33m (Units:  Jap )
INF_1_MOVES : 1
[1;31m[1;34m[1;95m[1;32m
[1;95mNew_Zealand (Owner:  Eng )
[1;33m[1;31m[1;34m[1;95m (Units:  Eng )
INF : 1
[1;32m
[1;33mOkinawa (Owner:  Jap )
[1;33m (Units:  Jap )
INF_1_MOVES : 1
[1;31m[1;34m[1;95m[1;32m
[1;95mPersia (Owner:  Eng )
[1;33m[1;31m[1;34m[1;95m (Units:  Eng )
INF : 21
ARTY : 1
[1;32m (Units:  USA )
INF : 1
TANK : 2

[1;33mPhilippine_Islands (Owner:  Jap )
[1;33m (Units:  Jap )
INF_1_MOVES : 1
ARTY_1_MOVES : 1
[1;31m[1;34m[1;95m[1;32m
[1;31mRussia (Owner:  Rus ) builds: 7 factory-prod: 8
[1;33m[1;31m (Units:  Rus )
INF : 7
ARTY : 3
[1;34m[1;95m[1;32m
[1;33mSolomon_Islands (Owner:  Jap )
[1;33m (Units:  Jap )
INF_1_MOVES : 1
[1;31m[1;34m[1;95m[1;32m
[1;32mSzechwan (Owner:  USA )
[1;33m[1;31m[1;34m[1;95m[1;32m (Units:  USA )
FIGHTER : 1

[1;95mTrans_Jordan (Owner:  Eng )
[1;33m[1;31m[1;34m[1;95m[1;32m (Units:  USA )
INF : 2
TANK : 3

[1;95mUnited_Kingdom (Owner:  Eng ) builds: 5 factory-prod: 8
[1;33m[1;31m[1;34m[1;95m (Units:  Eng )
FIGHTER : 2
BOMBER : 1
[1;32m
[1;33mWake_Island (Owner:  Jap )
[1;33m (Units:  Jap )
INF_1_MOVES : 1
[1;31m[1;34m[1;95m[1;32m
[1;32mWestern_United_States (Owner:  USA ) builds: 9 factory-prod: 10
[1;33m[1;31m[1;34m[1;95m[1;32m (Units:  USA )
INF : 3
ARTY : 1
FIGHTER : 1

[1;33mYunnan (Owner:  Jap )
[1;33m (Units:  Jap )
INF_1_MOVES : 18
ARTY_1_MOVES : 9
TANK_2_MOVES : 21
[1;31m[1;34m[1;95m[1;32m
[1;0mSea_3
[1;33m[1;31m (Units:  Rus )
TRANS_EMPTY : 1
DESTROYER : 4
BATTLESHIP : 2
[1;34m[1;95m[1;32m
[1;0mSea_4
[1;33m[1;31m (Units:  Rus )
TRANS_EMPTY : 1
SUB : 1
DESTROYER : 1
[1;34m (Units:  Ger )
DESTROYER : 1
[1;95m[1;32m
[1;0mSea_5
[1;33m[1;31m[1;34m (Units:  Ger )
TRANS_EMPTY : 1
SUB : 2
DESTROYER : 17
CRUISER : 1
[1;95m[1;32m
[1;0mSea_6
[1;33m[1;31m (Units:  Rus )
TRANS_EMPTY : 3
DESTROYER : 1
[1;34m[1;95m (Units:  Eng )
TRANS_EMPTY : 24
SUB : 2
DESTROYER : 1
[1;32m
[1;0mSea_8
[1;33m[1;31m[1;34m[1;95m (Units:  Eng )
TRANS_EMPTY : 1
DESTROYER : 29
CRUISER : 1
BATTLESHIP : 1
[1;32m
[1;0mSea_9
[1;33m[1;31m[1;34m (Units:  Ger )
SUB : 2
[1;95m[1;32m
[1;0mSea_11
[1;33m[1;31m[1;34m[1;95m[1;32m (Units:  USA )
TRANS_EMPTY : 8
SUB : 2
DESTROYER : 2

[1;0mSea_12
[1;33m[1;31m[1;34m[1;95m[1;32m (Units:  USA )
TRANS_EMPTY : 6
DESTROYER : 3
BATTLESHIP : 1

[1;0mSea_15
[1;33m[1;31m[1;34m (Units:  Ger )
SUB : 2
DESTROYER : 1
[1;95m[1;32m
[1;0mSea_16
[1;33m[1;31m (Units:  Rus )
TRANS_EMPTY : 7
SUB : 4
DESTROYER : 6
BATTLESHIP : 4
[1;34m[1;95m[1;32m
[1;0mSea_23
[1;33m[1;31m[1;34m[1;95m[1;32m (Units:  USA )
TRANS_EMPTY : 2

[1;0mSea_24
[1;33m[1;31m[1;34m[1;95m[1;32m (Units:  USA )
TRANS_EMPTY : 4

[1;0mSea_34
[1;33m[1;31m[1;34m[1;95m (Units:  Eng )
TRANS_EMPTY : 1
[1;32m
[1;0mSea_39
[1;33m[1;31m[1;34m[1;95m (Units:  Eng )
TRANS_EMPTY : 1
SUB : 1
DESTROYER : 1
CARRIER : 1
CRUISER : 2
FIGHTER : 1
[1;32m
[1;0mSea_44
[1;33m (Units:  Jap )
SUB_2_MOVES : 1
[1;31m[1;34m[1;95m[1;32m
[1;0mSea_53
[1;33m[1;31m[1;34m[1;95m[1;32m (Units:  USA )
SUB : 1

[1;0mSea_56
[1;33m[1;31m[1;34m[1;95m[1;32m (Units:  USA )
TRANS_EMPTY : 15
DESTROYER : 2
CARRIER : 1
CRUISER : 1
BATTLESHIP : 7
FIGHTER : 1

[1;0mSea_60
[1;33m (Units:  Jap )
TRANS_EMPTY_UNMOVED : 16
DESTROYER_2_MOVES : 2
[1;31m[1;34m (Units:  Ger )
TRANS_EMPTY : 1
BATTLESHIP : 1
[1;95m[1;32m
[1;0mSea_61
[1;33m (Units:  Jap )
TRANS_EMPTY_UNMOVED : 4
DESTROYER_2_MOVES : 3
CARRIER_2_MOVES : 2
CRUISER_2_MOVES : 1
BATTLESHIP_2_MOVES : 3
FIGHTER_UNMOVED : 3
[1;31m[1;34m[1;95m[1;32m
[1;0m

======================================================================
PRO AI SINGLE TURN TEST (TripleA Purchase & Place)
======================================================================
Starting Player: Jap
Starting Money: 33 IPCs
Total units on board: 103
======================================================================
Enemy Attack Options (per-enemy):
Enemy: Rus
Enemy: Eng
  Sea: Sea_44 Fighters: 0 Subs: 1 Destroyers: 1
Enemy: USA
  Land: French_Indo_China_Thailand Fighters: 1
  Land: Solomon_Islands Fighters: 1
  Land: Wake_Island Fighters: 1
  Land: Yunnan Fighters: 1
  Sea: Sea_44 Fighters: 2 Subs: 1 Destroyers: 2
  Sea: Sea_60 Fighters: 1 Subs: 0 Destroyers: 0
  Sea: Sea_61 Fighters: 1 Subs: 0 Destroyers: 0
Enemy Attack Options (aggregated max):
  Land: French_Indo_China_Thailand Inf: 0 Art: 0 Tank: 0 Ftr: 1 Bmb: 0 Str: 3
  Land: Solomon_Islands Inf: 0 Art: 0 Tank: 0 Ftr: 1 Bmb: 0 Str: 3
  Land: Wake_Island Inf: 0 Art: 0 Tank: 0 Ftr: 1 Bmb: 0 Str: 3
  Land: Yunnan Inf: 0 Art: 0 Tank: 0 Ftr: 1 Bmb: 0 Str: 3
      [SAFE] Sequential Battle Results: TUV=-8.53, Invaded%=0.0%, Battles=1
      [SAFE] Sequential Battle Results: TUV=-2.88, Invaded%=0.0%, Battles=1
      [SAFE] Sequential Battle Results: TUV=-2.90, Invaded%=0.0%, Battles=1
      [SAFE] Sequential Battle Results: TUV=-8.52, Invaded%=0.0%, Battles=1
    Possible My Target Territory: India_Air
      Battle Results (TUV, Invaded %):  8 ,  1
      Attack Value:  32
    Possible My Target Territory: Midway_Air
      Battle Results (TUV, Invaded %):  -1.575 ,  0
    Possible My Target Territory: Szechwan_Air
      Battle Results (TUV, Invaded %):  7.966 ,  1
      Attack Value:  7.966
Trying  Szechwan

======================================================================
PRO AI TURN COMPLETE
======================================================================
Next Player: USA
Final Money: 33 IPCs
Units Added: 5
Game Score: 0.1
======================================================================

round_num:  88
[1;32m --------------------
Current Player:  USA
Money:  40 [1;0m 

[1;95mAnglo_Egyptian_Sudan (Owner:  Eng )
[1;32m (Units:  USA )
INF_1_MOVES : 2
ARTY_1_MOVES : 1
TANK_2_MOVES : 2
[1;31m[1;34m[1;95m (Units:  Eng )
FIGHTER : 1
[1;33m
[1;34mBaltic_States (Owner:  Ger )
[1;32m[1;31m[1;34m (Units:  Ger )
INF : 2
[1;95m[1;33m
[1;95mBelgian_Congo (Owner:  Eng )
[1;32m (Units:  USA )
INF_1_MOVES : 1
ARTY_1_MOVES : 2
TANK_2_MOVES : 4
[1;31m[1;34m[1;95m[1;33m
[1;33mBorneo (Owner:  Jap )
[1;32m[1;31m[1;34m[1;95m[1;33m (Units:  Jap )
INF : 1

[1;33mCaroline_Islands (Owner:  Jap )
[1;32m[1;31m[1;34m[1;95m[1;33m (Units:  Jap )
INF : 1

[1;31mCaucasus (Owner:  Rus ) builds: 3 factory-prod: 4
[1;32m (Units:  USA )
INF_1_MOVES : 8
ARTY_1_MOVES : 6
TANK_2_MOVES : 9
[1;31m (Units:  Rus )
INF : 26
ARTY : 3
[1;34m[1;95m (Units:  Eng )
INF : 19
ARTY : 1
[1;33m
[1;33mEast_Indies (Owner:  Jap )
[1;32m[1;31m[1;34m[1;95m[1;33m (Units:  Jap )
INF : 2

[1;95mEastern_Australia (Owner:  Eng )
[1;32m[1;31m[1;34m[1;95m (Units:  Eng )
INF : 2
[1;33m
[1;95mEastern_Canada (Owner:  Eng )
[1;32m[1;31m[1;34m[1;95m (Units:  Eng )
INF : 1
[1;33m
[1;32mEastern_United_States (Owner:  USA ) builds: 12 factory-prod: 12
[1;32m (Units:  USA )
INF_1_MOVES : 2
ARTY_1_MOVES : 1
TANK_2_MOVES : 3
FIGHTER_UNMOVED : 1
BOMBER_UNMOVED : 1
[1;31m[1;34m[1;95m[1;33m
[1;95mEgypt (Owner:  Eng )
[1;32m (Units:  USA )
ARTY_1_MOVES : 2
TANK_2_MOVES : 2
[1;31m[1;34m[1;95m[1;33m
[1;33mFrench_Indo_China_Thailand (Owner:  Jap )
[1;32m[1;31m[1;34m[1;95m[1;33m (Units:  Jap )
INF : 18
ARTY : 9
TANK : 21

[1;95mFrench_West_Africa (Owner:  Eng )
[1;32m (Units:  USA )
INF_1_MOVES : 1
ARTY_1_MOVES : 1
TANK_2_MOVES : 3
[1;31m[1;34m[1;95m[1;33m
[1;34mGermany (Owner:  Ger ) factory-prod: 10
[1;32m[1;31m[1;34m (Units:  Ger )
INF : 186
[1;95m[1;33m
[1;32mHawaiian_Islands (Owner:  USA )
[1;32m (Units:  USA )
INF_1_MOVES : 1
FIGHTER_UNMOVED : 1
[1;31m[1;34m[1;95m[1;33m
[1;95mIndia (Owner:  Eng ) factory-prod: 3
[1;32m[1;31m[1;34m[1;95m (Units:  Eng )
INF : 3
AAGUN : 1
[1;33m
[1;34mItaly (Owner:  Ger ) builds: 2 factory-prod: 3
[1;32m[1;31m[1;34m (Units:  Ger )
INF : 1
[1;95m[1;33m
[1;33mIwo_Jima (Owner:  Jap )
[1;32m[1;31m[1;34m[1;95m[1;33m (Units:  Jap )
INF : 1

[1;33mJapan (Owner:  Jap ) builds: 2 factory-prod: 8
[1;32m[1;31m[1;34m[1;95m[1;33m (Units:  Jap )
INF : 1
ARTY : 1
TANK : 3
FIGHTER : 1
BOMBER : 1

[1;31mKarelia_SSR (Owner:  Rus ) factory-prod: 2
[1;32m (Units:  USA )
INF_1_MOVES : 2
TANK_2_MOVES : 3
[1;31m (Units:  Rus )
INF : 1
[1;34m[1;95m (Units:  Eng )
INF : 9
ARTY : 1
TANK : 1
[1;33m
[1;32mMidway (Owner:  USA )
[1;32m (Units:  USA )
INF_1_MOVES : 1
[1;31m[1;34m[1;95m[1;33m
[1;33mNew_Guinea (Owner:  Jap )
[1;32m[1;31m[1;34m[1;95m[1;33m (Units:  Jap )
INF : 1

[1;95mNew_Zealand (Owner:  Eng )
[1;32m[1;31m[1;34m[1;95m (Units:  Eng )
INF : 1
[1;33m
[1;33mOkinawa (Owner:  Jap )
[1;32m[1;31m[1;34m[1;95m[1;33m (Units:  Jap )
INF : 1

[1;95mPersia (Owner:  Eng )
[1;32m (Units:  USA )
INF_1_MOVES : 1
TANK_2_MOVES : 2
[1;31m[1;34m[1;95m (Units:  Eng )
INF : 21
ARTY : 1
[1;33m
[1;33mPhilippine_Islands (Owner:  Jap )
[1;32m[1;31m[1;34m[1;95m[1;33m (Units:  Jap )
INF : 1
ARTY : 1

[1;31mRussia (Owner:  Rus ) builds: 7 factory-prod: 8
[1;32m[1;31m (Units:  Rus )
INF : 7
ARTY : 3
[1;34m[1;95m[1;33m
[1;33mSolomon_Islands (Owner:  Jap )
[1;32m[1;31m[1;34m[1;95m[1;33m (Units:  Jap )
INF : 1

[1;32mSzechwan (Owner:  USA )
[1;32m (Units:  USA )
FIGHTER_UNMOVED : 1
[1;31m[1;34m[1;95m[1;33m
[1;95mTrans_Jordan (Owner:  Eng )
[1;32m (Units:  USA )
INF_1_MOVES : 2
TANK_2_MOVES : 3
[1;31m[1;34m[1;95m[1;33m
[1;95mUnited_Kingdom (Owner:  Eng ) builds: 5 factory-prod: 8
[1;32m[1;31m[1;34m[1;95m (Units:  Eng )
FIGHTER : 2
BOMBER : 1
[1;33m
[1;33mWake_Island (Owner:  Jap )
[1;32m[1;31m[1;34m[1;95m[1;33m (Units:  Jap )
INF : 1

[1;32mWestern_United_States (Owner:  USA ) builds: 10 factory-prod: 10
[1;32m (Units:  USA )
INF_1_MOVES : 3
ARTY_1_MOVES : 1
FIGHTER_UNMOVED : 1
[1;31m[1;34m[1;95m[1;33m
[1;33mYunnan (Owner:  Jap )
[1;32m[1;31m[1;34m[1;95m[1;33m (Units:  Jap )
INF : 12
ARTY : 8
TANK : 24

[1;0mSea_3
[1;32m[1;31m (Units:  Rus )
TRANS_EMPTY : 1
DESTROYER : 4
BATTLESHIP : 2
[1;34m[1;95m[1;33m
[1;0mSea_4
[1;32m[1;31m (Units:  Rus )
TRANS_EMPTY : 1
SUB : 1
DESTROYER : 1
[1;34m (Units:  Ger )
DESTROYER : 1
[1;95m[1;33m
[1;0mSea_5
[1;32m[1;31m[1;34m (Units:  Ger )
TRANS_EMPTY : 1
SUB : 2
DESTROYER : 17
CRUISER : 1
[1;95m[1;33m
[1;0mSea_6
[1;32m[1;31m (Units:  Rus )
TRANS_EMPTY : 3
DESTROYER : 1
[1;34m[1;95m (Units:  Eng )
TRANS_EMPTY : 24
SUB : 2
DESTROYER : 1
[1;33m
[1;0mSea_8
[1;32m[1;31m[1;34m[1;95m (Units:  Eng )
TRANS_EMPTY : 1
DESTROYER : 29
CRUISER : 1
BATTLESHIP : 1
[1;33m
[1;0mSea_9
[1;32m[1;31m[1;34m (Units:  Ger )
SUB : 2
[1;95m[1;33m
[1;0mSea_11
[1;32m (Units:  USA )
TRANS_EMPTY_UNMOVED : 8
SUB_2_MOVES : 2
DESTROYER_2_MOVES : 2
[1;31m[1;34m[1;95m[1;33m
[1;0mSea_12
[1;32m (Units:  USA )
TRANS_EMPTY_UNMOVED : 6
DESTROYER_2_MOVES : 3
BATTLESHIP_2_MOVES : 1
[1;31m[1;34m[1;95m[1;33m
[1;0mSea_15
[1;32m[1;31m[1;34m (Units:  Ger )
SUB : 2
DESTROYER : 1
[1;95m[1;33m
[1;0mSea_16
[1;32m[1;31m (Units:  Rus )
TRANS_EMPTY : 7
SUB : 4
DESTROYER : 6
BATTLESHIP : 4
[1;34m[1;95m[1;33m
[1;0mSea_23
[1;32m (Units:  USA )
TRANS_EMPTY_UNMOVED : 2
[1;31m[1;34m[1;95m[1;33m
[1;0mSea_24
[1;32m (Units:  USA )
TRANS_EMPTY_UNMOVED : 4
[1;31m[1;34m[1;95m[1;33m
[1;0mSea_34
[1;32m[1;31m[1;34m[1;95m (Units:  Eng )
TRANS_EMPTY : 1
[1;33m
[1;0mSea_39
[1;32m[1;31m[1;34m[1;95m (Units:  Eng )
TRANS_EMPTY : 1
SUB : 1
DESTROYER : 1
CARRIER : 1
CRUISER : 2
FIGHTER : 1
[1;33m
[1;0mSea_44
[1;32m[1;31m[1;34m[1;95m[1;33m (Units:  Jap )
SUB : 1

[1;0mSea_53
[1;32m (Units:  USA )
SUB_2_MOVES : 1
[1;31m[1;34m[1;95m[1;33m
[1;0mSea_56
[1;32m (Units:  USA )
TRANS_EMPTY_UNMOVED : 15
DESTROYER_2_MOVES : 2
CARRIER_2_MOVES : 1
CRUISER_2_MOVES : 1
BATTLESHIP_2_MOVES : 7
FIGHTER_UNMOVED : 1
[1;31m[1;34m[1;95m[1;33m
[1;0mSea_60
[1;32m[1;31m[1;34m (Units:  Ger )
TRANS_EMPTY : 1
BATTLESHIP : 1
[1;95m[1;33m (Units:  Jap )
TRANS_EMPTY : 17
DESTROYER : 2

[1;0mSea_61
[1;32m[1;31m[1;34m[1;95m[1;33m (Units:  Jap )
TRANS_EMPTY : 4
DESTROYER : 3
CARRIER : 2
CRUISER : 1
BATTLESHIP : 3
FIGHTER : 3

[1;0m

======================================================================
PRO AI SINGLE TURN TEST (TripleA Purchase & Place)
======================================================================
Starting Player: USA
Starting Money: 40 IPCs
Total units on board: 69
======================================================================
Enemy Attack Options (per-enemy):
Enemy: Ger
  Land: Karelia_SSR Infantry: 2
  Sea: Sea_11 Fighters: 0 Subs: 2 Destroyers: 0
  Sea: Sea_12 Fighters: 0 Subs: 2 Destroyers: 0
  Sea: Sea_23 Fighters: 0 Subs: 2 Destroyers: 0
Enemy: Jap
  Land: Midway Bombers: 1
  Land: Szechwan Bombers: 1
  Land: Szechwan Infantry: 12
  Land: Szechwan Artillery: 8
  Land: Szechwan Tanks: 24
  Sea: Sea_53 Fighters: 0 Subs: 1 Destroyers: 0
  Sea: Sea_56 Fighters: 0 Subs: 1 Destroyers: 0
Enemy Attack Options (aggregated max):
  Land: Karelia_SSR Inf: 2 Art: 0 Tank: 0 Ftr: 0 Bmb: 0 Str: 2
  Land: Midway Inf: 0 Art: 0 Tank: 0 Ftr: 0 Bmb: 1 Str: 4
  Land: Szechwan Inf: 12 Art: 8 Tank: 24 Ftr: 0 Bmb: 1 Str: 104
      [SAFE] Sequential Battle Results: TUV=-1.64, Invaded%=0.0%, Battles=1
    Possible My Target Territory: Baltic_States_Air
      Battle Results (TUV, Invaded %):  3.8519999999999999 ,  1
      Attack Value:  3.8519999999999999
    Possible My Target Territory: French_Indo_China_Thailand_Air
      Battle Results (TUV, Invaded %):  -8.526999999999999 ,  0
    Possible My Target Territory: Solomon_Islands_Air
      Battle Results (TUV, Invaded %):  -2.9009999999999998 ,  0
    Possible My Target Territory: Wake_Island_Air
      Battle Results (TUV, Invaded %):  -2.9009999999999998 ,  0
    Possible My Target Territory: Yunnan_Air
      Battle Results (TUV, Invaded %):  -8.506 ,  0
Trying  Baltic_States
Simulated battle results:  Battle_Results{avg_TUV_swing = 0, invaded_percent = 0, avg_survivor_def_power = 0}

======================================================================
PRO AI TURN COMPLETE
======================================================================
Next Player: Rus
Final Money: 41 IPCs
Units Added: 5
Game Score: 0.1
======================================================================

round_num:  89
[1;31m --------------------
Current Player:  Rus
Money:  29 [1;0m 

[1;95mAnglo_Egyptian_Sudan (Owner:  Eng )
[1;31m[1;34m[1;95m (Units:  Eng )
FIGHTER : 1
[1;33m[1;32m (Units:  USA )
INF : 1
ARTY : 2
TANK : 4

[1;34mBaltic_States (Owner:  Ger )
[1;31m[1;34m (Units:  Ger )
INF : 2
[1;95m[1;33m[1;32m
[1;95mBelgian_Congo (Owner:  Eng )
[1;31m[1;34m[1;95m[1;33m[1;32m (Units:  USA )
INF : 1
TANK : 2

[1;33mBorneo (Owner:  Jap )
[1;31m[1;34m[1;95m[1;33m (Units:  Jap )
INF : 1
[1;32m
[1;33mCaroline_Islands (Owner:  Jap )
[1;31m[1;34m[1;95m[1;33m (Units:  Jap )
INF : 1
[1;32m
[1;31mCaucasus (Owner:  Rus ) builds: 4 factory-prod: 4
[1;31m (Units:  Rus )
INF_1_MOVES : 26
ARTY_1_MOVES : 3
[1;34m[1;95m (Units:  Eng )
INF : 19
ARTY : 1
[1;33m[1;32m (Units:  USA )
INF : 9
ARTY : 6
TANK : 11

[1;33mEast_Indies (Owner:  Jap )
[1;31m[1;34m[1;95m[1;33m (Units:  Jap )
INF : 2
[1;32m
[1;95mEastern_Australia (Owner:  Eng )
[1;31m[1;34m[1;95m (Units:  Eng )
INF : 2
[1;33m[1;32m
[1;95mEastern_Canada (Owner:  Eng )
[1;31m[1;34m[1;95m (Units:  Eng )
INF : 1
[1;33m[1;32m
[1;32mEastern_United_States (Owner:  USA ) builds: 6 factory-prod: 12
[1;31m[1;34m[1;95m[1;33m[1;32m (Units:  USA )
INF : 1
ARTY : 1
TANK : 3
FIGHTER : 1
BOMBER : 1

[1;95mEgypt (Owner:  Eng )
[1;31m[1;34m[1;95m[1;33m[1;32m (Units:  USA )
INF : 2
ARTY : 1
TANK : 2

[1;31mFinland (Owner:  Rus )
[1;31m[1;34m[1;95m[1;33m[1;32m (Units:  USA )
INF : 2
TANK : 3

[1;95mFrench_Equatorial_Africa (Owner:  Eng )
[1;31m[1;34m[1;95m[1;33m[1;32m (Units:  USA )
ARTY : 1
TANK : 1

[1;33mFrench_Indo_China_Thailand (Owner:  Jap )
[1;31m[1;34m[1;95m[1;33m (Units:  Jap )
INF : 18
ARTY : 9
TANK : 21
[1;32m
[1;95mFrench_West_Africa (Owner:  Eng )
[1;31m[1;34m[1;95m[1;33m[1;32m (Units:  USA )
INF : 2
ARTY : 1
TANK : 3

[1;34mGermany (Owner:  Ger ) factory-prod: 10
[1;31m[1;34m (Units:  Ger )
INF : 186
[1;95m[1;33m[1;32m
[1;32mHawaiian_Islands (Owner:  USA )
[1;31m[1;34m[1;95m[1;33m[1;32m (Units:  USA )
INF : 1
FIGHTER : 1

[1;95mIndia (Owner:  Eng ) factory-prod: 3
[1;31m[1;34m[1;95m (Units:  Eng )
INF : 3
AAGUN : 1
[1;33m[1;32m
[1;34mItaly (Owner:  Ger ) builds: 2 factory-prod: 3
[1;31m[1;34m (Units:  Ger )
INF : 1
[1;95m[1;33m[1;32m
[1;33mIwo_Jima (Owner:  Jap )
[1;31m[1;34m[1;95m[1;33m (Units:  Jap )
INF : 1
[1;32m
[1;33mJapan (Owner:  Jap ) builds: 2 factory-prod: 8
[1;31m[1;34m[1;95m[1;33m (Units:  Jap )
INF : 1
ARTY : 1
TANK : 3
FIGHTER : 1
BOMBER : 1
[1;32m
[1;31mKarelia_SSR (Owner:  Rus ) builds: 2 factory-prod: 2
[1;31m (Units:  Rus )
INF_1_MOVES : 1
[1;34m[1;95m (Units:  Eng )
INF : 9
ARTY : 1
TANK : 1
[1;33m[1;32m
[1;32mMidway (Owner:  USA )
[1;31m[1;34m[1;95m[1;33m[1;32m (Units:  USA )
INF : 1

[1;33mNew_Guinea (Owner:  Jap )
[1;31m[1;34m[1;95m[1;33m (Units:  Jap )
INF : 1
[1;32m
[1;95mNew_Zealand (Owner:  Eng )
[1;31m[1;34m[1;95m (Units:  Eng )
INF : 1
[1;33m[1;32m
[1;33mOkinawa (Owner:  Jap )
[1;31m[1;34m[1;95m[1;33m (Units:  Jap )
INF : 1
[1;32m
[1;95mPersia (Owner:  Eng )
[1;31m[1;34m[1;95m (Units:  Eng )
INF : 21
ARTY : 1
[1;33m[1;32m (Units:  USA )
INF : 2
TANK : 3

[1;33mPhilippine_Islands (Owner:  Jap )
[1;31m[1;34m[1;95m[1;33m (Units:  Jap )
INF : 1
ARTY : 1
[1;32m
[1;31mRussia (Owner:  Rus ) builds: 8 factory-prod: 8
[1;31m (Units:  Rus )
INF_1_MOVES : 7
ARTY_1_MOVES : 3
[1;34m[1;95m[1;33m[1;32m
[1;33mSolomon_Islands (Owner:  Jap )
[1;31m[1;34m[1;95m[1;33m (Units:  Jap )
INF : 1
[1;32m
[1;32mSzechwan (Owner:  USA )
[1;31m[1;34m[1;95m[1;33m[1;32m (Units:  USA )
FIGHTER : 1

[1;95mTrans_Jordan (Owner:  Eng )
[1;31m[1;34m[1;95m[1;33m[1;32m (Units:  USA )
ARTY : 2
TANK : 2

[1;95mUnited_Kingdom (Owner:  Eng ) builds: 5 factory-prod: 8
[1;31m[1;34m[1;95m (Units:  Eng )
FIGHTER : 2
BOMBER : 1
[1;33m[1;32m
[1;33mWake_Island (Owner:  Jap )
[1;31m[1;34m[1;95m[1;33m (Units:  Jap )
INF : 1
[1;32m
[1;32mWestern_United_States (Owner:  USA ) builds: 9 factory-prod: 10
[1;31m[1;34m[1;95m[1;33m[1;32m (Units:  USA )
INF : 3
ARTY : 1
FIGHTER : 1

[1;33mYunnan (Owner:  Jap )
[1;31m[1;34m[1;95m[1;33m (Units:  Jap )
INF : 12
ARTY : 8
TANK : 24
[1;32m
[1;0mSea_3
[1;31m (Units:  Rus )
TRANS_EMPTY_UNMOVED : 1
DESTROYER_2_MOVES : 4
BATTLESHIP_2_MOVES : 2
[1;34m[1;95m[1;33m[1;32m
[1;0mSea_4
[1;31m (Units:  Rus )
TRANS_EMPTY_UNMOVED : 1
SUB_2_MOVES : 1
DESTROYER_2_MOVES : 1
[1;34m (Units:  Ger )
DESTROYER : 1
[1;95m[1;33m[1;32m
[1;0mSea_5
[1;31m[1;34m (Units:  Ger )
TRANS_EMPTY : 1
SUB : 2
DESTROYER : 17
CRUISER : 1
[1;95m[1;33m[1;32m
[1;0mSea_6
[1;31m (Units:  Rus )
TRANS_EMPTY_UNMOVED : 3
DESTROYER_2_MOVES : 1
[1;34m[1;95m (Units:  Eng )
TRANS_EMPTY : 24
SUB : 2
DESTROYER : 1
[1;33m[1;32m
[1;0mSea_8
[1;31m[1;34m[1;95m (Units:  Eng )
TRANS_EMPTY : 1
DESTROYER : 29
CRUISER : 1
BATTLESHIP : 1
[1;33m[1;32m
[1;0mSea_9
[1;31m[1;34m (Units:  Ger )
SUB : 2
[1;95m[1;33m[1;32m
[1;0mSea_11
[1;31m[1;34m[1;95m[1;33m[1;32m (Units:  USA )
TRANS_EMPTY : 11
SUB : 2
DESTROYER : 2

[1;0mSea_12
[1;31m[1;34m[1;95m[1;33m[1;32m (Units:  USA )
TRANS_EMPTY : 2
DESTROYER : 3
BATTLESHIP : 1

[1;0mSea_15
[1;31m[1;34m (Units:  Ger )
SUB : 2
DESTROYER : 1
[1;95m[1;33m[1;32m
[1;0mSea_16
[1;31m (Units:  Rus )
TRANS_EMPTY_UNMOVED : 7
SUB_2_MOVES : 4
DESTROYER_2_MOVES : 6
BATTLESHIP_2_MOVES : 4
[1;34m[1;95m[1;33m[1;32m
[1;0mSea_23
[1;31m[1;34m[1;95m[1;33m[1;32m (Units:  USA )
TRANS_EMPTY : 6

[1;0mSea_24
[1;31m[1;34m[1;95m[1;33m[1;32m (Units:  USA )
TRANS_EMPTY : 2

[1;0mSea_34
[1;31m[1;34m[1;95m (Units:  Eng )
TRANS_EMPTY : 1
[1;33m[1;32m
[1;0mSea_39
[1;31m[1;34m[1;95m (Units:  Eng )
TRANS_EMPTY : 1
SUB : 1
DESTROYER : 1
CARRIER : 1
CRUISER : 2
FIGHTER : 1
[1;33m[1;32m
[1;0mSea_44
[1;31m[1;34m[1;95m[1;33m (Units:  Jap )
SUB : 1
[1;32m
[1;0mSea_53
[1;31m[1;34m[1;95m[1;33m[1;32m (Units:  USA )
SUB : 1

[1;0mSea_56
[1;31m[1;34m[1;95m[1;33m[1;32m (Units:  USA )
TRANS_EMPTY : 16
DESTROYER : 2
CARRIER : 1
CRUISER : 1
BATTLESHIP : 7
FIGHTER : 1

[1;0mSea_60
[1;31m[1;34m (Units:  Ger )
TRANS_EMPTY : 1
BATTLESHIP : 1
[1;95m[1;33m (Units:  Jap )
TRANS_EMPTY : 17
DESTROYER : 2
[1;32m
[1;0mSea_61
[1;31m[1;34m[1;95m[1;33m (Units:  Jap )
TRANS_EMPTY : 4
DESTROYER : 3
CARRIER : 2
CRUISER : 1
BATTLESHIP : 3
FIGHTER : 3
[1;32m
[1;0m

======================================================================
PRO AI SINGLE TURN TEST (TripleA Purchase & Place)
======================================================================
Starting Player: Rus
Starting Money: 29 IPCs
Total units on board: 40
======================================================================
Enemy Attack Options (per-enemy):
Enemy: Ger
  Land: Karelia_SSR Infantry: 2
  Sea: Sea_3 Fighters: 0 Subs: 4 Destroyers: 18
  Sea: Sea_6 Fighters: 0 Subs: 4 Destroyers: 18
  Sea: Sea_16 Fighters: 0 Subs: 2 Destroyers: 1
Enemy: Jap
Enemy Attack Options (aggregated max):
  Land: Karelia_SSR Inf: 2 Art: 0 Tank: 0 Ftr: 0 Bmb: 0 Str: 2
      [SAFE] Sequential Battle Results: TUV=-5.03, Invaded%=0.0%, Battles=1
    Possible My Target Territory: Baltic_States_Air
      Battle Results (TUV, Invaded %):  -2.3159999999999998 ,  0.012999999999999999

======================================================================
PRO AI TURN COMPLETE
======================================================================
Next Player: Ger
Final Money: 27 IPCs
Units Added: 2
Game Score: -0.1
======================================================================

round_num:  90
[1;34m --------------------
Current Player:  Ger
Money:  38 [1;0m 

[1;95mAnglo_Egyptian_Sudan (Owner:  Eng )
[1;34m[1;31m[1;95m (Units:  Eng )
FIGHTER : 1
[1;33m[1;32m (Units:  USA )
INF : 1
ARTY : 2
TANK : 4

[1;31mArchangel (Owner:  Rus )
[1;34m[1;31m (Units:  Rus )
INF : 1
[1;95m[1;33m[1;32m
[1;34mBaltic_States (Owner:  Ger )
[1;34m (Units:  Ger )
INF_1_MOVES : 2
[1;31m[1;95m[1;33m[1;32m
[1;95mBelgian_Congo (Owner:  Eng )
[1;34m[1;31m[1;95m[1;33m[1;32m (Units:  USA )
INF : 1
TANK : 2

[1;33mBorneo (Owner:  Jap )
[1;34m[1;31m[1;95m[1;33m (Units:  Jap )
INF : 1
[1;32m
[1;33mCaroline_Islands (Owner:  Jap )
[1;34m[1;31m[1;95m[1;33m (Units:  Jap )
INF : 1
[1;32m
[1;31mCaucasus (Owner:  Rus ) builds: 3 factory-prod: 4
[1;34m[1;31m (Units:  Rus )
INF : 7
ARTY : 3
[1;95m (Units:  Eng )
INF : 19
ARTY : 1
[1;33m[1;32m (Units:  USA )
INF : 9
ARTY : 6
TANK : 11

[1;33mEast_Indies (Owner:  Jap )
[1;34m[1;31m[1;95m[1;33m (Units:  Jap )
INF : 2
[1;32m
[1;95mEastern_Australia (Owner:  Eng )
[1;34m[1;31m[1;95m (Units:  Eng )
INF : 2
[1;33m[1;32m
[1;95mEastern_Canada (Owner:  Eng )
[1;34m[1;31m[1;95m (Units:  Eng )
INF : 1
[1;33m[1;32m
[1;32mEastern_United_States (Owner:  USA ) builds: 6 factory-prod: 12
[1;34m[1;31m[1;95m[1;33m[1;32m (Units:  USA )
INF : 1
ARTY : 1
TANK : 3
FIGHTER : 1
BOMBER : 1

[1;95mEgypt (Owner:  Eng )
[1;34m[1;31m[1;95m[1;33m[1;32m (Units:  USA )
INF : 2
ARTY : 1
TANK : 2

[1;31mFinland (Owner:  Rus )
[1;34m[1;31m[1;95m[1;33m[1;32m (Units:  USA )
INF : 2
TANK : 3

[1;95mFrench_Equatorial_Africa (Owner:  Eng )
[1;34m[1;31m[1;95m[1;33m[1;32m (Units:  USA )
ARTY : 1
TANK : 1

[1;33mFrench_Indo_China_Thailand (Owner:  Jap )
[1;34m[1;31m[1;95m[1;33m (Units:  Jap )
INF : 18
ARTY : 9
TANK : 21
[1;32m
[1;95mFrench_West_Africa (Owner:  Eng )
[1;34m[1;31m[1;95m[1;33m[1;32m (Units:  USA )
INF : 2
ARTY : 1
TANK : 3

[1;34mGermany (Owner:  Ger ) builds: 10 factory-prod: 10
[1;34m (Units:  Ger )
INF_1_MOVES : 186
[1;31m[1;95m[1;33m[1;32m
[1;32mHawaiian_Islands (Owner:  USA )
[1;34m[1;31m[1;95m[1;33m[1;32m (Units:  USA )
INF : 1
FIGHTER : 1

[1;95mIndia (Owner:  Eng ) factory-prod: 3
[1;34m[1;31m[1;95m (Units:  Eng )
INF : 3
AAGUN : 1
[1;33m[1;32m
[1;34mItaly (Owner:  Ger ) builds: 3 factory-prod: 3
[1;34m (Units:  Ger )
INF_1_MOVES : 1
[1;31m[1;95m[1;33m[1;32m
[1;33mIwo_Jima (Owner:  Jap )
[1;34m[1;31m[1;95m[1;33m (Units:  Jap )
INF : 1
[1;32m
[1;33mJapan (Owner:  Jap ) builds: 2 factory-prod: 8
[1;34m[1;31m[1;95m[1;33m (Units:  Jap )
INF : 1
ARTY : 1
TANK : 3
FIGHTER : 1
BOMBER : 1
[1;32m
[1;31mKarelia_SSR (Owner:  Rus ) factory-prod: 2
[1;34m[1;31m[1;95m (Units:  Eng )
INF : 9
ARTY : 1
TANK : 1
[1;33m[1;32m
[1;32mMidway (Owner:  USA )
[1;34m[1;31m[1;95m[1;33m[1;32m (Units:  USA )
INF : 1

[1;33mNew_Guinea (Owner:  Jap )
[1;34m[1;31m[1;95m[1;33m (Units:  Jap )
INF : 1
[1;32m
[1;95mNew_Zealand (Owner:  Eng )
[1;34m[1;31m[1;95m (Units:  Eng )
INF : 1
[1;33m[1;32m
[1;33mOkinawa (Owner:  Jap )
[1;34m[1;31m[1;95m[1;33m (Units:  Jap )
INF : 1
[1;32m
[1;95mPersia (Owner:  Eng )
[1;34m[1;31m[1;95m (Units:  Eng )
INF : 21
ARTY : 1
[1;33m[1;32m (Units:  USA )
INF : 2
TANK : 3

[1;33mPhilippine_Islands (Owner:  Jap )
[1;34m[1;31m[1;95m[1;33m (Units:  Jap )
INF : 1
ARTY : 1
[1;32m
[1;31mRussia (Owner:  Rus ) builds: 6 factory-prod: 8
[1;34m[1;31m (Units:  Rus )
INF : 27
ARTY : 4
[1;95m[1;33m[1;32m
[1;33mSolomon_Islands (Owner:  Jap )
[1;34m[1;31m[1;95m[1;33m (Units:  Jap )
INF : 1
[1;32m
[1;32mSzechwan (Owner:  USA )
[1;34m[1;31m[1;95m[1;33m[1;32m (Units:  USA )
FIGHTER : 1

[1;95mTrans_Jordan (Owner:  Eng )
[1;34m[1;31m[1;95m[1;33m[1;32m (Units:  USA )
ARTY : 2
TANK : 2

[1;95mUnited_Kingdom (Owner:  Eng ) builds: 5 factory-prod: 8
[1;34m[1;31m[1;95m (Units:  Eng )
FIGHTER : 2
BOMBER : 1
[1;33m[1;32m
[1;33mWake_Island (Owner:  Jap )
[1;34m[1;31m[1;95m[1;33m (Units:  Jap )
INF : 1
[1;32m
[1;32mWestern_United_States (Owner:  USA ) builds: 9 factory-prod: 10
[1;34m[1;31m[1;95m[1;33m[1;32m (Units:  USA )
INF : 3
ARTY : 1
FIGHTER : 1

[1;33mYunnan (Owner:  Jap )
[1;34m[1;31m[1;95m[1;33m (Units:  Jap )
INF : 12
ARTY : 8
TANK : 24
[1;32m
[1;0mSea_3
[1;34m[1;31m (Units:  Rus )
TRANS_EMPTY : 1
DESTROYER : 5
BATTLESHIP : 2
[1;95m[1;33m[1;32m
[1;0mSea_4
[1;34m (Units:  Ger )
DESTROYER_2_MOVES : 1
[1;31m (Units:  Rus )
TRANS_EMPTY : 1
SUB : 1
DESTROYER : 1
[1;95m[1;33m[1;32m
[1;0mSea_5
[1;34m (Units:  Ger )
TRANS_EMPTY_UNMOVED : 1
SUB_2_MOVES : 2
DESTROYER_2_MOVES : 17
CRUISER_2_MOVES : 1
[1;31m[1;95m[1;33m[1;32m
[1;0mSea_6
[1;34m[1;31m (Units:  Rus )
TRANS_EMPTY : 4
DESTROYER : 1
[1;95m (Units:  Eng )
TRANS_EMPTY : 24
SUB : 2
DESTROYER : 1
[1;33m[1;32m
[1;0mSea_8
[1;34m[1;31m[1;95m (Units:  Eng )
TRANS_EMPTY : 1
DESTROYER : 29
CRUISER : 1
BATTLESHIP : 1
[1;33m[1;32m
[1;0mSea_9
[1;34m (Units:  Ger )
SUB_2_MOVES : 2
[1;31m[1;95m[1;33m[1;32m
[1;0mSea_11
[1;34m[1;31m[1;95m[1;33m[1;32m (Units:  USA )
TRANS_EMPTY : 11
SUB : 2
DESTROYER : 2

[1;0mSea_12
[1;34m[1;31m[1;95m[1;33m[1;32m (Units:  USA )
TRANS_EMPTY : 2
DESTROYER : 3
BATTLESHIP : 1

[1;0mSea_15
[1;34m (Units:  Ger )
SUB_2_MOVES : 2
DESTROYER_2_MOVES : 1
[1;31m[1;95m[1;33m[1;32m
[1;0mSea_16
[1;34m[1;31m (Units:  Rus )
TRANS_EMPTY : 8
SUB : 4
DESTROYER : 6
BATTLESHIP : 4
[1;95m[1;33m[1;32m
[1;0mSea_23
[1;34m[1;31m[1;95m[1;33m[1;32m (Units:  USA )
TRANS_EMPTY : 6

[1;0mSea_24
[1;34m[1;31m[1;95m[1;33m[1;32m (Units:  USA )
TRANS_EMPTY : 2

[1;0mSea_34
[1;34m[1;31m[1;95m (Units:  Eng )
TRANS_EMPTY : 1
[1;33m[1;32m
[1;0mSea_39
[1;34m[1;31m[1;95m (Units:  Eng )
TRANS_EMPTY : 1
SUB : 1
DESTROYER : 1
CARRIER : 1
CRUISER : 2
FIGHTER : 1
[1;33m[1;32m
[1;0mSea_44
[1;34m[1;31m[1;95m[1;33m (Units:  Jap )
SUB : 1
[1;32m
[1;0mSea_53
[1;34m[1;31m[1;95m[1;33m[1;32m (Units:  USA )
SUB : 1

[1;0mSea_56
[1;34m[1;31m[1;95m[1;33m[1;32m (Units:  USA )
TRANS_EMPTY : 16
DESTROYER : 2
CARRIER : 1
CRUISER : 1
BATTLESHIP : 7
FIGHTER : 1

[1;0mSea_60
[1;34m (Units:  Ger )
TRANS_EMPTY_UNMOVED : 1
BATTLESHIP_2_MOVES : 1
[1;31m[1;95m[1;33m (Units:  Jap )
TRANS_EMPTY : 17
DESTROYER : 2
[1;32m
[1;0mSea_61
[1;34m[1;31m[1;95m[1;33m (Units:  Jap )
TRANS_EMPTY : 4
DESTROYER : 3
CARRIER : 2
CRUISER : 1
BATTLESHIP : 3
FIGHTER : 3
[1;32m
[1;0m

======================================================================
PRO AI SINGLE TURN TEST (TripleA Purchase & Place)
======================================================================
Starting Player: Ger
Starting Money: 38 IPCs
Total units on board: 189
======================================================================
Enemy Attack Options (per-enemy):
Enemy: Rus
  Land: Ukraine_SSR Infantry: 7
  Land: Ukraine_SSR Artillery: 3
  Sea: Sea_4 Fighters: 0 Subs: 0 Destroyers: 6
  Sea: Sea_5 Fighters: 0 Subs: 0 Destroyers: 6
  Sea: Sea_9 Fighters: 0 Subs: 0 Destroyers: 6
  Sea: Sea_15 Fighters: 0 Subs: 4 Destroyers: 6
Enemy: Eng
  Land: Baltic_States Bombers: 1
  Land: Baltic_States Infantry: 9
  Land: Baltic_States Artillery: 1
  Land: Baltic_States Tanks: 1
  Land: Belorussia Infantry: 9
  Land: Belorussia Artillery: 1
  Land: Belorussia Tanks: 1
  Land: Germany Bombers: 1
  Land: Italy Fighters: 2
  Land: Italy Bombers: 1
  Land: Poland Tanks: 1
  Land: Ukraine_SSR Infantry: 19
  Land: Ukraine_SSR Artillery: 1
  Land: Ukraine_SSR Tanks: 1
  Sea: Sea_4 Fighters: 0 Subs: 2 Destroyers: 1
  Sea: Sea_5 Fighters: 2 Subs: 2 Destroyers: 30
  Sea: Sea_9 Fighters: 0 Subs: 2 Destroyers: 30
Enemy: USA
  Land: Algeria Tanks: 2
  Land: Belorussia Tanks: 11
  Land: Bulgaria_Romania Tanks: 11
  Land: Libya Infantry: 2
  Land: Libya Artillery: 1
  Land: Libya Tanks: 2
  Land: Norway Infantry: 2
  Land: Norway Tanks: 3
  Land: Poland Tanks: 11
  Land: Ukraine_SSR Infantry: 9
  Land: Ukraine_SSR Artillery: 6
  Land: Ukraine_SSR Tanks: 11
  Sea: Sea_9 Fighters: 0 Subs: 2 Destroyers: 5
  Sea: Sea_60 Fighters: 1 Subs: 0 Destroyers: 0
Enemy Attack Options (aggregated max):
  Land: Algeria Inf: 0 Art: 0 Tank: 2 Ftr: 0 Bmb: 0 Str: 6
  Land: Baltic_States Inf: 9 Art: 1 Tank: 1 Ftr: 0 Bmb: 1 Str: 18
  Land: Belorussia Inf: 0 Art: 0 Tank: 11 Ftr: 0 Bmb: 0 Str: 33
  Land: Bulgaria_Romania Inf: 0 Art: 0 Tank: 11 Ftr: 0 Bmb: 0 Str: 33
  Land: Germany Inf: 0 Art: 0 Tank: 0 Ftr: 0 Bmb: 1 Str: 4
  Land: Italy Inf: 0 Art: 0 Tank: 0 Ftr: 2 Bmb: 1 Str: 10
  Land: Libya Inf: 2 Art: 1 Tank: 2 Ftr: 0 Bmb: 0 Str: 10
  Land: Norway Inf: 2 Art: 0 Tank: 3 Ftr: 0 Bmb: 0 Str: 11
  Land: Poland Inf: 0 Art: 0 Tank: 11 Ftr: 0 Bmb: 0 Str: 33
  Land: Ukraine_SSR Inf: 9 Art: 6 Tank: 11 Ftr: 0 Bmb: 0 Str: 54
      [SAFE] Sequential Battle Results: TUV=-9.93, Invaded%=0.0%, Battles=1
      [SAFE] Sequential Battle Results: TUV=-0.37, Invaded%=0.0%, Battles=1
    Possible My Target Territory: Karelia_SSR_Air
      Battle Results (TUV, Invaded %):  -4.998 ,  0

======================================================================
PRO AI TURN COMPLETE
======================================================================
Next Player: Eng
Final Money: 38 IPCs
Units Added: 10
Game Score: 0.1
======================================================================

round_num:  91
[1;95m --------------------
Current Player:  Eng
Money:  31 [1;0m 

[1;95mAnglo_Egyptian_Sudan (Owner:  Eng )
[1;95m (Units:  Eng )
FIGHTER_UNMOVED : 1
[1;31m[1;34m[1;33m[1;32m (Units:  USA )
INF : 1
ARTY : 2
TANK : 4

[1;31mArchangel (Owner:  Rus )
[1;95m[1;31m (Units:  Rus )
INF : 1
[1;34m[1;33m[1;32m
[1;34mBaltic_States (Owner:  Ger )
[1;95m[1;31m[1;34m (Units:  Ger )
INF : 2
[1;33m[1;32m
[1;95mBelgian_Congo (Owner:  Eng )
[1;95m[1;31m[1;34m[1;33m[1;32m (Units:  USA )
INF : 1
TANK : 2

[1;33mBorneo (Owner:  Jap )
[1;95m[1;31m[1;34m[1;33m (Units:  Jap )
INF : 1
[1;32m
[1;33mCaroline_Islands (Owner:  Jap )
[1;95m[1;31m[1;34m[1;33m (Units:  Jap )
INF : 1
[1;32m
[1;31mCaucasus (Owner:  Rus ) builds: 3 factory-prod: 4
[1;95m (Units:  Eng )
INF_1_MOVES : 19
ARTY_1_MOVES : 1
[1;31m (Units:  Rus )
INF : 7
ARTY : 3
[1;34m[1;33m[1;32m (Units:  USA )
INF : 9
ARTY : 6
TANK : 11

[1;33mEast_Indies (Owner:  Jap )
[1;95m[1;31m[1;34m[1;33m (Units:  Jap )
INF : 2
[1;32m
[1;95mEastern_Australia (Owner:  Eng )
[1;95m (Units:  Eng )
INF_1_MOVES : 2
[1;31m[1;34m[1;33m[1;32m
[1;95mEastern_Canada (Owner:  Eng )
[1;95m (Units:  Eng )
INF_1_MOVES : 1
[1;31m[1;34m[1;33m[1;32m
[1;32mEastern_United_States (Owner:  USA ) builds: 6 factory-prod: 12
[1;95m[1;31m[1;34m[1;33m[1;32m (Units:  USA )
INF : 1
ARTY : 1
TANK : 3
FIGHTER : 1
BOMBER : 1

[1;95mEgypt (Owner:  Eng )
[1;95m[1;31m[1;34m[1;33m[1;32m (Units:  USA )
INF : 2
ARTY : 1
TANK : 2

[1;31mFinland (Owner:  Rus )
[1;95m[1;31m[1;34m[1;33m[1;32m (Units:  USA )
INF : 2
TANK : 3

[1;95mFrench_Equatorial_Africa (Owner:  Eng )
[1;95m[1;31m[1;34m[1;33m[1;32m (Units:  USA )
ARTY : 1
TANK : 1

[1;33mFrench_Indo_China_Thailand (Owner:  Jap )
[1;95m[1;31m[1;34m[1;33m (Units:  Jap )
INF : 18
ARTY : 9
TANK : 21
[1;32m
[1;95mFrench_West_Africa (Owner:  Eng )
[1;95m[1;31m[1;34m[1;33m[1;32m (Units:  USA )
INF : 2
ARTY : 1
TANK : 3

[1;34mGermany (Owner:  Ger ) factory-prod: 10
[1;95m[1;31m[1;34m (Units:  Ger )
INF : 196
[1;33m[1;32m
[1;32mHawaiian_Islands (Owner:  USA )
[1;95m[1;31m[1;34m[1;33m[1;32m (Units:  USA )
INF : 1
FIGHTER : 1

[1;95mIndia (Owner:  Eng ) builds: 3 factory-prod: 3
[1;95m (Units:  Eng )
INF_1_MOVES : 3
AAGUN_1_MOVES : 1
[1;31m[1;34m[1;33m[1;32m
[1;34mItaly (Owner:  Ger ) builds: 2 factory-prod: 3
[1;95m[1;31m[1;34m (Units:  Ger )
INF : 1
[1;33m[1;32m
[1;33mIwo_Jima (Owner:  Jap )
[1;95m[1;31m[1;34m[1;33m (Units:  Jap )
INF : 1
[1;32m
[1;33mJapan (Owner:  Jap ) builds: 2 factory-prod: 8
[1;95m[1;31m[1;34m[1;33m (Units:  Jap )
INF : 1
ARTY : 1
TANK : 3
FIGHTER : 1
BOMBER : 1
[1;32m
[1;31mKarelia_SSR (Owner:  Rus ) factory-prod: 2
[1;95m (Units:  Eng )
INF_1_MOVES : 9
ARTY_1_MOVES : 1
TANK_2_MOVES : 1
[1;31m[1;34m[1;33m[1;32m
[1;32mMidway (Owner:  USA )
[1;95m[1;31m[1;34m[1;33m[1;32m (Units:  USA )
INF : 1

[1;33mNew_Guinea (Owner:  Jap )
[1;95m[1;31m[1;34m[1;33m (Units:  Jap )
INF : 1
[1;32m
[1;95mNew_Zealand (Owner:  Eng )
[1;95m (Units:  Eng )
INF_1_MOVES : 1
[1;31m[1;34m[1;33m[1;32m
[1;33mOkinawa (Owner:  Jap )
[1;95m[1;31m[1;34m[1;33m (Units:  Jap )
INF : 1
[1;32m
[1;95mPersia (Owner:  Eng )
[1;95m (Units:  Eng )
INF_1_MOVES : 21
ARTY_1_MOVES : 1
[1;31m[1;34m[1;33m[1;32m (Units:  USA )
INF : 2
TANK : 3

[1;33mPhilippine_Islands (Owner:  Jap )
[1;95m[1;31m[1;34m[1;33m (Units:  Jap )
INF : 1
ARTY : 1
[1;32m
[1;31mRussia (Owner:  Rus ) builds: 6 factory-prod: 8
[1;95m[1;31m (Units:  Rus )
INF : 27
ARTY : 4
[1;34m[1;33m[1;32m
[1;33mSolomon_Islands (Owner:  Jap )
[1;95m[1;31m[1;34m[1;33m (Units:  Jap )
INF : 1
[1;32m
[1;32mSzechwan (Owner:  USA )
[1;95m[1;31m[1;34m[1;33m[1;32m (Units:  USA )
FIGHTER : 1

[1;95mTrans_Jordan (Owner:  Eng )
[1;95m[1;31m[1;34m[1;33m[1;32m (Units:  USA )
ARTY : 2
TANK : 2

[1;95mUnited_Kingdom (Owner:  Eng ) builds: 8 factory-prod: 8
[1;95m (Units:  Eng )
FIGHTER_UNMOVED : 2
BOMBER_UNMOVED : 1
[1;31m[1;34m[1;33m[1;32m
[1;33mWake_Island (Owner:  Jap )
[1;95m[1;31m[1;34m[1;33m (Units:  Jap )
INF : 1
[1;32m
[1;32mWestern_United_States (Owner:  USA ) builds: 9 factory-prod: 10
[1;95m[1;31m[1;34m[1;33m[1;32m (Units:  USA )
INF : 3
ARTY : 1
FIGHTER : 1

[1;33mYunnan (Owner:  Jap )
[1;95m[1;31m[1;34m[1;33m (Units:  Jap )
INF : 12
ARTY : 8
TANK : 24
[1;32m
[1;0mSea_3
[1;95m[1;31m (Units:  Rus )
TRANS_EMPTY : 1
DESTROYER : 5
BATTLESHIP : 2
[1;34m[1;33m[1;32m
[1;0mSea_4
[1;95m[1;31m (Units:  Rus )
TRANS_EMPTY : 1
SUB : 1
DESTROYER : 1
[1;34m (Units:  Ger )
DESTROYER : 1
[1;33m[1;32m
[1;0mSea_5
[1;95m[1;31m[1;34m (Units:  Ger )
TRANS_EMPTY : 1
SUB : 2
DESTROYER : 18
CRUISER : 1
[1;33m[1;32m
[1;0mSea_6
[1;95m (Units:  Eng )
TRANS_EMPTY_UNMOVED : 24
SUB_2_MOVES : 2
DESTROYER_2_MOVES : 1
[1;31m (Units:  Rus )
TRANS_EMPTY : 4
DESTROYER : 1
[1;34m[1;33m[1;32m
[1;0mSea_8
[1;95m (Units:  Eng )
TRANS_EMPTY_UNMOVED : 1
DESTROYER_2_MOVES : 29
CRUISER_2_MOVES : 1
BATTLESHIP_2_MOVES : 1
[1;31m[1;34m[1;33m[1;32m
[1;0mSea_9
[1;95m[1;31m[1;34m (Units:  Ger )
SUB : 2
[1;33m[1;32m
[1;0mSea_11
[1;95m[1;31m[1;34m[1;33m[1;32m (Units:  USA )
TRANS_EMPTY : 11
SUB : 2
DESTROYER : 2

[1;0mSea_12
[1;95m[1;31m[1;34m[1;33m[1;32m (Units:  USA )
TRANS_EMPTY : 2
DESTROYER : 3
BATTLESHIP : 1

[1;0mSea_15
[1;95m[1;31m[1;34m (Units:  Ger )
SUB : 2
DESTROYER : 1
[1;33m[1;32m
[1;0mSea_16
[1;95m[1;31m (Units:  Rus )
TRANS_EMPTY : 8
SUB : 4
DESTROYER : 6
BATTLESHIP : 4
[1;34m[1;33m[1;32m
[1;0mSea_23
[1;95m[1;31m[1;34m[1;33m[1;32m (Units:  USA )
TRANS_EMPTY : 6

[1;0mSea_24
[1;95m[1;31m[1;34m[1;33m[1;32m (Units:  USA )
TRANS_EMPTY : 2

[1;0mSea_34
[1;95m (Units:  Eng )
TRANS_EMPTY_UNMOVED : 1
[1;31m[1;34m[1;33m[1;32m
[1;0mSea_39
[1;95m (Units:  Eng )
TRANS_EMPTY_UNMOVED : 1
SUB_2_MOVES : 1
DESTROYER_2_MOVES : 1
CARRIER_2_MOVES : 1
CRUISER_2_MOVES : 2
FIGHTER_UNMOVED : 1
[1;31m[1;34m[1;33m[1;32m
[1;0mSea_44
[1;95m[1;31m[1;34m[1;33m (Units:  Jap )
SUB : 1
[1;32m
[1;0mSea_53
[1;95m[1;31m[1;34m[1;33m[1;32m (Units:  USA )
SUB : 1

[1;0mSea_56
[1;95m[1;31m[1;34m[1;33m[1;32m (Units:  USA )
TRANS_EMPTY : 16
DESTROYER : 2
CARRIER : 1
CRUISER : 1
BATTLESHIP : 7
FIGHTER : 1

[1;0mSea_60
[1;95m[1;31m[1;34m (Units:  Ger )
TRANS_EMPTY : 1
BATTLESHIP : 1
[1;33m (Units:  Jap )
TRANS_EMPTY : 17
DESTROYER : 2
[1;32m
[1;0mSea_61
[1;95m[1;31m[1;34m[1;33m (Units:  Jap )
TRANS_EMPTY : 4
DESTROYER : 3
CARRIER : 2
CRUISER : 1
BATTLESHIP : 3
FIGHTER : 3
[1;32m
[1;0m

======================================================================
PRO AI SINGLE TURN TEST (TripleA Purchase & Place)
======================================================================
Starting Player: Eng
Starting Money: 31 IPCs
Total units on board: 61
======================================================================
Enemy Attack Options (per-enemy):
Enemy: Ger
  Land: Karelia_SSR Infantry: 2
  Sea: Sea_6 Fighters: 0 Subs: 4 Destroyers: 19
  Sea: Sea_7 Fighters: 0 Subs: 4 Destroyers: 19
  Sea: Sea_8 Fighters: 0 Subs: 4 Destroyers: 18
  Sea: Sea_34 Fighters: 0 Subs: 2 Destroyers: 1
Enemy: Jap
  Land: Burma Infantry: 30
  Land: Burma Artillery: 17
  Land: Burma Tanks: 45
  Land: India Tanks: 45
  Sea: Sea_35 Fighters: 1 Subs: 0 Destroyers: 3
  Sea: Sea_39 Fighters: 0 Subs: 1 Destroyers: 0
Enemy Attack Options (aggregated max):
  Land: Burma Inf: 30 Art: 17 Tank: 45 Ftr: 0 Bmb: 0 Str: 199
  Land: India Inf: 0 Art: 0 Tank: 45 Ftr: 0 Bmb: 0 Str: 135
  Land: Karelia_SSR Inf: 2 Art: 0 Tank: 0 Ftr: 0 Bmb: 0 Str: 2
    Possible My Target Territory: Baltic_States_Air
      Battle Results (TUV, Invaded %):  3.954 ,  1
      Attack Value:  3.954
    Possible My Target Territory: Germany_Air
      Battle Results (TUV, Invaded %):  -9.981 ,  0
    Possible My Target Territory: Italy_Air
      Battle Results (TUV, Invaded %):  -0.28999999999999998 ,  0
Trying  Baltic_States
Simulated battle results:  Battle_Results{avg_TUV_swing = 0, invaded_percent = 0, avg_survivor_def_power = 0}

======================================================================
PRO AI TURN COMPLETE
======================================================================
Next Player: Jap
Final Money: 31 IPCs
Units Added: 3
Game Score: -0.1
======================================================================

round_num:  92
[1;33m --------------------
Current Player:  Jap
Money:  33 [1;0m 

[1;95mAnglo_Egyptian_Sudan (Owner:  Eng )
[1;33m[1;31m[1;34m[1;95m (Units:  Eng )
FIGHTER : 1
[1;32m (Units:  USA )
INF : 1
ARTY : 2
TANK : 4

[1;31mArchangel (Owner:  Rus )
[1;33m[1;31m (Units:  Rus )
INF : 1
[1;34m[1;95m[1;32m
[1;34mBaltic_States (Owner:  Ger )
[1;33m[1;31m[1;34m (Units:  Ger )
INF : 2
[1;95m[1;32m
[1;95mBelgian_Congo (Owner:  Eng )
[1;33m[1;31m[1;34m[1;95m[1;32m (Units:  USA )
INF : 1
TANK : 2

[1;33mBorneo (Owner:  Jap )
[1;33m (Units:  Jap )
INF_1_MOVES : 1
[1;31m[1;34m[1;95m[1;32m
[1;33mCaroline_Islands (Owner:  Jap )
[1;33m (Units:  Jap )
INF_1_MOVES : 1
[1;31m[1;34m[1;95m[1;32m
[1;31mCaucasus (Owner:  Rus ) builds: 3 factory-prod: 4
[1;33m[1;31m (Units:  Rus )
INF : 7
ARTY : 3
[1;34m[1;95m (Units:  Eng )
INF : 21
ARTY : 1
[1;32m (Units:  USA )
INF : 9
ARTY : 6
TANK : 11

[1;33mEast_Indies (Owner:  Jap )
[1;33m (Units:  Jap )
INF_1_MOVES : 2
[1;31m[1;34m[1;95m[1;32m
[1;95mEastern_Australia (Owner:  Eng )
[1;33m[1;31m[1;34m[1;95m (Units:  Eng )
INF : 2
[1;32m
[1;32mEastern_United_States (Owner:  USA ) builds: 6 factory-prod: 12
[1;33m[1;31m[1;34m[1;95m (Units:  Eng )
INF : 1
[1;32m (Units:  USA )
INF : 1
ARTY : 1
TANK : 3
FIGHTER : 1
BOMBER : 1

[1;95mEgypt (Owner:  Eng )
[1;33m[1;31m[1;34m[1;95m[1;32m (Units:  USA )
INF : 2
ARTY : 1
TANK : 2

[1;31mFinland (Owner:  Rus )
[1;33m[1;31m[1;34m[1;95m[1;32m (Units:  USA )
INF : 2
TANK : 3

[1;95mFrench_Equatorial_Africa (Owner:  Eng )
[1;33m[1;31m[1;34m[1;95m[1;32m (Units:  USA )
ARTY : 1
TANK : 1

[1;33mFrench_Indo_China_Thailand (Owner:  Jap )
[1;33m (Units:  Jap )
INF_1_MOVES : 18
ARTY_1_MOVES : 9
TANK_2_MOVES : 21
[1;31m[1;34m[1;95m[1;32m
[1;95mFrench_West_Africa (Owner:  Eng )
[1;33m[1;31m[1;34m[1;95m[1;32m (Units:  USA )
INF : 2
ARTY : 1
TANK : 3

[1;34mGermany (Owner:  Ger ) factory-prod: 10
[1;33m[1;31m[1;34m (Units:  Ger )
INF : 196
[1;95m[1;32m
[1;32mHawaiian_Islands (Owner:  USA )
[1;33m[1;31m[1;34m[1;95m[1;32m (Units:  USA )
INF : 1
FIGHTER : 1

[1;95mIndia (Owner:  Eng ) factory-prod: 3
[1;33m[1;31m[1;34m[1;95m (Units:  Eng )
INF : 3
AAGUN : 1
[1;32m
[1;34mItaly (Owner:  Ger ) builds: 2 factory-prod: 3
[1;33m[1;31m[1;34m (Units:  Ger )
INF : 1
[1;95m[1;32m
[1;33mIwo_Jima (Owner:  Jap )
[1;33m (Units:  Jap )
INF_1_MOVES : 1
[1;31m[1;34m[1;95m[1;32m
[1;33mJapan (Owner:  Jap ) builds: 8 factory-prod: 8
[1;33m (Units:  Jap )
INF_1_MOVES : 1
ARTY_1_MOVES : 1
TANK_2_MOVES : 3
FIGHTER_UNMOVED : 1
BOMBER_UNMOVED : 1
[1;31m[1;34m[1;95m[1;32m
[1;31mKarelia_SSR (Owner:  Rus ) factory-prod: 2
[1;33m[1;31m[1;34m[1;95m (Units:  Eng )
INF : 9
ARTY : 1
TANK : 1
[1;32m
[1;32mMidway (Owner:  USA )
[1;33m[1;31m[1;34m[1;95m[1;32m (Units:  USA )
INF : 1

[1;33mNew_Guinea (Owner:  Jap )
[1;33m (Units:  Jap )
INF_1_MOVES : 1
[1;31m[1;34m[1;95m[1;32m
[1;95mNew_Zealand (Owner:  Eng )
[1;33m[1;31m[1;34m[1;95m (Units:  Eng )
INF : 1
[1;32m
[1;33mOkinawa (Owner:  Jap )
[1;33m (Units:  Jap )
INF_1_MOVES : 1
[1;31m[1;34m[1;95m[1;32m
[1;95mPersia (Owner:  Eng )
[1;33m[1;31m[1;34m[1;95m (Units:  Eng )
INF : 22
ARTY : 1
[1;32m (Units:  USA )
INF : 2
TANK : 3

[1;33mPhilippine_Islands (Owner:  Jap )
[1;33m (Units:  Jap )
INF_1_MOVES : 1
ARTY_1_MOVES : 1
[1;31m[1;34m[1;95m[1;32m
[1;31mRussia (Owner:  Rus ) builds: 6 factory-prod: 8
[1;33m[1;31m (Units:  Rus )
INF : 27
ARTY : 4
[1;34m[1;95m[1;32m
[1;33mSolomon_Islands (Owner:  Jap )
[1;33m (Units:  Jap )
INF_1_MOVES : 1
[1;31m[1;34m[1;95m[1;32m
[1;32mSzechwan (Owner:  USA )
[1;33m[1;31m[1;34m[1;95m[1;32m (Units:  USA )
FIGHTER : 1

[1;95mTrans_Jordan (Owner:  Eng )
[1;33m[1;31m[1;34m[1;95m[1;32m (Units:  USA )
ARTY : 2
TANK : 2

[1;95mUnited_Kingdom (Owner:  Eng ) builds: 5 factory-prod: 8
[1;33m[1;31m[1;34m[1;95m (Units:  Eng )
FIGHTER : 2
BOMBER : 1
[1;32m
[1;33mWake_Island (Owner:  Jap )
[1;33m (Units:  Jap )
INF_1_MOVES : 1
[1;31m[1;34m[1;95m[1;32m
[1;32mWestern_United_States (Owner:  USA ) builds: 9 factory-prod: 10
[1;33m[1;31m[1;34m[1;95m[1;32m (Units:  USA )
INF : 3
ARTY : 1
FIGHTER : 1

[1;33mYunnan (Owner:  Jap )
[1;33m (Units:  Jap )
INF_1_MOVES : 12
ARTY_1_MOVES : 8
TANK_2_MOVES : 24
[1;31m[1;34m[1;95m[1;32m
[1;0mSea_3
[1;33m[1;31m (Units:  Rus )
TRANS_EMPTY : 1
DESTROYER : 5
BATTLESHIP : 2
[1;34m[1;95m[1;32m
[1;0mSea_4
[1;33m[1;31m (Units:  Rus )
TRANS_EMPTY : 1
SUB : 1
DESTROYER : 1
[1;34m (Units:  Ger )
DESTROYER : 1
[1;95m[1;32m
[1;0mSea_5
[1;33m[1;31m[1;34m (Units:  Ger )
TRANS_EMPTY : 1
SUB : 2
DESTROYER : 18
CRUISER : 1
[1;95m[1;32m
[1;0mSea_6
[1;33m[1;31m (Units:  Rus )
TRANS_EMPTY : 4
DESTROYER : 1
[1;34m[1;95m (Units:  Eng )
TRANS_EMPTY : 26
SUB : 2
DESTROYER : 1
[1;32m
[1;0mSea_8
[1;33m[1;31m[1;34m[1;95m (Units:  Eng )
TRANS_EMPTY : 1
DESTROYER : 30
CRUISER : 1
BATTLESHIP : 1
[1;32m
[1;0mSea_9
[1;33m[1;31m[1;34m (Units:  Ger )
SUB : 2
[1;95m[1;32m
[1;0mSea_11
[1;33m[1;31m[1;34m[1;95m[1;32m (Units:  USA )
TRANS_EMPTY : 11
SUB : 2
DESTROYER : 2

[1;0mSea_12
[1;33m[1;31m[1;34m[1;95m[1;32m (Units:  USA )
TRANS_EMPTY : 2
DESTROYER : 3
BATTLESHIP : 1

[1;0mSea_15
[1;33m[1;31m[1;34m (Units:  Ger )
SUB : 2
DESTROYER : 1
[1;95m[1;32m
[1;0mSea_16
[1;33m[1;31m (Units:  Rus )
TRANS_EMPTY : 8
SUB : 4
DESTROYER : 6
BATTLESHIP : 4
[1;34m[1;95m[1;32m
[1;0mSea_17
[1;33m[1;31m[1;34m[1;95m (Units:  Eng )
TRANS_EMPTY : 1
[1;32m
[1;0mSea_23
[1;33m[1;31m[1;34m[1;95m[1;32m (Units:  USA )
TRANS_EMPTY : 6

[1;0mSea_24
[1;33m[1;31m[1;34m[1;95m[1;32m (Units:  USA )
TRANS_EMPTY : 2

[1;0mSea_39
[1;33m[1;31m[1;34m[1;95m (Units:  Eng )
SUB : 1
[1;32m
[1;0mSea_44
[1;33m (Units:  Jap )
SUB_2_MOVES : 1
[1;31m[1;34m[1;95m[1;32m
[1;0mSea_45
[1;33m[1;31m[1;34m[1;95m (Units:  Eng )
TRANS_EMPTY : 1
DESTROYER : 1
CARRIER : 1
CRUISER : 2
FIGHTER : 1
[1;32m
[1;0mSea_53
[1;33m[1;31m[1;34m[1;95m[1;32m (Units:  USA )
SUB : 1

[1;0mSea_56
[1;33m[1;31m[1;34m[1;95m[1;32m (Units:  USA )
TRANS_EMPTY : 16
DESTROYER : 2
CARRIER : 1
CRUISER : 1
BATTLESHIP : 7
FIGHTER : 1

[1;0mSea_60
[1;33m (Units:  Jap )
TRANS_EMPTY_UNMOVED : 17
DESTROYER_2_MOVES : 2
[1;31m[1;34m (Units:  Ger )
TRANS_EMPTY : 1
BATTLESHIP : 1
[1;95m[1;32m
[1;0mSea_61
[1;33m (Units:  Jap )
TRANS_EMPTY_UNMOVED : 4
DESTROYER_2_MOVES : 3
CARRIER_2_MOVES : 2
CRUISER_2_MOVES : 1
BATTLESHIP_2_MOVES : 3
FIGHTER_UNMOVED : 3
[1;31m[1;34m[1;95m[1;32m
[1;0m

======================================================================
PRO AI SINGLE TURN TEST (TripleA Purchase & Place)
======================================================================
Starting Player: Jap
Starting Money: 33 IPCs
Total units on board: 108
======================================================================
Enemy Attack Options (per-enemy):
Enemy: Rus
Enemy: Eng
  Sea: Sea_44 Fighters: 0 Subs: 1 Destroyers: 1
Enemy: USA
  Land: French_Indo_China_Thailand Fighters: 1
  Land: Solomon_Islands Fighters: 1
  Land: Wake_Island Fighters: 1
  Land: Yunnan Fighters: 1
  Sea: Sea_44 Fighters: 2 Subs: 1 Destroyers: 2
  Sea: Sea_60 Fighters: 1 Subs: 0 Destroyers: 0
  Sea: Sea_61 Fighters: 1 Subs: 0 Destroyers: 0
Enemy Attack Options (aggregated max):
  Land: French_Indo_China_Thailand Inf: 0 Art: 0 Tank: 0 Ftr: 1 Bmb: 0 Str: 3
  Land: Solomon_Islands Inf: 0 Art: 0 Tank: 0 Ftr: 1 Bmb: 0 Str: 3
  Land: Wake_Island Inf: 0 Art: 0 Tank: 0 Ftr: 1 Bmb: 0 Str: 3
  Land: Yunnan Inf: 0 Art: 0 Tank: 0 Ftr: 1 Bmb: 0 Str: 3
      [SAFE] Sequential Battle Results: TUV=-8.48, Invaded%=0.0%, Battles=1
      [SAFE] Sequential Battle Results: TUV=-2.88, Invaded%=0.0%, Battles=1
      [SAFE] Sequential Battle Results: TUV=-2.90, Invaded%=0.0%, Battles=1
      [SAFE] Sequential Battle Results: TUV=-8.50, Invaded%=0.0%, Battles=1
    Possible My Target Territory: India_Air
      Battle Results (TUV, Invaded %):  8 ,  1
      Attack Value:  32
    Possible My Target Territory: Midway_Air
      Battle Results (TUV, Invaded %):  -1.6559999999999999 ,  0
    Possible My Target Territory: Szechwan_Air
      Battle Results (TUV, Invaded %):  7.9569999999999999 ,  1
      Attack Value:  7.9569999999999999
Trying  Szechwan

======================================================================
PRO AI TURN COMPLETE
======================================================================
Next Player: USA
Final Money: 33 IPCs
Units Added: 5
Game Score: 0.1
======================================================================

round_num:  93
[1;32m --------------------
Current Player:  USA
Money:  41 [1;0m 

[1;95mAnglo_Egyptian_Sudan (Owner:  Eng )
[1;32m (Units:  USA )
INF_1_MOVES : 1
ARTY_1_MOVES : 2
TANK_2_MOVES : 4
[1;31m[1;34m[1;95m (Units:  Eng )
FIGHTER : 1
[1;33m
[1;31mArchangel (Owner:  Rus )
[1;32m[1;31m (Units:  Rus )
INF : 1
[1;34m[1;95m[1;33m
[1;34mBaltic_States (Owner:  Ger )
[1;32m[1;31m[1;34m (Units:  Ger )
INF : 2
[1;95m[1;33m
[1;95mBelgian_Congo (Owner:  Eng )
[1;32m (Units:  USA )
INF_1_MOVES : 1
TANK_2_MOVES : 2
[1;31m[1;34m[1;95m[1;33m
[1;33mBorneo (Owner:  Jap )
[1;32m[1;31m[1;34m[1;95m[1;33m (Units:  Jap )
INF : 1

[1;33mCaroline_Islands (Owner:  Jap )
[1;32m[1;31m[1;34m[1;95m[1;33m (Units:  Jap )
INF : 1

[1;31mCaucasus (Owner:  Rus ) builds: 3 factory-prod: 4
[1;32m (Units:  USA )
INF_1_MOVES : 9
ARTY_1_MOVES : 6
TANK_2_MOVES : 11
[1;31m (Units:  Rus )
INF : 7
ARTY : 3
[1;34m[1;95m (Units:  Eng )
INF : 21
ARTY : 1
[1;33m
[1;33mEast_Indies (Owner:  Jap )
[1;32m[1;31m[1;34m[1;95m[1;33m (Units:  Jap )
INF : 2

[1;95mEastern_Australia (Owner:  Eng )
[1;32m[1;31m[1;34m[1;95m (Units:  Eng )
INF : 2
[1;33m
[1;32mEastern_United_States (Owner:  USA ) builds: 12 factory-prod: 12
[1;32m (Units:  USA )
INF_1_MOVES : 1
ARTY_1_MOVES : 1
TANK_2_MOVES : 3
FIGHTER_UNMOVED : 1
BOMBER_UNMOVED : 1
[1;31m[1;34m[1;95m (Units:  Eng )
INF : 1
[1;33m
[1;95mEgypt (Owner:  Eng )
[1;32m (Units:  USA )
INF_1_MOVES : 2
ARTY_1_MOVES : 1
TANK_2_MOVES : 2
[1;31m[1;34m[1;95m[1;33m
[1;31mFinland (Owner:  Rus )
[1;32m (Units:  USA )
INF_1_MOVES : 2
TANK_2_MOVES : 3
[1;31m[1;34m[1;95m[1;33m
[1;95mFrench_Equatorial_Africa (Owner:  Eng )
[1;32m (Units:  USA )
ARTY_1_MOVES : 1
TANK_2_MOVES : 1
[1;31m[1;34m[1;95m[1;33m
[1;33mFrench_Indo_China_Thailand (Owner:  Jap )
[1;32m[1;31m[1;34m[1;95m[1;33m (Units:  Jap )
INF : 12
ARTY : 8
TANK : 24

[1;95mFrench_West_Africa (Owner:  Eng )
[1;32m (Units:  USA )
INF_1_MOVES : 2
ARTY_1_MOVES : 1
TANK_2_MOVES : 3
[1;31m[1;34m[1;95m[1;33m
[1;34mGermany (Owner:  Ger ) factory-prod: 10
[1;32m[1;31m[1;34m (Units:  Ger )
INF : 196
[1;95m[1;33m
[1;32mHawaiian_Islands (Owner:  USA )
[1;32m (Units:  USA )
INF_1_MOVES : 1
FIGHTER_UNMOVED : 1
[1;31m[1;34m[1;95m[1;33m
[1;95mIndia (Owner:  Eng ) factory-prod: 3
[1;32m[1;31m[1;34m[1;95m (Units:  Eng )
INF : 3
AAGUN : 1
[1;33m
[1;34mItaly (Owner:  Ger ) builds: 2 factory-prod: 3
[1;32m[1;31m[1;34m (Units:  Ger )
INF : 1
[1;95m[1;33m
[1;33mIwo_Jima (Owner:  Jap )
[1;32m[1;31m[1;34m[1;95m[1;33m (Units:  Jap )
INF : 1

[1;33mJapan (Owner:  Jap ) builds: 2 factory-prod: 8
[1;32m[1;31m[1;34m[1;95m[1;33m (Units:  Jap )
INF : 1
ARTY : 1
TANK : 3
FIGHTER : 1
BOMBER : 1

[1;31mKarelia_SSR (Owner:  Rus ) factory-prod: 2
[1;32m[1;31m[1;34m[1;95m (Units:  Eng )
INF : 9
ARTY : 1
TANK : 1
[1;33m
[1;32mMidway (Owner:  USA )
[1;32m (Units:  USA )
INF_1_MOVES : 1
[1;31m[1;34m[1;95m[1;33m
[1;33mNew_Guinea (Owner:  Jap )
[1;32m[1;31m[1;34m[1;95m[1;33m (Units:  Jap )
INF : 1

[1;95mNew_Zealand (Owner:  Eng )
[1;32m[1;31m[1;34m[1;95m (Units:  Eng )
INF : 1
[1;33m
[1;33mOkinawa (Owner:  Jap )
[1;32m[1;31m[1;34m[1;95m[1;33m (Units:  Jap )
INF : 1

[1;95mPersia (Owner:  Eng )
[1;32m (Units:  USA )
INF_1_MOVES : 2
TANK_2_MOVES : 3
[1;31m[1;34m[1;95m (Units:  Eng )
INF : 22
ARTY : 1
[1;33m
[1;33mPhilippine_Islands (Owner:  Jap )
[1;32m[1;31m[1;34m[1;95m[1;33m (Units:  Jap )
INF : 1
ARTY : 1

[1;31mRussia (Owner:  Rus ) builds: 6 factory-prod: 8
[1;32m[1;31m (Units:  Rus )
INF : 27
ARTY : 4
[1;34m[1;95m[1;33m
[1;33mSolomon_Islands (Owner:  Jap )
[1;32m[1;31m[1;34m[1;95m[1;33m (Units:  Jap )
INF : 1

[1;32mSzechwan (Owner:  USA )
[1;32m (Units:  USA )
FIGHTER_UNMOVED : 1
[1;31m[1;34m[1;95m[1;33m
[1;95mTrans_Jordan (Owner:  Eng )
[1;32m (Units:  USA )
ARTY_1_MOVES : 2
TANK_2_MOVES : 2
[1;31m[1;34m[1;95m[1;33m
[1;95mUnited_Kingdom (Owner:  Eng ) builds: 5 factory-prod: 8
[1;32m[1;31m[1;34m[1;95m (Units:  Eng )
FIGHTER : 2
BOMBER : 1
[1;33m
[1;33mWake_Island (Owner:  Jap )
[1;32m[1;31m[1;34m[1;95m[1;33m (Units:  Jap )
INF : 1

[1;32mWestern_United_States (Owner:  USA ) builds: 10 factory-prod: 10
[1;32m (Units:  USA )
INF_1_MOVES : 3
ARTY_1_MOVES : 1
FIGHTER_UNMOVED : 1
[1;31m[1;34m[1;95m[1;33m
[1;33mYunnan (Owner:  Jap )
[1;32m[1;31m[1;34m[1;95m[1;33m (Units:  Jap )
INF : 19
ARTY : 10
TANK : 24

[1;0mSea_3
[1;32m[1;31m (Units:  Rus )
TRANS_EMPTY : 1
DESTROYER : 5
BATTLESHIP : 2
[1;34m[1;95m[1;33m
[1;0mSea_4
[1;32m[1;31m (Units:  Rus )
TRANS_EMPTY : 1
SUB : 1
DESTROYER : 1
[1;34m (Units:  Ger )
DESTROYER : 1
[1;95m[1;33m
[1;0mSea_5
[1;32m[1;31m[1;34m (Units:  Ger )
TRANS_EMPTY : 1
SUB : 2
DESTROYER : 18
CRUISER : 1
[1;95m[1;33m
[1;0mSea_6
[1;32m[1;31m (Units:  Rus )
TRANS_EMPTY : 4
DESTROYER : 1
[1;34m[1;95m (Units:  Eng )
TRANS_EMPTY : 26
SUB : 2
DESTROYER : 1
[1;33m
[1;0mSea_8
[1;32m[1;31m[1;34m[1;95m (Units:  Eng )
TRANS_EMPTY : 1
DESTROYER : 30
CRUISER : 1
BATTLESHIP : 1
[1;33m
[1;0mSea_9
[1;32m[1;31m[1;34m (Units:  Ger )
SUB : 2
[1;95m[1;33m
[1;0mSea_11
[1;32m (Units:  USA )
TRANS_EMPTY_UNMOVED : 11
SUB_2_MOVES : 2
DESTROYER_2_MOVES : 2
[1;31m[1;34m[1;95m[1;33m
[1;0mSea_12
[1;32m (Units:  USA )
TRANS_EMPTY_UNMOVED : 2
DESTROYER_2_MOVES : 3
BATTLESHIP_2_MOVES : 1
[1;31m[1;34m[1;95m[1;33m
[1;0mSea_15
[1;32m[1;31m[1;34m (Units:  Ger )
SUB : 2
DESTROYER : 1
[1;95m[1;33m
[1;0mSea_16
[1;32m[1;31m (Units:  Rus )
TRANS_EMPTY : 8
SUB : 4
DESTROYER : 6
BATTLESHIP : 4
[1;34m[1;95m[1;33m
[1;0mSea_17
[1;32m[1;31m[1;34m[1;95m (Units:  Eng )
TRANS_EMPTY : 1
[1;33m
[1;0mSea_23
[1;32m (Units:  USA )
TRANS_EMPTY_UNMOVED : 6
[1;31m[1;34m[1;95m[1;33m
[1;0mSea_24
[1;32m (Units:  USA )
TRANS_EMPTY_UNMOVED : 2
[1;31m[1;34m[1;95m[1;33m
[1;0mSea_39
[1;32m[1;31m[1;34m[1;95m (Units:  Eng )
SUB : 1
[1;33m
[1;0mSea_44
[1;32m[1;31m[1;34m[1;95m[1;33m (Units:  Jap )
SUB : 1

[1;0mSea_45
[1;32m[1;31m[1;34m[1;95m (Units:  Eng )
TRANS_EMPTY : 1
DESTROYER : 1
CARRIER : 1
CRUISER : 2
FIGHTER : 1
[1;33m
[1;0mSea_53
[1;32m (Units:  USA )
SUB_2_MOVES : 1
[1;31m[1;34m[1;95m[1;33m
[1;0mSea_56
[1;32m (Units:  USA )
TRANS_EMPTY_UNMOVED : 16
DESTROYER_2_MOVES : 2
CARRIER_2_MOVES : 1
CRUISER_2_MOVES : 1
BATTLESHIP_2_MOVES : 7
FIGHTER_UNMOVED : 1
[1;31m[1;34m[1;95m[1;33m
[1;0mSea_60
[1;32m[1;31m[1;34m (Units:  Ger )
TRANS_EMPTY : 1
BATTLESHIP : 1
[1;95m[1;33m (Units:  Jap )
TRANS_EMPTY : 18
DESTROYER : 2

[1;0mSea_61
[1;32m[1;31m[1;34m[1;95m[1;33m (Units:  Jap )
TRANS_EMPTY : 4
DESTROYER : 3
CARRIER : 2
CRUISER : 1
BATTLESHIP : 3
FIGHTER : 3

[1;0m

======================================================================
PRO AI SINGLE TURN TEST (TripleA Purchase & Place)
======================================================================
Starting Player: USA
Starting Money: 41 IPCs
Total units on board: 74
======================================================================
Enemy Attack Options (per-enemy):
Enemy: Ger
  Sea: Sea_11 Fighters: 0 Subs: 2 Destroyers: 0
  Sea: Sea_12 Fighters: 0 Subs: 2 Destroyers: 0
  Sea: Sea_23 Fighters: 0 Subs: 2 Destroyers: 0
Enemy: Jap
  Land: Midway Bombers: 1
  Land: Szechwan Bombers: 1
  Land: Szechwan Infantry: 19
  Land: Szechwan Artillery: 10
  Land: Szechwan Tanks: 24
  Sea: Sea_53 Fighters: 0 Subs: 1 Destroyers: 0
  Sea: Sea_56 Fighters: 0 Subs: 1 Destroyers: 0
Enemy Attack Options (aggregated max):
  Land: Midway Inf: 0 Art: 0 Tank: 0 Ftr: 0 Bmb: 1 Str: 4
  Land: Szechwan Inf: 19 Art: 10 Tank: 24 Ftr: 0 Bmb: 1 Str: 115
      [SAFE] Sequential Battle Results: TUV=-1.57, Invaded%=0.0%, Battles=1
    Possible My Target Territory: Baltic_States_Air
      Battle Results (TUV, Invaded %):  0.98999999999999999 ,  1
      Attack Value:  0.98999999999999999
    Possible My Target Territory: French_Indo_China_Thailand_Air
      Battle Results (TUV, Invaded %):  -8.494 ,  0
    Possible My Target Territory: Solomon_Islands_Air
      Battle Results (TUV, Invaded %):  -2.875 ,  0
    Possible My Target Territory: Wake_Island_Air
      Battle Results (TUV, Invaded %):  -2.9009999999999998 ,  0
    Possible My Target Territory: Yunnan_Air
      Battle Results (TUV, Invaded %):  -8.506 ,  0
Trying  Baltic_States

======================================================================
PRO AI TURN COMPLETE
======================================================================
Next Player: Rus
Final Money: 42 IPCs
Units Added: 5
Game Score: 0.1
======================================================================

round_num:  94
[1;31m --------------------
Current Player:  Rus
Money:  27 [1;0m 

[1;95mAnglo_Egyptian_Sudan (Owner:  Eng )
[1;31m[1;34m[1;95m (Units:  Eng )
FIGHTER : 1
[1;33m[1;32m (Units:  USA )
INF : 1
TANK : 2

[1;31mArchangel (Owner:  Rus )
[1;31m (Units:  Rus )
INF_1_MOVES : 1
[1;34m[1;95m[1;33m[1;32m
[1;34mBaltic_States (Owner:  Ger )
[1;31m[1;34m (Units:  Ger )
INF : 2
[1;95m[1;33m[1;32m
[1;95mBelgian_Congo (Owner:  Eng )
[1;31m[1;34m[1;95m[1;33m[1;32m (Units:  USA )
INF : 2
ARTY : 2
TANK : 4

[1;33mBorneo (Owner:  Jap )
[1;31m[1;34m[1;95m[1;33m (Units:  Jap )
INF : 1
[1;32m
[1;33mCaroline_Islands (Owner:  Jap )
[1;31m[1;34m[1;95m[1;33m (Units:  Jap )
INF : 1
[1;32m
[1;31mCaucasus (Owner:  Rus ) builds: 4 factory-prod: 4
[1;31m (Units:  Rus )
INF_1_MOVES : 7
ARTY_1_MOVES : 3
[1;34m[1;95m (Units:  Eng )
INF : 21
ARTY : 1
[1;33m[1;32m (Units:  USA )
INF : 11
ARTY : 6
TANK : 13

[1;33mEast_Indies (Owner:  Jap )
[1;31m[1;34m[1;95m[1;33m (Units:  Jap )
INF : 2
[1;32m
[1;95mEastern_Australia (Owner:  Eng )
[1;31m[1;34m[1;95m (Units:  Eng )
INF : 2
[1;33m[1;32m
[1;32mEastern_United_States (Owner:  USA ) builds: 6 factory-prod: 12
[1;31m[1;34m[1;95m (Units:  Eng )
INF : 1
[1;33m[1;32m (Units:  USA )
INF : 1
ARTY : 1
TANK : 3
FIGHTER : 1
BOMBER : 1

[1;95mEgypt (Owner:  Eng )
[1;31m[1;34m[1;95m[1;33m[1;32m (Units:  USA )
INF : 1
ARTY : 2
TANK : 4

[1;33mFrench_Indo_China_Thailand (Owner:  Jap )
[1;31m[1;34m[1;95m[1;33m (Units:  Jap )
INF : 12
ARTY : 8
TANK : 24
[1;32m
[1;95mFrench_West_Africa (Owner:  Eng )
[1;31m[1;34m[1;95m[1;33m[1;32m (Units:  USA )
INF : 1
ARTY : 1
TANK : 3

[1;34mGermany (Owner:  Ger ) factory-prod: 10
[1;31m[1;34m (Units:  Ger )
INF : 196
[1;95m[1;33m[1;32m
[1;32mHawaiian_Islands (Owner:  USA )
[1;31m[1;34m[1;95m[1;33m[1;32m (Units:  USA )
INF : 1
FIGHTER : 1

[1;95mIndia (Owner:  Eng ) factory-prod: 3
[1;31m[1;34m[1;95m (Units:  Eng )
INF : 3
AAGUN : 1
[1;33m[1;32m
[1;34mItaly (Owner:  Ger ) builds: 2 factory-prod: 3
[1;31m[1;34m (Units:  Ger )
INF : 1
[1;95m[1;33m[1;32m
[1;33mIwo_Jima (Owner:  Jap )
[1;31m[1;34m[1;95m[1;33m (Units:  Jap )
INF : 1
[1;32m
[1;33mJapan (Owner:  Jap ) builds: 2 factory-prod: 8
[1;31m[1;34m[1;95m[1;33m (Units:  Jap )
INF : 1
ARTY : 1
TANK : 3
FIGHTER : 1
BOMBER : 1
[1;32m
[1;31mKarelia_SSR (Owner:  Rus ) builds: 2 factory-prod: 2
[1;31m[1;34m[1;95m (Units:  Eng )
INF : 9
ARTY : 1
TANK : 1
[1;33m[1;32m (Units:  USA )
INF : 2
TANK : 4

[1;32mMidway (Owner:  USA )
[1;31m[1;34m[1;95m[1;33m[1;32m (Units:  USA )
INF : 1

[1;33mNew_Guinea (Owner:  Jap )
[1;31m[1;34m[1;95m[1;33m (Units:  Jap )
INF : 1
[1;32m
[1;95mNew_Zealand (Owner:  Eng )
[1;31m[1;34m[1;95m (Units:  Eng )
INF : 1
[1;33m[1;32m
[1;33mOkinawa (Owner:  Jap )
[1;31m[1;34m[1;95m[1;33m (Units:  Jap )
INF : 1
[1;32m
[1;95mPersia (Owner:  Eng )
[1;31m[1;34m[1;95m (Units:  Eng )
INF : 22
ARTY : 1
[1;33m[1;32m (Units:  USA )
ARTY : 2
TANK : 2

[1;33mPhilippine_Islands (Owner:  Jap )
[1;31m[1;34m[1;95m[1;33m (Units:  Jap )
INF : 1
ARTY : 1
[1;32m
[1;31mRussia (Owner:  Rus ) builds: 8 factory-prod: 8
[1;31m (Units:  Rus )
INF_1_MOVES : 27
ARTY_1_MOVES : 4
[1;34m[1;95m[1;33m[1;32m
[1;33mSolomon_Islands (Owner:  Jap )
[1;31m[1;34m[1;95m[1;33m (Units:  Jap )
INF : 1
[1;32m
[1;32mSzechwan (Owner:  USA )
[1;31m[1;34m[1;95m[1;33m[1;32m (Units:  USA )
FIGHTER : 1

[1;95mTrans_Jordan (Owner:  Eng )
[1;31m[1;34m[1;95m[1;33m[1;32m (Units:  USA )
INF : 2
ARTY : 1
TANK : 2

[1;95mUnited_Kingdom (Owner:  Eng ) builds: 5 factory-prod: 8
[1;31m[1;34m[1;95m (Units:  Eng )
FIGHTER : 2
BOMBER : 1
[1;33m[1;32m
[1;33mWake_Island (Owner:  Jap )
[1;31m[1;34m[1;95m[1;33m (Units:  Jap )
INF : 1
[1;32m
[1;32mWestern_United_States (Owner:  USA ) builds: 9 factory-prod: 10
[1;31m[1;34m[1;95m[1;33m[1;32m (Units:  USA )
INF : 3
ARTY : 1
FIGHTER : 1

[1;33mYunnan (Owner:  Jap )
[1;31m[1;34m[1;95m[1;33m (Units:  Jap )
INF : 19
ARTY : 10
TANK : 24
[1;32m
[1;0mSea_3
[1;31m (Units:  Rus )
TRANS_EMPTY_UNMOVED : 1
DESTROYER_2_MOVES : 5
BATTLESHIP_2_MOVES : 2
[1;34m[1;95m[1;33m[1;32m
[1;0mSea_4
[1;31m (Units:  Rus )
TRANS_EMPTY_UNMOVED : 1
SUB_2_MOVES : 1
DESTROYER_2_MOVES : 1
[1;34m (Units:  Ger )
DESTROYER : 1
[1;95m[1;33m[1;32m
[1;0mSea_5
[1;31m[1;34m (Units:  Ger )
TRANS_EMPTY : 1
SUB : 2
DESTROYER : 18
CRUISER : 1
[1;95m[1;33m[1;32m
[1;0mSea_6
[1;31m (Units:  Rus )
TRANS_EMPTY_UNMOVED : 4
DESTROYER_2_MOVES : 1
[1;34m[1;95m (Units:  Eng )
TRANS_EMPTY : 26
SUB : 2
DESTROYER : 1
[1;33m[1;32m
[1;0mSea_8
[1;31m[1;34m[1;95m (Units:  Eng )
TRANS_EMPTY : 1
DESTROYER : 30
CRUISER : 1
BATTLESHIP : 1
[1;33m[1;32m
[1;0mSea_9
[1;31m[1;34m (Units:  Ger )
SUB : 2
[1;95m[1;33m[1;32m
[1;0mSea_11
[1;31m[1;34m[1;95m[1;33m[1;32m (Units:  USA )
TRANS_EMPTY : 10
SUB : 2
DESTROYER : 2

[1;0mSea_12
[1;31m[1;34m[1;95m[1;33m[1;32m (Units:  USA )
TRANS_EMPTY : 6
DESTROYER : 3
BATTLESHIP : 1

[1;0mSea_15
[1;31m[1;34m (Units:  Ger )
SUB : 2
DESTROYER : 1
[1;95m[1;33m[1;32m
[1;0mSea_16
[1;31m (Units:  Rus )
TRANS_EMPTY_UNMOVED : 8
SUB_2_MOVES : 4
DESTROYER_2_MOVES : 6
BATTLESHIP_2_MOVES : 4
[1;34m[1;95m[1;33m[1;32m
[1;0mSea_17
[1;31m[1;34m[1;95m (Units:  Eng )
TRANS_EMPTY : 1
[1;33m[1;32m
[1;0mSea_23
[1;31m[1;34m[1;95m[1;33m[1;32m (Units:  USA )
TRANS_EMPTY : 2

[1;0mSea_24
[1;31m[1;34m[1;95m[1;33m[1;32m (Units:  USA )
TRANS_EMPTY : 4

[1;0mSea_39
[1;31m[1;34m[1;95m (Units:  Eng )
SUB : 1
[1;33m[1;32m
[1;0mSea_44
[1;31m[1;34m[1;95m[1;33m (Units:  Jap )
SUB : 1
[1;32m
[1;0mSea_45
[1;31m[1;34m[1;95m (Units:  Eng )
TRANS_EMPTY : 1
DESTROYER : 1
CARRIER : 1
CRUISER : 2
FIGHTER : 1
[1;33m[1;32m
[1;0mSea_53
[1;31m[1;34m[1;95m[1;33m[1;32m (Units:  USA )
SUB : 1

[1;0mSea_56
[1;31m[1;34m[1;95m[1;33m[1;32m (Units:  USA )
TRANS_EMPTY : 17
DESTROYER : 2
CARRIER : 1
CRUISER : 1
BATTLESHIP : 7
FIGHTER : 1

[1;0mSea_60
[1;31m[1;34m (Units:  Ger )
TRANS_EMPTY : 1
BATTLESHIP : 1
[1;95m[1;33m (Units:  Jap )
TRANS_EMPTY : 18
DESTROYER : 2
[1;32m
[1;0mSea_61
[1;31m[1;34m[1;95m[1;33m (Units:  Jap )
TRANS_EMPTY : 4
DESTROYER : 3
CARRIER : 2
CRUISER : 1
BATTLESHIP : 3
FIGHTER : 3
[1;32m
[1;0m

======================================================================
PRO AI SINGLE TURN TEST (TripleA Purchase & Place)
======================================================================
Starting Player: Rus
Starting Money: 27 IPCs
Total units on board: 42
======================================================================
Enemy Attack Options (per-enemy):
Enemy: Ger
  Land: Karelia_SSR Infantry: 2
  Sea: Sea_3 Fighters: 0 Subs: 4 Destroyers: 19
  Sea: Sea_6 Fighters: 0 Subs: 4 Destroyers: 19
  Sea: Sea_16 Fighters: 0 Subs: 2 Destroyers: 1
Enemy: Jap
Enemy Attack Options (aggregated max):
  Land: Karelia_SSR Inf: 2 Art: 0 Tank: 0 Ftr: 0 Bmb: 0 Str: 2
      [SAFE] Sequential Battle Results: TUV=-5.02, Invaded%=0.0%, Battles=1

======================================================================
PRO AI TURN COMPLETE
======================================================================
Next Player: Ger
Final Money: 28 IPCs
Units Added: 1
Game Score: -0.1
======================================================================

round_num:  95
[1;34m --------------------
Current Player:  Ger
Money:  38 [1;0m 

[1;95mAnglo_Egyptian_Sudan (Owner:  Eng )
[1;34m[1;31m[1;95m (Units:  Eng )
FIGHTER : 1
[1;33m[1;32m (Units:  USA )
INF : 1
TANK : 2

[1;34mBaltic_States (Owner:  Ger )
[1;34m (Units:  Ger )
INF_1_MOVES : 2
[1;31m[1;95m[1;33m[1;32m
[1;95mBelgian_Congo (Owner:  Eng )
[1;34m[1;31m[1;95m[1;33m[1;32m (Units:  USA )
INF : 2
ARTY : 2
TANK : 4

[1;33mBorneo (Owner:  Jap )
[1;34m[1;31m[1;95m[1;33m (Units:  Jap )
INF : 1
[1;32m
[1;33mCaroline_Islands (Owner:  Jap )
[1;34m[1;31m[1;95m[1;33m (Units:  Jap )
INF : 1
[1;32m
[1;31mCaucasus (Owner:  Rus ) builds: 3 factory-prod: 4
[1;34m[1;31m (Units:  Rus )
INF : 27
ARTY : 4
[1;95m (Units:  Eng )
INF : 21
ARTY : 1
[1;33m[1;32m (Units:  USA )
INF : 11
ARTY : 6
TANK : 13

[1;33mEast_Indies (Owner:  Jap )
[1;34m[1;31m[1;95m[1;33m (Units:  Jap )
INF : 2
[1;32m
[1;95mEastern_Australia (Owner:  Eng )
[1;34m[1;31m[1;95m (Units:  Eng )
INF : 2
[1;33m[1;32m
[1;32mEastern_United_States (Owner:  USA ) builds: 6 factory-prod: 12
[1;34m[1;31m[1;95m (Units:  Eng )
INF : 1
[1;33m[1;32m (Units:  USA )
INF : 1
ARTY : 1
TANK : 3
FIGHTER : 1
BOMBER : 1

[1;95mEgypt (Owner:  Eng )
[1;34m[1;31m[1;95m[1;33m[1;32m (Units:  USA )
INF : 1
ARTY : 2
TANK : 4

[1;33mFrench_Indo_China_Thailand (Owner:  Jap )
[1;34m[1;31m[1;95m[1;33m (Units:  Jap )
INF : 12
ARTY : 8
TANK : 24
[1;32m
[1;95mFrench_West_Africa (Owner:  Eng )
[1;34m[1;31m[1;95m[1;33m[1;32m (Units:  USA )
INF : 1
ARTY : 1
TANK : 3

[1;34mGermany (Owner:  Ger ) builds: 10 factory-prod: 10
[1;34m (Units:  Ger )
INF_1_MOVES : 196
[1;31m[1;95m[1;33m[1;32m
[1;32mHawaiian_Islands (Owner:  USA )
[1;34m[1;31m[1;95m[1;33m[1;32m (Units:  USA )
INF : 1
FIGHTER : 1

[1;95mIndia (Owner:  Eng ) factory-prod: 3
[1;34m[1;31m[1;95m (Units:  Eng )
INF : 3
AAGUN : 1
[1;33m[1;32m
[1;34mItaly (Owner:  Ger ) builds: 3 factory-prod: 3
[1;34m (Units:  Ger )
INF_1_MOVES : 1
[1;31m[1;95m[1;33m[1;32m
[1;33mIwo_Jima (Owner:  Jap )
[1;34m[1;31m[1;95m[1;33m (Units:  Jap )
INF : 1
[1;32m
[1;33mJapan (Owner:  Jap ) builds: 2 factory-prod: 8
[1;34m[1;31m[1;95m[1;33m (Units:  Jap )
INF : 1
ARTY : 1
TANK : 3
FIGHTER : 1
BOMBER : 1
[1;32m
[1;31mKarelia_SSR (Owner:  Rus ) factory-prod: 2
[1;34m[1;31m (Units:  Rus )
INF : 1
[1;95m (Units:  Eng )
INF : 9
ARTY : 1
TANK : 1
[1;33m[1;32m (Units:  USA )
INF : 2
TANK : 4

[1;32mMidway (Owner:  USA )
[1;34m[1;31m[1;95m[1;33m[1;32m (Units:  USA )
INF : 1

[1;33mNew_Guinea (Owner:  Jap )
[1;34m[1;31m[1;95m[1;33m (Units:  Jap )
INF : 1
[1;32m
[1;95mNew_Zealand (Owner:  Eng )
[1;34m[1;31m[1;95m (Units:  Eng )
INF : 1
[1;33m[1;32m
[1;33mOkinawa (Owner:  Jap )
[1;34m[1;31m[1;95m[1;33m (Units:  Jap )
INF : 1
[1;32m
[1;95mPersia (Owner:  Eng )
[1;34m[1;31m[1;95m (Units:  Eng )
INF : 22
ARTY : 1
[1;33m[1;32m (Units:  USA )
ARTY : 2
TANK : 2

[1;33mPhilippine_Islands (Owner:  Jap )
[1;34m[1;31m[1;95m[1;33m (Units:  Jap )
INF : 1
ARTY : 1
[1;32m
[1;31mRussia (Owner:  Rus ) builds: 7 factory-prod: 8
[1;34m[1;31m (Units:  Rus )
INF : 7
ARTY : 4
[1;95m[1;33m[1;32m
[1;33mSolomon_Islands (Owner:  Jap )
[1;34m[1;31m[1;95m[1;33m (Units:  Jap )
INF : 1
[1;32m
[1;32mSzechwan (Owner:  USA )
[1;34m[1;31m[1;95m[1;33m[1;32m (Units:  USA )
FIGHTER : 1

[1;95mTrans_Jordan (Owner:  Eng )
[1;34m[1;31m[1;95m[1;33m[1;32m (Units:  USA )
INF : 2
ARTY : 1
TANK : 2

[1;95mUnited_Kingdom (Owner:  Eng ) builds: 5 factory-prod: 8
[1;34m[1;31m[1;95m (Units:  Eng )
FIGHTER : 2
BOMBER : 1
[1;33m[1;32m
[1;33mWake_Island (Owner:  Jap )
[1;34m[1;31m[1;95m[1;33m (Units:  Jap )
INF : 1
[1;32m
[1;32mWestern_United_States (Owner:  USA ) builds: 9 factory-prod: 10
[1;34m[1;31m[1;95m[1;33m[1;32m (Units:  USA )
INF : 3
ARTY : 1
FIGHTER : 1

[1;33mYunnan (Owner:  Jap )
[1;34m[1;31m[1;95m[1;33m (Units:  Jap )
INF : 19
ARTY : 10
TANK : 24
[1;32m
[1;0mSea_3
[1;34m[1;31m (Units:  Rus )
TRANS_EMPTY : 1
DESTROYER : 6
BATTLESHIP : 2
[1;95m[1;33m[1;32m
[1;0mSea_4
[1;34m (Units:  Ger )
DESTROYER_2_MOVES : 1
[1;31m (Units:  Rus )
TRANS_EMPTY : 1
SUB : 1
DESTROYER : 1
[1;95m[1;33m[1;32m
[1;0mSea_5
[1;34m (Units:  Ger )
TRANS_EMPTY_UNMOVED : 1
SUB_2_MOVES : 2
DESTROYER_2_MOVES : 18
CRUISER_2_MOVES : 1
[1;31m[1;95m[1;33m[1;32m
[1;0mSea_6
[1;34m[1;31m (Units:  Rus )
TRANS_EMPTY : 5
DESTROYER : 1
[1;95m (Units:  Eng )
TRANS_EMPTY : 26
SUB : 2
DESTROYER : 1
[1;33m[1;32m
[1;0mSea_8
[1;34m[1;31m[1;95m (Units:  Eng )
TRANS_EMPTY : 1
DESTROYER : 30
CRUISER : 1
BATTLESHIP : 1
[1;33m[1;32m
[1;0mSea_9
[1;34m (Units:  Ger )
SUB_2_MOVES : 2
[1;31m[1;95m[1;33m[1;32m
[1;0mSea_11
[1;34m[1;31m[1;95m[1;33m[1;32m (Units:  USA )
TRANS_EMPTY : 10
SUB : 2
DESTROYER : 2

[1;0mSea_12
[1;34m[1;31m[1;95m[1;33m[1;32m (Units:  USA )
TRANS_EMPTY : 6
DESTROYER : 3
BATTLESHIP : 1

[1;0mSea_15
[1;34m (Units:  Ger )
SUB_2_MOVES : 2
DESTROYER_2_MOVES : 1
[1;31m[1;95m[1;33m[1;32m
[1;0mSea_16
[1;34m[1;31m (Units:  Rus )
TRANS_EMPTY : 9
SUB : 4
DESTROYER : 6
BATTLESHIP : 4
[1;95m[1;33m[1;32m
[1;0mSea_17
[1;34m[1;31m[1;95m (Units:  Eng )
TRANS_EMPTY : 1
[1;33m[1;32m
[1;0mSea_23
[1;34m[1;31m[1;95m[1;33m[1;32m (Units:  USA )
TRANS_EMPTY : 2

[1;0mSea_24
[1;34m[1;31m[1;95m[1;33m[1;32m (Units:  USA )
TRANS_EMPTY : 4

[1;0mSea_39
[1;34m[1;31m[1;95m (Units:  Eng )
SUB : 1
[1;33m[1;32m
[1;0mSea_44
[1;34m[1;31m[1;95m[1;33m (Units:  Jap )
SUB : 1
[1;32m
[1;0mSea_45
[1;34m[1;31m[1;95m (Units:  Eng )
TRANS_EMPTY : 1
DESTROYER : 1
CARRIER : 1
CRUISER : 2
FIGHTER : 1
[1;33m[1;32m
[1;0mSea_53
[1;34m[1;31m[1;95m[1;33m[1;32m (Units:  USA )
SUB : 1

[1;0mSea_56
[1;34m[1;31m[1;95m[1;33m[1;32m (Units:  USA )
TRANS_EMPTY : 17
DESTROYER : 2
CARRIER : 1
CRUISER : 1
BATTLESHIP : 7
FIGHTER : 1

[1;0mSea_60
[1;34m (Units:  Ger )
TRANS_EMPTY_UNMOVED : 1
BATTLESHIP_2_MOVES : 1
[1;31m[1;95m[1;33m (Units:  Jap )
TRANS_EMPTY : 18
DESTROYER : 2
[1;32m
[1;0mSea_61
[1;34m[1;31m[1;95m[1;33m (Units:  Jap )
TRANS_EMPTY : 4
DESTROYER : 3
CARRIER : 2
CRUISER : 1
BATTLESHIP : 3
FIGHTER : 3
[1;32m
[1;0m

======================================================================
PRO AI SINGLE TURN TEST (TripleA Purchase & Place)
======================================================================
Starting Player: Ger
Starting Money: 38 IPCs
Total units on board: 199
======================================================================
Enemy Attack Options (per-enemy):
Enemy: Rus
  Land: Baltic_States Infantry: 1
  Land: Belorussia Infantry: 1
  Land: Ukraine_SSR Infantry: 27
  Land: Ukraine_SSR Artillery: 4
  Sea: Sea_4 Fighters: 0 Subs: 0 Destroyers: 7
  Sea: Sea_5 Fighters: 0 Subs: 0 Destroyers: 7
  Sea: Sea_9 Fighters: 0 Subs: 0 Destroyers: 7
  Sea: Sea_15 Fighters: 0 Subs: 4 Destroyers: 6
Enemy: Eng
  Land: Baltic_States Bombers: 1
  Land: Baltic_States Infantry: 9
  Land: Baltic_States Artillery: 1
  Land: Baltic_States Tanks: 1
  Land: Belorussia Infantry: 9
  Land: Belorussia Artillery: 1
  Land: Belorussia Tanks: 1
  Land: Germany Bombers: 1
  Land: Italy Fighters: 2
  Land: Italy Bombers: 1
  Land: Norway Tanks: 1
  Land: Poland Tanks: 1
  Land: Ukraine_SSR Infantry: 21
  Land: Ukraine_SSR Artillery: 1
  Land: Ukraine_SSR Tanks: 1
  Sea: Sea_4 Fighters: 0 Subs: 2 Destroyers: 1
  Sea: Sea_5 Fighters: 2 Subs: 2 Destroyers: 31
  Sea: Sea_9 Fighters: 0 Subs: 2 Destroyers: 31
Enemy: USA
  Land: Algeria Tanks: 4
  Land: Baltic_States Infantry: 2
  Land: Baltic_States Tanks: 4
  Land: Belorussia Infantry: 2
  Land: Belorussia Tanks: 17
  Land: Bulgaria_Romania Tanks: 13
  Land: Libya Infantry: 1
  Land: Libya Artillery: 2
  Land: Libya Tanks: 4
  Land: Norway Tanks: 4
  Land: Poland Tanks: 17
  Land: Ukraine_SSR Infantry: 11
  Land: Ukraine_SSR Artillery: 6
  Land: Ukraine_SSR Tanks: 17
  Sea: Sea_9 Fighters: 0 Subs: 2 Destroyers: 5
  Sea: Sea_60 Fighters: 1 Subs: 0 Destroyers: 0
Enemy Attack Options (aggregated max):
  Land: Algeria Inf: 0 Art: 0 Tank: 4 Ftr: 0 Bmb: 0 Str: 12
  Land: Baltic_States Inf: 9 Art: 1 Tank: 1 Ftr: 0 Bmb: 1 Str: 18
  Land: Belorussia Inf: 2 Art: 0 Tank: 17 Ftr: 0 Bmb: 0 Str: 53
  Land: Bulgaria_Romania Inf: 0 Art: 0 Tank: 13 Ftr: 0 Bmb: 0 Str: 39
  Land: Germany Inf: 0 Art: 0 Tank: 0 Ftr: 0 Bmb: 1 Str: 4
  Land: Italy Inf: 0 Art: 0 Tank: 0 Ftr: 2 Bmb: 1 Str: 10
  Land: Libya Inf: 1 Art: 2 Tank: 4 Ftr: 0 Bmb: 0 Str: 17
  Land: Norway Inf: 0 Art: 0 Tank: 4 Ftr: 0 Bmb: 0 Str: 12
  Land: Poland Inf: 0 Art: 0 Tank: 17 Ftr: 0 Bmb: 0 Str: 51
  Land: Ukraine_SSR Inf: 11 Art: 6 Tank: 17 Ftr: 0 Bmb: 0 Str: 74
      [SAFE] Sequential Battle Results: TUV=-10.01, Invaded%=0.0%, Battles=1
      [SAFE] Sequential Battle Results: TUV=-0.31, Invaded%=0.0%, Battles=1
    Possible My Target Territory: Karelia_SSR_Air
      Battle Results (TUV, Invaded %):  -5.0309999999999997 ,  0

======================================================================
PRO AI TURN COMPLETE
======================================================================
Next Player: Eng
Final Money: 38 IPCs
Units Added: 10
Game Score: 0.1
======================================================================

round_num:  96
[1;95m --------------------
Current Player:  Eng
Money:  31 [1;0m 

[1;95mAnglo_Egyptian_Sudan (Owner:  Eng )
[1;95m (Units:  Eng )
FIGHTER_UNMOVED : 1
[1;31m[1;34m[1;33m[1;32m (Units:  USA )
INF : 1
TANK : 2

[1;34mBaltic_States (Owner:  Ger )
[1;95m[1;31m[1;34m (Units:  Ger )
INF : 2
[1;33m[1;32m
[1;95mBelgian_Congo (Owner:  Eng )
[1;95m[1;31m[1;34m[1;33m[1;32m (Units:  USA )
INF : 2
ARTY : 2
TANK : 4

[1;33mBorneo (Owner:  Jap )
[1;95m[1;31m[1;34m[1;33m (Units:  Jap )
INF : 1
[1;32m
[1;33mCaroline_Islands (Owner:  Jap )
[1;95m[1;31m[1;34m[1;33m (Units:  Jap )
INF : 1
[1;32m
[1;31mCaucasus (Owner:  Rus ) builds: 3 factory-prod: 4
[1;95m (Units:  Eng )
INF_1_MOVES : 21
ARTY_1_MOVES : 1
[1;31m (Units:  Rus )
INF : 27
ARTY : 4
[1;34m[1;33m[1;32m (Units:  USA )
INF : 11
ARTY : 6
TANK : 13

[1;33mEast_Indies (Owner:  Jap )
[1;95m[1;31m[1;34m[1;33m (Units:  Jap )
INF : 2
[1;32m
[1;95mEastern_Australia (Owner:  Eng )
[1;95m (Units:  Eng )
INF_1_MOVES : 2
[1;31m[1;34m[1;33m[1;32m
[1;32mEastern_United_States (Owner:  USA ) builds: 6 factory-prod: 12
[1;95m (Units:  Eng )
INF_1_MOVES : 1
[1;31m[1;34m[1;33m[1;32m (Units:  USA )
INF : 1
ARTY : 1
TANK : 3
FIGHTER : 1
BOMBER : 1

[1;95mEgypt (Owner:  Eng )
[1;95m[1;31m[1;34m[1;33m[1;32m (Units:  USA )
INF : 1
ARTY : 2
TANK : 4

[1;33mFrench_Indo_China_Thailand (Owner:  Jap )
[1;95m[1;31m[1;34m[1;33m (Units:  Jap )
INF : 12
ARTY : 8
TANK : 24
[1;32m
[1;95mFrench_West_Africa (Owner:  Eng )
[1;95m[1;31m[1;34m[1;33m[1;32m (Units:  USA )
INF : 1
ARTY : 1
TANK : 3

[1;34mGermany (Owner:  Ger ) factory-prod: 10
[1;95m[1;31m[1;34m (Units:  Ger )
INF : 206
[1;33m[1;32m
[1;32mHawaiian_Islands (Owner:  USA )
[1;95m[1;31m[1;34m[1;33m[1;32m (Units:  USA )
INF : 1
FIGHTER : 1

[1;95mIndia (Owner:  Eng ) builds: 3 factory-prod: 3
[1;95m (Units:  Eng )
INF_1_MOVES : 3
AAGUN_1_MOVES : 1
[1;31m[1;34m[1;33m[1;32m
[1;34mItaly (Owner:  Ger ) builds: 2 factory-prod: 3
[1;95m[1;31m[1;34m (Units:  Ger )
INF : 1
[1;33m[1;32m
[1;33mIwo_Jima (Owner:  Jap )
[1;95m[1;31m[1;34m[1;33m (Units:  Jap )
INF : 1
[1;32m
[1;33mJapan (Owner:  Jap ) builds: 2 factory-prod: 8
[1;95m[1;31m[1;34m[1;33m (Units:  Jap )
INF : 1
ARTY : 1
TANK : 3
FIGHTER : 1
BOMBER : 1
[1;32m
[1;31mKarelia_SSR (Owner:  Rus ) factory-prod: 2
[1;95m (Units:  Eng )
INF_1_MOVES : 9
ARTY_1_MOVES : 1
TANK_2_MOVES : 1
[1;31m (Units:  Rus )
INF : 1
[1;34m[1;33m[1;32m (Units:  USA )
INF : 2
TANK : 4

[1;32mMidway (Owner:  USA )
[1;95m[1;31m[1;34m[1;33m[1;32m (Units:  USA )
INF : 1

[1;33mNew_Guinea (Owner:  Jap )
[1;95m[1;31m[1;34m[1;33m (Units:  Jap )
INF : 1
[1;32m
[1;95mNew_Zealand (Owner:  Eng )
[1;95m (Units:  Eng )
INF_1_MOVES : 1
[1;31m[1;34m[1;33m[1;32m
[1;33mOkinawa (Owner:  Jap )
[1;95m[1;31m[1;34m[1;33m (Units:  Jap )
INF : 1
[1;32m
[1;95mPersia (Owner:  Eng )
[1;95m (Units:  Eng )
INF_1_MOVES : 22
ARTY_1_MOVES : 1
[1;31m[1;34m[1;33m[1;32m (Units:  USA )
ARTY : 2
TANK : 2

[1;33mPhilippine_Islands (Owner:  Jap )
[1;95m[1;31m[1;34m[1;33m (Units:  Jap )
INF : 1
ARTY : 1
[1;32m
[1;31mRussia (Owner:  Rus ) builds: 7 factory-prod: 8
[1;95m[1;31m (Units:  Rus )
INF : 7
ARTY : 4
[1;34m[1;33m[1;32m
[1;33mSolomon_Islands (Owner:  Jap )
[1;95m[1;31m[1;34m[1;33m (Units:  Jap )
INF : 1
[1;32m
[1;32mSzechwan (Owner:  USA )
[1;95m[1;31m[1;34m[1;33m[1;32m (Units:  USA )
FIGHTER : 1

[1;95mTrans_Jordan (Owner:  Eng )
[1;95m[1;31m[1;34m[1;33m[1;32m (Units:  USA )
INF : 2
ARTY : 1
TANK : 2

[1;95mUnited_Kingdom (Owner:  Eng ) builds: 8 factory-prod: 8
[1;95m (Units:  Eng )
FIGHTER_UNMOVED : 2
BOMBER_UNMOVED : 1
[1;31m[1;34m[1;33m[1;32m
[1;33mWake_Island (Owner:  Jap )
[1;95m[1;31m[1;34m[1;33m (Units:  Jap )
INF : 1
[1;32m
[1;32mWestern_United_States (Owner:  USA ) builds: 9 factory-prod: 10
[1;95m[1;31m[1;34m[1;33m[1;32m (Units:  USA )
INF : 3
ARTY : 1
FIGHTER : 1

[1;33mYunnan (Owner:  Jap )
[1;95m[1;31m[1;34m[1;33m (Units:  Jap )
INF : 19
ARTY : 10
TANK : 24
[1;32m
[1;0mSea_3
[1;95m[1;31m (Units:  Rus )
TRANS_EMPTY : 1
DESTROYER : 6
BATTLESHIP : 2
[1;34m[1;33m[1;32m
[1;0mSea_4
[1;95m[1;31m (Units:  Rus )
TRANS_EMPTY : 1
SUB : 1
DESTROYER : 1
[1;34m (Units:  Ger )
DESTROYER : 1
[1;33m[1;32m
[1;0mSea_5
[1;95m[1;31m[1;34m (Units:  Ger )
TRANS_EMPTY : 1
SUB : 2
DESTROYER : 19
CRUISER : 1
[1;33m[1;32m
[1;0mSea_6
[1;95m (Units:  Eng )
TRANS_EMPTY_UNMOVED : 26
SUB_2_MOVES : 2
DESTROYER_2_MOVES : 1
[1;31m (Units:  Rus )
TRANS_EMPTY : 5
DESTROYER : 1
[1;34m[1;33m[1;32m
[1;0mSea_8
[1;95m (Units:  Eng )
TRANS_EMPTY_UNMOVED : 1
DESTROYER_2_MOVES : 30
CRUISER_2_MOVES : 1
BATTLESHIP_2_MOVES : 1
[1;31m[1;34m[1;33m[1;32m
[1;0mSea_9
[1;95m[1;31m[1;34m (Units:  Ger )
SUB : 2
[1;33m[1;32m
[1;0mSea_11
[1;95m[1;31m[1;34m[1;33m[1;32m (Units:  USA )
TRANS_EMPTY : 10
SUB : 2
DESTROYER : 2

[1;0mSea_12
[1;95m[1;31m[1;34m[1;33m[1;32m (Units:  USA )
TRANS_EMPTY : 6
DESTROYER : 3
BATTLESHIP : 1

[1;0mSea_15
[1;95m[1;31m[1;34m (Units:  Ger )
SUB : 2
DESTROYER : 1
[1;33m[1;32m
[1;0mSea_16
[1;95m[1;31m (Units:  Rus )
TRANS_EMPTY : 9
SUB : 4
DESTROYER : 6
BATTLESHIP : 4
[1;34m[1;33m[1;32m
[1;0mSea_17
[1;95m (Units:  Eng )
TRANS_EMPTY_UNMOVED : 1
[1;31m[1;34m[1;33m[1;32m
[1;0mSea_23
[1;95m[1;31m[1;34m[1;33m[1;32m (Units:  USA )
TRANS_EMPTY : 2

[1;0mSea_24
[1;95m[1;31m[1;34m[1;33m[1;32m (Units:  USA )
TRANS_EMPTY : 4

[1;0mSea_39
[1;95m (Units:  Eng )
SUB_2_MOVES : 1
[1;31m[1;34m[1;33m[1;32m
[1;0mSea_44
[1;95m[1;31m[1;34m[1;33m (Units:  Jap )
SUB : 1
[1;32m
[1;0mSea_45
[1;95m (Units:  Eng )
TRANS_EMPTY_UNMOVED : 1
DESTROYER_2_MOVES : 1
CARRIER_2_MOVES : 1
CRUISER_2_MOVES : 2
FIGHTER_UNMOVED : 1
[1;31m[1;34m[1;33m[1;32m
[1;0mSea_53
[1;95m[1;31m[1;34m[1;33m[1;32m (Units:  USA )
SUB : 1

[1;0mSea_56
[1;95m[1;31m[1;34m[1;33m[1;32m (Units:  USA )
TRANS_EMPTY : 17
DESTROYER : 2
CARRIER : 1
CRUISER : 1
BATTLESHIP : 7
FIGHTER : 1

[1;0mSea_60
[1;95m[1;31m[1;34m (Units:  Ger )
TRANS_EMPTY : 1
BATTLESHIP : 1
[1;33m (Units:  Jap )
TRANS_EMPTY : 18
DESTROYER : 2
[1;32m
[1;0mSea_61
[1;95m[1;31m[1;34m[1;33m (Units:  Jap )
TRANS_EMPTY : 4
DESTROYER : 3
CARRIER : 2
CRUISER : 1
BATTLESHIP : 3
FIGHTER : 3
[1;32m
[1;0m

======================================================================
PRO AI SINGLE TURN TEST (TripleA Purchase & Place)
======================================================================
Starting Player: Eng
Starting Money: 31 IPCs
Total units on board: 64
======================================================================
Enemy Attack Options (per-enemy):
Enemy: Ger
  Land: Karelia_SSR Infantry: 2
  Sea: Sea_6 Fighters: 0 Subs: 4 Destroyers: 20
  Sea: Sea_7 Fighters: 0 Subs: 4 Destroyers: 20
  Sea: Sea_8 Fighters: 0 Subs: 4 Destroyers: 19
  Sea: Sea_17 Fighters: 0 Subs: 2 Destroyers: 1
Enemy: Jap
  Land: Burma Infantry: 31
  Land: Burma Artillery: 18
  Land: Burma Tanks: 48
  Land: India Tanks: 48
  Sea: Sea_35 Fighters: 1 Subs: 0 Destroyers: 3
  Sea: Sea_39 Fighters: 0 Subs: 1 Destroyers: 0
  Sea: Sea_45 Fighters: 0 Subs: 1 Destroyers: 0
Enemy Attack Options (aggregated max):
  Land: Burma Inf: 31 Art: 18 Tank: 48 Ftr: 0 Bmb: 0 Str: 211
  Land: India Inf: 0 Art: 0 Tank: 48 Ftr: 0 Bmb: 0 Str: 144
  Land: Karelia_SSR Inf: 2 Art: 0 Tank: 0 Ftr: 0 Bmb: 0 Str: 2
    Possible My Target Territory: Baltic_States_Air
      Battle Results (TUV, Invaded %):  3.975 ,  1
      Attack Value:  3.975
    Possible My Target Territory: Germany_Air
      Battle Results (TUV, Invaded %):  -9.975 ,  0
    Possible My Target Territory: Italy_Air
      Battle Results (TUV, Invaded %):  -0.23 ,  0
Trying  Baltic_States
Simulated battle results:  Battle_Results{avg_TUV_swing = 0, invaded_percent = 0, avg_survivor_def_power = 0}

======================================================================
PRO AI TURN COMPLETE
======================================================================
Next Player: Jap
Final Money: 31 IPCs
Units Added: 3
Game Score: -0.1
======================================================================

round_num:  97
[1;33m --------------------
Current Player:  Jap
Money:  33 [1;0m 

[1;95mAnglo_Egyptian_Sudan (Owner:  Eng )
[1;33m[1;31m[1;34m[1;95m (Units:  Eng )
FIGHTER : 1
[1;32m (Units:  USA )
INF : 1
TANK : 2

[1;34mBaltic_States (Owner:  Ger )
[1;33m[1;31m[1;34m (Units:  Ger )
INF : 2
[1;95m[1;32m
[1;95mBelgian_Congo (Owner:  Eng )
[1;33m[1;31m[1;34m[1;95m[1;32m (Units:  USA )
INF : 2
ARTY : 2
TANK : 4

[1;33mBorneo (Owner:  Jap )
[1;33m (Units:  Jap )
INF_1_MOVES : 1
[1;31m[1;34m[1;95m[1;32m
[1;33mCaroline_Islands (Owner:  Jap )
[1;33m (Units:  Jap )
INF_1_MOVES : 1
[1;31m[1;34m[1;95m[1;32m
[1;31mCaucasus (Owner:  Rus ) builds: 3 factory-prod: 4
[1;33m[1;31m (Units:  Rus )
INF : 27
ARTY : 4
[1;34m[1;95m (Units:  Eng )
INF : 22
ARTY : 1
[1;32m (Units:  USA )
INF : 11
ARTY : 6
TANK : 13

[1;33mEast_Indies (Owner:  Jap )
[1;33m (Units:  Jap )
INF_1_MOVES : 2
[1;31m[1;34m[1;95m[1;32m
[1;95mEastern_Australia (Owner:  Eng )
[1;33m[1;31m[1;34m[1;95m (Units:  Eng )
INF : 2
[1;32m
[1;95mEastern_Canada (Owner:  Eng )
[1;33m[1;31m[1;34m[1;95m (Units:  Eng )
INF : 1
[1;32m
[1;32mEastern_United_States (Owner:  USA ) builds: 6 factory-prod: 12
[1;33m[1;31m[1;34m[1;95m[1;32m (Units:  USA )
INF : 1
ARTY : 1
TANK : 3
FIGHTER : 1
BOMBER : 1

[1;95mEgypt (Owner:  Eng )
[1;33m[1;31m[1;34m[1;95m[1;32m (Units:  USA )
INF : 1
ARTY : 2
TANK : 4

[1;33mFrench_Indo_China_Thailand (Owner:  Jap )
[1;33m (Units:  Jap )
INF_1_MOVES : 12
ARTY_1_MOVES : 8
TANK_2_MOVES : 24
[1;31m[1;34m[1;95m[1;32m
[1;95mFrench_West_Africa (Owner:  Eng )
[1;33m[1;31m[1;34m[1;95m[1;32m (Units:  USA )
INF : 1
ARTY : 1
TANK : 3

[1;34mGermany (Owner:  Ger ) factory-prod: 10
[1;33m[1;31m[1;34m (Units:  Ger )
INF : 206
[1;95m[1;32m
[1;32mHawaiian_Islands (Owner:  USA )
[1;33m[1;31m[1;34m[1;95m[1;32m (Units:  USA )
INF : 1
FIGHTER : 1

[1;95mIndia (Owner:  Eng ) factory-prod: 3
[1;33m[1;31m[1;34m[1;95m (Units:  Eng )
INF : 3
AAGUN : 1
[1;32m
[1;34mItaly (Owner:  Ger ) builds: 2 factory-prod: 3
[1;33m[1;31m[1;34m (Units:  Ger )
INF : 1
[1;95m[1;32m
[1;33mIwo_Jima (Owner:  Jap )
[1;33m (Units:  Jap )
INF_1_MOVES : 1
[1;31m[1;34m[1;95m[1;32m
[1;33mJapan (Owner:  Jap ) builds: 8 factory-prod: 8
[1;33m (Units:  Jap )
INF_1_MOVES : 1
ARTY_1_MOVES : 1
TANK_2_MOVES : 3
FIGHTER_UNMOVED : 1
BOMBER_UNMOVED : 1
[1;31m[1;34m[1;95m[1;32m
[1;31mKarelia_SSR (Owner:  Rus ) factory-prod: 2
[1;33m[1;31m (Units:  Rus )
INF : 1
[1;34m[1;95m (Units:  Eng )
INF : 9
ARTY : 1
TANK : 1
[1;32m (Units:  USA )
INF : 2
TANK : 4

[1;32mMidway (Owner:  USA )
[1;33m[1;31m[1;34m[1;95m[1;32m (Units:  USA )
INF : 1

[1;33mNew_Guinea (Owner:  Jap )
[1;33m (Units:  Jap )
INF_1_MOVES : 1
[1;31m[1;34m[1;95m[1;32m
[1;95mNew_Zealand (Owner:  Eng )
[1;33m[1;31m[1;34m[1;95m (Units:  Eng )
INF : 1
[1;32m
[1;33mOkinawa (Owner:  Jap )
[1;33m (Units:  Jap )
INF_1_MOVES : 1
[1;31m[1;34m[1;95m[1;32m
[1;95mPersia (Owner:  Eng )
[1;33m[1;31m[1;34m[1;95m (Units:  Eng )
INF : 24
ARTY : 1
[1;32m (Units:  USA )
ARTY : 2
TANK : 2

[1;33mPhilippine_Islands (Owner:  Jap )
[1;33m (Units:  Jap )
INF_1_MOVES : 1
ARTY_1_MOVES : 1
[1;31m[1;34m[1;95m[1;32m
[1;31mRussia (Owner:  Rus ) builds: 7 factory-prod: 8
[1;33m[1;31m (Units:  Rus )
INF : 7
ARTY : 4
[1;34m[1;95m[1;32m
[1;33mSolomon_Islands (Owner:  Jap )
[1;33m (Units:  Jap )
INF_1_MOVES : 1
[1;31m[1;34m[1;95m[1;32m
[1;32mSzechwan (Owner:  USA )
[1;33m[1;31m[1;34m[1;95m[1;32m (Units:  USA )
FIGHTER : 1

[1;95mTrans_Jordan (Owner:  Eng )
[1;33m[1;31m[1;34m[1;95m[1;32m (Units:  USA )
INF : 2
ARTY : 1
TANK : 2

[1;95mUnited_Kingdom (Owner:  Eng ) builds: 5 factory-prod: 8
[1;33m[1;31m[1;34m[1;95m (Units:  Eng )
FIGHTER : 2
BOMBER : 1
[1;32m
[1;33mWake_Island (Owner:  Jap )
[1;33m (Units:  Jap )
INF_1_MOVES : 1
[1;31m[1;34m[1;95m[1;32m
[1;32mWestern_United_States (Owner:  USA ) builds: 9 factory-prod: 10
[1;33m[1;31m[1;34m[1;95m[1;32m (Units:  USA )
INF : 3
ARTY : 1
FIGHTER : 1

[1;33mYunnan (Owner:  Jap )
[1;33m (Units:  Jap )
INF_1_MOVES : 19
ARTY_1_MOVES : 10
TANK_2_MOVES : 24
[1;31m[1;34m[1;95m[1;32m
[1;0mSea_3
[1;33m[1;31m (Units:  Rus )
TRANS_EMPTY : 1
DESTROYER : 6
BATTLESHIP : 2
[1;34m[1;95m[1;32m
[1;0mSea_4
[1;33m[1;31m (Units:  Rus )
TRANS_EMPTY : 1
SUB : 1
DESTROYER : 1
[1;34m (Units:  Ger )
DESTROYER : 1
[1;95m[1;32m
[1;0mSea_5
[1;33m[1;31m[1;34m (Units:  Ger )
TRANS_EMPTY : 1
SUB : 2
DESTROYER : 19
CRUISER : 1
[1;95m[1;32m
[1;0mSea_6
[1;33m[1;31m (Units:  Rus )
TRANS_EMPTY : 5
DESTROYER : 1
[1;34m[1;95m (Units:  Eng )
TRANS_EMPTY : 28
SUB : 2
DESTROYER : 1
[1;32m
[1;0mSea_8
[1;33m[1;31m[1;34m[1;95m (Units:  Eng )
TRANS_EMPTY : 1
DESTROYER : 31
CRUISER : 1
BATTLESHIP : 1
[1;32m
[1;0mSea_9
[1;33m[1;31m[1;34m (Units:  Ger )
SUB : 2
[1;95m[1;32m
[1;0mSea_11
[1;33m[1;31m[1;34m[1;95m[1;32m (Units:  USA )
TRANS_EMPTY : 10
SUB : 2
DESTROYER : 2

[1;0mSea_12
[1;33m[1;31m[1;34m[1;95m[1;32m (Units:  USA )
TRANS_EMPTY : 6
DESTROYER : 3
BATTLESHIP : 1

[1;0mSea_15
[1;33m[1;31m[1;34m (Units:  Ger )
SUB : 2
DESTROYER : 1
[1;95m[1;32m
[1;0mSea_16
[1;33m[1;31m (Units:  Rus )
TRANS_EMPTY : 9
SUB : 4
DESTROYER : 6
BATTLESHIP : 4
[1;34m[1;95m[1;32m
[1;0mSea_23
[1;33m[1;31m[1;34m[1;95m[1;32m (Units:  USA )
TRANS_EMPTY : 2

[1;0mSea_24
[1;33m[1;31m[1;34m[1;95m[1;32m (Units:  USA )
TRANS_EMPTY : 4

[1;0mSea_34
[1;33m[1;31m[1;34m[1;95m (Units:  Eng )
TRANS_EMPTY : 1
[1;32m
[1;0mSea_39
[1;33m[1;31m[1;34m[1;95m (Units:  Eng )
TRANS_EMPTY : 1
SUB : 1
DESTROYER : 1
CARRIER : 1
CRUISER : 2
FIGHTER : 1
[1;32m
[1;0mSea_44
[1;33m (Units:  Jap )
SUB_2_MOVES : 1
[1;31m[1;34m[1;95m[1;32m
[1;0mSea_53
[1;33m[1;31m[1;34m[1;95m[1;32m (Units:  USA )
SUB : 1

[1;0mSea_56
[1;33m[1;31m[1;34m[1;95m[1;32m (Units:  USA )
TRANS_EMPTY : 17
DESTROYER : 2
CARRIER : 1
CRUISER : 1
BATTLESHIP : 7
FIGHTER : 1

[1;0mSea_60
[1;33m (Units:  Jap )
TRANS_EMPTY_UNMOVED : 18
DESTROYER_2_MOVES : 2
[1;31m[1;34m (Units:  Ger )
TRANS_EMPTY : 1
BATTLESHIP : 1
[1;95m[1;32m
[1;0mSea_61
[1;33m (Units:  Jap )
TRANS_EMPTY_UNMOVED : 4
DESTROYER_2_MOVES : 3
CARRIER_2_MOVES : 2
CRUISER_2_MOVES : 1
BATTLESHIP_2_MOVES : 3
FIGHTER_UNMOVED : 3
[1;31m[1;34m[1;95m[1;32m
[1;0m

======================================================================
PRO AI SINGLE TURN TEST (TripleA Purchase & Place)
======================================================================
Starting Player: Jap
Starting Money: 33 IPCs
Total units on board: 113
======================================================================
Enemy Attack Options (per-enemy):
Enemy: Rus
Enemy: Eng
  Sea: Sea_44 Fighters: 0 Subs: 1 Destroyers: 1
Enemy: USA
  Land: French_Indo_China_Thailand Fighters: 1
  Land: Solomon_Islands Fighters: 1
  Land: Wake_Island Fighters: 1
  Land: Yunnan Fighters: 1
  Sea: Sea_44 Fighters: 2 Subs: 1 Destroyers: 2
  Sea: Sea_60 Fighters: 1 Subs: 0 Destroyers: 0
  Sea: Sea_61 Fighters: 1 Subs: 0 Destroyers: 0
Enemy Attack Options (aggregated max):
  Land: French_Indo_China_Thailand Inf: 0 Art: 0 Tank: 0 Ftr: 1 Bmb: 0 Str: 3
  Land: Solomon_Islands Inf: 0 Art: 0 Tank: 0 Ftr: 1 Bmb: 0 Str: 3
  Land: Wake_Island Inf: 0 Art: 0 Tank: 0 Ftr: 1 Bmb: 0 Str: 3
  Land: Yunnan Inf: 0 Art: 0 Tank: 0 Ftr: 1 Bmb: 0 Str: 3
      [SAFE] Sequential Battle Results: TUV=-8.51, Invaded%=0.0%, Battles=1
      [SAFE] Sequential Battle Results: TUV=-2.90, Invaded%=0.0%, Battles=1
      [SAFE] Sequential Battle Results: TUV=-2.90, Invaded%=0.0%, Battles=1
      [SAFE] Sequential Battle Results: TUV=-8.51, Invaded%=0.0%, Battles=1
    Possible My Target Territory: India_Air
      Battle Results (TUV, Invaded %):  8 ,  1
      Attack Value:  32
    Possible My Target Territory: Midway_Air
      Battle Results (TUV, Invaded %):  -1.596 ,  0
    Possible My Target Territory: Szechwan_Air
      Battle Results (TUV, Invaded %):  7.9749999999999996 ,  1
      Attack Value:  7.9749999999999996
Trying  Szechwan

======================================================================
PRO AI TURN COMPLETE
======================================================================
Next Player: USA
Final Money: 33 IPCs
Units Added: 5
Game Score: 0.1
======================================================================

round_num:  98
[1;32m --------------------
Current Player:  USA
Money:  42 [1;0m 

[1;95mAnglo_Egyptian_Sudan (Owner:  Eng )
[1;32m (Units:  USA )
INF_1_MOVES : 1
TANK_2_MOVES : 2
[1;31m[1;34m[1;95m (Units:  Eng )
FIGHTER : 1
[1;33m
[1;34mBaltic_States (Owner:  Ger )
[1;32m[1;31m[1;34m (Units:  Ger )
INF : 2
[1;95m[1;33m
[1;95mBelgian_Congo (Owner:  Eng )
[1;32m (Units:  USA )
INF_1_MOVES : 2
ARTY_1_MOVES : 2
TANK_2_MOVES : 4
[1;31m[1;34m[1;95m[1;33m
[1;33mBorneo (Owner:  Jap )
[1;32m[1;31m[1;34m[1;95m[1;33m (Units:  Jap )
INF : 1

[1;33mCaroline_Islands (Owner:  Jap )
[1;32m[1;31m[1;34m[1;95m[1;33m (Units:  Jap )
INF : 1

[1;31mCaucasus (Owner:  Rus ) builds: 3 factory-prod: 4
[1;32m (Units:  USA )
INF_1_MOVES : 11
ARTY_1_MOVES : 6
TANK_2_MOVES : 13
[1;31m (Units:  Rus )
INF : 27
ARTY : 4
[1;34m[1;95m (Units:  Eng )
INF : 22
ARTY : 1
[1;33m
[1;33mEast_Indies (Owner:  Jap )
[1;32m[1;31m[1;34m[1;95m[1;33m (Units:  Jap )
INF : 2

[1;95mEastern_Australia (Owner:  Eng )
[1;32m[1;31m[1;34m[1;95m (Units:  Eng )
INF : 2
[1;33m
[1;95mEastern_Canada (Owner:  Eng )
[1;32m[1;31m[1;34m[1;95m (Units:  Eng )
INF : 1
[1;33m
[1;32mEastern_United_States (Owner:  USA ) builds: 12 factory-prod: 12
[1;32m (Units:  USA )
INF_1_MOVES : 1
ARTY_1_MOVES : 1
TANK_2_MOVES : 3
FIGHTER_UNMOVED : 1
BOMBER_UNMOVED : 1
[1;31m[1;34m[1;95m[1;33m
[1;95mEgypt (Owner:  Eng )
[1;32m (Units:  USA )
INF_1_MOVES : 1
ARTY_1_MOVES : 2
TANK_2_MOVES : 4
[1;31m[1;34m[1;95m[1;33m
[1;33mFrench_Indo_China_Thailand (Owner:  Jap )
[1;32m[1;31m[1;34m[1;95m[1;33m (Units:  Jap )
INF : 19
ARTY : 10
TANK : 24

[1;95mFrench_West_Africa (Owner:  Eng )
[1;32m (Units:  USA )
INF_1_MOVES : 1
ARTY_1_MOVES : 1
TANK_2_MOVES : 3
[1;31m[1;34m[1;95m[1;33m
[1;34mGermany (Owner:  Ger ) factory-prod: 10
[1;32m[1;31m[1;34m (Units:  Ger )
INF : 206
[1;95m[1;33m
[1;32mHawaiian_Islands (Owner:  USA )
[1;32m (Units:  USA )
INF_1_MOVES : 1
FIGHTER_UNMOVED : 1
[1;31m[1;34m[1;95m[1;33m
[1;95mIndia (Owner:  Eng ) factory-prod: 3
[1;32m[1;31m[1;34m[1;95m (Units:  Eng )
INF : 3
AAGUN : 1
[1;33m
[1;34mItaly (Owner:  Ger ) builds: 2 factory-prod: 3
[1;32m[1;31m[1;34m (Units:  Ger )
INF : 1
[1;95m[1;33m
[1;33mIwo_Jima (Owner:  Jap )
[1;32m[1;31m[1;34m[1;95m[1;33m (Units:  Jap )
INF : 1

[1;33mJapan (Owner:  Jap ) builds: 2 factory-prod: 8
[1;32m[1;31m[1;34m[1;95m[1;33m (Units:  Jap )
INF : 1
ARTY : 1
TANK : 3
FIGHTER : 1
BOMBER : 1

[1;31mKarelia_SSR (Owner:  Rus ) factory-prod: 2
[1;32m (Units:  USA )
INF_1_MOVES : 2
TANK_2_MOVES : 4
[1;31m (Units:  Rus )
INF : 1
[1;34m[1;95m (Units:  Eng )
INF : 9
ARTY : 1
TANK : 1
[1;33m
[1;32mMidway (Owner:  USA )
[1;32m (Units:  USA )
INF_1_MOVES : 1
[1;31m[1;34m[1;95m[1;33m
[1;33mNew_Guinea (Owner:  Jap )
[1;32m[1;31m[1;34m[1;95m[1;33m (Units:  Jap )
INF : 1

[1;95mNew_Zealand (Owner:  Eng )
[1;32m[1;31m[1;34m[1;95m (Units:  Eng )
INF : 1
[1;33m
[1;33mOkinawa (Owner:  Jap )
[1;32m[1;31m[1;34m[1;95m[1;33m (Units:  Jap )
INF : 1

[1;95mPersia (Owner:  Eng )
[1;32m (Units:  USA )
ARTY_1_MOVES : 2
TANK_2_MOVES : 2
[1;31m[1;34m[1;95m (Units:  Eng )
INF : 24
ARTY : 1
[1;33m
[1;33mPhilippine_Islands (Owner:  Jap )
[1;32m[1;31m[1;34m[1;95m[1;33m (Units:  Jap )
INF : 1
ARTY : 1

[1;31mRussia (Owner:  Rus ) builds: 7 factory-prod: 8
[1;32m[1;31m (Units:  Rus )
INF : 7
ARTY : 4
[1;34m[1;95m[1;33m
[1;33mSolomon_Islands (Owner:  Jap )
[1;32m[1;31m[1;34m[1;95m[1;33m (Units:  Jap )
INF : 1

[1;32mSzechwan (Owner:  USA )
[1;32m (Units:  USA )
FIGHTER_UNMOVED : 1
[1;31m[1;34m[1;95m[1;33m
[1;95mTrans_Jordan (Owner:  Eng )
[1;32m (Units:  USA )
INF_1_MOVES : 2
ARTY_1_MOVES : 1
TANK_2_MOVES : 2
[1;31m[1;34m[1;95m[1;33m
[1;95mUnited_Kingdom (Owner:  Eng ) builds: 5 factory-prod: 8
[1;32m[1;31m[1;34m[1;95m (Units:  Eng )
FIGHTER : 2
BOMBER : 1
[1;33m
[1;33mWake_Island (Owner:  Jap )
[1;32m[1;31m[1;34m[1;95m[1;33m (Units:  Jap )
INF : 1

[1;32mWestern_United_States (Owner:  USA ) builds: 10 factory-prod: 10
[1;32m (Units:  USA )
INF_1_MOVES : 3
ARTY_1_MOVES : 1
FIGHTER_UNMOVED : 1
[1;31m[1;34m[1;95m[1;33m
[1;33mYunnan (Owner:  Jap )
[1;32m[1;31m[1;34m[1;95m[1;33m (Units:  Jap )
INF : 13
ARTY : 9
TANK : 27

[1;0mSea_3
[1;32m[1;31m (Units:  Rus )
TRANS_EMPTY : 1
DESTROYER : 6
BATTLESHIP : 2
[1;34m[1;95m[1;33m
[1;0mSea_4
[1;32m[1;31m (Units:  Rus )
TRANS_EMPTY : 1
SUB : 1
DESTROYER : 1
[1;34m (Units:  Ger )
DESTROYER : 1
[1;95m[1;33m
[1;0mSea_5
[1;32m[1;31m[1;34m (Units:  Ger )
TRANS_EMPTY : 1
SUB : 2
DESTROYER : 19
CRUISER : 1
[1;95m[1;33m
[1;0mSea_6
[1;32m[1;31m (Units:  Rus )
TRANS_EMPTY : 5
DESTROYER : 1
[1;34m[1;95m (Units:  Eng )
TRANS_EMPTY : 28
SUB : 2
DESTROYER : 1
[1;33m
[1;0mSea_8
[1;32m[1;31m[1;34m[1;95m (Units:  Eng )
TRANS_EMPTY : 1
DESTROYER : 31
CRUISER : 1
BATTLESHIP : 1
[1;33m
[1;0mSea_9
[1;32m[1;31m[1;34m (Units:  Ger )
SUB : 2
[1;95m[1;33m
[1;0mSea_11
[1;32m (Units:  USA )
TRANS_EMPTY_UNMOVED : 10
SUB_2_MOVES : 2
DESTROYER_2_MOVES : 2
[1;31m[1;34m[1;95m[1;33m
[1;0mSea_12
[1;32m (Units:  USA )
TRANS_EMPTY_UNMOVED : 6
DESTROYER_2_MOVES : 3
BATTLESHIP_2_MOVES : 1
[1;31m[1;34m[1;95m[1;33m
[1;0mSea_15
[1;32m[1;31m[1;34m (Units:  Ger )
SUB : 2
DESTROYER : 1
[1;95m[1;33m
[1;0mSea_16
[1;32m[1;31m (Units:  Rus )
TRANS_EMPTY : 9
SUB : 4
DESTROYER : 6
BATTLESHIP : 4
[1;34m[1;95m[1;33m
[1;0mSea_23
[1;32m (Units:  USA )
TRANS_EMPTY_UNMOVED : 2
[1;31m[1;34m[1;95m[1;33m
[1;0mSea_24
[1;32m (Units:  USA )
TRANS_EMPTY_UNMOVED : 4
[1;31m[1;34m[1;95m[1;33m
[1;0mSea_34
[1;32m[1;31m[1;34m[1;95m (Units:  Eng )
TRANS_EMPTY : 1
[1;33m
[1;0mSea_39
[1;32m[1;31m[1;34m[1;95m (Units:  Eng )
TRANS_EMPTY : 1
SUB : 1
DESTROYER : 1
CARRIER : 1
CRUISER : 2
FIGHTER : 1
[1;33m
[1;0mSea_44
[1;32m[1;31m[1;34m[1;95m[1;33m (Units:  Jap )
SUB : 1

[1;0mSea_53
[1;32m (Units:  USA )
SUB_2_MOVES : 1
[1;31m[1;34m[1;95m[1;33m
[1;0mSea_56
[1;32m (Units:  USA )
TRANS_EMPTY_UNMOVED : 17
DESTROYER_2_MOVES : 2
CARRIER_2_MOVES : 1
CRUISER_2_MOVES : 1
BATTLESHIP_2_MOVES : 7
FIGHTER_UNMOVED : 1
[1;31m[1;34m[1;95m[1;33m
[1;0mSea_60
[1;32m[1;31m[1;34m (Units:  Ger )
TRANS_EMPTY : 1
BATTLESHIP : 1
[1;95m[1;33m (Units:  Jap )
TRANS_EMPTY : 19
DESTROYER : 2

[1;0mSea_61
[1;32m[1;31m[1;34m[1;95m[1;33m (Units:  Jap )
TRANS_EMPTY : 4
DESTROYER : 3
CARRIER : 2
CRUISER : 1
BATTLESHIP : 3
FIGHTER : 3

[1;0m

======================================================================
PRO AI SINGLE TURN TEST (TripleA Purchase & Place)
======================================================================
Starting Player: USA
Starting Money: 42 IPCs
Total units on board: 79
======================================================================
Enemy Attack Options (per-enemy):
Enemy: Ger
  Land: Karelia_SSR Infantry: 2
  Sea: Sea_11 Fighters: 0 Subs: 2 Destroyers: 0
  Sea: Sea_12 Fighters: 0 Subs: 2 Destroyers: 0
  Sea: Sea_23 Fighters: 0 Subs: 2 Destroyers: 0
Enemy: Jap
  Land: Midway Bombers: 1
  Land: Szechwan Bombers: 1
  Land: Szechwan Infantry: 13
  Land: Szechwan Artillery: 9
  Land: Szechwan Tanks: 27
  Sea: Sea_53 Fighters: 0 Subs: 1 Destroyers: 0
  Sea: Sea_56 Fighters: 0 Subs: 1 Destroyers: 0
Enemy Attack Options (aggregated max):
  Land: Karelia_SSR Inf: 2 Art: 0 Tank: 0 Ftr: 0 Bmb: 0 Str: 2
  Land: Midway Inf: 0 Art: 0 Tank: 0 Ftr: 0 Bmb: 1 Str: 4
  Land: Szechwan Inf: 13 Art: 9 Tank: 27 Ftr: 0 Bmb: 1 Str: 116
      [SAFE] Sequential Battle Results: TUV=-1.62, Invaded%=0.0%, Battles=1
    Possible My Target Territory: Baltic_States_Air
      Battle Results (TUV, Invaded %):  3.975 ,  1
      Attack Value:  3.975
    Possible My Target Territory: French_Indo_China_Thailand_Air
      Battle Results (TUV, Invaded %):  -8.518 ,  0
    Possible My Target Territory: Solomon_Islands_Air
      Battle Results (TUV, Invaded %):  -2.8879999999999999 ,  0
    Possible My Target Territory: Wake_Island_Air
      Battle Results (TUV, Invaded %):  -2.8879999999999999 ,  0
    Possible My Target Territory: Yunnan_Air
      Battle Results (TUV, Invaded %):  -8.521 ,  0
Trying  Baltic_States
Simulated battle results:  Battle_Results{avg_TUV_swing = 0, invaded_percent = 0, avg_survivor_def_power = 0}

======================================================================
PRO AI TURN COMPLETE
======================================================================
Next Player: Rus
Final Money: 40 IPCs
Units Added: 6
Game Score: 0.1
======================================================================

round_num:  99
[1;31m --------------------
Current Player:  Rus
Money:  28 [1;0m 

[1;95mAnglo_Egyptian_Sudan (Owner:  Eng )
[1;31m[1;34m[1;95m (Units:  Eng )
FIGHTER : 1
[1;33m[1;32m (Units:  USA )
INF : 2
ARTY : 2
TANK : 4

[1;34mBaltic_States (Owner:  Ger )
[1;31m[1;34m (Units:  Ger )
INF : 2
[1;95m[1;33m[1;32m
[1;95mBelgian_Congo (Owner:  Eng )
[1;31m[1;34m[1;95m[1;33m[1;32m (Units:  USA )
INF : 1
TANK : 2

[1;33mBorneo (Owner:  Jap )
[1;31m[1;34m[1;95m[1;33m (Units:  Jap )
INF : 1
[1;32m
[1;33mCaroline_Islands (Owner:  Jap )
[1;31m[1;34m[1;95m[1;33m (Units:  Jap )
INF : 1
[1;32m
[1;31mCaucasus (Owner:  Rus ) builds: 4 factory-prod: 4
[1;31m (Units:  Rus )
INF_1_MOVES : 27
ARTY_1_MOVES : 4
[1;34m[1;95m (Units:  Eng )
INF : 22
ARTY : 1
[1;33m[1;32m (Units:  USA )
INF : 11
ARTY : 8
TANK : 15

[1;33mEast_Indies (Owner:  Jap )
[1;31m[1;34m[1;95m[1;33m (Units:  Jap )
INF : 2
[1;32m
[1;95mEastern_Australia (Owner:  Eng )
[1;31m[1;34m[1;95m (Units:  Eng )
INF : 2
[1;33m[1;32m
[1;95mEastern_Canada (Owner:  Eng )
[1;31m[1;34m[1;95m (Units:  Eng )
INF : 1
[1;33m[1;32m
[1;32mEastern_United_States (Owner:  USA ) builds: 5 factory-prod: 12
[1;31m[1;34m[1;95m[1;33m[1;32m (Units:  USA )
INF : 2
ARTY : 1
TANK : 3
FIGHTER : 1
BOMBER : 1

[1;95mEgypt (Owner:  Eng )
[1;31m[1;34m[1;95m[1;33m[1;32m (Units:  USA )
INF : 1
TANK : 2

[1;31mFinland (Owner:  Rus )
[1;31m[1;34m[1;95m[1;33m[1;32m (Units:  USA )
INF : 2
TANK : 4

[1;95mFrench_Equatorial_Africa (Owner:  Eng )
[1;31m[1;34m[1;95m[1;33m[1;32m (Units:  USA )
ARTY : 1
TANK : 1

[1;33mFrench_Indo_China_Thailand (Owner:  Jap )
[1;31m[1;34m[1;95m[1;33m (Units:  Jap )
INF : 19
ARTY : 10
TANK : 24
[1;32m
[1;95mFrench_West_Africa (Owner:  Eng )
[1;31m[1;34m[1;95m[1;33m[1;32m (Units:  USA )
INF : 1
ARTY : 1
TANK : 3

[1;34mGermany (Owner:  Ger ) factory-prod: 10
[1;31m[1;34m (Units:  Ger )
INF : 206
[1;95m[1;33m[1;32m
[1;32mHawaiian_Islands (Owner:  USA )
[1;31m[1;34m[1;95m[1;33m[1;32m (Units:  USA )
INF : 1
FIGHTER : 1

[1;95mIndia (Owner:  Eng ) factory-prod: 3
[1;31m[1;34m[1;95m (Units:  Eng )
INF : 3
AAGUN : 1
[1;33m[1;32m
[1;34mItaly (Owner:  Ger ) builds: 2 factory-prod: 3
[1;31m[1;34m (Units:  Ger )
INF : 1
[1;95m[1;33m[1;32m
[1;33mIwo_Jima (Owner:  Jap )
[1;31m[1;34m[1;95m[1;33m (Units:  Jap )
INF : 1
[1;32m
[1;33mJapan (Owner:  Jap ) builds: 2 factory-prod: 8
[1;31m[1;34m[1;95m[1;33m (Units:  Jap )
INF : 1
ARTY : 1
TANK : 3
FIGHTER : 1
BOMBER : 1
[1;32m
[1;31mKarelia_SSR (Owner:  Rus ) builds: 2 factory-prod: 2
[1;31m (Units:  Rus )
INF_1_MOVES : 1
[1;34m[1;95m (Units:  Eng )
INF : 9
ARTY : 1
TANK : 1
[1;33m[1;32m
[1;32mMidway (Owner:  USA )
[1;31m[1;34m[1;95m[1;33m[1;32m (Units:  USA )
INF : 1

[1;33mNew_Guinea (Owner:  Jap )
[1;31m[1;34m[1;95m[1;33m (Units:  Jap )
INF : 1
[1;32m
[1;95mNew_Zealand (Owner:  Eng )
[1;31m[1;34m[1;95m (Units:  Eng )
INF : 1
[1;33m[1;32m
[1;33mOkinawa (Owner:  Jap )
[1;31m[1;34m[1;95m[1;33m (Units:  Jap )
INF : 1
[1;32m
[1;95mPersia (Owner:  Eng )
[1;31m[1;34m[1;95m (Units:  Eng )
INF : 24
ARTY : 1
[1;33m[1;32m (Units:  USA )
INF : 2
ARTY : 1
TANK : 2

[1;33mPhilippine_Islands (Owner:  Jap )
[1;31m[1;34m[1;95m[1;33m (Units:  Jap )
INF : 1
ARTY : 1
[1;32m
[1;31mRussia (Owner:  Rus ) builds: 8 factory-prod: 8
[1;31m (Units:  Rus )
INF_1_MOVES : 7
ARTY_1_MOVES : 4
[1;34m[1;95m[1;33m[1;32m
[1;33mSolomon_Islands (Owner:  Jap )
[1;31m[1;34m[1;95m[1;33m (Units:  Jap )
INF : 1
[1;32m
[1;32mSzechwan (Owner:  USA )
[1;31m[1;34m[1;95m[1;33m[1;32m (Units:  USA )
FIGHTER : 1

[1;95mTrans_Jordan (Owner:  Eng )
[1;31m[1;34m[1;95m[1;33m[1;32m (Units:  USA )
INF : 1
ARTY : 2
TANK : 4

[1;95mUnited_Kingdom (Owner:  Eng ) builds: 5 factory-prod: 8
[1;31m[1;34m[1;95m (Units:  Eng )
FIGHTER : 2
BOMBER : 1
[1;33m[1;32m
[1;33mWake_Island (Owner:  Jap )
[1;31m[1;34m[1;95m[1;33m (Units:  Jap )
INF : 1
[1;32m
[1;32mWestern_United_States (Owner:  USA ) builds: 9 factory-prod: 10
[1;31m[1;34m[1;95m[1;33m[1;32m (Units:  USA )
INF : 3
ARTY : 1
FIGHTER : 1

[1;33mYunnan (Owner:  Jap )
[1;31m[1;34m[1;95m[1;33m (Units:  Jap )
INF : 13
ARTY : 9
TANK : 27
[1;32m
[1;0mSea_3
[1;31m (Units:  Rus )
TRANS_EMPTY_UNMOVED : 1
DESTROYER_2_MOVES : 6
BATTLESHIP_2_MOVES : 2
[1;34m[1;95m[1;33m[1;32m
[1;0mSea_4
[1;31m (Units:  Rus )
TRANS_EMPTY_UNMOVED : 1
SUB_2_MOVES : 1
DESTROYER_2_MOVES : 1
[1;34m (Units:  Ger )
DESTROYER : 1
[1;95m[1;33m[1;32m
[1;0mSea_5
[1;31m[1;34m (Units:  Ger )
TRANS_EMPTY : 1
SUB : 2
DESTROYER : 19
CRUISER : 1
[1;95m[1;33m[1;32m
[1;0mSea_6
[1;31m (Units:  Rus )
TRANS_EMPTY_UNMOVED : 5
DESTROYER_2_MOVES : 1
[1;34m[1;95m (Units:  Eng )
TRANS_EMPTY : 28
SUB : 2
DESTROYER : 1
[1;33m[1;32m
[1;0mSea_8
[1;31m[1;34m[1;95m (Units:  Eng )
TRANS_EMPTY : 1
DESTROYER : 31
CRUISER : 1
BATTLESHIP : 1
[1;33m[1;32m
[1;0mSea_9
[1;31m[1;34m (Units:  Ger )
SUB : 2
[1;95m[1;33m[1;32m
[1;0mSea_11
[1;31m[1;34m[1;95m[1;33m[1;32m (Units:  USA )
TRANS_EMPTY : 13
SUB : 2
DESTROYER : 2

[1;0mSea_12
[1;31m[1;34m[1;95m[1;33m[1;32m (Units:  USA )
TRANS_EMPTY : 2
DESTROYER : 3
BATTLESHIP : 1

[1;0mSea_15
[1;31m[1;34m (Units:  Ger )
SUB : 2
DESTROYER : 1
[1;95m[1;33m[1;32m
[1;0mSea_16
[1;31m (Units:  Rus )
TRANS_EMPTY_UNMOVED : 9
SUB_2_MOVES : 4
DESTROYER_2_MOVES : 6
BATTLESHIP_2_MOVES : 4
[1;34m[1;95m[1;33m[1;32m
[1;0mSea_23
[1;31m[1;34m[1;95m[1;33m[1;32m (Units:  USA )
TRANS_EMPTY : 6

[1;0mSea_24
[1;31m[1;34m[1;95m[1;33m[1;32m (Units:  USA )
TRANS_EMPTY : 2

[1;0mSea_34
[1;31m[1;34m[1;95m (Units:  Eng )
TRANS_EMPTY : 1
[1;33m[1;32m
[1;0mSea_39
[1;31m[1;34m[1;95m (Units:  Eng )
TRANS_EMPTY : 1
SUB : 1
DESTROYER : 1
CARRIER : 1
CRUISER : 2
FIGHTER : 1
[1;33m[1;32m
[1;0mSea_44
[1;31m[1;34m[1;95m[1;33m (Units:  Jap )
SUB : 1
[1;32m
[1;0mSea_53
[1;31m[1;34m[1;95m[1;33m[1;32m (Units:  USA )
SUB : 1

[1;0mSea_56
[1;31m[1;34m[1;95m[1;33m[1;32m (Units:  USA )
TRANS_EMPTY : 18
DESTROYER : 2
CARRIER : 1
CRUISER : 1
BATTLESHIP : 7
FIGHTER : 1

[1;0mSea_60
[1;31m[1;34m (Units:  Ger )
TRANS_EMPTY : 1
BATTLESHIP : 1
[1;95m[1;33m (Units:  Jap )
TRANS_EMPTY : 19
DESTROYER : 2
[1;32m
[1;0mSea_61
[1;31m[1;34m[1;95m[1;33m (Units:  Jap )
TRANS_EMPTY : 4
DESTROYER : 3
CARRIER : 2
CRUISER : 1
BATTLESHIP : 3
FIGHTER : 3
[1;32m
[1;0m
